     VMA      LMA     Size Align Out     In      Symbol
       0        0        0     1 __basic_zp_start = 0x0002
       0        0        0     1 __basic_zp_end = 0x0090
       0        0        0     1 __rc0 = __basic_zp_start
       0        0        0     1 __rc1 = __rc0 + 1
       0        0        0     1 PROVIDE(__rc2 = __rc1 + 1)
       0        0        0     1 __rc3 = __rc2 + 1
       0        0        0     1 PROVIDE(__rc4 = __rc3 + 1)
       0        0        0     1 __rc5 = __rc4 + 1
       0        0        0     1 PROVIDE(__rc6 = __rc5 + 1)
       0        0        0     1 __rc7 = __rc6 + 1
       0        0        0     1 PROVIDE(__rc8 = __rc7 + 1)
       0        0        0     1 __rc9 = __rc8 + 1
       0        0        0     1 PROVIDE(__rc10 = __rc9 + 1)
       0        0        0     1 __rc11 = __rc10 + 1
       0        0        0     1 PROVIDE(__rc12 = __rc11 + 1)
       0        0        0     1 __rc13 = __rc12 + 1
       0        0        0     1 PROVIDE(__rc14 = __rc13 + 1)
       0        0        0     1 __rc15 = __rc14 + 1
       0        0        0     1 PROVIDE(__rc16 = __rc15 + 1)
       0        0        0     1 __rc17 = __rc16 + 1
       0        0        0     1 PROVIDE(__rc18 = __rc17 + 1)
       0        0        0     1 __rc19 = __rc18 + 1
       0        0        0     1 PROVIDE(__rc20 = __rc19 + 1)
       0        0        0     1 __rc21 = __rc20 + 1
       0        0        0     1 PROVIDE(__rc22 = __rc21 + 1)
       0        0        0     1 __rc23 = __rc22 + 1
       0        0        0     1 PROVIDE(__rc24 = __rc23 + 1)
       0        0        0     1 __rc25 = __rc24 + 1
       0        0        0     1 PROVIDE(__rc26 = __rc25 + 1)
       0        0        0     1 __rc27 = __rc26 + 1
       0        0        0     1 PROVIDE(__rc28 = __rc27 + 1)
       0        0        0     1 __rc29 = __rc28 + 1
       0        0        0     1 PROVIDE(__rc30 = __rc29 + 1)
       0        0        0     1 __rc31 = __rc30 + 1
    2001     2001       16     1 .basic_header
    2001     2001       16     1         F:\Entwicklungsprojekte\Mega65\llvm-mos\llvm-mos\bin/../mos-platform/mega65/lib\basic-header.o:(.basic_header)
    2015     2015        0     1                 next_line
      22     2017        a     1 .zp.data
      22     2017        0     1         __zp_data_start = .
      22     2017        a     1         midnightmega.prg.lto.o:(.zp.data)
      27     201c        4     1                 midnight
      2b     2020        1     1                 g_curTextColor
      2c     2021        0     1 __zp_data_load_start = LOADADDR(.zp.data)
      2c     2021        0     1 __zp_data_size = SIZEOF(.zp.data)
      2c       2c       1c     1 .zp.bss
      2c       2c        0     1         __zp_bss_start = .
      2c       2c       1c     1         midnightmega.prg.lto.o:(.zp.bss)
      2c       2c        1     1                 lastdrive
      2d       2d        1     1                 prevtrack
      2e       2e        1     1                 lastdoublesector
      2f       2f        1     1                 option.0
      30       30        1     1                 g_curScreenW
      31       31        1     1                 g_curScreenH
      32       32        1     1                 g_curX
      33       33        1     1                 g_curY
      34       34       14     1                 dmalist
      48       48        0     1 __zp_bss_size = SIZEOF(.zp.bss)
      48       48       48     1 .zp
      48       48       48     1         midnightmega.prg.lto.o:(.zp.noinit)
    2021     2021     704f     1 .text
    2021     2021        0     1         _init = .
    2021     2021        0     1         _start = .
    2021     2021        e     1         F:\Entwicklungsprojekte\Mega65\llvm-mos\llvm-mos\bin/../mos-platform/mega65/lib\unmap-basic.o:(.init.010)
    202f     202f        8     1         F:\Entwicklungsprojekte\Mega65\llvm-mos\llvm-mos\bin/../mos-platform/mega65/lib\libcrt0.a(init-stack.S.obj):(.init.100)
    202f     202f        0     1                 __do_init_stack
    2037     2037        3     1         F:\Entwicklungsprojekte\Mega65\llvm-mos\llvm-mos\bin/../mos-platform/mega65/lib\libcrt0.a(zero-bss.c.obj):(.init.200)
    2037     2037        0     1                 __do_zero_bss
    203a     203a        3     1         F:\Entwicklungsprojekte\Mega65\llvm-mos\llvm-mos\bin/../mos-platform/mega65/lib\libcrt0.a(zero-zp-bss.c.obj):(.init.200)
    203a     203a        0     1                 __do_zero_zp_bss
    203d     203d        3     1         F:\Entwicklungsprojekte\Mega65\llvm-mos\llvm-mos\bin/../mos-platform/mega65/lib\libcrt0.a(copy-zp-data.c.obj):(.init.200)
    203d     203d        0     1                 __do_copy_zp_data
    2040     2040        5     1         midnightmega.prg.lto.o:(.init.250)
    2040     2040        0     1                 shift
    2045     2045        3     1         F:\Entwicklungsprojekte\Mega65\llvm-mos\llvm-mos\bin/../mos-platform/common/lib\crt0.o:(.call_main)
    2048     2048        3     1         F:\Entwicklungsprojekte\Mega65\llvm-mos\llvm-mos\bin/../mos-platform/mega65/lib\libcrt0.a(exit-custom.S.obj):(.after_main)
    2048     2048        0     1                 __after_main
    204b     204b        0     1         _fini = .
    204b     204b        a     1         F:\Entwicklungsprojekte\Mega65\llvm-mos\llvm-mos\bin/../mos-platform/mega65/lib\unmap-basic.o:(.fini.990)
    2055     2055        1     1         F:\Entwicklungsprojekte\Mega65\llvm-mos\llvm-mos\bin/../mos-platform/common/lib\crt0.o:(.fini_rts)
    2056     2056       79     1         C:\Users\SUPERU~1\AppData\Local\Temp\memory_asm-72c12d.o:(.text)
    2056     2056        0     1                 fourbytes
    205a     205a        0     1                 lpstore
    2075     2075        0     1                 lprestore
    2090     2090        0     1                 lpoke
    20b1     20b1        0     1                 lpeek
    20cf     20cf       13     1         F:\Entwicklungsprojekte\Mega65\llvm-mos\llvm-mos\bin/../mos-platform/mega65/lib\libcrt0.a(zero-bss.c.obj):(.text.__zero_bss)
    20cf     20cf       13     1                 __zero_bss
    20e2     20e2       13     1         F:\Entwicklungsprojekte\Mega65\llvm-mos\llvm-mos\bin/../mos-platform/mega65/lib\libcrt0.a(zero-zp-bss.c.obj):(.text.__zero_zp_bss)
    20e2     20e2       13     1                 __zero_zp_bss
    20f5     20f5       17     1         F:\Entwicklungsprojekte\Mega65\llvm-mos\llvm-mos\bin/../mos-platform/mega65/lib\libcrt0.a(copy-zp-data.c.obj):(.text.__copy_zp_data)
    20f5     20f5       17     1                 __copy_zp_data
    210c     210c       90     1         midnightmega.prg.lto.o:(.text.main)
    210c     210c       90     1                 main
    219c     219c       32     1         midnightmega.prg.lto.o:(.text.hyppo_setname)
    219c     219c       32     1                 hyppo_setname
    21c8     21c8        0     1                 errhypsetnam0
    21cc     21cc        0     1                 donehypsetnam0
    21ce     21ce       63     1         midnightmega.prg.lto.o:(.text.getsfn)
    21ce     21ce       63     1                 getsfn
    2231     2231      179     1         midnightmega.prg.lto.o:(.text.ShowAccess)
    2231     2231      179     1                 ShowAccess
    23aa     23aa       d6     1         midnightmega.prg.lto.o:(.text.ReadSector)
    23aa     23aa       d6     1                 ReadSector
    2480     2480       b2     1         midnightmega.prg.lto.o:(.text.WriteSector)
    2480     2480       b2     1                 WriteSector
    2532     2532       43     1         midnightmega.prg.lto.o:(.text.GetOneSector)
    2532     2532       43     1                 GetOneSector
    2575     2575       88     1         midnightmega.prg.lto.o:(.text.PutWholeSector)
    2575     2575       88     1                 PutWholeSector
    25fd     25fd       51     1         midnightmega.prg.lto.o:(.text.PutOneSector)
    25fd     25fd       51     1                 PutOneSector
    264e     264e       39     1         midnightmega.prg.lto.o:(.text.GetBAM)
    264e     264e       39     1                 GetBAM
    2687     2687       60     1         midnightmega.prg.lto.o:(.text.PutBAM)
    2687     2687       60     1                 PutBAM
    26e7     26e7       f8     1         midnightmega.prg.lto.o:(.text.readblockchain)
    26e7     26e7       f8     1                 readblockchain
    27df     27df      302     1         midnightmega.prg.lto.o:(.text.BAMSectorUpdate)
    27df     27df      302     1                 BAMSectorUpdate
    2ae1     2ae1       98     1         midnightmega.prg.lto.o:(.text.BAMSectorsFreeBlocks)
    2ae1     2ae1       98     1                 BAMSectorsFreeBlocks
    2b79     2b79      15b     1         midnightmega.prg.lto.o:(.text.FreeTracks)
    2b79     2b79      15b     1                 FreeTracks
    2cd4     2cd4      1e2     1         midnightmega.prg.lto.o:(.text.FormatPartition)
    2cd4     2cd4      1e2     1                 FormatPartition
    2eb6     2eb6      1a0     1         midnightmega.prg.lto.o:(.text.isallocatedBAMtracksector)
    2eb6     2eb6      1a0     1                 isallocatedBAMtracksector
    3056     3056      15e     1         midnightmega.prg.lto.o:(.text.findnextBAMtracksector)
    3056     3056      15e     1                 findnextBAMtracksector
    31b4     31b4      24b     1         midnightmega.prg.lto.o:(.text.writeblockchain)
    31b4     31b4      24b     1                 writeblockchain
    33ff     33ff       b0     1         midnightmega.prg.lto.o:(.text.deleteblockchain)
    33ff     33ff       b0     1                 deleteblockchain
    34af     34af       8c     1         midnightmega.prg.lto.o:(.text.tracksectorstring)
    34af     34af       8c     1                 tracksectorstring
    353b     353b      10f     1         midnightmega.prg.lto.o:(.text.getdirententry)
    353b     353b      10f     1                 getdirententry
    364a     364a      44c     1         midnightmega.prg.lto.o:(.text.writenewdirententry)
    364a     364a      44c     1                 writenewdirententry
    3a96     3a96      2c9     1         midnightmega.prg.lto.o:(.text.deletedirententry)
    3a96     3a96      2c9     1                 deletedirententry
    3d5f     3d5f      260     1         midnightmega.prg.lto.o:(.text.swapdirententry)
    3d5f     3d5f      260     1                 swapdirententry
    3fbf     3fbf       c1     1         midnightmega.prg.lto.o:(.text.rewritedirent)
    3fbf     3fbf       c1     1                 rewritedirent
    4080     4080       16     1         midnightmega.prg.lto.o:(.text.strcopy)
    4080     4080       16     1                 strcopy
    4096     4096       31     1         midnightmega.prg.lto.o:(.text.strmakefilename)
    4096     4096       31     1                 strmakefilename
    40c7     40c7       c6     1         midnightmega.prg.lto.o:(.text.csputdec)
    40c7     40c7       c6     1                 csputdec
    418d     418d       25     1         midnightmega.prg.lto.o:(.text.asciitoscreencode)
    418d     418d       25     1                 asciitoscreencode
    41b2     41b2       35     1         midnightmega.prg.lto.o:(.text.asciitoscreencode_s)
    41b2     41b2       35     1                 asciitoscreencode_s
    41e7     41e7       5e     1         midnightmega.prg.lto.o:(.text.clrhome)
    41e7     41e7       5e     1                 clrhome
    4245     4245        e     1         midnightmega.prg.lto.o:(.text.msprintf)
    4245     4245        e     1                 msprintf
    4253     4253       2b     1         midnightmega.prg.lto.o:(.text.mprintf)
    4253     4253       2b     1                 mprintf
    427e     427e       16     1         midnightmega.prg.lto.o:(.text.mcputsxy)
    427e     427e       16     1                 mcputsxy
    4294     4294      18b     1         midnightmega.prg.lto.o:(.text.mcbox)
    4294     4294      18b     1                 mcbox
    441f     441f      1ae     1         midnightmega.prg.lto.o:(.text.messagebox)
    441f     441f      1ae     1                 messagebox
    45cd     45cd       b2     1         midnightmega.prg.lto.o:(.text.progress)
    45cd     45cd       b2     1                 progress
    467f     467f       fe     1         midnightmega.prg.lto.o:(.text.inputbox)
    467f     467f       fe     1                 inputbox
    477d     477d       4b     1         midnightmega.prg.lto.o:(.text.Deselect)
    477d     477d       4b     1                 Deselect
    47c8     47c8       41     1         midnightmega.prg.lto.o:(.text.shortcutprint)
    47c8     47c8       41     1                 shortcutprint
    4809     4809      61d     1         midnightmega.prg.lto.o:(.text.shortcuts)
    4809     4809      61d     1                 shortcuts
    4e26     4e26       9f     1         midnightmega.prg.lto.o:(.text.optionstring)
    4e26     4e26       9f     1                 optionstring
    4ec5     4ec5      5fe     1         midnightmega.prg.lto.o:(.text.UpdateSectors)
    4ec5     4ec5      5fe     1                 UpdateSectors
    4faf     4faf        0     1                 errgetproc1
    4fb3     4fb3        0     1                 donegetproc1
    50db     50db        0     1                 errgetcurdrv2
    50df     50df        0     1                 donegetcurdrv2
    50f8     50f8        0     1                 errhypopendir3
    50fc     50fc        0     1                 donehypopendir3
    51c9     51c9        0     1                 hypreaddirloop4
    51e1     51e1        0     1                 errhypreaddir4
    51e3     51e3        0     1                 donehypreaddir4
    5442     5442        0     1                 errhypclosedir5
    5444     5444        0     1                 donehypclosedir5
    54c3     54c3      19f     1         midnightmega.prg.lto.o:(.text.sizeselectcurrentifnone)
    54c3     54c3      19f     1                 sizeselectcurrentifnone
    5662     5662     2d50     1         midnightmega.prg.lto.o:(.text.navi)
    5662     5662     2d50     1                 navi
    6464     6464        0     1                 errhypfindfirst6
    6466     6466        0     1                 donehypfindfirst6
    6485     6485        0     1                 errhypopenfile7
    6487     6487        0     1                 donehypopenfile7
    64b1     64b1        0     1                 errhypreadfile8
    64b5     64b5        0     1                 donehypreadfile8
    64d4     64d4        0     1                 errhypclosefile9
    64d8     64d8        0     1                 donehypclosefile9
    748b     748b        0     1                 errhypd81dosattach10
    748f     748f        0     1                 donehypd81dosattach10
    79f8     79f8        0     1                 errhypfindfirst11
    79fa     79fa        0     1                 donehypfindfirst11
    7b0e     7b0e        0     1                 errhypfindfirst12
    7b10     7b10        0     1                 donehypfindfirst12
    7bb6     7bb6        0     1                 errhyprmfile13
    7bba     7bba        0     1                 donehyprmfile13
    7bca     7bca        0     1                 errhypclosedir14
    7bcc     7bcc        0     1                 donehypclosedir14
    7c4a     7c4a        0     1                 errhyprmfile15
    7c4e     7c4e        0     1                 donehyprmfile15
    7c5e     7c5e        0     1                 errhypclosedir16
    7c60     7c60        0     1                 donehypclosedir16
    7e64     7e64        0     1                 errhypchdir17
    7e68     7e68        0     1                 donehypchdir17
    7fe3     7fe3        0     1                 errhypchdir18
    7fe7     7fe7        0     1                 donehypchdir18
    8107     8107        0     1                 errhyp1att19
    810b     810b        0     1                 donehyp1att19
    82d9     82d9        0     1                 errhyp0att20
    82dd     82dd        0     1                 donehyp0att20
    8389     8389        0     1                 errhypd81dosattach21
    838d     838d        0     1                 donehypd81dosattach21
    839f     839f        0     1                 errhypd81dosattach22
    83a3     83a3        0     1                 donehypd81dosattach22
    83b2     83b2       74     1         midnightmega.prg.lto.o:(.text.blockreadbyte)
    83b2     83b2       74     1                 blockreadbyte
    8426     8426      269     1         midnightmega.prg.lto.o:(.text.text)
    8426     8426      269     1                 text
    868f     868f       46     1         midnightmega.prg.lto.o:(.text.sidbong)
    868f     868f       46     1                 sidbong
    86d5     86d5        b     1         midnightmega.prg.lto.o:(.text.flushkeybuf)
    86d5     86d5        b     1                 flushkeybuf
    86e0     86e0       17     1         midnightmega.prg.lto.o:(.text.petsciitoscreencode)
    86e0     86e0       17     1                 petsciitoscreencode
    86f7     86f7        9     1         midnightmega.prg.lto.o:(.text.cputc)
    86f7     86f7        9     1                 cputc
    8700     8700       a1     1         midnightmega.prg.lto.o:(.text.cputcxy)
    8700     8700       a1     1                 cputcxy
    87a1     87a1        7     1         midnightmega.prg.lto.o:(.text.cputs)
    87a1     87a1        7     1                 cputs
    87a8     87a8       db     1         midnightmega.prg.lto.o:(.text.cputsxy)
    87a8     87a8       db     1                 cputsxy
    8883     8883       aa     1         midnightmega.prg.lto.o:(.text.fillrect)
    8883     8883       aa     1                 fillrect
    892d     892d        9     1         midnightmega.prg.lto.o:(.text.cgetc)
    892d     892d        9     1                 cgetc
    8936     8936       27     1         midnightmega.prg.lto.o:(.text.do_dma)
    8936     8936       27     1                 do_dma
    895d     895d       67     1         midnightmega.prg.lto.o:(.text.lcopy)
    895d     895d       67     1                 lcopy
    89c4     89c4       50     1         midnightmega.prg.lto.o:(.text.lfill)
    89c4     89c4       50     1                 lfill
    8a14     8a14       5c     1         midnightmega.prg.lto.o:(.text.usleep)
    8a14     8a14       5c     1                 usleep
    8a70     8a70        5     1         midnightmega.prg.lto.o:(.text.exit)
    8a70     8a70        5     1                 exit
    8a75     8a75       d9     1         midnightmega.prg.lto.o:(.text.atoi)
    8a75     8a75       d9     1                 atoi
    8b4e     8b4e       3e     1         midnightmega.prg.lto.o:(.text.strcpy)
    8b4e     8b4e       3e     1                 strcpy
    8b8c     8b8c       3c     1         midnightmega.prg.lto.o:(.text.strlen)
    8b8c     8b8c       3c     1                 strlen
    8bc8     8bc8        b     1         midnightmega.prg.lto.o:(.text.__ashlqi3)
    8bc8     8bc8        b     1                 __ashlqi3
    8bd3     8bd3       13     1         midnightmega.prg.lto.o:(.text.__ashlhi3)
    8bd3     8bd3       13     1                 __ashlhi3
    8be6     8be6       32     1         midnightmega.prg.lto.o:(.text.__mulhi3)
    8be6     8be6       32     1                 __mulhi3
    8c18     8c18       c1     1         midnightmega.prg.lto.o:(.text.__udivhi3)
    8c18     8c18       c1     1                 __udivhi3
    8cd9     8cd9       45     1         midnightmega.prg.lto.o:(.text.__umodqi3)
    8cd9     8cd9       45     1                 __umodqi3
    8d1e     8d1e       70     1         midnightmega.prg.lto.o:(.text.__udivmodqi4)
    8d1e     8d1e       70     1                 __udivmodqi4
    8d8e     8d8e       dc     1         midnightmega.prg.lto.o:(.text.__udivmodhi4)
    8d8e     8d8e       dc     1                 __udivmodhi4
    8e6a     8e6a      1ba     1         midnightmega.prg.lto.o:(.text.__udivmodsi4)
    8e6a     8e6a      1ba     1                 __udivmodsi4
    9024     9024       2c     1         midnightmega.prg.lto.o:(.text.memcpy)
    9024     9024       2c     1                 memcpy
    9050     9050       20     1         midnightmega.prg.lto.o:(.text.__memset)
    9050     9050       20     1                 __memset
    9070     9070        0     1         __init_array_start = .
    9070     9070        0     1         __init_array_end = .
    9070     9070        0     1         __fini_array_start = .
    9070     9070        0     1         __fini_array_end = .
    9070     9070      c62     1 .rodata
    9070     9070       7e     1         midnightmega.prg.lto.o:(.rodata.navi)
    90ee     90ee       16     1         midnightmega.prg.lto.o:(.rodata.text)
    9104     9104      b66     1         <internal>:(.rodata.str1.1)
    9c6a     9c6a        8     1         <internal>:(.rodata.cst4)
    9c72     9c72       50     1         midnightmega.prg.lto.o:(.rodata..L__const.findnextBAMtracksector.strategy)
    9cc2     9cc2       10     1         <internal>:(.rodata.cst16)
    9cd2     9cd2        0     1 .data
    9cd2     9cd2        0     1         __data_start = .
    9cd2     9cd2        0     1         __data_end = .
    9cd2     9cd2        0     1 __data_load_start = LOADADDR(.data)
    9cd2     9cd2        0     1 __data_size = SIZEOF(.data)
    9cd2     9cd2      2c4     1 .bss
    9cd2     9cd2        0     1         __bss_start = .
    9cd2     9cd2        1     1         midnightmega.prg.lto.o:(.bss.fnamehi.2)
    9cd2     9cd2        1     1                 fnamehi.2
    9cd3     9cd3       20     1         midnightmega.prg.lto.o:(.bss.direntryblock2)
    9cd3     9cd3       20     1                 direntryblock2
    9cf3     9cf3       50     1         midnightmega.prg.lto.o:(.bss.s)
    9cf3     9cf3       50     1                 s
    9d43     9d43      1f0     1         midnightmega.prg.lto.o:(.bss.direntflags)
    9d43     9d43      1f0     1                 direntflags
    9f33     9f33        1     1         midnightmega.prg.lto.o:(.bss.legacyHDOSstate)
    9f33     9f33        1     1                 legacyHDOSstate
    9f34     9f34       22     1         midnightmega.prg.lto.o:(.bss.disknames)
    9f34     9f34       22     1                 disknames
    9f56     9f56       40     1         midnightmega.prg.lto.o:(.bss.lfnname)
    9f56     9f56       40     1                 lfnname
    9f96     9f96        0     1         __bss_end = .
    9f96     9f96        0     1 __bss_size = SIZEOF(.bss)
    9f96     9f96       1c     1 .noinit
    9f96     9f96       1c     1         midnightmega.prg.lto.o:(.noinit..Lstatic_stack)
    9fb2     9fb2        0     1         __heap_start = ALIGN(., 2)
    9fb2     9fb2        0     1 __stack = 0xd000
       0        0       cc     1 .comment
       0        0       cc     1         <internal>:(.comment)
       0        0     1310     4 .symtab
       0        0     1310     4         <internal>:(.symtab)
       0        0       68     1 .shstrtab
       0        0       68     1         <internal>:(.shstrtab)
       0        0      cb9     1 .strtab
       0        0      cb9     1         <internal>:(.strtab)
