     VMA      LMA     Size Align Out     In      Symbol
       0        0        0     1 __basic_zp_start = 0x0002
       0        0        0     1 __basic_zp_end = 0x0090
       0        0        0     1 __rc0 = __basic_zp_start
       0        0        0     1 __rc1 = __rc0 + 1
       0        0        0     1 PROVIDE ( __rc2 = __rc1 + 1 )
       0        0        0     1 __rc3 = __rc2 + 1
       0        0        0     1 PROVIDE ( __rc4 = __rc3 + 1 )
       0        0        0     1 __rc5 = __rc4 + 1
       0        0        0     1 PROVIDE ( __rc6 = __rc5 + 1 )
       0        0        0     1 __rc7 = __rc6 + 1
       0        0        0     1 PROVIDE ( __rc8 = __rc7 + 1 )
       0        0        0     1 __rc9 = __rc8 + 1
       0        0        0     1 PROVIDE ( __rc10 = __rc9 + 1 )
       0        0        0     1 __rc11 = __rc10 + 1
       0        0        0     1 PROVIDE ( __rc12 = __rc11 + 1 )
       0        0        0     1 __rc13 = __rc12 + 1
       0        0        0     1 PROVIDE ( __rc14 = __rc13 + 1 )
       0        0        0     1 __rc15 = __rc14 + 1
       0        0        0     1 PROVIDE ( __rc16 = __rc15 + 1 )
       0        0        0     1 __rc17 = __rc16 + 1
       0        0        0     1 PROVIDE ( __rc18 = __rc17 + 1 )
       0        0        0     1 __rc19 = __rc18 + 1
       0        0        0     1 PROVIDE ( __rc20 = __rc19 + 1 )
       0        0        0     1 __rc21 = __rc20 + 1
       0        0        0     1 PROVIDE ( __rc22 = __rc21 + 1 )
       0        0        0     1 __rc23 = __rc22 + 1
       0        0        0     1 PROVIDE ( __rc24 = __rc23 + 1 )
       0        0        0     1 __rc25 = __rc24 + 1
       0        0        0     1 PROVIDE ( __rc26 = __rc25 + 1 )
       0        0        0     1 __rc27 = __rc26 + 1
       0        0        0     1 PROVIDE ( __rc28 = __rc27 + 1 )
       0        0        0     1 __rc29 = __rc28 + 1
       0        0        0     1 PROVIDE ( __rc30 = __rc29 + 1 )
       0        0        0     1 __rc31 = __rc30 + 1
    2001     2001       16     1 .basic_header
    2001     2001       16     1         F:\Entwicklungsprojekte\Mega65\llvm-mos\llvm-mos\bin/../mos-platform/mega65/lib\basic-header.o:(.basic_header)
    2015     2015        0     1                 next_line
      22     2017       11     1 .zp.data
      22     2017        0     1         __zp_data_start = .
      22     2017        1     1         lto.tmp:(.zp.data.g_curTextColor)
      22     2017        1     1                 g_curTextColor
      23     2018       10     1         <internal>:(.zp.rodata.cst16)
      33     2028        0     1 __zp_data_load_start = LOADADDR ( .zp.data )
      33     2028        0     1 __zp_data_size = SIZEOF ( .zp.data )
      33       33       30     1 .zp.bss
      33       33        0     1         __zp_bss_start = .
      33       33        1     1         lto.tmp:(.zp.bss.offsCurrIdx)
      33       33        1     1                 offsCurrIdx
      34       34        1     1         lto.tmp:(.zp.bss.flagCurrSec)
      34       34        1     1                 flagCurrSec
      35       35        1     1         lto.tmp:(.zp.bss.datNextTrk)
      35       35        1     1                 datNextTrk
      36       36        1     1         lto.tmp:(.zp.bss.datNextSec)
      36       36        1     1                 datNextSec
      37       37        4     1         lto.tmp:(.zp.bss.ptrMiniOffs)
      37       37        4     1                 ptrMiniOffs
      3b       3b        4     1         lto.tmp:(.zp.bss.BAMsector)
      3b       3b        4     1                 BAMsector
      3f       3f        4     1         lto.tmp:(.zp.bss.worksector)
      3f       3f        4     1                 worksector
      43       43        4     1         lto.tmp:(.zp.bss.worksectorasBAM)
      43       43        4     1                 worksectorasBAM
      47       47        1     1         lto.tmp:(.zp.bss.BAMside)
      47       47        1     1                 BAMside
      48       48        1     1         lto.tmp:(.zp.bss.i)
      48       48        1     1                 i
      49       49        1     1         lto.tmp:(.zp.bss.workside)
      49       49        1     1                 workside
      4a       4a        1     1         lto.tmp:(.zp.bss.fnamehi)
      4a       4a        1     1                 fnamehi
      4b       4b        1     1         lto.tmp:(.zp.bss.g_curScreenW)
      4b       4b        1     1                 g_curScreenW
      4c       4c        1     1         lto.tmp:(.zp.bss.g_curScreenH)
      4c       4c        1     1                 g_curScreenH
      4d       4d        1     1         lto.tmp:(.zp.bss.g_curX)
      4d       4d        1     1                 g_curX
      4e       4e        1     1         lto.tmp:(.zp.bss.g_curY)
      4e       4e        1     1                 g_curY
      4f       4f       14     1         lto.tmp:(.zp.bss.dmalist)
      4f       4f       14     1                 dmalist
      63       63        0     1 __zp_bss_size = SIZEOF ( .zp.bss )
      63       63       29     1 .zp
      63       63       29     1         lto.tmp:(.zp.noinit..Lzp_stack)
    2028     2028     3707     1 .text
    2028     2028        0     1         _init = .
    2028     2028        0     1         _start = .
    2028     2028        e     1         F:\Entwicklungsprojekte\Mega65\llvm-mos\llvm-mos\bin/../mos-platform/mega65/lib\unmap-basic.o:(.init.010)
    2036     2036        8     1         F:\Entwicklungsprojekte\Mega65\llvm-mos\llvm-mos\bin/../mos-platform/commodore/lib\libcrt0.a(init-stack.S.obj):(.init.100)
    2036     2036        0     1                 __do_init_stack
    203e     203e        3     1         F:\Entwicklungsprojekte\Mega65\llvm-mos\llvm-mos\bin/../mos-platform/commodore/lib\libcrt0.a(zero-bss.c.obj):(.init.200)
    203e     203e        0     1                 __do_zero_bss
    2041     2041        3     1         F:\Entwicklungsprojekte\Mega65\llvm-mos\llvm-mos\bin/../mos-platform/commodore/lib\libcrt0.a(zero-zp-bss.c.obj):(.init.200)
    2041     2041        0     1                 __do_zero_zp_bss
    2044     2044        3     1         F:\Entwicklungsprojekte\Mega65\llvm-mos\llvm-mos\bin/../mos-platform/commodore/lib\libcrt0.a(copy-zp-data.c.obj):(.init.200)
    2044     2044        0     1                 __do_copy_zp_data
    2047     2047        3     1         F:\Entwicklungsprojekte\Mega65\llvm-mos\llvm-mos\bin/../mos-platform/common/lib\crt0.o:(.call_main)
    204a     204a        3     1         F:\Entwicklungsprojekte\Mega65\llvm-mos\llvm-mos\bin/../mos-platform/commodore/lib\libcrt0.a(exit-return.c.obj):(.after_main)
    204a     204a        0     1                 __after_main
    204d     204d        0     1         _fini = .
    204d     204d        a     1         F:\Entwicklungsprojekte\Mega65\llvm-mos\llvm-mos\bin/../mos-platform/mega65/lib\unmap-basic.o:(.fini.990)
    2057     2057        1     1         F:\Entwicklungsprojekte\Mega65\llvm-mos\llvm-mos\bin/../mos-platform/common/lib\crt0.o:(.fini_rts)
    2058     2058       79     1         C:\Users\SUPERU~1\AppData\Local\Temp\memory_asm-b923c5.o:(.text)
    2058     2058        0     1                 fourbytes
    205c     205c        0     1                 lpstore
    2077     2077        0     1                 lprestore
    2092     2092        0     1                 lpoke
    20b3     20b3        0     1                 lpeek
    20d1     20d1        a     1         F:\Entwicklungsprojekte\Mega65\llvm-mos\llvm-mos\bin/../mos-platform/commodore/lib\libcrt0.a(exit-return.c.obj):(.text)
    20d1     20d1        a     1                 __exit_return
    20db     20db     146b     1         F:\Entwicklungsprojekte\Mega65\llvm-mos\llvm-mos\bin/../mos-platform/common/lib\libcrt.a(divmod-large.cc.obj):(.text)
    20db     20db      252     1                 __udivmodsi4
    232d     232d      5af     1                 __udivmoddi4
    28dc     28dc      399     1                 __divmodsi4
    2c75     2c75      8d1     1                 __divmoddi4
    3546     3546       13     1         F:\Entwicklungsprojekte\Mega65\llvm-mos\llvm-mos\bin/../mos-platform/commodore/lib\libcrt0.a(zero-bss.c.obj):(.text)
    3546     3546       13     1                 __zero_bss
    3559     3559       13     1         F:\Entwicklungsprojekte\Mega65\llvm-mos\llvm-mos\bin/../mos-platform/commodore/lib\libcrt0.a(zero-zp-bss.c.obj):(.text)
    3559     3559       13     1                 __zero_zp_bss
    356c     356c       17     1         F:\Entwicklungsprojekte\Mega65\llvm-mos\llvm-mos\bin/../mos-platform/commodore/lib\libcrt0.a(copy-zp-data.c.obj):(.text)
    356c     356c       17     1                 __copy_zp_data
    3583     3583      137     1         lto.tmp:(.text.cputln)
    3583     3583      137     1                 cputln
    36ba     36ba       ed     1         lto.tmp:(.text.mprintf)
    36ba     36ba       ed     1                 mprintf
    37a7     37a7       cb     1         lto.tmp:(.text.ReadSector)
    37a7     37a7       cb     1                 ReadSector
    382a     382a        0     1                 wait020
    383f     383f        0     1                 succeed020
    3854     3854        0     1                 upper020
    385b     385b        0     1                 endsub020
    3862     3862        0     1                 err020
    3864     3864        0     1                 end020
    3872     3872      3c1     1         lto.tmp:(.text.GetWholeSector)
    3872     3872      3c1     1                 GetWholeSector
    3c33     3c33      360     1         lto.tmp:(.text.PutWholeSector)
    3c33     3c33      360     1                 PutWholeSector
    3f2a     3f2a        0     1                 wait031
    3f3f     3f3f        0     1                 succeed031
    3f45     3f45        0     1                 endsub031
    3f4c     3f4c        0     1                 err031
    3f4e     3f4e        0     1                 end031
    3f93     3f93     11b5     1         lto.tmp:(.text.main)
    3f93     3f93     11b5     1                 main
    4273     4273        0     1                 errhypsetnam2
    4277     4277        0     1                 donehypsetnam2
    4399     4399        0     1                 errhypsetnam3
    439d     439d        0     1                 donehypsetnam3
    43af     43af        0     1                 errhyp1att4
    43b3     43b3        0     1                 donehyp1att4
    441b     441b        0     1                 errseldrv5
    441f     441f        0     1                 doneseldrv5
    4458     4458        0     1                 errgetcurdrv6
    445c     445c        0     1                 donegetcurdrv6
    44d3     44d3        0     1                 errhypopendir7
    44d7     44d7        0     1                 donehypopendir7
    46b3     46b3        0     1                 hypreaddirloop8
    46cb     46cb        0     1                 errhypreaddir8
    46cd     46cd        0     1                 donehypreaddir8
    46fe     46fe        0     1                 errhypclosedir9
    4700     4700        0     1                 donehypclosedir9
    5148     5148        1     1         lto.tmp:(.text.escNOP)
    5148     5148        1     1                 escNOP
    5149     5149       a1     1         lto.tmp:(.text.clrscr)
    5149     5149       a1     1                 clrscr
    51ea     51ea       ee     1         lto.tmp:(.text.cputcxy)
    51ea     51ea       ee     1                 cputcxy
    52d8     52d8       7f     1         lto.tmp:(.text.cputhex)
    52d8     52d8       7f     1                 cputhex
    5357     5357       df     1         lto.tmp:(.text.cputsxy)
    5357     5357       df     1                 cputsxy
    5436     5436       d2     1         lto.tmp:(.text.lcopy)
    5436     5436       d2     1                 lcopy
    5508     5508       88     1         lto.tmp:(.text.lfill)
    5508     5508       88     1                 lfill
    5590     5590       2d     1         lto.tmp:(.text.memcpy)
    5590     5590       2d     1                 memcpy
    55bd     55bd       1f     1         lto.tmp:(.text.__memset)
    55bd     55bd       1f     1                 __memset
    55dc     55dc       34     1         lto.tmp:(.text.strlen)
    55dc     55dc       34     1                 strlen
    5610     5610       13     1         lto.tmp:(.text.__ashlhi3)
    5610     5610       13     1                 __ashlhi3
    5623     5623       32     1         lto.tmp:(.text.__mulhi3)
    5623     5623       32     1                 __mulhi3
    5655     5655       da     1         lto.tmp:(.text.__udivmodhi4)
    5655     5655       da     1                 __udivmodhi4
    572f     572f        0     1         __init_array_start = .
    572f     572f        0     1         __init_array_end = .
    572f     572f        0     1         __fini_array_start = .
    572f     572f        0     1         __fini_array_end = .
    572f     572f      379     1 .rodata
    572f     572f        1     1         F:\Entwicklungsprojekte\Mega65\llvm-mos\llvm-mos\bin/../mos-platform/common/lib\libcrt.a(const.S.obj):(.rodata)
    572f     572f        0     1                 __set_v
    5730     5730      378     1         <internal>:(.rodata.str1.1)
    5aa8     5aa8        0     1 .data
    5aa8     5aa8        0     1         __data_start = .
    5aa8     5aa8        0     1         __data_end = .
    5aa8     5aa8        0     1 __data_load_start = LOADADDR ( .data )
    5aa8     5aa8        0     1 __data_size = SIZEOF ( .data )
    5aa8     5aa8      2fd     1 .bss
    5aa8     5aa8        0     1         __bss_start = .
    5aa8     5aa8      2fd     1         lto.tmp:(.bss.escapeCode)
    5aa8     5aa8      2fd     1                 escapeCode
    5da5     5da5        0     1         __bss_end = .
    5da5     5da5        0     1 __bss_size = SIZEOF ( .bss )
    5da5     5da5        1     1 .noinit
    5da5     5da5        1     1         F:\Entwicklungsprojekte\Mega65\llvm-mos\llvm-mos\bin/../mos-platform/commodore/lib\libcrt0.a(exit-return.c.obj):(.noinit)
    5da6     5da6        0     1         __heap_start = .
    5da6     5da6        0     1 __stack = 0xd000
       0        0       79     1 .comment
       0        0       79     1         <internal>:(.comment)
       0        0      960     4 .symtab
       0        0      960     4         <internal>:(.symtab)
       0        0       68     1 .shstrtab
       0        0       68     1         <internal>:(.shstrtab)
       0        0      620     1 .strtab
       0        0      620     1         <internal>:(.strtab)
