     VMA      LMA     Size Align Out     In      Symbol
       0        0        0     1 __basic_zp_start = 0x0002
       0        0        0     1 __basic_zp_end = 0x0090
       0        0        0     1 __rc0 = __basic_zp_start
       0        0        0     1 __rc1 = __rc0 + 1
       0        0        0     1 PROVIDE ( __rc2 = __rc1 + 1 )
       0        0        0     1 __rc3 = __rc2 + 1
       0        0        0     1 PROVIDE ( __rc4 = __rc3 + 1 )
       0        0        0     1 __rc5 = __rc4 + 1
       0        0        0     1 PROVIDE ( __rc6 = __rc5 + 1 )
       0        0        0     1 __rc7 = __rc6 + 1
       0        0        0     1 PROVIDE ( __rc8 = __rc7 + 1 )
       0        0        0     1 __rc9 = __rc8 + 1
       0        0        0     1 PROVIDE ( __rc10 = __rc9 + 1 )
       0        0        0     1 __rc11 = __rc10 + 1
       0        0        0     1 PROVIDE ( __rc12 = __rc11 + 1 )
       0        0        0     1 __rc13 = __rc12 + 1
       0        0        0     1 PROVIDE ( __rc14 = __rc13 + 1 )
       0        0        0     1 __rc15 = __rc14 + 1
       0        0        0     1 PROVIDE ( __rc16 = __rc15 + 1 )
       0        0        0     1 __rc17 = __rc16 + 1
       0        0        0     1 PROVIDE ( __rc18 = __rc17 + 1 )
       0        0        0     1 __rc19 = __rc18 + 1
       0        0        0     1 PROVIDE ( __rc20 = __rc19 + 1 )
       0        0        0     1 __rc21 = __rc20 + 1
       0        0        0     1 PROVIDE ( __rc22 = __rc21 + 1 )
       0        0        0     1 __rc23 = __rc22 + 1
       0        0        0     1 PROVIDE ( __rc24 = __rc23 + 1 )
       0        0        0     1 __rc25 = __rc24 + 1
       0        0        0     1 PROVIDE ( __rc26 = __rc25 + 1 )
       0        0        0     1 __rc27 = __rc26 + 1
       0        0        0     1 PROVIDE ( __rc28 = __rc27 + 1 )
       0        0        0     1 __rc29 = __rc28 + 1
       0        0        0     1 PROVIDE ( __rc30 = __rc29 + 1 )
       0        0        0     1 __rc31 = __rc30 + 1
    2001     2001       16     1 .basic_header
    2001     2001       16     1         F:\Entwicklungsprojekte\Mega65\llvm-mos\llvm-mos\bin/../mos-platform/mega65/lib\basic-header.o:(.basic_header)
    2015     2015        0     1                 next_line
      22     2017        6     1 .zp.data
      22     2017        0     1         __zp_data_start = .
      22     2017        5     1         lto.tmp:(.zp.rodata..Lswitch.table.asciitoscreencode_s)
      27     201c        1     1         lto.tmp:(.zp.data.g_curTextColor)
      27     201c        1     1                 g_curTextColor
      28     201d        0     1 __zp_data_load_start = LOADADDR ( .zp.data )
      28     201d        0     1 __zp_data_size = SIZEOF ( .zp.data )
      28       28       44     1 .zp.bss
      28       28        0     1         __zp_bss_start = .
      28       28        1     1         lto.tmp:(.zp.bss.fnamehi)
      28       28        1     1                 fnamehi
      29       29        1     1         lto.tmp:(.zp.bss.offsCurrIdx)
      29       29        1     1                 offsCurrIdx
      2a       2a        2     1         lto.tmp:(.zp.bss.direntryblock.0)
      2a       2a        2     1                 direntryblock.0
      2c       2c       28     1         lto.tmp:(.zp.bss.s)
      2c       2c       28     1                 s
      54       54        1     1         lto.tmp:(.zp.bss.g_curScreenW)
      54       54        1     1                 g_curScreenW
      55       55        1     1         lto.tmp:(.zp.bss.g_curScreenH)
      55       55        1     1                 g_curScreenH
      56       56        1     1         lto.tmp:(.zp.bss.g_curX)
      56       56        1     1                 g_curX
      57       57        1     1         lto.tmp:(.zp.bss.g_curY)
      57       57        1     1                 g_curY
      58       58       14     1         lto.tmp:(.zp.bss.dmalist)
      58       58       14     1                 dmalist
      6c       6c        0     1 __zp_bss_size = SIZEOF ( .zp.bss )
      6c       6c       24     1 .zp
      6c       6c       24     1         lto.tmp:(.zp.noinit..Lzp_stack)
    201d     201d     582a     1 .text
    201d     201d        0     1         _init = .
    201d     201d        0     1         _start = .
    201d     201d        e     1         F:\Entwicklungsprojekte\Mega65\llvm-mos\llvm-mos\bin/../mos-platform/mega65/lib\unmap-basic.o:(.init.010)
    202b     202b        8     1         F:\Entwicklungsprojekte\Mega65\llvm-mos\llvm-mos\bin/../mos-platform/commodore/lib\libcrt0.a(init-stack.S.obj):(.init.100)
    202b     202b        0     1                 __do_init_stack
    2033     2033        3     1         F:\Entwicklungsprojekte\Mega65\llvm-mos\llvm-mos\bin/../mos-platform/commodore/lib\libcrt0.a(zero-bss.c.obj):(.init.200)
    2033     2033        0     1                 __do_zero_bss
    2036     2036        3     1         F:\Entwicklungsprojekte\Mega65\llvm-mos\llvm-mos\bin/../mos-platform/commodore/lib\libcrt0.a(zero-zp-bss.c.obj):(.init.200)
    2036     2036        0     1                 __do_zero_zp_bss
    2039     2039        3     1         F:\Entwicklungsprojekte\Mega65\llvm-mos\llvm-mos\bin/../mos-platform/commodore/lib\libcrt0.a(copy-zp-data.c.obj):(.init.200)
    2039     2039        0     1                 __do_copy_zp_data
    203c     203c        3     1         F:\Entwicklungsprojekte\Mega65\llvm-mos\llvm-mos\bin/../mos-platform/common/lib\crt0.o:(.call_main)
    203f     203f        3     1         F:\Entwicklungsprojekte\Mega65\llvm-mos\llvm-mos\bin/../mos-platform/commodore/lib\libcrt0.a(exit-return.c.obj):(.after_main)
    203f     203f        0     1                 __after_main
    2042     2042        0     1         _fini = .
    2042     2042        a     1         F:\Entwicklungsprojekte\Mega65\llvm-mos\llvm-mos\bin/../mos-platform/mega65/lib\unmap-basic.o:(.fini.990)
    204c     204c        1     1         F:\Entwicklungsprojekte\Mega65\llvm-mos\llvm-mos\bin/../mos-platform/common/lib\crt0.o:(.fini_rts)
    204d     204d       79     1         C:\Users\SUPERU~1\AppData\Local\Temp\memory_asm-231bc4.o:(.text)
    204d     204d        0     1                 fourbytes
    2051     2051        0     1                 lpstore
    206c     206c        0     1                 lprestore
    2087     2087        0     1                 lpoke
    20a8     20a8        0     1                 lpeek
    20c6     20c6        a     1         F:\Entwicklungsprojekte\Mega65\llvm-mos\llvm-mos\bin/../mos-platform/commodore/lib\libcrt0.a(exit-return.c.obj):(.text)
    20c6     20c6        a     1                 __exit_return
    20d0     20d0     146b     1         F:\Entwicklungsprojekte\Mega65\llvm-mos\llvm-mos\bin/../mos-platform/common/lib\libcrt.a(divmod-large.cc.obj):(.text)
    20d0     20d0      252     1                 __udivmodsi4
    2322     2322      5af     1                 __udivmoddi4
    28d1     28d1      399     1                 __divmodsi4
    2c6a     2c6a      8d1     1                 __divmoddi4
    353b     353b        3     1         F:\Entwicklungsprojekte\Mega65\llvm-mos\llvm-mos\bin/../mos-platform/common/lib\libcrt.a(call-indir.S.obj):(.text)
    353b     353b        0     1                 __call_indir
    353e     353e       13     1         F:\Entwicklungsprojekte\Mega65\llvm-mos\llvm-mos\bin/../mos-platform/commodore/lib\libcrt0.a(zero-bss.c.obj):(.text)
    353e     353e       13     1                 __zero_bss
    3551     3551       13     1         F:\Entwicklungsprojekte\Mega65\llvm-mos\llvm-mos\bin/../mos-platform/commodore/lib\libcrt0.a(zero-zp-bss.c.obj):(.text)
    3551     3551       13     1                 __zero_zp_bss
    3564     3564       17     1         F:\Entwicklungsprojekte\Mega65\llvm-mos\llvm-mos\bin/../mos-platform/commodore/lib\libcrt0.a(copy-zp-data.c.obj):(.text)
    3564     3564       17     1                 __copy_zp_data
    357b     357b     10db     1         lto.tmp:(.text.main)
    357b     357b     10db     1                 main
    3c78     3c78        0     1                 errgetcurdrv0
    3c7c     3c7c        0     1                 donegetcurdrv0
    3c97     3c97        0     1                 errhypopendir1
    3c9b     3c9b        0     1                 donehypopendir1
    3d33     3d33        0     1                 hypreaddirloop2
    3d4b     3d4b        0     1                 errhypreaddir2
    3d4d     3d4d        0     1                 donehypreaddir2
    415c     415c        0     1                 errhypclosedir3
    415e     415e        0     1                 donehypclosedir3
    42a2     42a2        0     1                 errhypsetnam4
    42a6     42a6        0     1                 donehypsetnam4
    42b8     42b8        0     1                 errhyp1att5
    42bc     42bc        0     1                 donehyp1att5
    4656     4656       fb     1         lto.tmp:(.text.GetWholeSector)
    4656     4656       fb     1                 GetWholeSector
    4684     4684        0     1                 wait026
    4699     4699        0     1                 succeed026
    46ab     46ab        0     1                 upper026
    46ae     46ae        0     1                 endsub026
    46b6     46b6        0     1                 err026
    46b8     46b8        0     1                 end026
    4751     4751      13d     1         lto.tmp:(.text.PutWholeSector)
    4751     4751      13d     1                 PutWholeSector
    47ac     47ac        0     1                 wait027
    47c1     47c1        0     1                 succeed027
    47d3     47d3        0     1                 upper027
    47d6     47d6        0     1                 endsub027
    47de     47de        0     1                 err027
    47e0     47e0        0     1                 end027
    4851     4851        0     1                 wait038
    4866     4866        0     1                 succeed038
    486c     486c        0     1                 endsub038
    4873     4873        0     1                 err038
    4875     4875        0     1                 end038
    488e     488e      199     1         lto.tmp:(.text.readblockchain)
    488e     488e      199     1                 readblockchain
    4a27     4a27      5bc     1         lto.tmp:(.text.findnextBAMtracksector)
    4a27     4a27      5bc     1                 findnextBAMtracksector
    4fe3     4fe3      16f     1         lto.tmp:(.text.getdirententry)
    4fe3     4fe3      16f     1                 getdirententry
    5152     5152       8c     1         lto.tmp:(.text.getdirent)
    5152     5152       8c     1                 getdirent
    51de     51de      137     1         lto.tmp:(.text.cputln)
    51de     51de      137     1                 cputln
    5315     5315       51     1         lto.tmp:(.text.msprintf)
    5315     5315       51     1                 msprintf
    5366     5366      100     1         lto.tmp:(.text.mprintf)
    5366     5366      100     1                 mprintf
    5466     5466       cf     1         lto.tmp:(.text.mh4printf)
    5466     5466       cf     1                 mh4printf
    5535     5535      25a     1         lto.tmp:(.text.mcbox)
    5535     5535      25a     1                 mcbox
    578f     578f       92     1         lto.tmp:(.text.messagebox)
    578f     578f       92     1                 messagebox
    5821     5821        1     1         lto.tmp:(.text.escNOP)
    5821     5821        1     1                 escNOP
    5822     5822       a1     1         lto.tmp:(.text.clrscr)
    5822     5822       a1     1                 clrscr
    58c3     58c3       ee     1         lto.tmp:(.text.cputcxy)
    58c3     58c3       ee     1                 cputcxy
    59b1     59b1       df     1         lto.tmp:(.text.cputsxy)
    59b1     59b1       df     1                 cputsxy
    5a90     5a90       d2     1         lto.tmp:(.text.lcopy)
    5a90     5a90       d2     1                 lcopy
    5b62     5b62       88     1         lto.tmp:(.text.lfill)
    5b62     5b62       88     1                 lfill
    5bea     5bea     1122     1         lto.tmp:(.text.sprintf)
    5bea     5bea     1122     1                 sprintf
    6d0c     6d0c       23     1         lto.tmp:(.text._out_buffer)
    6d0c     6d0c       23     1                 _out_buffer
    6d2f     6d2f        1     1         lto.tmp:(.text._out_null)
    6d2f     6d2f        1     1                 _out_null
    6d30     6d30      940     1         lto.tmp:(.text._ntoa)
    6d30     6d30      940     1                 _ntoa
    7670     7670       38     1         lto.tmp:(.text.strcpy)
    7670     7670       38     1                 strcpy
    76a8     76a8       34     1         lto.tmp:(.text.strlen)
    76a8     76a8       34     1                 strlen
    76dc     76dc       13     1         lto.tmp:(.text.__ashlhi3)
    76dc     76dc       13     1                 __ashlhi3
    76ef     76ef       32     1         lto.tmp:(.text.__mulhi3)
    76ef     76ef       32     1                 __mulhi3
    7721     7721       da     1         lto.tmp:(.text.__udivmodhi4)
    7721     7721       da     1                 __udivmodhi4
    77fb     77fb       2d     1         lto.tmp:(.text.memcpy)
    77fb     77fb       2d     1                 memcpy
    7828     7828       1f     1         lto.tmp:(.text.__memset)
    7828     7828       1f     1                 __memset
    7847     7847        0     1         __init_array_start = .
    7847     7847        0     1         __init_array_end = .
    7847     7847        0     1         __fini_array_start = .
    7847     7847        0     1         __fini_array_end = .
    7847     7847      1f8     1 .rodata
    7847     7847        1     1         F:\Entwicklungsprojekte\Mega65\llvm-mos\llvm-mos\bin/../mos-platform/common/lib\libcrt.a(const.S.obj):(.rodata)
    7847     7847        0     1                 __set_v
    7848     7848       12     1         lto.tmp:(.rodata.main)
    785a     785a       3c     1         lto.tmp:(.rodata.sprintf)
    7896     7896      18a     1         <internal>:(.rodata.str1.1)
    7a20     7a20        5     1         lto.tmp:(.rodata..Lswitch.table.gettype)
    7a25     7a25        5     1         lto.tmp:(.rodata..Lswitch.table.gettype.54)
    7a2a     7a2a        5     1         lto.tmp:(.rodata..Lswitch.table.gettype.55)
    7a2f     7a2f       10     1         <internal>:(.rodata.cst16)
    7a3f     7a3f        0     1 .data
    7a3f     7a3f        0     1         __data_start = .
    7a3f     7a3f        0     1         __data_end = .
    7a3f     7a3f        0     1 __data_load_start = LOADADDR ( .data )
    7a3f     7a3f        0     1 __data_size = SIZEOF ( .data )
    7a3f     7a3f      7df     1 .bss
    7a3f     7a3f        0     1         __bss_start = .
    7a3f     7a3f        1     1         lto.tmp:(.bss.flagCurrSec)
    7a3f     7a3f        1     1                 flagCurrSec
    7a40     7a40        4     1         lto.tmp:(.bss.BAMsector)
    7a40     7a40        4     1                 BAMsector
    7a44     7a44        4     1         lto.tmp:(.bss.worksector)
    7a44     7a44        4     1                 worksector
    7a48     7a48        2     1         lto.tmp:(.bss.worksectorasBAM.0)
    7a48     7a48        2     1                 worksectorasBAM.0
    7a4a     7a4a        2     1         lto.tmp:(.bss.direntryblock.1)
    7a4a     7a4a        2     1                 direntryblock.1
    7a4c     7a4c        1     1         lto.tmp:(.bss.BAMside)
    7a4c     7a4c        1     1                 BAMside
    7a4d     7a4d        1     1         lto.tmp:(.bss.workside)
    7a4d     7a4d        1     1                 workside
    7a4e     7a4e      492     1         lto.tmp:(.bss.filelist)
    7a4e     7a4e      492     1                 filelist
    7ee0     7ee0       41     1         lto.tmp:(.bss.curfile)
    7ee0     7ee0       41     1                 curfile
    7f21     7f21      2fd     1         lto.tmp:(.bss.escapeCode)
    7f21     7f21      2fd     1                 escapeCode
    821e     821e        0     1         __bss_end = .
    821e     821e        0     1 __bss_size = SIZEOF ( .bss )
    821e     821e        b     1 .noinit
    821e     821e        1     1         F:\Entwicklungsprojekte\Mega65\llvm-mos\llvm-mos\bin/../mos-platform/commodore/lib\libcrt0.a(exit-return.c.obj):(.noinit)
    821f     821f        a     1         lto.tmp:(.noinit..Lstatic_stack)
    8229     8229        0     1         __heap_start = .
    8229     8229        0     1 __stack = 0xd000
       0        0       79     1 .comment
       0        0       79     1         <internal>:(.comment)
       0        0      a50     4 .symtab
       0        0      a50     4         <internal>:(.symtab)
       0        0       68     1 .shstrtab
       0        0       68     1         <internal>:(.shstrtab)
       0        0      6b9     1 .strtab
       0        0      6b9     1         <internal>:(.strtab)
