     VMA      LMA     Size Align Out     In      Symbol
       0        0        0     1 __basic_zp_start = 0x0002
       0        0        0     1 __basic_zp_end = 0x0090
       0        0        0     1 __rc0 = __basic_zp_start
       0        0        0     1 __rc1 = __rc0 + 1
       0        0        0     1 PROVIDE ( __rc2 = __rc1 + 1 )
       0        0        0     1 __rc3 = __rc2 + 1
       0        0        0     1 PROVIDE ( __rc4 = __rc3 + 1 )
       0        0        0     1 __rc5 = __rc4 + 1
       0        0        0     1 PROVIDE ( __rc6 = __rc5 + 1 )
       0        0        0     1 __rc7 = __rc6 + 1
       0        0        0     1 PROVIDE ( __rc8 = __rc7 + 1 )
       0        0        0     1 __rc9 = __rc8 + 1
       0        0        0     1 PROVIDE ( __rc10 = __rc9 + 1 )
       0        0        0     1 __rc11 = __rc10 + 1
       0        0        0     1 PROVIDE ( __rc12 = __rc11 + 1 )
       0        0        0     1 __rc13 = __rc12 + 1
       0        0        0     1 PROVIDE ( __rc14 = __rc13 + 1 )
       0        0        0     1 __rc15 = __rc14 + 1
       0        0        0     1 PROVIDE ( __rc16 = __rc15 + 1 )
       0        0        0     1 __rc17 = __rc16 + 1
       0        0        0     1 PROVIDE ( __rc18 = __rc17 + 1 )
       0        0        0     1 __rc19 = __rc18 + 1
       0        0        0     1 PROVIDE ( __rc20 = __rc19 + 1 )
       0        0        0     1 __rc21 = __rc20 + 1
       0        0        0     1 PROVIDE ( __rc22 = __rc21 + 1 )
       0        0        0     1 __rc23 = __rc22 + 1
       0        0        0     1 PROVIDE ( __rc24 = __rc23 + 1 )
       0        0        0     1 __rc25 = __rc24 + 1
       0        0        0     1 PROVIDE ( __rc26 = __rc25 + 1 )
       0        0        0     1 __rc27 = __rc26 + 1
       0        0        0     1 PROVIDE ( __rc28 = __rc27 + 1 )
       0        0        0     1 __rc29 = __rc28 + 1
       0        0        0     1 PROVIDE ( __rc30 = __rc29 + 1 )
       0        0        0     1 __rc31 = __rc30 + 1
    2001     2001       16     1 .basic_header
    2001     2001       16     1         F:\Entwicklungsprojekte\Mega65\llvm-mos\llvm-mos\bin/../mos-platform/mega65/lib\basic-header.o:(.basic_header)
    2015     2015        0     1                 next_line
      22     2017       15     1 .zp.data
      22     2017        0     1         __zp_data_start = .
      22     2017        5     1         lto.tmp:(.zp.rodata..Lswitch.table.gettype)
      27     201c        5     1         lto.tmp:(.zp.rodata..Lswitch.table.gettype.42)
      2c     2021        5     1         lto.tmp:(.zp.rodata..Lswitch.table.gettype.43)
      31     2026        5     1         lto.tmp:(.zp.rodata..Lswitch.table.asciitoscreencode_s)
      36     202b        1     1         lto.tmp:(.zp.data.g_curTextColor)
      36     202b        1     1                 g_curTextColor
      37     202c        0     1 __zp_data_load_start = LOADADDR ( .zp.data )
      37     202c        0     1 __zp_data_size = SIZEOF ( .zp.data )
      37       37       28     1 .zp.bss
      37       37        0     1         __zp_bss_start = .
      37       37        1     1         lto.tmp:(.zp.bss.fnamehi)
      37       37        1     1                 fnamehi
      38       38        4     1         lto.tmp:(.zp.bss.BAMsector)
      38       38        4     1                 BAMsector
      3c       3c        4     1         lto.tmp:(.zp.bss.worksector)
      3c       3c        4     1                 worksector
      40       40        2     1         lto.tmp:(.zp.bss.worksectorasBAM.0)
      40       40        2     1                 worksectorasBAM.0
      42       42        2     1         lto.tmp:(.zp.bss.direntryblock.0)
      42       42        2     1                 direntryblock.0
      44       44        2     1         lto.tmp:(.zp.bss.direntryblock.1)
      44       44        2     1                 direntryblock.1
      46       46        1     1         lto.tmp:(.zp.bss.workside)
      46       46        1     1                 workside
      47       47        1     1         lto.tmp:(.zp.bss.g_curScreenW)
      47       47        1     1                 g_curScreenW
      48       48        1     1         lto.tmp:(.zp.bss.g_curScreenH)
      48       48        1     1                 g_curScreenH
      49       49        1     1         lto.tmp:(.zp.bss.g_curX)
      49       49        1     1                 g_curX
      4a       4a        1     1         lto.tmp:(.zp.bss.g_curY)
      4a       4a        1     1                 g_curY
      4b       4b       14     1         lto.tmp:(.zp.bss.dmalist)
      4b       4b       14     1                 dmalist
      5f       5f        0     1 __zp_bss_size = SIZEOF ( .zp.bss )
      5f       5f       2e     1 .zp
      5f       5f       2e     1         lto.tmp:(.zp.noinit..Lzp_stack)
    202c     202c     3527     1 .text
    202c     202c        0     1         _init = .
    202c     202c        0     1         _start = .
    202c     202c        e     1         F:\Entwicklungsprojekte\Mega65\llvm-mos\llvm-mos\bin/../mos-platform/mega65/lib\unmap-basic.o:(.init.010)
    203a     203a        8     1         F:\Entwicklungsprojekte\Mega65\llvm-mos\llvm-mos\bin/../mos-platform/commodore/lib\libcrt0.a(init-stack.S.obj):(.init.100)
    203a     203a        0     1                 __do_init_stack
    2042     2042        3     1         F:\Entwicklungsprojekte\Mega65\llvm-mos\llvm-mos\bin/../mos-platform/commodore/lib\libcrt0.a(zero-bss.c.obj):(.init.200)
    2042     2042        0     1                 __do_zero_bss
    2045     2045        3     1         F:\Entwicklungsprojekte\Mega65\llvm-mos\llvm-mos\bin/../mos-platform/commodore/lib\libcrt0.a(zero-zp-bss.c.obj):(.init.200)
    2045     2045        0     1                 __do_zero_zp_bss
    2048     2048        3     1         F:\Entwicklungsprojekte\Mega65\llvm-mos\llvm-mos\bin/../mos-platform/commodore/lib\libcrt0.a(copy-zp-data.c.obj):(.init.200)
    2048     2048        0     1                 __do_copy_zp_data
    204b     204b        3     1         F:\Entwicklungsprojekte\Mega65\llvm-mos\llvm-mos\bin/../mos-platform/common/lib\crt0.o:(.call_main)
    204e     204e        3     1         F:\Entwicklungsprojekte\Mega65\llvm-mos\llvm-mos\bin/../mos-platform/commodore/lib\libcrt0.a(exit-return.c.obj):(.after_main)
    204e     204e        0     1                 __after_main
    2051     2051        0     1         _fini = .
    2051     2051        a     1         F:\Entwicklungsprojekte\Mega65\llvm-mos\llvm-mos\bin/../mos-platform/mega65/lib\unmap-basic.o:(.fini.990)
    205b     205b        1     1         F:\Entwicklungsprojekte\Mega65\llvm-mos\llvm-mos\bin/../mos-platform/common/lib\crt0.o:(.fini_rts)
    205c     205c       79     1         C:\Users\SUPERU~1\AppData\Local\Temp\memory_asm-357ff5.o:(.text)
    205c     205c        0     1                 fourbytes
    2060     2060        0     1                 lpstore
    207b     207b        0     1                 lprestore
    2096     2096        0     1                 lpoke
    20b7     20b7        0     1                 lpeek
    20d5     20d5        a     1         F:\Entwicklungsprojekte\Mega65\llvm-mos\llvm-mos\bin/../mos-platform/commodore/lib\libcrt0.a(exit-return.c.obj):(.text)
    20d5     20d5        a     1                 __exit_return
    20df     20df     146b     1         F:\Entwicklungsprojekte\Mega65\llvm-mos\llvm-mos\bin/../mos-platform/common/lib\libcrt.a(divmod-large.cc.obj):(.text)
    20df     20df      252     1                 __udivmodsi4
    2331     2331      5af     1                 __udivmoddi4
    28e0     28e0      399     1                 __divmodsi4
    2c79     2c79      8d1     1                 __divmoddi4
    354a     354a       13     1         F:\Entwicklungsprojekte\Mega65\llvm-mos\llvm-mos\bin/../mos-platform/commodore/lib\libcrt0.a(zero-bss.c.obj):(.text)
    354a     354a       13     1                 __zero_bss
    355d     355d       13     1         F:\Entwicklungsprojekte\Mega65\llvm-mos\llvm-mos\bin/../mos-platform/commodore/lib\libcrt0.a(zero-zp-bss.c.obj):(.text)
    355d     355d       13     1                 __zero_zp_bss
    3570     3570       17     1         F:\Entwicklungsprojekte\Mega65\llvm-mos\llvm-mos\bin/../mos-platform/commodore/lib\libcrt0.a(copy-zp-data.c.obj):(.text)
    3570     3570       17     1                 __copy_zp_data
    3587     3587      d3b     1         lto.tmp:(.text.main)
    3587     3587      d3b     1                 main
    3d6d     3d6d        0     1                 errgetcurdrv0
    3d71     3d71        0     1                 donegetcurdrv0
    3d8c     3d8c        0     1                 errhypopendir1
    3d90     3d90        0     1                 donehypopendir1
    3e26     3e26        0     1                 hypreaddirloop2
    3e3e     3e3e        0     1                 errhypreaddir2
    3e40     3e40        0     1                 donehypreaddir2
    3fc4     3fc4        0     1                 errhypclosedir3
    3fc6     3fc6        0     1                 donehypclosedir3
    410d     410d        0     1                 errhypsetnam4
    4111     4111        0     1                 donehypsetnam4
    4123     4123        0     1                 errhyp1att5
    4127     4127        0     1                 donehyp1att5
    42c2     42c2       43     1         lto.tmp:(.text.ReadSector)
    42c2     42c2       43     1                 ReadSector
    4305     4305       63     1         lto.tmp:(.text.GetWholeSector)
    4305     4305       63     1                 GetWholeSector
    4368     4368       8b     1         lto.tmp:(.text.PutWholeSector)
    4368     4368       8b     1                 PutWholeSector
    43f3     43f3      21a     1         lto.tmp:(.text.readblockchain)
    43f3     43f3      21a     1                 readblockchain
    460d     460d      283     1         lto.tmp:(.text.findnextBAMtracksector)
    460d     460d      283     1                 findnextBAMtracksector
    4890     4890       d6     1         lto.tmp:(.text.getdirententry)
    4890     4890       d6     1                 getdirententry
    4966     4966       79     1         lto.tmp:(.text.getdirent)
    4966     4966       79     1                 getdirent
    49df     49df      137     1         lto.tmp:(.text.cputln)
    49df     49df      137     1                 cputln
    4b16     4b16       b7     1         lto.tmp:(.text.csputdec)
    4b16     4b16       b7     1                 csputdec
    4bcd     4bcd       51     1         lto.tmp:(.text.msprintf)
    4bcd     4bcd       51     1                 msprintf
    4c1e     4c1e       6e     1         lto.tmp:(.text.mprintf)
    4c1e     4c1e       6e     1                 mprintf
    4c8c     4c8c       b5     1         lto.tmp:(.text.mh4printf)
    4c8c     4c8c       b5     1                 mh4printf
    4d41     4d41      23e     1         lto.tmp:(.text.mcbox)
    4d41     4d41      23e     1                 mcbox
    4f7f     4f7f       91     1         lto.tmp:(.text.messagebox)
    4f7f     4f7f       91     1                 messagebox
    5010     5010        1     1         lto.tmp:(.text.escNOP)
    5010     5010        1     1                 escNOP
    5011     5011       a1     1         lto.tmp:(.text.clrscr)
    5011     5011       a1     1                 clrscr
    50b2     50b2       ee     1         lto.tmp:(.text.cputcxy)
    50b2     50b2       ee     1                 cputcxy
    51a0     51a0       dd     1         lto.tmp:(.text.cputsxy)
    51a0     51a0       dd     1                 cputsxy
    527d     527d       8b     1         lto.tmp:(.text.lcopy)
    527d     527d       8b     1                 lcopy
    5308     5308       74     1         lto.tmp:(.text.lfill)
    5308     5308       74     1                 lfill
    537c     537c       38     1         lto.tmp:(.text.strcpy)
    537c     537c       38     1                 strcpy
    53b4     53b4       34     1         lto.tmp:(.text.strlen)
    53b4     53b4       34     1                 strlen
    53e8     53e8       13     1         lto.tmp:(.text.__ashlhi3)
    53e8     53e8       13     1                 __ashlhi3
    53fb     53fb       32     1         lto.tmp:(.text.__mulhi3)
    53fb     53fb       32     1                 __mulhi3
    542d     542d       da     1         lto.tmp:(.text.__udivmodhi4)
    542d     542d       da     1                 __udivmodhi4
    5507     5507       2d     1         lto.tmp:(.text.memcpy)
    5507     5507       2d     1                 memcpy
    5534     5534       1f     1         lto.tmp:(.text.__memset)
    5534     5534       1f     1                 __memset
    5553     5553        0     1         __init_array_start = .
    5553     5553        0     1         __init_array_end = .
    5553     5553        0     1         __fini_array_start = .
    5553     5553        0     1         __fini_array_end = .
    5553     5553      182     1 .rodata
    5553     5553       12     1         lto.tmp:(.rodata.main)
    5565     5565      160     1         <internal>:(.rodata.str1.1)
    56c5     56c5       10     1         <internal>:(.rodata.cst16)
    56d5     56d5        0     1 .data
    56d5     56d5        0     1         __data_start = .
    56d5     56d5        0     1         __data_end = .
    56d5     56d5        0     1 __data_load_start = LOADADDR ( .data )
    56d5     56d5        0     1 __data_size = SIZEOF ( .data )
    56d5     56d5      7f8     1 .bss
    56d5     56d5        0     1         __bss_start = .
    56d5     56d5      492     1         lto.tmp:(.bss.filelist)
    56d5     56d5      492     1                 filelist
    5b67     5b67       28     1         lto.tmp:(.bss.s)
    5b67     5b67       28     1                 s
    5b8f     5b8f       41     1         lto.tmp:(.bss.curfile)
    5b8f     5b8f       41     1                 curfile
    5bd0     5bd0      2fd     1         lto.tmp:(.bss.escapeCode)
    5bd0     5bd0      2fd     1                 escapeCode
    5ecd     5ecd        0     1         __bss_end = .
    5ecd     5ecd        0     1 __bss_size = SIZEOF ( .bss )
    5ecd     5ecd        1     1 .noinit
    5ecd     5ecd        1     1         F:\Entwicklungsprojekte\Mega65\llvm-mos\llvm-mos\bin/../mos-platform/commodore/lib\libcrt0.a(exit-return.c.obj):(.noinit)
    5ece     5ece        0     1         __heap_start = .
    5ece     5ece        0     1 __stack = 0xd000
       0        0       79     1 .comment
       0        0       79     1         <internal>:(.comment)
       0        0      8d0     4 .symtab
       0        0      8d0     4         <internal>:(.symtab)
       0        0       68     1 .shstrtab
       0        0       68     1         <internal>:(.shstrtab)
       0        0      5e1     1 .strtab
       0        0      5e1     1         <internal>:(.strtab)
