     VMA      LMA     Size Align Out     In      Symbol
       0        0        0     1 __basic_zp_start = 0x0002
       0        0        0     1 __basic_zp_end = 0x0090
       0        0        0     1 __rc0 = __basic_zp_start
       0        0        0     1 __rc1 = __rc0 + 1
       0        0        0     1 PROVIDE ( __rc2 = __rc1 + 1 )
       0        0        0     1 __rc3 = __rc2 + 1
       0        0        0     1 PROVIDE ( __rc4 = __rc3 + 1 )
       0        0        0     1 __rc5 = __rc4 + 1
       0        0        0     1 PROVIDE ( __rc6 = __rc5 + 1 )
       0        0        0     1 __rc7 = __rc6 + 1
       0        0        0     1 PROVIDE ( __rc8 = __rc7 + 1 )
       0        0        0     1 __rc9 = __rc8 + 1
       0        0        0     1 PROVIDE ( __rc10 = __rc9 + 1 )
       0        0        0     1 __rc11 = __rc10 + 1
       0        0        0     1 PROVIDE ( __rc12 = __rc11 + 1 )
       0        0        0     1 __rc13 = __rc12 + 1
       0        0        0     1 PROVIDE ( __rc14 = __rc13 + 1 )
       0        0        0     1 __rc15 = __rc14 + 1
       0        0        0     1 PROVIDE ( __rc16 = __rc15 + 1 )
       0        0        0     1 __rc17 = __rc16 + 1
       0        0        0     1 PROVIDE ( __rc18 = __rc17 + 1 )
       0        0        0     1 __rc19 = __rc18 + 1
       0        0        0     1 PROVIDE ( __rc20 = __rc19 + 1 )
       0        0        0     1 __rc21 = __rc20 + 1
       0        0        0     1 PROVIDE ( __rc22 = __rc21 + 1 )
       0        0        0     1 __rc23 = __rc22 + 1
       0        0        0     1 PROVIDE ( __rc24 = __rc23 + 1 )
       0        0        0     1 __rc25 = __rc24 + 1
       0        0        0     1 PROVIDE ( __rc26 = __rc25 + 1 )
       0        0        0     1 __rc27 = __rc26 + 1
       0        0        0     1 PROVIDE ( __rc28 = __rc27 + 1 )
       0        0        0     1 __rc29 = __rc28 + 1
       0        0        0     1 PROVIDE ( __rc30 = __rc29 + 1 )
       0        0        0     1 __rc31 = __rc30 + 1
    2001     2001       16     1 .basic_header
    2001     2001       16     1         F:\Entwicklungsprojekte\Mega65\llvm-mos\llvm-mos\bin/../mos-platform/mega65/lib\basic-header.o:(.basic_header)
    2015     2015        0     1                 next_line
      22     2017        a     1 .zp.data
      22     2017        0     1         __zp_data_start = .
      22     2017        5     1         lto.tmp:(.zp.rodata..Lswitch.table.asciitoscreencode)
      27     201c        4     1         <internal>:(.zp.rodata.cst4)
      2b     2020        1     1         lto.tmp:(.zp.data.g_curTextColor)
      2b     2020        1     1                 g_curTextColor
      2c     2021        0     1 __zp_data_load_start = LOADADDR ( .zp.data )
      2c     2021        0     1 __zp_data_size = SIZEOF ( .zp.data )
      2c       2c       41     1 .zp.bss
      2c       2c        0     1         __zp_bss_start = .
      2c       2c       28     1         lto.tmp:(.zp.bss.s)
      2c       2c       28     1                 s
      54       54        1     1         lto.tmp:(.zp.bss.option.0)
      54       54        1     1                 option.0
      55       55        1     1         lto.tmp:(.zp.bss.g_curScreenW)
      55       55        1     1                 g_curScreenW
      56       56        1     1         lto.tmp:(.zp.bss.g_curScreenH)
      56       56        1     1                 g_curScreenH
      57       57        1     1         lto.tmp:(.zp.bss.g_curX)
      57       57        1     1                 g_curX
      58       58        1     1         lto.tmp:(.zp.bss.g_curY)
      58       58        1     1                 g_curY
      59       59       14     1         lto.tmp:(.zp.bss.dmalist)
      59       59       14     1                 dmalist
      6d       6d        0     1 __zp_bss_size = SIZEOF ( .zp.bss )
      6d       6d       23     1 .zp
      6d       6d       23     1         lto.tmp:(.zp.noinit..Lzp_stack)
    2021     2021     57e5     1 .text
    2021     2021        0     1         _init = .
    2021     2021        0     1         _start = .
    2021     2021        e     1         F:\Entwicklungsprojekte\Mega65\llvm-mos\llvm-mos\bin/../mos-platform/mega65/lib\unmap-basic.o:(.init.010)
    202f     202f        8     1         F:\Entwicklungsprojekte\Mega65\llvm-mos\llvm-mos\bin/../mos-platform/commodore/lib\libcrt0.a(init-stack.S.obj):(.init.100)
    202f     202f        0     1                 __do_init_stack
    2037     2037        3     1         F:\Entwicklungsprojekte\Mega65\llvm-mos\llvm-mos\bin/../mos-platform/commodore/lib\libcrt0.a(zero-bss.c.obj):(.init.200)
    2037     2037        0     1                 __do_zero_bss
    203a     203a        3     1         F:\Entwicklungsprojekte\Mega65\llvm-mos\llvm-mos\bin/../mos-platform/commodore/lib\libcrt0.a(zero-zp-bss.c.obj):(.init.200)
    203a     203a        0     1                 __do_zero_zp_bss
    203d     203d        3     1         F:\Entwicklungsprojekte\Mega65\llvm-mos\llvm-mos\bin/../mos-platform/commodore/lib\libcrt0.a(copy-zp-data.c.obj):(.init.200)
    203d     203d        0     1                 __do_copy_zp_data
    2040     2040        3     1         F:\Entwicklungsprojekte\Mega65\llvm-mos\llvm-mos\bin/../mos-platform/common/lib\crt0.o:(.call_main)
    2043     2043        3     1         F:\Entwicklungsprojekte\Mega65\llvm-mos\llvm-mos\bin/../mos-platform/commodore/lib\libcrt0.a(exit-return.c.obj):(.after_main)
    2043     2043        0     1                 __after_main
    2046     2046        0     1         _fini = .
    2046     2046        a     1         F:\Entwicklungsprojekte\Mega65\llvm-mos\llvm-mos\bin/../mos-platform/mega65/lib\unmap-basic.o:(.fini.990)
    2050     2050        1     1         F:\Entwicklungsprojekte\Mega65\llvm-mos\llvm-mos\bin/../mos-platform/common/lib\crt0.o:(.fini_rts)
    2051     2051       79     1         C:\Users\SUPERU~1\AppData\Local\Temp\memory_asm-ee59bb.o:(.text)
    2051     2051        0     1                 fourbytes
    2055     2055        0     1                 lpstore
    2070     2070        0     1                 lprestore
    208b     208b        0     1                 lpoke
    20ac     20ac        0     1                 lpeek
    20ca     20ca        a     1         F:\Entwicklungsprojekte\Mega65\llvm-mos\llvm-mos\bin/../mos-platform/commodore/lib\libcrt0.a(exit-return.c.obj):(.text)
    20ca     20ca        a     1                 __exit_return
    20d4     20d4     146b     1         F:\Entwicklungsprojekte\Mega65\llvm-mos\llvm-mos\bin/../mos-platform/common/lib\libcrt.a(divmod-large.cc.obj):(.text)
    20d4     20d4      252     1                 __udivmodsi4
    2326     2326      5af     1                 __udivmoddi4
    28d5     28d5      399     1                 __divmodsi4
    2c6e     2c6e      8d1     1                 __divmoddi4
    353f     353f       13     1         F:\Entwicklungsprojekte\Mega65\llvm-mos\llvm-mos\bin/../mos-platform/commodore/lib\libcrt0.a(zero-bss.c.obj):(.text)
    353f     353f       13     1                 __zero_bss
    3552     3552       13     1         F:\Entwicklungsprojekte\Mega65\llvm-mos\llvm-mos\bin/../mos-platform/commodore/lib\libcrt0.a(zero-zp-bss.c.obj):(.text)
    3552     3552       13     1                 __zero_zp_bss
    3565     3565       17     1         F:\Entwicklungsprojekte\Mega65\llvm-mos\llvm-mos\bin/../mos-platform/commodore/lib\libcrt0.a(copy-zp-data.c.obj):(.text)
    3565     3565       17     1                 __copy_zp_data
    357c     357c     20dc     1         lto.tmp:(.text.main)
    357c     357c     20dc     1                 main
    4492     4492        0     1                 errhyp1att0
    4496     4496        0     1                 donehyp1att0
    4a99     4a99        0     1                 errhypchdir1
    4a9d     4a9d        0     1                 donehypchdir1
    4af2     4af2        0     1                 errhypchdir2
    4af6     4af6        0     1                 donehypchdir2
    5334     5334        0     1                 errhyp0att3
    5338     5338        0     1                 donehyp0att3
    5658     5658       32     1         lto.tmp:(.text.hyppo_setname)
    5658     5658       32     1                 hyppo_setname
    5684     5684        0     1                 errhypsetnam4
    5688     5688        0     1                 donehypsetnam4
    568a     568a       63     1         lto.tmp:(.text.getsfn)
    568a     568a       63     1                 getsfn
    56ed     56ed       62     1         lto.tmp:(.text.ReadSector)
    56ed     56ed       62     1                 ReadSector
    574f     574f      177     1         lto.tmp:(.text.ShowAccess)
    574f     574f      177     1                 ShowAccess
    58c6     58c6       7c     1         lto.tmp:(.text.GetOneSector)
    58c6     58c6       7c     1                 GetOneSector
    5942     5942       eb     1         lto.tmp:(.text.PutOneSector)
    5942     5942       eb     1                 PutOneSector
    5a2d     5a2d       39     1         lto.tmp:(.text.GetBAM)
    5a2d     5a2d       39     1                 GetBAM
    5a66     5a66       60     1         lto.tmp:(.text.PutBAM)
    5a66     5a66       60     1                 PutBAM
    5ac6     5ac6       fc     1         lto.tmp:(.text.readblockchain)
    5ac6     5ac6       fc     1                 readblockchain
    5bc2     5bc2      250     1         lto.tmp:(.text.BAMSectorUpdate)
    5bc2     5bc2      250     1                 BAMSectorUpdate
    5e12     5e12      151     1         lto.tmp:(.text.findnextBAMtracksector)
    5e12     5e12      151     1                 findnextBAMtracksector
    5f63     5f63       77     1         lto.tmp:(.text.tracksectorstring)
    5f63     5f63       77     1                 tracksectorstring
    5fda     5fda       d7     1         lto.tmp:(.text.getdirententry)
    5fda     5fda       d7     1                 getdirententry
    60b1     60b1       14     1         lto.tmp:(.text.strcopy)
    60b1     60b1       14     1                 strcopy
    60c5     60c5       b3     1         lto.tmp:(.text.csputdec)
    60c5     60c5       b3     1                 csputdec
    6178     6178       51     1         lto.tmp:(.text.asciitoscreencode_s)
    6178     6178       51     1                 asciitoscreencode_s
    61c9     61c9       5e     1         lto.tmp:(.text.clrhome)
    61c9     61c9       5e     1                 clrhome
    6227     6227        e     1         lto.tmp:(.text.msprintf)
    6227     6227        e     1                 msprintf
    6235     6235       16     1         lto.tmp:(.text.mcputsxy)
    6235     6235       16     1                 mcputsxy
    624b     624b      18a     1         lto.tmp:(.text.mcbox)
    624b     624b      18a     1                 mcbox
    63d5     63d5       f3     1         lto.tmp:(.text.messagebox)
    63d5     63d5       f3     1                 messagebox
    64c8     64c8       d8     1         lto.tmp:(.text.progress)
    64c8     64c8       d8     1                 progress
    65a0     65a0       41     1         lto.tmp:(.text.shortcutprint)
    65a0     65a0       41     1                 shortcutprint
    65e1     65e1      389     1         lto.tmp:(.text.shortcuts)
    65e1     65e1      389     1                 shortcuts
    696a     696a       a4     1         lto.tmp:(.text.optionstring)
    696a     696a       a4     1                 optionstring
    6a0e     6a0e      4d0     1         lto.tmp:(.text.UpdateSectors)
    6a0e     6a0e      4d0     1                 UpdateSectors
    6ae8     6ae8        0     1                 errgetcurdrv5
    6aec     6aec        0     1                 donegetcurdrv5
    6b05     6b05        0     1                 errhypopendir6
    6b09     6b09        0     1                 donehypopendir6
    6b5c     6b5c        0     1                 hypreaddirloop7
    6b74     6b74        0     1                 errhypreaddir7
    6b76     6b76        0     1                 donehypreaddir7
    6c7c     6c7c        0     1                 errgetproc8
    6c80     6c80        0     1                 donegetproc8
    6e97     6e97        0     1                 errhypclosedir9
    6e99     6e99        0     1                 donehypclosedir9
    6ede     6ede       2c     1         lto.tmp:(.text.Deselect)
    6ede     6ede       2c     1                 Deselect
    6f0a     6f0a      13d     1         lto.tmp:(.text.sizeselectcurrentifnone)
    6f0a     6f0a      13d     1                 sizeselectcurrentifnone
    7047     7047       46     1         lto.tmp:(.text.sidbong)
    7047     7047       46     1                 sidbong
    708d     708d        1     1         lto.tmp:(.text.escNOP)
    708d     708d        1     1                 escNOP
    708e     708e        9     1         lto.tmp:(.text.cputc)
    708e     708e        9     1                 cputc
    7097     7097       a5     1         lto.tmp:(.text.cputcxy)
    7097     7097       a5     1                 cputcxy
    713c     713c        7     1         lto.tmp:(.text.cputs)
    713c     713c        7     1                 cputs
    7143     7143       dd     1         lto.tmp:(.text.cputsxy)
    7143     7143       dd     1                 cputsxy
    7220     7220       aa     1         lto.tmp:(.text.fillrect)
    7220     7220       aa     1                 fillrect
    72ca     72ca        9     1         lto.tmp:(.text.cgetc)
    72ca     72ca        9     1                 cgetc
    72d3     72d3       27     1         lto.tmp:(.text.do_dma)
    72d3     72d3       27     1                 do_dma
    72fa     72fa       67     1         lto.tmp:(.text.lcopy)
    72fa     72fa       67     1                 lcopy
    7361     7361       50     1         lto.tmp:(.text.lfill)
    7361     7361       50     1                 lfill
    73b1     73b1       4e     1         lto.tmp:(.text.usleep)
    73b1     73b1       4e     1                 usleep
    73ff     73ff       38     1         lto.tmp:(.text.strcpy)
    73ff     73ff       38     1                 strcpy
    7437     7437       34     1         lto.tmp:(.text.strlen)
    7437     7437       34     1                 strlen
    746b     746b        9     1         lto.tmp:(.text.__ashlqi3)
    746b     746b        9     1                 __ashlqi3
    7474     7474       13     1         lto.tmp:(.text.__ashlhi3)
    7474     7474       13     1                 __ashlhi3
    7487     7487       1b     1         lto.tmp:(.text.__mulqi3)
    7487     7487       1b     1                 __mulqi3
    74a2     74a2       32     1         lto.tmp:(.text.__mulhi3)
    74a2     74a2       32     1                 __mulhi3
    74d4     74d4       70     1         lto.tmp:(.text.__mulsi3)
    74d4     74d4       70     1                 __mulsi3
    7544     7544       c0     1         lto.tmp:(.text.__udivhi3)
    7544     7544       c0     1                 __udivhi3
    7604     7604       5a     1         lto.tmp:(.text.__umodqi3)
    7604     7604       5a     1                 __umodqi3
    765e     765e       82     1         lto.tmp:(.text.__udivmodqi4)
    765e     765e       82     1                 __udivmodqi4
    76e0     76e0       da     1         lto.tmp:(.text.__udivmodhi4)
    76e0     76e0       da     1                 __udivmodhi4
    77ba     77ba       2d     1         lto.tmp:(.text.memcpy)
    77ba     77ba       2d     1                 memcpy
    77e7     77e7       1f     1         lto.tmp:(.text.__memset)
    77e7     77e7       1f     1                 __memset
    7806     7806        0     1         __init_array_start = .
    7806     7806        0     1         __init_array_end = .
    7806     7806        0     1         __fini_array_start = .
    7806     7806        0     1         __fini_array_end = .
    7806     7806      9ca     1 .rodata
    7806     7806       70     1         lto.tmp:(.rodata.main)
    7876     7876      902     1         <internal>:(.rodata.str1.1)
    8178     8178        8     1         <internal>:(.rodata.cst4)
    8180     8180       50     1         lto.tmp:(.rodata..L__const.findnextBAMtracksector.strategy)
    81d0     81d0        0     1 .data
    81d0     81d0        0     1         __data_start = .
    81d0     81d0        0     1         __data_end = .
    81d0     81d0        0     1 __data_load_start = LOADADDR ( .data )
    81d0     81d0        0     1 __data_size = SIZEOF ( .data )
    81d0     81d0      400     1 .bss
    81d0     81d0        0     1         __bss_start = .
    81d0     81d0        1     1         lto.tmp:(.bss.fnamehi)
    81d0     81d0        1     1                 fnamehi
    81d1     81d1       e0     1         lto.tmp:(.bss.direntflags)
    81d1     81d1       e0     1                 direntflags
    82b1     82b1       22     1         lto.tmp:(.bss.diskname)
    82b1     82b1       22     1                 diskname
    82d3     82d3      2fd     1         lto.tmp:(.bss.escapeCode)
    82d3     82d3      2fd     1                 escapeCode
    85d0     85d0        0     1         __bss_end = .
    85d0     85d0        0     1 __bss_size = SIZEOF ( .bss )
    85d0     85d0        b     1 .noinit
    85d0     85d0        1     1         F:\Entwicklungsprojekte\Mega65\llvm-mos\llvm-mos\bin/../mos-platform/commodore/lib\libcrt0.a(exit-return.c.obj):(.noinit)
    85d1     85d1        a     1         lto.tmp:(.noinit..Lstatic_stack)
    85db     85db        0     1         __heap_start = .
    85db     85db        0     1 __stack = 0xd000
       0        0       79     1 .comment
       0        0       79     1         <internal>:(.comment)
       0        0      ab0     4 .symtab
       0        0      ab0     4         <internal>:(.symtab)
       0        0       68     1 .shstrtab
       0        0       68     1         <internal>:(.shstrtab)
       0        0      729     1 .strtab
       0        0      729     1         <internal>:(.strtab)
