     VMA      LMA     Size Align Out     In      Symbol
       0        0        0     1 __basic_zp_start = 0x0002
       0        0        0     1 __basic_zp_end = 0x0090
       0        0        0     1 __rc0 = __basic_zp_start
       0        0        0     1 __rc1 = __rc0 + 1
       0        0        0     1 PROVIDE ( __rc2 = __rc1 + 1 )
       0        0        0     1 __rc3 = __rc2 + 1
       0        0        0     1 PROVIDE ( __rc4 = __rc3 + 1 )
       0        0        0     1 __rc5 = __rc4 + 1
       0        0        0     1 PROVIDE ( __rc6 = __rc5 + 1 )
       0        0        0     1 __rc7 = __rc6 + 1
       0        0        0     1 PROVIDE ( __rc8 = __rc7 + 1 )
       0        0        0     1 __rc9 = __rc8 + 1
       0        0        0     1 PROVIDE ( __rc10 = __rc9 + 1 )
       0        0        0     1 __rc11 = __rc10 + 1
       0        0        0     1 PROVIDE ( __rc12 = __rc11 + 1 )
       0        0        0     1 __rc13 = __rc12 + 1
       0        0        0     1 PROVIDE ( __rc14 = __rc13 + 1 )
       0        0        0     1 __rc15 = __rc14 + 1
       0        0        0     1 PROVIDE ( __rc16 = __rc15 + 1 )
       0        0        0     1 __rc17 = __rc16 + 1
       0        0        0     1 PROVIDE ( __rc18 = __rc17 + 1 )
       0        0        0     1 __rc19 = __rc18 + 1
       0        0        0     1 PROVIDE ( __rc20 = __rc19 + 1 )
       0        0        0     1 __rc21 = __rc20 + 1
       0        0        0     1 PROVIDE ( __rc22 = __rc21 + 1 )
       0        0        0     1 __rc23 = __rc22 + 1
       0        0        0     1 PROVIDE ( __rc24 = __rc23 + 1 )
       0        0        0     1 __rc25 = __rc24 + 1
       0        0        0     1 PROVIDE ( __rc26 = __rc25 + 1 )
       0        0        0     1 __rc27 = __rc26 + 1
       0        0        0     1 PROVIDE ( __rc28 = __rc27 + 1 )
       0        0        0     1 __rc29 = __rc28 + 1
       0        0        0     1 PROVIDE ( __rc30 = __rc29 + 1 )
       0        0        0     1 __rc31 = __rc30 + 1
    2001     2001       16     1 .basic_header
    2001     2001       16     1         F:\Entwicklungsprojekte\Mega65\llvm-mos\llvm-mos\bin/../mos-platform/mega65/lib\basic-header.o:(.basic_header)
    2015     2015        0     1                 next_line
      22     2017        1     1 .zp.data
      22     2017        0     1         __zp_data_start = .
      22     2017        1     1         lto.tmp:(.zp.data.g_curTextColor)
      22     2017        1     1                 g_curTextColor
      23     2018        0     1 __zp_data_load_start = LOADADDR ( .zp.data )
      23     2018        0     1 __zp_data_size = SIZEOF ( .zp.data )
      23       23       4c     1 .zp.bss
      23       23        0     1         __zp_bss_start = .
      23       23        4     1         lto.tmp:(.zp.bss.BAMsector)
      23       23        4     1                 BAMsector
      27       27        2     1         lto.tmp:(.zp.bss.worksector.0)
      27       27        2     1                 worksector.0
      29       29        2     1         lto.tmp:(.zp.bss.worksectorasBAM.0)
      29       29        2     1                 worksectorasBAM.0
      2b       2b        2     1         lto.tmp:(.zp.bss.direntryblock.0)
      2b       2b        2     1                 direntryblock.0
      2d       2d        2     1         lto.tmp:(.zp.bss.direntryblock.1)
      2d       2d        2     1                 direntryblock.1
      2f       2f       28     1         lto.tmp:(.zp.bss.s)
      2f       2f       28     1                 s
      57       57        1     1         lto.tmp:(.zp.bss.g_curScreenW)
      57       57        1     1                 g_curScreenW
      58       58        1     1         lto.tmp:(.zp.bss.g_curScreenH)
      58       58        1     1                 g_curScreenH
      59       59        1     1         lto.tmp:(.zp.bss.g_curX)
      59       59        1     1                 g_curX
      5a       5a        1     1         lto.tmp:(.zp.bss.g_curY)
      5a       5a        1     1                 g_curY
      5b       5b       14     1         lto.tmp:(.zp.bss.dmalist)
      5b       5b       14     1                 dmalist
      6f       6f        0     1 __zp_bss_size = SIZEOF ( .zp.bss )
      6f       6f       21     1 .zp
      6f       6f       21     1         lto.tmp:(.zp.noinit..Lzp_stack)
    2018     2018     4651     1 .text
    2018     2018        0     1         _init = .
    2018     2018        0     1         _start = .
    2018     2018        e     1         F:\Entwicklungsprojekte\Mega65\llvm-mos\llvm-mos\bin/../mos-platform/mega65/lib\unmap-basic.o:(.init.010)
    2026     2026        8     1         F:\Entwicklungsprojekte\Mega65\llvm-mos\llvm-mos\bin/../mos-platform/commodore/lib\libcrt0.a(init-stack.S.obj):(.init.100)
    2026     2026        0     1                 __do_init_stack
    202e     202e        3     1         F:\Entwicklungsprojekte\Mega65\llvm-mos\llvm-mos\bin/../mos-platform/commodore/lib\libcrt0.a(zero-bss.c.obj):(.init.200)
    202e     202e        0     1                 __do_zero_bss
    2031     2031        3     1         F:\Entwicklungsprojekte\Mega65\llvm-mos\llvm-mos\bin/../mos-platform/commodore/lib\libcrt0.a(zero-zp-bss.c.obj):(.init.200)
    2031     2031        0     1                 __do_zero_zp_bss
    2034     2034        3     1         F:\Entwicklungsprojekte\Mega65\llvm-mos\llvm-mos\bin/../mos-platform/commodore/lib\libcrt0.a(copy-zp-data.c.obj):(.init.200)
    2034     2034        0     1                 __do_copy_zp_data
    2037     2037        3     1         F:\Entwicklungsprojekte\Mega65\llvm-mos\llvm-mos\bin/../mos-platform/common/lib\crt0.o:(.call_main)
    203a     203a        3     1         F:\Entwicklungsprojekte\Mega65\llvm-mos\llvm-mos\bin/../mos-platform/commodore/lib\libcrt0.a(exit-return.c.obj):(.after_main)
    203a     203a        0     1                 __after_main
    203d     203d        0     1         _fini = .
    203d     203d        a     1         F:\Entwicklungsprojekte\Mega65\llvm-mos\llvm-mos\bin/../mos-platform/mega65/lib\unmap-basic.o:(.fini.990)
    2047     2047        1     1         F:\Entwicklungsprojekte\Mega65\llvm-mos\llvm-mos\bin/../mos-platform/common/lib\crt0.o:(.fini_rts)
    2048     2048       79     1         C:\Users\SUPERU~1\AppData\Local\Temp\memory_asm-63ed6f.o:(.text)
    2048     2048        0     1                 fourbytes
    204c     204c        0     1                 lpstore
    2067     2067        0     1                 lprestore
    2082     2082        0     1                 lpoke
    20a3     20a3        0     1                 lpeek
    20c1     20c1        a     1         F:\Entwicklungsprojekte\Mega65\llvm-mos\llvm-mos\bin/../mos-platform/commodore/lib\libcrt0.a(exit-return.c.obj):(.text)
    20c1     20c1        a     1                 __exit_return
    20cb     20cb     146b     1         F:\Entwicklungsprojekte\Mega65\llvm-mos\llvm-mos\bin/../mos-platform/common/lib\libcrt.a(divmod-large.cc.obj):(.text)
    20cb     20cb      252     1                 __udivmodsi4
    231d     231d      5af     1                 __udivmoddi4
    28cc     28cc      399     1                 __divmodsi4
    2c65     2c65      8d1     1                 __divmoddi4
    3536     3536       13     1         F:\Entwicklungsprojekte\Mega65\llvm-mos\llvm-mos\bin/../mos-platform/commodore/lib\libcrt0.a(zero-bss.c.obj):(.text)
    3536     3536       13     1                 __zero_bss
    3549     3549       13     1         F:\Entwicklungsprojekte\Mega65\llvm-mos\llvm-mos\bin/../mos-platform/commodore/lib\libcrt0.a(zero-zp-bss.c.obj):(.text)
    3549     3549       13     1                 __zero_zp_bss
    355c     355c       17     1         F:\Entwicklungsprojekte\Mega65\llvm-mos\llvm-mos\bin/../mos-platform/commodore/lib\libcrt0.a(copy-zp-data.c.obj):(.text)
    355c     355c       17     1                 __copy_zp_data
    3573     3573     1685     1         lto.tmp:(.text.main)
    3573     3573     1685     1                 main
    3d5a     3d5a        0     1                 hypreaddirloop0
    3d72     3d72        0     1                 errhypreaddir0
    3d74     3d74        0     1                 donehypreaddir0
    3dde     3dde        0     1                 errgetcurdrv1
    3de2     3de2        0     1                 donegetcurdrv1
    3dfc     3dfc        0     1                 errhypopendir2
    3e00     3e00        0     1                 donehypopendir2
    3eda     3eda        0     1                 errhypsetnam3
    3ede     3ede        0     1                 donehypsetnam3
    3ef4     3ef4        0     1                 errhyp1att4
    3ef8     3ef8        0     1                 donehyp1att4
    3f16     3f16        0     1                 errhyp0att5
    3f1a     3f1a        0     1                 donehyp0att5
    47cd     47cd        0     1                 errhypclosedir6
    47cf     47cf        0     1                 donehypclosedir6
    4bf8     4bf8       23     1         lto.tmp:(.text._miniInit)
    4bf8     4bf8       23     1                 _miniInit
    4c1b     4c1b       47     1         lto.tmp:(.text.ReadSector)
    4c1b     4c1b       47     1                 ReadSector
    4c62     4c62      1ae     1         lto.tmp:(.text.ShowAccess)
    4c62     4c62      1ae     1                 ShowAccess
    4e10     4e10       93     1         lto.tmp:(.text.GetOneSector)
    4e10     4e10       93     1                 GetOneSector
    4ea3     4ea3       e6     1         lto.tmp:(.text.PutOneSector)
    4ea3     4ea3       e6     1                 PutOneSector
    4f89     4f89       3b     1         lto.tmp:(.text.GetBAM)
    4f89     4f89       3b     1                 GetBAM
    4fc4     4fc4       81     1         lto.tmp:(.text.PutBAM)
    4fc4     4fc4       81     1                 PutBAM
    5045     5045      134     1         lto.tmp:(.text.readblockchain)
    5045     5045      134     1                 readblockchain
    5179     5179      250     1         lto.tmp:(.text.BAMSectorUpdate)
    5179     5179      250     1                 BAMSectorUpdate
    53c9     53c9      149     1         lto.tmp:(.text.findnextBAMtracksector)
    53c9     53c9      149     1                 findnextBAMtracksector
    5512     5512       f1     1         lto.tmp:(.text.getdirententry)
    5512     5512       f1     1                 getdirententry
    5603     5603       b2     1         lto.tmp:(.text.getdirent)
    5603     5603       b2     1                 getdirent
    56b5     56b5      123     1         lto.tmp:(.text.cputln)
    56b5     56b5      123     1                 cputln
    57d8     57d8       b3     1         lto.tmp:(.text.csputdec)
    57d8     57d8       b3     1                 csputdec
    588b     588b       52     1         lto.tmp:(.text.asciitoscreencode_s)
    588b     588b       52     1                 asciitoscreencode_s
    58dd     58dd       5e     1         lto.tmp:(.text.clrhome)
    58dd     58dd       5e     1                 clrhome
    593b     593b        e     1         lto.tmp:(.text.msprintf)
    593b     593b        e     1                 msprintf
    5949     5949       31     1         lto.tmp:(.text.mprintf)
    5949     5949       31     1                 mprintf
    597a     597a       16     1         lto.tmp:(.text.mcputsxy)
    597a     597a       16     1                 mcputsxy
    5990     5990      1f6     1         lto.tmp:(.text.mcbox)
    5990     5990      1f6     1                 mcbox
    5b86     5b86      157     1         lto.tmp:(.text.messagebox)
    5b86     5b86      157     1                 messagebox
    5cdd     5cdd       f6     1         lto.tmp:(.text.progress)
    5cdd     5cdd       f6     1                 progress
    5dd3     5dd3      1cc     1         lto.tmp:(.text.UpdateSectors)
    5dd3     5dd3      1cc     1                 UpdateSectors
    5f9f     5f9f        b     1         lto.tmp:(.text.flushkeybuf)
    5f9f     5f9f        b     1                 flushkeybuf
    5faa     5faa        1     1         lto.tmp:(.text.escNOP)
    5faa     5faa        1     1                 escNOP
    5fab     5fab       14     1         lto.tmp:(.text.getscreenaddr)
    5fab     5fab       14     1                 getscreenaddr
    5fbf     5fbf        9     1         lto.tmp:(.text.cputc)
    5fbf     5fbf        9     1                 cputc
    5fc8     5fc8       ee     1         lto.tmp:(.text.cputcxy)
    5fc8     5fc8       ee     1                 cputcxy
    60b6     60b6        7     1         lto.tmp:(.text.cputs)
    60b6     60b6        7     1                 cputs
    60bd     60bd       dd     1         lto.tmp:(.text.cputsxy)
    60bd     60bd       dd     1                 cputsxy
    619a     619a       b6     1         lto.tmp:(.text.fillrect)
    619a     619a       b6     1                 fillrect
    6250     6250        9     1         lto.tmp:(.text.cgetc)
    6250     6250        9     1                 cgetc
    6259     6259       27     1         lto.tmp:(.text.do_dma)
    6259     6259       27     1                 do_dma
    6280     6280       67     1         lto.tmp:(.text.lcopy)
    6280     6280       67     1                 lcopy
    62e7     62e7       50     1         lto.tmp:(.text.lfill)
    62e7     62e7       50     1                 lfill
    6337     6337       4e     1         lto.tmp:(.text.usleep)
    6337     6337       4e     1                 usleep
    6385     6385       38     1         lto.tmp:(.text.strcpy)
    6385     6385       38     1                 strcpy
    63bd     63bd       34     1         lto.tmp:(.text.strlen)
    63bd     63bd       34     1                 strlen
    63f1     63f1       13     1         lto.tmp:(.text.__ashlhi3)
    63f1     63f1       13     1                 __ashlhi3
    6404     6404       1b     1         lto.tmp:(.text.__mulqi3)
    6404     6404       1b     1                 __mulqi3
    641f     641f       32     1         lto.tmp:(.text.__mulhi3)
    641f     641f       32     1                 __mulhi3
    6451     6451       70     1         lto.tmp:(.text.__mulsi3)
    6451     6451       70     1                 __mulsi3
    64c1     64c1       82     1         lto.tmp:(.text.__udivmodqi4)
    64c1     64c1       82     1                 __udivmodqi4
    6543     6543       da     1         lto.tmp:(.text.__udivmodhi4)
    6543     6543       da     1                 __udivmodhi4
    661d     661d       2d     1         lto.tmp:(.text.memcpy)
    661d     661d       2d     1                 memcpy
    664a     664a       1f     1         lto.tmp:(.text.__memset)
    664a     664a       1f     1                 __memset
    6669     6669        0     1         __init_array_start = .
    6669     6669        0     1         __init_array_end = .
    6669     6669        0     1         __fini_array_start = .
    6669     6669        0     1         __fini_array_end = .
    6669     6669      439     1 .rodata
    6669     6669        1     1         F:\Entwicklungsprojekte\Mega65\llvm-mos\llvm-mos\bin/../mos-platform/common/lib\libcrt.a(const.S.obj):(.rodata)
    6669     6669        0     1                 __set_v
    666a     666a       44     1         lto.tmp:(.rodata.main)
    66ae     66ae      388     1         <internal>:(.rodata.str1.1)
    6a36     6a36       50     1         lto.tmp:(.rodata..L__const.findnextBAMtracksector.strategy)
    6a86     6a86        5     1         lto.tmp:(.rodata..Lswitch.table.gettype)
    6a8b     6a8b        5     1         lto.tmp:(.rodata..Lswitch.table.gettype.16)
    6a90     6a90        5     1         lto.tmp:(.rodata..Lswitch.table.gettype.17)
    6a95     6a95        8     1         <internal>:(.rodata.cst4)
    6a9d     6a9d        5     1         lto.tmp:(.rodata..Lswitch.table.asciitoscreencode)
    6aa2     6aa2        0     1 .data
    6aa2     6aa2        0     1         __data_start = .
    6aa2     6aa2        0     1         __data_end = .
    6aa2     6aa2        0     1 __data_load_start = LOADADDR ( .data )
    6aa2     6aa2        0     1 __data_size = SIZEOF ( .data )
    6aa2     6aa2      7b2     1 .bss
    6aa2     6aa2        0     1         __bss_start = .
    6aa2     6aa2        1     1         lto.tmp:(.bss.fnamehi)
    6aa2     6aa2        1     1                 fnamehi
    6aa3     6aa3      492     1         lto.tmp:(.bss.filelist)
    6aa3     6aa3      492     1                 filelist
    6f35     6f35       22     1         lto.tmp:(.bss.diskname)
    6f35     6f35       22     1                 diskname
    6f57     6f57      2fd     1         lto.tmp:(.bss.escapeCode)
    6f57     6f57      2fd     1                 escapeCode
    7254     7254        0     1         __bss_end = .
    7254     7254        0     1 __bss_size = SIZEOF ( .bss )
    7254     7254        4     1 .noinit
    7254     7254        1     1         F:\Entwicklungsprojekte\Mega65\llvm-mos\llvm-mos\bin/../mos-platform/commodore/lib\libcrt0.a(exit-return.c.obj):(.noinit)
    7255     7255        3     1         lto.tmp:(.noinit..Lstatic_stack)
    7258     7258        0     1         __heap_start = .
    7258     7258        0     1 __stack = 0xd000
       0        0       79     1 .comment
       0        0       79     1         <internal>:(.comment)
       0        0      a20     4 .symtab
       0        0      a20     4         <internal>:(.symtab)
       0        0       68     1 .shstrtab
       0        0       68     1         <internal>:(.shstrtab)
       0        0      6b7     1 .strtab
       0        0      6b7     1         <internal>:(.strtab)
