     VMA      LMA     Size Align Out     In      Symbol
       0        0        0     1 __basic_zp_start = 0x0002
       0        0        0     1 __basic_zp_end = 0x0090
       0        0        0     1 __rc0 = __basic_zp_start
       0        0        0     1 __rc1 = __rc0 + 1
       0        0        0     1 PROVIDE(__rc2 = __rc1 + 1)
       0        0        0     1 __rc3 = __rc2 + 1
       0        0        0     1 PROVIDE(__rc4 = __rc3 + 1)
       0        0        0     1 __rc5 = __rc4 + 1
       0        0        0     1 PROVIDE(__rc6 = __rc5 + 1)
       0        0        0     1 __rc7 = __rc6 + 1
       0        0        0     1 PROVIDE(__rc8 = __rc7 + 1)
       0        0        0     1 __rc9 = __rc8 + 1
       0        0        0     1 PROVIDE(__rc10 = __rc9 + 1)
       0        0        0     1 __rc11 = __rc10 + 1
       0        0        0     1 PROVIDE(__rc12 = __rc11 + 1)
       0        0        0     1 __rc13 = __rc12 + 1
       0        0        0     1 PROVIDE(__rc14 = __rc13 + 1)
       0        0        0     1 __rc15 = __rc14 + 1
       0        0        0     1 PROVIDE(__rc16 = __rc15 + 1)
       0        0        0     1 __rc17 = __rc16 + 1
       0        0        0     1 PROVIDE(__rc18 = __rc17 + 1)
       0        0        0     1 __rc19 = __rc18 + 1
       0        0        0     1 PROVIDE(__rc20 = __rc19 + 1)
       0        0        0     1 __rc21 = __rc20 + 1
       0        0        0     1 PROVIDE(__rc22 = __rc21 + 1)
       0        0        0     1 __rc23 = __rc22 + 1
       0        0        0     1 PROVIDE(__rc24 = __rc23 + 1)
       0        0        0     1 __rc25 = __rc24 + 1
       0        0        0     1 PROVIDE(__rc26 = __rc25 + 1)
       0        0        0     1 __rc27 = __rc26 + 1
       0        0        0     1 PROVIDE(__rc28 = __rc27 + 1)
       0        0        0     1 __rc29 = __rc28 + 1
       0        0        0     1 PROVIDE(__rc30 = __rc29 + 1)
       0        0        0     1 __rc31 = __rc30 + 1
    2001     2001       16     1 .basic_header
    2001     2001       16     1         F:\Entwicklungsprojekte\Mega65\llvm-mos\llvm-mos\bin/../mos-platform/mega65/lib\basic-header.o:(.basic_header)
    2015     2015        0     1                 next_line
      22     2017        a     1 .zp.data
      22     2017        0     1         __zp_data_start = .
      22     2017        a     1         midnightmega.prg.lto.o:(.zp.data)
      27     201c        4     1                 midnight
      2b     2020        1     1                 g_curTextColor
      2c     2021        0     1 __zp_data_load_start = LOADADDR(.zp.data)
      2c     2021        0     1 __zp_data_size = SIZEOF(.zp.data)
      2c       2c       1c     1 .zp.bss
      2c       2c        0     1         __zp_bss_start = .
      2c       2c       1c     1         midnightmega.prg.lto.o:(.zp.bss)
      2c       2c        1     1                 lastdrive
      2d       2d        1     1                 prevtrack
      2e       2e        1     1                 lastdoublesector
      2f       2f        1     1                 option.0
      30       30        1     1                 g_curScreenW
      31       31        1     1                 g_curScreenH
      32       32        1     1                 g_curX
      33       33        1     1                 g_curY
      34       34       14     1                 dmalist
      48       48        0     1 __zp_bss_size = SIZEOF(.zp.bss)
      48       48       48     1 .zp
      48       48       48     1         midnightmega.prg.lto.o:(.zp.noinit)
    2021     2021     7097     1 .text
    2021     2021        0     1         _init = .
    2021     2021        0     1         _start = .
    2021     2021        e     1         F:\Entwicklungsprojekte\Mega65\llvm-mos\llvm-mos\bin/../mos-platform/mega65/lib\unmap-basic.o:(.init.010)
    202f     202f        8     1         F:\Entwicklungsprojekte\Mega65\llvm-mos\llvm-mos\bin/../mos-platform/mega65/lib\libcrt0.a(init-stack.S.obj):(.init.100)
    202f     202f        0     1                 __do_init_stack
    2037     2037        3     1         F:\Entwicklungsprojekte\Mega65\llvm-mos\llvm-mos\bin/../mos-platform/mega65/lib\libcrt0.a(zero-bss.c.obj):(.init.200)
    2037     2037        0     1                 __do_zero_bss
    203a     203a        3     1         F:\Entwicklungsprojekte\Mega65\llvm-mos\llvm-mos\bin/../mos-platform/mega65/lib\libcrt0.a(zero-zp-bss.c.obj):(.init.200)
    203a     203a        0     1                 __do_zero_zp_bss
    203d     203d        3     1         F:\Entwicklungsprojekte\Mega65\llvm-mos\llvm-mos\bin/../mos-platform/mega65/lib\libcrt0.a(copy-zp-data.c.obj):(.init.200)
    203d     203d        0     1                 __do_copy_zp_data
    2040     2040        5     1         midnightmega.prg.lto.o:(.init.250)
    2040     2040        0     1                 shift
    2045     2045        3     1         F:\Entwicklungsprojekte\Mega65\llvm-mos\llvm-mos\bin/../mos-platform/common/lib\crt0.o:(.call_main)
    2048     2048        3     1         F:\Entwicklungsprojekte\Mega65\llvm-mos\llvm-mos\bin/../mos-platform/mega65/lib\libcrt0.a(exit-custom.S.obj):(.after_main)
    2048     2048        0     1                 __after_main
    204b     204b        0     1         _fini = .
    204b     204b        a     1         F:\Entwicklungsprojekte\Mega65\llvm-mos\llvm-mos\bin/../mos-platform/mega65/lib\unmap-basic.o:(.fini.990)
    2055     2055        1     1         F:\Entwicklungsprojekte\Mega65\llvm-mos\llvm-mos\bin/../mos-platform/common/lib\crt0.o:(.fini_rts)
    2056     2056       79     1         C:\Users\SUPERU~1\AppData\Local\Temp\memory_asm-560536.o:(.text)
    2056     2056        0     1                 fourbytes
    205a     205a        0     1                 lpstore
    2075     2075        0     1                 lprestore
    2090     2090        0     1                 lpoke
    20b1     20b1        0     1                 lpeek
    20cf     20cf       13     1         F:\Entwicklungsprojekte\Mega65\llvm-mos\llvm-mos\bin/../mos-platform/mega65/lib\libcrt0.a(zero-bss.c.obj):(.text.__zero_bss)
    20cf     20cf       13     1                 __zero_bss
    20e2     20e2       13     1         F:\Entwicklungsprojekte\Mega65\llvm-mos\llvm-mos\bin/../mos-platform/mega65/lib\libcrt0.a(zero-zp-bss.c.obj):(.text.__zero_zp_bss)
    20e2     20e2       13     1                 __zero_zp_bss
    20f5     20f5       17     1         F:\Entwicklungsprojekte\Mega65\llvm-mos\llvm-mos\bin/../mos-platform/mega65/lib\libcrt0.a(copy-zp-data.c.obj):(.text.__copy_zp_data)
    20f5     20f5       17     1                 __copy_zp_data
    210c     210c       90     1         midnightmega.prg.lto.o:(.text.main)
    210c     210c       90     1                 main
    219c     219c       32     1         midnightmega.prg.lto.o:(.text.hyppo_setname)
    219c     219c       32     1                 hyppo_setname
    21c8     21c8        0     1                 errhypsetnam0
    21cc     21cc        0     1                 donehypsetnam0
    21ce     21ce       63     1         midnightmega.prg.lto.o:(.text.getsfn)
    21ce     21ce       63     1                 getsfn
    2231     2231      179     1         midnightmega.prg.lto.o:(.text.ShowAccess)
    2231     2231      179     1                 ShowAccess
    23aa     23aa       d6     1         midnightmega.prg.lto.o:(.text.ReadSector)
    23aa     23aa       d6     1                 ReadSector
    2480     2480       b2     1         midnightmega.prg.lto.o:(.text.WriteSector)
    2480     2480       b2     1                 WriteSector
    2532     2532       43     1         midnightmega.prg.lto.o:(.text.GetOneSector)
    2532     2532       43     1                 GetOneSector
    2575     2575       88     1         midnightmega.prg.lto.o:(.text.PutWholeSector)
    2575     2575       88     1                 PutWholeSector
    25fd     25fd       51     1         midnightmega.prg.lto.o:(.text.PutOneSector)
    25fd     25fd       51     1                 PutOneSector
    264e     264e       39     1         midnightmega.prg.lto.o:(.text.GetBAM)
    264e     264e       39     1                 GetBAM
    2687     2687       60     1         midnightmega.prg.lto.o:(.text.PutBAM)
    2687     2687       60     1                 PutBAM
    26e7     26e7       f8     1         midnightmega.prg.lto.o:(.text.readblockchain)
    26e7     26e7       f8     1                 readblockchain
    27df     27df      302     1         midnightmega.prg.lto.o:(.text.BAMSectorUpdate)
    27df     27df      302     1                 BAMSectorUpdate
    2ae1     2ae1       98     1         midnightmega.prg.lto.o:(.text.BAMSectorsFreeBlocks)
    2ae1     2ae1       98     1                 BAMSectorsFreeBlocks
    2b79     2b79      167     1         midnightmega.prg.lto.o:(.text.FreeTracks)
    2b79     2b79      167     1                 FreeTracks
    2ce0     2ce0      1e2     1         midnightmega.prg.lto.o:(.text.FormatPartition)
    2ce0     2ce0      1e2     1                 FormatPartition
    2ec2     2ec2      1a0     1         midnightmega.prg.lto.o:(.text.isallocatedBAMtracksector)
    2ec2     2ec2      1a0     1                 isallocatedBAMtracksector
    3062     3062      15e     1         midnightmega.prg.lto.o:(.text.findnextBAMtracksector)
    3062     3062      15e     1                 findnextBAMtracksector
    31c0     31c0      24b     1         midnightmega.prg.lto.o:(.text.writeblockchain)
    31c0     31c0      24b     1                 writeblockchain
    340b     340b       b0     1         midnightmega.prg.lto.o:(.text.deleteblockchain)
    340b     340b       b0     1                 deleteblockchain
    34bb     34bb       8c     1         midnightmega.prg.lto.o:(.text.tracksectorstring)
    34bb     34bb       8c     1                 tracksectorstring
    3547     3547      10f     1         midnightmega.prg.lto.o:(.text.getdirententry)
    3547     3547      10f     1                 getdirententry
    3656     3656      44c     1         midnightmega.prg.lto.o:(.text.writenewdirententry)
    3656     3656      44c     1                 writenewdirententry
    3aa2     3aa2      305     1         midnightmega.prg.lto.o:(.text.deletedirententry)
    3aa2     3aa2      305     1                 deletedirententry
    3da7     3da7      260     1         midnightmega.prg.lto.o:(.text.swapdirententry)
    3da7     3da7      260     1                 swapdirententry
    4007     4007       c1     1         midnightmega.prg.lto.o:(.text.rewritedirent)
    4007     4007       c1     1                 rewritedirent
    40c8     40c8       16     1         midnightmega.prg.lto.o:(.text.strcopy)
    40c8     40c8       16     1                 strcopy
    40de     40de       31     1         midnightmega.prg.lto.o:(.text.strmakefilename)
    40de     40de       31     1                 strmakefilename
    410f     410f       c6     1         midnightmega.prg.lto.o:(.text.csputdec)
    410f     410f       c6     1                 csputdec
    41d5     41d5       25     1         midnightmega.prg.lto.o:(.text.asciitoscreencode)
    41d5     41d5       25     1                 asciitoscreencode
    41fa     41fa       35     1         midnightmega.prg.lto.o:(.text.asciitoscreencode_s)
    41fa     41fa       35     1                 asciitoscreencode_s
    422f     422f       5e     1         midnightmega.prg.lto.o:(.text.clrhome)
    422f     422f       5e     1                 clrhome
    428d     428d        e     1         midnightmega.prg.lto.o:(.text.msprintf)
    428d     428d        e     1                 msprintf
    429b     429b       2b     1         midnightmega.prg.lto.o:(.text.mprintf)
    429b     429b       2b     1                 mprintf
    42c6     42c6       16     1         midnightmega.prg.lto.o:(.text.mcputsxy)
    42c6     42c6       16     1                 mcputsxy
    42dc     42dc      18b     1         midnightmega.prg.lto.o:(.text.mcbox)
    42dc     42dc      18b     1                 mcbox
    4467     4467      1ae     1         midnightmega.prg.lto.o:(.text.messagebox)
    4467     4467      1ae     1                 messagebox
    4615     4615       b2     1         midnightmega.prg.lto.o:(.text.progress)
    4615     4615       b2     1                 progress
    46c7     46c7       fe     1         midnightmega.prg.lto.o:(.text.inputbox)
    46c7     46c7       fe     1                 inputbox
    47c5     47c5       4b     1         midnightmega.prg.lto.o:(.text.Deselect)
    47c5     47c5       4b     1                 Deselect
    4810     4810       41     1         midnightmega.prg.lto.o:(.text.shortcutprint)
    4810     4810       41     1                 shortcutprint
    4851     4851      61d     1         midnightmega.prg.lto.o:(.text.shortcuts)
    4851     4851      61d     1                 shortcuts
    4e6e     4e6e       9f     1         midnightmega.prg.lto.o:(.text.optionstring)
    4e6e     4e6e       9f     1                 optionstring
    4f0d     4f0d      5fe     1         midnightmega.prg.lto.o:(.text.UpdateSectors)
    4f0d     4f0d      5fe     1                 UpdateSectors
    4ff7     4ff7        0     1                 errgetproc1
    4ffb     4ffb        0     1                 donegetproc1
    5123     5123        0     1                 errgetcurdrv2
    5127     5127        0     1                 donegetcurdrv2
    5140     5140        0     1                 errhypopendir3
    5144     5144        0     1                 donehypopendir3
    5211     5211        0     1                 hypreaddirloop4
    5229     5229        0     1                 errhypreaddir4
    522b     522b        0     1                 donehypreaddir4
    548a     548a        0     1                 errhypclosedir5
    548c     548c        0     1                 donehypclosedir5
    550b     550b      19f     1         midnightmega.prg.lto.o:(.text.sizeselectcurrentifnone)
    550b     550b      19f     1                 sizeselectcurrentifnone
    56aa     56aa     2d50     1         midnightmega.prg.lto.o:(.text.navi)
    56aa     56aa     2d50     1                 navi
    64ac     64ac        0     1                 errhypfindfirst6
    64ae     64ae        0     1                 donehypfindfirst6
    64cd     64cd        0     1                 errhypopenfile7
    64cf     64cf        0     1                 donehypopenfile7
    64f9     64f9        0     1                 errhypreadfile8
    64fd     64fd        0     1                 donehypreadfile8
    651c     651c        0     1                 errhypclosefile9
    6520     6520        0     1                 donehypclosefile9
    74d3     74d3        0     1                 errhypd81dosattach10
    74d7     74d7        0     1                 donehypd81dosattach10
    7a40     7a40        0     1                 errhypfindfirst11
    7a42     7a42        0     1                 donehypfindfirst11
    7b56     7b56        0     1                 errhypfindfirst12
    7b58     7b58        0     1                 donehypfindfirst12
    7bfe     7bfe        0     1                 errhyprmfile13
    7c02     7c02        0     1                 donehyprmfile13
    7c12     7c12        0     1                 errhypclosedir14
    7c14     7c14        0     1                 donehypclosedir14
    7c92     7c92        0     1                 errhyprmfile15
    7c96     7c96        0     1                 donehyprmfile15
    7ca6     7ca6        0     1                 errhypclosedir16
    7ca8     7ca8        0     1                 donehypclosedir16
    7eac     7eac        0     1                 errhypchdir17
    7eb0     7eb0        0     1                 donehypchdir17
    802b     802b        0     1                 errhypchdir18
    802f     802f        0     1                 donehypchdir18
    814f     814f        0     1                 errhyp1att19
    8153     8153        0     1                 donehyp1att19
    8321     8321        0     1                 errhyp0att20
    8325     8325        0     1                 donehyp0att20
    83d1     83d1        0     1                 errhypd81dosattach21
    83d5     83d5        0     1                 donehypd81dosattach21
    83e7     83e7        0     1                 errhypd81dosattach22
    83eb     83eb        0     1                 donehypd81dosattach22
    83fa     83fa       74     1         midnightmega.prg.lto.o:(.text.blockreadbyte)
    83fa     83fa       74     1                 blockreadbyte
    846e     846e      269     1         midnightmega.prg.lto.o:(.text.text)
    846e     846e      269     1                 text
    86d7     86d7       46     1         midnightmega.prg.lto.o:(.text.sidbong)
    86d7     86d7       46     1                 sidbong
    871d     871d        b     1         midnightmega.prg.lto.o:(.text.flushkeybuf)
    871d     871d        b     1                 flushkeybuf
    8728     8728       17     1         midnightmega.prg.lto.o:(.text.petsciitoscreencode)
    8728     8728       17     1                 petsciitoscreencode
    873f     873f        9     1         midnightmega.prg.lto.o:(.text.cputc)
    873f     873f        9     1                 cputc
    8748     8748       a1     1         midnightmega.prg.lto.o:(.text.cputcxy)
    8748     8748       a1     1                 cputcxy
    87e9     87e9        7     1         midnightmega.prg.lto.o:(.text.cputs)
    87e9     87e9        7     1                 cputs
    87f0     87f0       db     1         midnightmega.prg.lto.o:(.text.cputsxy)
    87f0     87f0       db     1                 cputsxy
    88cb     88cb       aa     1         midnightmega.prg.lto.o:(.text.fillrect)
    88cb     88cb       aa     1                 fillrect
    8975     8975        9     1         midnightmega.prg.lto.o:(.text.cgetc)
    8975     8975        9     1                 cgetc
    897e     897e       27     1         midnightmega.prg.lto.o:(.text.do_dma)
    897e     897e       27     1                 do_dma
    89a5     89a5       67     1         midnightmega.prg.lto.o:(.text.lcopy)
    89a5     89a5       67     1                 lcopy
    8a0c     8a0c       50     1         midnightmega.prg.lto.o:(.text.lfill)
    8a0c     8a0c       50     1                 lfill
    8a5c     8a5c       5c     1         midnightmega.prg.lto.o:(.text.usleep)
    8a5c     8a5c       5c     1                 usleep
    8ab8     8ab8        5     1         midnightmega.prg.lto.o:(.text.exit)
    8ab8     8ab8        5     1                 exit
    8abd     8abd       d9     1         midnightmega.prg.lto.o:(.text.atoi)
    8abd     8abd       d9     1                 atoi
    8b96     8b96       3e     1         midnightmega.prg.lto.o:(.text.strcpy)
    8b96     8b96       3e     1                 strcpy
    8bd4     8bd4       3c     1         midnightmega.prg.lto.o:(.text.strlen)
    8bd4     8bd4       3c     1                 strlen
    8c10     8c10        b     1         midnightmega.prg.lto.o:(.text.__ashlqi3)
    8c10     8c10        b     1                 __ashlqi3
    8c1b     8c1b       13     1         midnightmega.prg.lto.o:(.text.__ashlhi3)
    8c1b     8c1b       13     1                 __ashlhi3
    8c2e     8c2e       32     1         midnightmega.prg.lto.o:(.text.__mulhi3)
    8c2e     8c2e       32     1                 __mulhi3
    8c60     8c60       c1     1         midnightmega.prg.lto.o:(.text.__udivhi3)
    8c60     8c60       c1     1                 __udivhi3
    8d21     8d21       45     1         midnightmega.prg.lto.o:(.text.__umodqi3)
    8d21     8d21       45     1                 __umodqi3
    8d66     8d66       70     1         midnightmega.prg.lto.o:(.text.__udivmodqi4)
    8d66     8d66       70     1                 __udivmodqi4
    8dd6     8dd6       dc     1         midnightmega.prg.lto.o:(.text.__udivmodhi4)
    8dd6     8dd6       dc     1                 __udivmodhi4
    8eb2     8eb2      1ba     1         midnightmega.prg.lto.o:(.text.__udivmodsi4)
    8eb2     8eb2      1ba     1                 __udivmodsi4
    906c     906c       2c     1         midnightmega.prg.lto.o:(.text.memcpy)
    906c     906c       2c     1                 memcpy
    9098     9098       20     1         midnightmega.prg.lto.o:(.text.__memset)
    9098     9098       20     1                 __memset
    90b8     90b8        0     1         __init_array_start = .
    90b8     90b8        0     1         __init_array_end = .
    90b8     90b8        0     1         __fini_array_start = .
    90b8     90b8        0     1         __fini_array_end = .
    90b8     90b8      c62     1 .rodata
    90b8     90b8       7e     1         midnightmega.prg.lto.o:(.rodata.navi)
    9136     9136       16     1         midnightmega.prg.lto.o:(.rodata.text)
    914c     914c      b66     1         <internal>:(.rodata.str1.1)
    9cb2     9cb2        8     1         <internal>:(.rodata.cst4)
    9cba     9cba       50     1         midnightmega.prg.lto.o:(.rodata..L__const.findnextBAMtracksector.strategy)
    9d0a     9d0a       10     1         <internal>:(.rodata.cst16)
    9d1a     9d1a        0     1 .data
    9d1a     9d1a        0     1         __data_start = .
    9d1a     9d1a        0     1         __data_end = .
    9d1a     9d1a        0     1 __data_load_start = LOADADDR(.data)
    9d1a     9d1a        0     1 __data_size = SIZEOF(.data)
    9d1a     9d1a      2c4     1 .bss
    9d1a     9d1a        0     1         __bss_start = .
    9d1a     9d1a        1     1         midnightmega.prg.lto.o:(.bss.fnamehi.2)
    9d1a     9d1a        1     1                 fnamehi.2
    9d1b     9d1b       20     1         midnightmega.prg.lto.o:(.bss.direntryblock2)
    9d1b     9d1b       20     1                 direntryblock2
    9d3b     9d3b       50     1         midnightmega.prg.lto.o:(.bss.s)
    9d3b     9d3b       50     1                 s
    9d8b     9d8b      1f0     1         midnightmega.prg.lto.o:(.bss.direntflags)
    9d8b     9d8b      1f0     1                 direntflags
    9f7b     9f7b        1     1         midnightmega.prg.lto.o:(.bss.legacyHDOSstate)
    9f7b     9f7b        1     1                 legacyHDOSstate
    9f7c     9f7c       22     1         midnightmega.prg.lto.o:(.bss.disknames)
    9f7c     9f7c       22     1                 disknames
    9f9e     9f9e       40     1         midnightmega.prg.lto.o:(.bss.lfnname)
    9f9e     9f9e       40     1                 lfnname
    9fde     9fde        0     1         __bss_end = .
    9fde     9fde        0     1 __bss_size = SIZEOF(.bss)
    9fde     9fde       1c     1 .noinit
    9fde     9fde       1c     1         midnightmega.prg.lto.o:(.noinit..Lstatic_stack)
    9ffa     9ffa        0     1         __heap_start = ALIGN(., 2)
    9ffa     9ffa        0     1 __stack = 0xd000
       0        0       cc     1 .comment
       0        0       cc     1         <internal>:(.comment)
       0        0     1310     4 .symtab
       0        0     1310     4         <internal>:(.symtab)
       0        0       68     1 .shstrtab
       0        0       68     1         <internal>:(.shstrtab)
       0        0      cb9     1 .strtab
       0        0      cb9     1         <internal>:(.strtab)
