     VMA      LMA     Size Align Out     In      Symbol
       0        0        0     1 __basic_zp_start = 0x0002
       0        0        0     1 __basic_zp_end = 0x0090
       0        0        0     1 __rc0 = __basic_zp_start
       0        0        0     1 __rc1 = __rc0 + 1
       0        0        0     1 PROVIDE ( __rc2 = __rc1 + 1 )
       0        0        0     1 __rc3 = __rc2 + 1
       0        0        0     1 PROVIDE ( __rc4 = __rc3 + 1 )
       0        0        0     1 __rc5 = __rc4 + 1
       0        0        0     1 PROVIDE ( __rc6 = __rc5 + 1 )
       0        0        0     1 __rc7 = __rc6 + 1
       0        0        0     1 PROVIDE ( __rc8 = __rc7 + 1 )
       0        0        0     1 __rc9 = __rc8 + 1
       0        0        0     1 PROVIDE ( __rc10 = __rc9 + 1 )
       0        0        0     1 __rc11 = __rc10 + 1
       0        0        0     1 PROVIDE ( __rc12 = __rc11 + 1 )
       0        0        0     1 __rc13 = __rc12 + 1
       0        0        0     1 PROVIDE ( __rc14 = __rc13 + 1 )
       0        0        0     1 __rc15 = __rc14 + 1
       0        0        0     1 PROVIDE ( __rc16 = __rc15 + 1 )
       0        0        0     1 __rc17 = __rc16 + 1
       0        0        0     1 PROVIDE ( __rc18 = __rc17 + 1 )
       0        0        0     1 __rc19 = __rc18 + 1
       0        0        0     1 PROVIDE ( __rc20 = __rc19 + 1 )
       0        0        0     1 __rc21 = __rc20 + 1
       0        0        0     1 PROVIDE ( __rc22 = __rc21 + 1 )
       0        0        0     1 __rc23 = __rc22 + 1
       0        0        0     1 PROVIDE ( __rc24 = __rc23 + 1 )
       0        0        0     1 __rc25 = __rc24 + 1
       0        0        0     1 PROVIDE ( __rc26 = __rc25 + 1 )
       0        0        0     1 __rc27 = __rc26 + 1
       0        0        0     1 PROVIDE ( __rc28 = __rc27 + 1 )
       0        0        0     1 __rc29 = __rc28 + 1
       0        0        0     1 PROVIDE ( __rc30 = __rc29 + 1 )
       0        0        0     1 __rc31 = __rc30 + 1
    2001     2001       16     1 .basic_header
    2001     2001       16     1         F:\Entwicklungsprojekte\Mega65\llvm-mos\llvm-mos\bin/../mos-platform/mega65/lib\basic-header.o:(.basic_header)
    2015     2015        0     1                 next_line
      22     2017        6     1 .zp.data
      22     2017        0     1         __zp_data_start = .
      22     2017        5     1         lto.tmp:(.zp.rodata..Lswitch.table.asciitoscreencode_s)
      27     201c        1     1         lto.tmp:(.zp.data.g_curTextColor)
      27     201c        1     1                 g_curTextColor
      28     201d        0     1 __zp_data_load_start = LOADADDR ( .zp.data )
      28     201d        0     1 __zp_data_size = SIZEOF ( .zp.data )
      28       28       44     1 .zp.bss
      28       28        0     1         __zp_bss_start = .
      28       28        1     1         lto.tmp:(.zp.bss.fnamehi)
      28       28        1     1                 fnamehi
      29       29        1     1         lto.tmp:(.zp.bss.offsCurrIdx)
      29       29        1     1                 offsCurrIdx
      2a       2a        2     1         lto.tmp:(.zp.bss.direntryblock.1)
      2a       2a        2     1                 direntryblock.1
      2c       2c       28     1         lto.tmp:(.zp.bss.s)
      2c       2c       28     1                 s
      54       54        1     1         lto.tmp:(.zp.bss.g_curScreenW)
      54       54        1     1                 g_curScreenW
      55       55        1     1         lto.tmp:(.zp.bss.g_curScreenH)
      55       55        1     1                 g_curScreenH
      56       56        1     1         lto.tmp:(.zp.bss.g_curX)
      56       56        1     1                 g_curX
      57       57        1     1         lto.tmp:(.zp.bss.g_curY)
      57       57        1     1                 g_curY
      58       58       14     1         lto.tmp:(.zp.bss.dmalist)
      58       58       14     1                 dmalist
      6c       6c        0     1 __zp_bss_size = SIZEOF ( .zp.bss )
      6c       6c       24     1 .zp
      6c       6c       24     1         lto.tmp:(.zp.noinit..Lzp_stack)
    201d     201d     3d66     1 .text
    201d     201d        0     1         _init = .
    201d     201d        0     1         _start = .
    201d     201d        e     1         F:\Entwicklungsprojekte\Mega65\llvm-mos\llvm-mos\bin/../mos-platform/mega65/lib\unmap-basic.o:(.init.010)
    202b     202b        8     1         F:\Entwicklungsprojekte\Mega65\llvm-mos\llvm-mos\bin/../mos-platform/commodore/lib\libcrt0.a(init-stack.S.obj):(.init.100)
    202b     202b        0     1                 __do_init_stack
    2033     2033        3     1         F:\Entwicklungsprojekte\Mega65\llvm-mos\llvm-mos\bin/../mos-platform/commodore/lib\libcrt0.a(zero-bss.c.obj):(.init.200)
    2033     2033        0     1                 __do_zero_bss
    2036     2036        3     1         F:\Entwicklungsprojekte\Mega65\llvm-mos\llvm-mos\bin/../mos-platform/commodore/lib\libcrt0.a(zero-zp-bss.c.obj):(.init.200)
    2036     2036        0     1                 __do_zero_zp_bss
    2039     2039        3     1         F:\Entwicklungsprojekte\Mega65\llvm-mos\llvm-mos\bin/../mos-platform/commodore/lib\libcrt0.a(copy-zp-data.c.obj):(.init.200)
    2039     2039        0     1                 __do_copy_zp_data
    203c     203c        3     1         F:\Entwicklungsprojekte\Mega65\llvm-mos\llvm-mos\bin/../mos-platform/common/lib\crt0.o:(.call_main)
    203f     203f        3     1         F:\Entwicklungsprojekte\Mega65\llvm-mos\llvm-mos\bin/../mos-platform/commodore/lib\libcrt0.a(exit-return.c.obj):(.after_main)
    203f     203f        0     1                 __after_main
    2042     2042        0     1         _fini = .
    2042     2042        a     1         F:\Entwicklungsprojekte\Mega65\llvm-mos\llvm-mos\bin/../mos-platform/mega65/lib\unmap-basic.o:(.fini.990)
    204c     204c        1     1         F:\Entwicklungsprojekte\Mega65\llvm-mos\llvm-mos\bin/../mos-platform/common/lib\crt0.o:(.fini_rts)
    204d     204d       79     1         C:\Users\SUPERU~1\AppData\Local\Temp\memory_asm-dd5b3d.o:(.text)
    204d     204d        0     1                 fourbytes
    2051     2051        0     1                 lpstore
    206c     206c        0     1                 lprestore
    2087     2087        0     1                 lpoke
    20a8     20a8        0     1                 lpeek
    20c6     20c6        a     1         F:\Entwicklungsprojekte\Mega65\llvm-mos\llvm-mos\bin/../mos-platform/commodore/lib\libcrt0.a(exit-return.c.obj):(.text)
    20c6     20c6        a     1                 __exit_return
    20d0     20d0     146b     1         F:\Entwicklungsprojekte\Mega65\llvm-mos\llvm-mos\bin/../mos-platform/common/lib\libcrt.a(divmod-large.cc.obj):(.text)
    20d0     20d0      252     1                 __udivmodsi4
    2322     2322      5af     1                 __udivmoddi4
    28d1     28d1      399     1                 __divmodsi4
    2c6a     2c6a      8d1     1                 __divmoddi4
    353b     353b       13     1         F:\Entwicklungsprojekte\Mega65\llvm-mos\llvm-mos\bin/../mos-platform/commodore/lib\libcrt0.a(zero-bss.c.obj):(.text)
    353b     353b       13     1                 __zero_bss
    354e     354e       13     1         F:\Entwicklungsprojekte\Mega65\llvm-mos\llvm-mos\bin/../mos-platform/commodore/lib\libcrt0.a(zero-zp-bss.c.obj):(.text)
    354e     354e       13     1                 __zero_zp_bss
    3561     3561       17     1         F:\Entwicklungsprojekte\Mega65\llvm-mos\llvm-mos\bin/../mos-platform/commodore/lib\libcrt0.a(copy-zp-data.c.obj):(.text)
    3561     3561       17     1                 __copy_zp_data
    3578     3578      dc9     1         lto.tmp:(.text.main)
    3578     3578      dc9     1                 main
    3bd2     3bd2        0     1                 errgetcurdrv0
    3bd6     3bd6        0     1                 donegetcurdrv0
    3bf1     3bf1        0     1                 errhypopendir1
    3bf5     3bf5        0     1                 donehypopendir1
    3c8d     3c8d        0     1                 hypreaddirloop2
    3ca5     3ca5        0     1                 errhypreaddir2
    3ca7     3ca7        0     1                 donehypreaddir2
    3f68     3f68        0     1                 errhypclosedir3
    3f6a     3f6a        0     1                 donehypclosedir3
    40ae     40ae        0     1                 errhypsetnam4
    40b2     40b2        0     1                 donehypsetnam4
    40c4     40c4        0     1                 errhyp1att5
    40c8     40c8        0     1                 donehyp1att5
    4341     4341       fb     1         lto.tmp:(.text.GetWholeSector)
    4341     4341       fb     1                 GetWholeSector
    436f     436f        0     1                 wait026
    4384     4384        0     1                 succeed026
    4396     4396        0     1                 upper026
    4399     4399        0     1                 endsub026
    43a1     43a1        0     1                 err026
    43a3     43a3        0     1                 end026
    443c     443c      13d     1         lto.tmp:(.text.PutWholeSector)
    443c     443c      13d     1                 PutWholeSector
    4497     4497        0     1                 wait027
    44ac     44ac        0     1                 succeed027
    44be     44be        0     1                 upper027
    44c1     44c1        0     1                 endsub027
    44c9     44c9        0     1                 err027
    44cb     44cb        0     1                 end027
    453c     453c        0     1                 wait038
    4551     4551        0     1                 succeed038
    4557     4557        0     1                 endsub038
    455e     455e        0     1                 err038
    4560     4560        0     1                 end038
    4579     4579      199     1         lto.tmp:(.text.readblockchain)
    4579     4579      199     1                 readblockchain
    4712     4712      5bc     1         lto.tmp:(.text.findnextBAMtracksector)
    4712     4712      5bc     1                 findnextBAMtracksector
    4cce     4cce      171     1         lto.tmp:(.text.getdirententry)
    4cce     4cce      171     1                 getdirententry
    4e3f     4e3f       8c     1         lto.tmp:(.text.getdirent)
    4e3f     4e3f       8c     1                 getdirent
    4ecb     4ecb      2d5     1         lto.tmp:(.text.deletedirententry)
    4ecb     4ecb      2d5     1                 deletedirententry
    51a0     51a0      137     1         lto.tmp:(.text.cputln)
    51a0     51a0      137     1                 cputln
    52d7     52d7       51     1         lto.tmp:(.text.msprintf)
    52d7     52d7       51     1                 msprintf
    5328     5328      100     1         lto.tmp:(.text.mprintf)
    5328     5328      100     1                 mprintf
    5428     5428       cf     1         lto.tmp:(.text.mh4printf)
    5428     5428       cf     1                 mh4printf
    54f7     54f7      25a     1         lto.tmp:(.text.mcbox)
    54f7     54f7      25a     1                 mcbox
    5751     5751       92     1         lto.tmp:(.text.messagebox)
    5751     5751       92     1                 messagebox
    57e3     57e3        1     1         lto.tmp:(.text.escNOP)
    57e3     57e3        1     1                 escNOP
    57e4     57e4       a1     1         lto.tmp:(.text.clrscr)
    57e4     57e4       a1     1                 clrscr
    5885     5885       ee     1         lto.tmp:(.text.cputcxy)
    5885     5885       ee     1                 cputcxy
    5973     5973       df     1         lto.tmp:(.text.cputsxy)
    5973     5973       df     1                 cputsxy
    5a52     5a52       d2     1         lto.tmp:(.text.lcopy)
    5a52     5a52       d2     1                 lcopy
    5b24     5b24       88     1         lto.tmp:(.text.lfill)
    5b24     5b24       88     1                 lfill
    5bac     5bac       38     1         lto.tmp:(.text.strcpy)
    5bac     5bac       38     1                 strcpy
    5be4     5be4       34     1         lto.tmp:(.text.strlen)
    5be4     5be4       34     1                 strlen
    5c18     5c18       13     1         lto.tmp:(.text.__ashlhi3)
    5c18     5c18       13     1                 __ashlhi3
    5c2b     5c2b       32     1         lto.tmp:(.text.__mulhi3)
    5c2b     5c2b       32     1                 __mulhi3
    5c5d     5c5d       da     1         lto.tmp:(.text.__udivmodhi4)
    5c5d     5c5d       da     1                 __udivmodhi4
    5d37     5d37       2d     1         lto.tmp:(.text.memcpy)
    5d37     5d37       2d     1                 memcpy
    5d64     5d64       1f     1         lto.tmp:(.text.__memset)
    5d64     5d64       1f     1                 __memset
    5d83     5d83        0     1         __init_array_start = .
    5d83     5d83        0     1         __init_array_end = .
    5d83     5d83        0     1         __fini_array_start = .
    5d83     5d83        0     1         __fini_array_end = .
    5d83     5d83      1a9     1 .rodata
    5d83     5d83        1     1         F:\Entwicklungsprojekte\Mega65\llvm-mos\llvm-mos\bin/../mos-platform/common/lib\libcrt.a(const.S.obj):(.rodata)
    5d83     5d83        0     1                 __set_v
    5d84     5d84       12     1         lto.tmp:(.rodata.main)
    5d96     5d96      186     1         <internal>:(.rodata.str1.1)
    5f1c     5f1c       10     1         <internal>:(.rodata.cst16)
    5f2c     5f2c        0     1 .data
    5f2c     5f2c        0     1         __data_start = .
    5f2c     5f2c        0     1         __data_end = .
    5f2c     5f2c        0     1 __data_load_start = LOADADDR ( .data )
    5f2c     5f2c        0     1 __data_size = SIZEOF ( .data )
    5f2c     5f2c      7df     1 .bss
    5f2c     5f2c        0     1         __bss_start = .
    5f2c     5f2c        1     1         lto.tmp:(.bss.flagCurrSec)
    5f2c     5f2c        1     1                 flagCurrSec
    5f2d     5f2d        4     1         lto.tmp:(.bss.BAMsector)
    5f2d     5f2d        4     1                 BAMsector
    5f31     5f31        4     1         lto.tmp:(.bss.worksector)
    5f31     5f31        4     1                 worksector
    5f35     5f35        2     1         lto.tmp:(.bss.worksectorasBAM.0)
    5f35     5f35        2     1                 worksectorasBAM.0
    5f37     5f37        2     1         lto.tmp:(.bss.direntryblock.0)
    5f37     5f37        2     1                 direntryblock.0
    5f39     5f39        1     1         lto.tmp:(.bss.BAMside)
    5f39     5f39        1     1                 BAMside
    5f3a     5f3a        1     1         lto.tmp:(.bss.workside)
    5f3a     5f3a        1     1                 workside
    5f3b     5f3b      492     1         lto.tmp:(.bss.filelist)
    5f3b     5f3b      492     1                 filelist
    63cd     63cd       41     1         lto.tmp:(.bss.curfile)
    63cd     63cd       41     1                 curfile
    640e     640e      2fd     1         lto.tmp:(.bss.escapeCode)
    640e     640e      2fd     1                 escapeCode
    670b     670b        0     1         __bss_end = .
    670b     670b        0     1 __bss_size = SIZEOF ( .bss )
    670b     670b        b     1 .noinit
    670b     670b        1     1         F:\Entwicklungsprojekte\Mega65\llvm-mos\llvm-mos\bin/../mos-platform/commodore/lib\libcrt0.a(exit-return.c.obj):(.noinit)
    670c     670c        a     1         lto.tmp:(.noinit..Lstatic_stack)
    6716     6716        0     1         __heap_start = .
    6716     6716        0     1 __stack = 0xd000
       0        0       79     1 .comment
       0        0       79     1         <internal>:(.comment)
       0        0      a10     4 .symtab
       0        0      a10     4         <internal>:(.symtab)
       0        0       68     1 .shstrtab
       0        0       68     1         <internal>:(.shstrtab)
       0        0      69a     1 .strtab
       0        0      69a     1         <internal>:(.strtab)
