     VMA      LMA     Size Align Out     In      Symbol
       0        0        0     1 __basic_zp_start = 0x0002
       0        0        0     1 __basic_zp_end = 0x0090
       0        0        0     1 __rc0 = __basic_zp_start
       0        0        0     1 __rc1 = __rc0 + 1
       0        0        0     1 PROVIDE ( __rc2 = __rc1 + 1 )
       0        0        0     1 __rc3 = __rc2 + 1
       0        0        0     1 PROVIDE ( __rc4 = __rc3 + 1 )
       0        0        0     1 __rc5 = __rc4 + 1
       0        0        0     1 PROVIDE ( __rc6 = __rc5 + 1 )
       0        0        0     1 __rc7 = __rc6 + 1
       0        0        0     1 PROVIDE ( __rc8 = __rc7 + 1 )
       0        0        0     1 __rc9 = __rc8 + 1
       0        0        0     1 PROVIDE ( __rc10 = __rc9 + 1 )
       0        0        0     1 __rc11 = __rc10 + 1
       0        0        0     1 PROVIDE ( __rc12 = __rc11 + 1 )
       0        0        0     1 __rc13 = __rc12 + 1
       0        0        0     1 PROVIDE ( __rc14 = __rc13 + 1 )
       0        0        0     1 __rc15 = __rc14 + 1
       0        0        0     1 PROVIDE ( __rc16 = __rc15 + 1 )
       0        0        0     1 __rc17 = __rc16 + 1
       0        0        0     1 PROVIDE ( __rc18 = __rc17 + 1 )
       0        0        0     1 __rc19 = __rc18 + 1
       0        0        0     1 PROVIDE ( __rc20 = __rc19 + 1 )
       0        0        0     1 __rc21 = __rc20 + 1
       0        0        0     1 PROVIDE ( __rc22 = __rc21 + 1 )
       0        0        0     1 __rc23 = __rc22 + 1
       0        0        0     1 PROVIDE ( __rc24 = __rc23 + 1 )
       0        0        0     1 __rc25 = __rc24 + 1
       0        0        0     1 PROVIDE ( __rc26 = __rc25 + 1 )
       0        0        0     1 __rc27 = __rc26 + 1
       0        0        0     1 PROVIDE ( __rc28 = __rc27 + 1 )
       0        0        0     1 __rc29 = __rc28 + 1
       0        0        0     1 PROVIDE ( __rc30 = __rc29 + 1 )
       0        0        0     1 __rc31 = __rc30 + 1
    2001     2001       16     1 .basic_header
    2001     2001       16     1         F:\Entwicklungsprojekte\Mega65\llvm-mos\llvm-mos\bin/../mos-platform/mega65/lib\basic-header.o:(.basic_header)
    2015     2015        0     1                 next_line
      22     2017        6     1 .zp.data
      22     2017        0     1         __zp_data_start = .
      22     2017        5     1         lto.tmp:(.zp.rodata..Lswitch.table.asciitoscreencode)
      27     201c        1     1         lto.tmp:(.zp.data.g_curTextColor)
      27     201c        1     1                 g_curTextColor
      28     201d        0     1 __zp_data_load_start = LOADADDR ( .zp.data )
      28     201d        0     1 __zp_data_size = SIZEOF ( .zp.data )
      28       28       3f     1 .zp.bss
      28       28        0     1         __zp_bss_start = .
      28       28       28     1         lto.tmp:(.zp.bss.s)
      28       28       28     1                 s
      50       50        1     1         lto.tmp:(.zp.bss.g_curScreenW)
      50       50        1     1                 g_curScreenW
      51       51        1     1         lto.tmp:(.zp.bss.g_curX)
      51       51        1     1                 g_curX
      52       52        1     1         lto.tmp:(.zp.bss.g_curY)
      52       52        1     1                 g_curY
      53       53       14     1         lto.tmp:(.zp.bss.dmalist)
      53       53       14     1                 dmalist
      67       67        0     1 __zp_bss_size = SIZEOF ( .zp.bss )
      67       67       29     1 .zp
      67       67       29     1         lto.tmp:(.zp.noinit..Lzp_stack)
    201d     201d     4ad7     1 .text
    201d     201d        0     1         _init = .
    201d     201d        0     1         _start = .
    201d     201d        e     1         F:\Entwicklungsprojekte\Mega65\llvm-mos\llvm-mos\bin/../mos-platform/mega65/lib\unmap-basic.o:(.init.010)
    202b     202b        8     1         F:\Entwicklungsprojekte\Mega65\llvm-mos\llvm-mos\bin/../mos-platform/commodore/lib\libcrt0.a(init-stack.S.obj):(.init.100)
    202b     202b        0     1                 __do_init_stack
    2033     2033        3     1         F:\Entwicklungsprojekte\Mega65\llvm-mos\llvm-mos\bin/../mos-platform/commodore/lib\libcrt0.a(zero-bss.c.obj):(.init.200)
    2033     2033        0     1                 __do_zero_bss
    2036     2036        3     1         F:\Entwicklungsprojekte\Mega65\llvm-mos\llvm-mos\bin/../mos-platform/commodore/lib\libcrt0.a(zero-zp-bss.c.obj):(.init.200)
    2036     2036        0     1                 __do_zero_zp_bss
    2039     2039        3     1         F:\Entwicklungsprojekte\Mega65\llvm-mos\llvm-mos\bin/../mos-platform/commodore/lib\libcrt0.a(copy-zp-data.c.obj):(.init.200)
    2039     2039        0     1                 __do_copy_zp_data
    203c     203c        3     1         F:\Entwicklungsprojekte\Mega65\llvm-mos\llvm-mos\bin/../mos-platform/common/lib\crt0.o:(.call_main)
    203f     203f        3     1         F:\Entwicklungsprojekte\Mega65\llvm-mos\llvm-mos\bin/../mos-platform/commodore/lib\libcrt0.a(exit-return.c.obj):(.after_main)
    203f     203f        0     1                 __after_main
    2042     2042        0     1         _fini = .
    2042     2042        a     1         F:\Entwicklungsprojekte\Mega65\llvm-mos\llvm-mos\bin/../mos-platform/mega65/lib\unmap-basic.o:(.fini.990)
    204c     204c        1     1         F:\Entwicklungsprojekte\Mega65\llvm-mos\llvm-mos\bin/../mos-platform/common/lib\crt0.o:(.fini_rts)
    204d     204d       79     1         C:\Users\SUPERU~1\AppData\Local\Temp\memory_asm-fa3693.o:(.text)
    204d     204d        0     1                 fourbytes
    2051     2051        0     1                 lpstore
    206c     206c        0     1                 lprestore
    2087     2087        0     1                 lpoke
    20a8     20a8        0     1                 lpeek
    20c6     20c6        a     1         F:\Entwicklungsprojekte\Mega65\llvm-mos\llvm-mos\bin/../mos-platform/commodore/lib\libcrt0.a(exit-return.c.obj):(.text)
    20c6     20c6        a     1                 __exit_return
    20d0     20d0     146b     1         F:\Entwicklungsprojekte\Mega65\llvm-mos\llvm-mos\bin/../mos-platform/common/lib\libcrt.a(divmod-large.cc.obj):(.text)
    20d0     20d0      252     1                 __udivmodsi4
    2322     2322      5af     1                 __udivmoddi4
    28d1     28d1      399     1                 __divmodsi4
    2c6a     2c6a      8d1     1                 __divmoddi4
    353b     353b       13     1         F:\Entwicklungsprojekte\Mega65\llvm-mos\llvm-mos\bin/../mos-platform/commodore/lib\libcrt0.a(zero-bss.c.obj):(.text)
    353b     353b       13     1                 __zero_bss
    354e     354e       13     1         F:\Entwicklungsprojekte\Mega65\llvm-mos\llvm-mos\bin/../mos-platform/commodore/lib\libcrt0.a(zero-zp-bss.c.obj):(.text)
    354e     354e       13     1                 __zero_zp_bss
    3561     3561       17     1         F:\Entwicklungsprojekte\Mega65\llvm-mos\llvm-mos\bin/../mos-platform/commodore/lib\libcrt0.a(copy-zp-data.c.obj):(.text)
    3561     3561       17     1                 __copy_zp_data
    3578     3578     17e2     1         lto.tmp:(.text.main)
    3578     3578     17e2     1                 main
    3d75     3d75        0     1                 hypreaddirloop0
    3d8d     3d8d        0     1                 errhypreaddir0
    3d8f     3d8f        0     1                 donehypreaddir0
    3e45     3e45        0     1                 errgetcurdrv1
    3e49     3e49        0     1                 donegetcurdrv1
    3e61     3e61        0     1                 errhypopendir2
    3e65     3e65        0     1                 donehypopendir2
    3fa9     3fa9        0     1                 errhypsetnam3
    3fad     3fad        0     1                 donehypsetnam3
    3fc3     3fc3        0     1                 errhyp1att4
    3fc7     3fc7        0     1                 donehyp1att4
    3fec     3fec        0     1                 errhyp0att5
    3ff0     3ff0        0     1                 donehyp0att5
    4547     4547        0     1                 errhypclosedir6
    4549     4549        0     1                 donehypclosedir6
    4d5a     4d5a       90     1         lto.tmp:(.text.ReadSector)
    4d5a     4d5a       90     1                 ReadSector
    4dea     4dea      16f     1         lto.tmp:(.text.ShowAccess)
    4dea     4dea      16f     1                 ShowAccess
    4f59     4f59       5d     1         lto.tmp:(.text.GetOneSector)
    4f59     4f59       5d     1                 GetOneSector
    4fb6     4fb6       e4     1         lto.tmp:(.text.PutOneSector)
    4fb6     4fb6       e4     1                 PutOneSector
    509a     509a       39     1         lto.tmp:(.text.GetBAM)
    509a     509a       39     1                 GetBAM
    50d3     50d3       60     1         lto.tmp:(.text.PutBAM)
    50d3     50d3       60     1                 PutBAM
    5133     5133      10c     1         lto.tmp:(.text.readblockchain)
    5133     5133      10c     1                 readblockchain
    523f     523f      250     1         lto.tmp:(.text.BAMSectorUpdate)
    523f     523f      250     1                 BAMSectorUpdate
    548f     548f      151     1         lto.tmp:(.text.findnextBAMtracksector)
    548f     548f      151     1                 findnextBAMtracksector
    55e0     55e0       77     1         lto.tmp:(.text.tracksectorstring)
    55e0     55e0       77     1                 tracksectorstring
    5657     5657       cd     1         lto.tmp:(.text.getdirententry)
    5657     5657       cd     1                 getdirententry
    5724     5724       8e     1         lto.tmp:(.text.getdirent)
    5724     5724       8e     1                 getdirent
    57b2     57b2      124     1         lto.tmp:(.text.cputln)
    57b2     57b2      124     1                 cputln
    58d6     58d6       b3     1         lto.tmp:(.text.csputdec)
    58d6     58d6       b3     1                 csputdec
    5989     5989       51     1         lto.tmp:(.text.asciitoscreencode_s)
    5989     5989       51     1                 asciitoscreencode_s
    59da     59da       5f     1         lto.tmp:(.text.clrhome)
    59da     59da       5f     1                 clrhome
    5a39     5a39        e     1         lto.tmp:(.text.msprintf)
    5a39     5a39        e     1                 msprintf
    5a47     5a47       2b     1         lto.tmp:(.text.mprintf)
    5a47     5a47       2b     1                 mprintf
    5a72     5a72       3d     1         lto.tmp:(.text.mhprintf)
    5a72     5a72       3d     1                 mhprintf
    5aaf     5aaf       3d     1         lto.tmp:(.text.mh4printf)
    5aaf     5aaf       3d     1                 mh4printf
    5aec     5aec       16     1         lto.tmp:(.text.mcputsxy)
    5aec     5aec       16     1                 mcputsxy
    5b02     5b02      18f     1         lto.tmp:(.text.mcbox)
    5b02     5b02      18f     1                 mcbox
    5c91     5c91      10b     1         lto.tmp:(.text.messagebox)
    5c91     5c91      10b     1                 messagebox
    5d9c     5d9c       bc     1         lto.tmp:(.text.progress)
    5d9c     5d9c       bc     1                 progress
    5e58     5e58       41     1         lto.tmp:(.text.shortcutprint)
    5e58     5e58       41     1                 shortcutprint
    5e99     5e99      356     1         lto.tmp:(.text.shortcuts)
    5e99     5e99      356     1                 shortcuts
    61ef     61ef      227     1         lto.tmp:(.text.UpdateSectors)
    61ef     61ef      227     1                 UpdateSectors
    626a     626a        0     1                 errgetproc7
    626e     626e        0     1                 donegetproc7
    6416     6416        1     1         lto.tmp:(.text.escNOP)
    6416     6416        1     1                 escNOP
    6417     6417       14     1         lto.tmp:(.text.getscreenaddr)
    6417     6417       14     1                 getscreenaddr
    642b     642b        9     1         lto.tmp:(.text.cputc)
    642b     642b        9     1                 cputc
    6434     6434       a5     1         lto.tmp:(.text.cputcxy)
    6434     6434       a5     1                 cputcxy
    64d9     64d9       74     1         lto.tmp:(.text.cputhex)
    64d9     64d9       74     1                 cputhex
    654d     654d        7     1         lto.tmp:(.text.cputs)
    654d     654d        7     1                 cputs
    6554     6554       dd     1         lto.tmp:(.text.cputsxy)
    6554     6554       dd     1                 cputsxy
    6631     6631       aa     1         lto.tmp:(.text.fillrect)
    6631     6631       aa     1                 fillrect
    66db     66db        9     1         lto.tmp:(.text.cgetc)
    66db     66db        9     1                 cgetc
    66e4     66e4       27     1         lto.tmp:(.text.do_dma)
    66e4     66e4       27     1                 do_dma
    670b     670b       67     1         lto.tmp:(.text.lcopy)
    670b     670b       67     1                 lcopy
    6772     6772       50     1         lto.tmp:(.text.lfill)
    6772     6772       50     1                 lfill
    67c2     67c2       4e     1         lto.tmp:(.text.usleep)
    67c2     67c2       4e     1                 usleep
    6810     6810       38     1         lto.tmp:(.text.strcpy)
    6810     6810       38     1                 strcpy
    6848     6848       34     1         lto.tmp:(.text.strlen)
    6848     6848       34     1                 strlen
    687c     687c       13     1         lto.tmp:(.text.__ashlhi3)
    687c     687c       13     1                 __ashlhi3
    688f     688f       1b     1         lto.tmp:(.text.__mulqi3)
    688f     688f       1b     1                 __mulqi3
    68aa     68aa       32     1         lto.tmp:(.text.__mulhi3)
    68aa     68aa       32     1                 __mulhi3
    68dc     68dc       70     1         lto.tmp:(.text.__mulsi3)
    68dc     68dc       70     1                 __mulsi3
    694c     694c       82     1         lto.tmp:(.text.__udivmodqi4)
    694c     694c       82     1                 __udivmodqi4
    69ce     69ce       da     1         lto.tmp:(.text.__udivmodhi4)
    69ce     69ce       da     1                 __udivmodhi4
    6aa8     6aa8       2d     1         lto.tmp:(.text.memcpy)
    6aa8     6aa8       2d     1                 memcpy
    6ad5     6ad5       1f     1         lto.tmp:(.text.__memset)
    6ad5     6ad5       1f     1                 __memset
    6af4     6af4        0     1         __init_array_start = .
    6af4     6af4        0     1         __init_array_end = .
    6af4     6af4        0     1         __fini_array_start = .
    6af4     6af4        0     1         __fini_array_end = .
    6af4     6af4      524     1 .rodata
    6af4     6af4       14     1         lto.tmp:(.rodata.main)
    6b08     6b08      495     1         <internal>:(.rodata.str1.1)
    6f9d     6f9d        c     1         <internal>:(.rodata.cst4)
    6fa9     6fa9       50     1         lto.tmp:(.rodata..L__const.findnextBAMtracksector.strategy)
    6ff9     6ff9        5     1         lto.tmp:(.rodata..Lswitch.table.gettype)
    6ffe     6ffe        5     1         lto.tmp:(.rodata..Lswitch.table.gettype.21)
    7003     7003        5     1         lto.tmp:(.rodata..Lswitch.table.gettype.22)
    7008     7008       10     1         <internal>:(.rodata.cst16)
    7018     7018        0     1 .data
    7018     7018        0     1         __data_start = .
    7018     7018        0     1         __data_end = .
    7018     7018        0     1 __data_load_start = LOADADDR ( .data )
    7018     7018        0     1 __data_size = SIZEOF ( .data )
    7018     7018      b41     1 .bss
    7018     7018        0     1         __bss_start = .
    7018     7018        1     1         lto.tmp:(.bss.fnamehi)
    7018     7018        1     1                 fnamehi
    7019     7019      820     1         lto.tmp:(.bss.filelist)
    7019     7019      820     1                 filelist
    7839     7839       22     1         lto.tmp:(.bss.diskname)
    7839     7839       22     1                 diskname
    785b     785b        1     1         lto.tmp:(.bss.g_curScreenH)
    785b     785b        1     1                 g_curScreenH
    785c     785c      2fd     1         lto.tmp:(.bss.escapeCode)
    785c     785c      2fd     1                 escapeCode
    7b59     7b59        0     1         __bss_end = .
    7b59     7b59        0     1 __bss_size = SIZEOF ( .bss )
    7b59     7b59       18     1 .noinit
    7b59     7b59        1     1         F:\Entwicklungsprojekte\Mega65\llvm-mos\llvm-mos\bin/../mos-platform/commodore/lib\libcrt0.a(exit-return.c.obj):(.noinit)
    7b5a     7b5a       17     1         lto.tmp:(.noinit..Lstatic_stack)
    7b71     7b71        0     1         __heap_start = .
    7b71     7b71        0     1 __stack = 0xd000
       0        0       79     1 .comment
       0        0       79     1         <internal>:(.comment)
       0        0      a40     4 .symtab
       0        0      a40     4         <internal>:(.symtab)
       0        0       68     1 .shstrtab
       0        0       68     1         <internal>:(.shstrtab)
       0        0      6c2     1 .strtab
       0        0      6c2     1         <internal>:(.strtab)
