     VMA      LMA     Size Align Out     In      Symbol
       0        0        0     1 __basic_zp_start = 0x0002
       0        0        0     1 __basic_zp_end = 0x0090
       0        0        0     1 __rc0 = __basic_zp_start
       0        0        0     1 __rc1 = __rc0 + 1
       0        0        0     1 PROVIDE ( __rc2 = __rc1 + 1 )
       0        0        0     1 __rc3 = __rc2 + 1
       0        0        0     1 PROVIDE ( __rc4 = __rc3 + 1 )
       0        0        0     1 __rc5 = __rc4 + 1
       0        0        0     1 PROVIDE ( __rc6 = __rc5 + 1 )
       0        0        0     1 __rc7 = __rc6 + 1
       0        0        0     1 PROVIDE ( __rc8 = __rc7 + 1 )
       0        0        0     1 __rc9 = __rc8 + 1
       0        0        0     1 PROVIDE ( __rc10 = __rc9 + 1 )
       0        0        0     1 __rc11 = __rc10 + 1
       0        0        0     1 PROVIDE ( __rc12 = __rc11 + 1 )
       0        0        0     1 __rc13 = __rc12 + 1
       0        0        0     1 PROVIDE ( __rc14 = __rc13 + 1 )
       0        0        0     1 __rc15 = __rc14 + 1
       0        0        0     1 PROVIDE ( __rc16 = __rc15 + 1 )
       0        0        0     1 __rc17 = __rc16 + 1
       0        0        0     1 PROVIDE ( __rc18 = __rc17 + 1 )
       0        0        0     1 __rc19 = __rc18 + 1
       0        0        0     1 PROVIDE ( __rc20 = __rc19 + 1 )
       0        0        0     1 __rc21 = __rc20 + 1
       0        0        0     1 PROVIDE ( __rc22 = __rc21 + 1 )
       0        0        0     1 __rc23 = __rc22 + 1
       0        0        0     1 PROVIDE ( __rc24 = __rc23 + 1 )
       0        0        0     1 __rc25 = __rc24 + 1
       0        0        0     1 PROVIDE ( __rc26 = __rc25 + 1 )
       0        0        0     1 __rc27 = __rc26 + 1
       0        0        0     1 PROVIDE ( __rc28 = __rc27 + 1 )
       0        0        0     1 __rc29 = __rc28 + 1
       0        0        0     1 PROVIDE ( __rc30 = __rc29 + 1 )
       0        0        0     1 __rc31 = __rc30 + 1
    2001     2001       16     1 .basic_header
    2001     2001       16     1         F:\Entwicklungsprojekte\Mega65\llvm-mos\llvm-mos\bin/../mos-platform/mega65/lib\basic-header.o:(.basic_header)
    2015     2015        0     1                 next_line
      22     2017        6     1 .zp.data
      22     2017        0     1         __zp_data_start = .
      22     2017        5     1         lto.tmp:(.zp.rodata..Lswitch.table.asciitoscreencode)
      27     201c        1     1         lto.tmp:(.zp.data.g_curTextColor)
      27     201c        1     1                 g_curTextColor
      28     201d        0     1 __zp_data_load_start = LOADADDR ( .zp.data )
      28     201d        0     1 __zp_data_size = SIZEOF ( .zp.data )
      28       28       3f     1 .zp.bss
      28       28        0     1         __zp_bss_start = .
      28       28       28     1         lto.tmp:(.zp.bss.s)
      28       28       28     1                 s
      50       50        1     1         lto.tmp:(.zp.bss.g_curScreenW)
      50       50        1     1                 g_curScreenW
      51       51        1     1         lto.tmp:(.zp.bss.g_curX)
      51       51        1     1                 g_curX
      52       52        1     1         lto.tmp:(.zp.bss.g_curY)
      52       52        1     1                 g_curY
      53       53       14     1         lto.tmp:(.zp.bss.dmalist)
      53       53       14     1                 dmalist
      67       67        0     1 __zp_bss_size = SIZEOF ( .zp.bss )
      67       67       29     1 .zp
      67       67       29     1         lto.tmp:(.zp.noinit..Lzp_stack)
    201d     201d     4cc1     1 .text
    201d     201d        0     1         _init = .
    201d     201d        0     1         _start = .
    201d     201d        e     1         F:\Entwicklungsprojekte\Mega65\llvm-mos\llvm-mos\bin/../mos-platform/mega65/lib\unmap-basic.o:(.init.010)
    202b     202b        8     1         F:\Entwicklungsprojekte\Mega65\llvm-mos\llvm-mos\bin/../mos-platform/commodore/lib\libcrt0.a(init-stack.S.obj):(.init.100)
    202b     202b        0     1                 __do_init_stack
    2033     2033        3     1         F:\Entwicklungsprojekte\Mega65\llvm-mos\llvm-mos\bin/../mos-platform/commodore/lib\libcrt0.a(zero-bss.c.obj):(.init.200)
    2033     2033        0     1                 __do_zero_bss
    2036     2036        3     1         F:\Entwicklungsprojekte\Mega65\llvm-mos\llvm-mos\bin/../mos-platform/commodore/lib\libcrt0.a(zero-zp-bss.c.obj):(.init.200)
    2036     2036        0     1                 __do_zero_zp_bss
    2039     2039        3     1         F:\Entwicklungsprojekte\Mega65\llvm-mos\llvm-mos\bin/../mos-platform/commodore/lib\libcrt0.a(copy-zp-data.c.obj):(.init.200)
    2039     2039        0     1                 __do_copy_zp_data
    203c     203c        3     1         F:\Entwicklungsprojekte\Mega65\llvm-mos\llvm-mos\bin/../mos-platform/common/lib\crt0.o:(.call_main)
    203f     203f        3     1         F:\Entwicklungsprojekte\Mega65\llvm-mos\llvm-mos\bin/../mos-platform/commodore/lib\libcrt0.a(exit-return.c.obj):(.after_main)
    203f     203f        0     1                 __after_main
    2042     2042        0     1         _fini = .
    2042     2042        a     1         F:\Entwicklungsprojekte\Mega65\llvm-mos\llvm-mos\bin/../mos-platform/mega65/lib\unmap-basic.o:(.fini.990)
    204c     204c        1     1         F:\Entwicklungsprojekte\Mega65\llvm-mos\llvm-mos\bin/../mos-platform/common/lib\crt0.o:(.fini_rts)
    204d     204d       79     1         C:\Users\SUPERU~1\AppData\Local\Temp\memory_asm-08f4e1.o:(.text)
    204d     204d        0     1                 fourbytes
    2051     2051        0     1                 lpstore
    206c     206c        0     1                 lprestore
    2087     2087        0     1                 lpoke
    20a8     20a8        0     1                 lpeek
    20c6     20c6        a     1         F:\Entwicklungsprojekte\Mega65\llvm-mos\llvm-mos\bin/../mos-platform/commodore/lib\libcrt0.a(exit-return.c.obj):(.text)
    20c6     20c6        a     1                 __exit_return
    20d0     20d0     146b     1         F:\Entwicklungsprojekte\Mega65\llvm-mos\llvm-mos\bin/../mos-platform/common/lib\libcrt.a(divmod-large.cc.obj):(.text)
    20d0     20d0      252     1                 __udivmodsi4
    2322     2322      5af     1                 __udivmoddi4
    28d1     28d1      399     1                 __divmodsi4
    2c6a     2c6a      8d1     1                 __divmoddi4
    353b     353b       13     1         F:\Entwicklungsprojekte\Mega65\llvm-mos\llvm-mos\bin/../mos-platform/commodore/lib\libcrt0.a(zero-bss.c.obj):(.text)
    353b     353b       13     1                 __zero_bss
    354e     354e       13     1         F:\Entwicklungsprojekte\Mega65\llvm-mos\llvm-mos\bin/../mos-platform/commodore/lib\libcrt0.a(zero-zp-bss.c.obj):(.text)
    354e     354e       13     1                 __zero_zp_bss
    3561     3561       17     1         F:\Entwicklungsprojekte\Mega65\llvm-mos\llvm-mos\bin/../mos-platform/commodore/lib\libcrt0.a(copy-zp-data.c.obj):(.text)
    3561     3561       17     1                 __copy_zp_data
    3578     3578     17b4     1         lto.tmp:(.text.main)
    3578     3578     17b4     1                 main
    3e5b     3e5b        0     1                 errhyp1att0
    3e5f     3e5f        0     1                 donehyp1att0
    4043     4043        0     1                 errhypchdir1
    4047     4047        0     1                 donehypchdir1
    41ca     41ca        0     1                 errhypchdir2
    41ce     41ce        0     1                 donehypchdir2
    44cb     44cb        0     1                 errhyp0att3
    44cf     44cf        0     1                 donehyp0att3
    4d2c     4d2c       32     1         lto.tmp:(.text.hyppo_setname)
    4d2c     4d2c       32     1                 hyppo_setname
    4d58     4d58        0     1                 errhypsetnam4
    4d5c     4d5c        0     1                 donehypsetnam4
    4d5e     4d5e       63     1         lto.tmp:(.text.getsfn)
    4d5e     4d5e       63     1                 getsfn
    4dc1     4dc1       90     1         lto.tmp:(.text.ReadSector)
    4dc1     4dc1       90     1                 ReadSector
    4e51     4e51      16f     1         lto.tmp:(.text.ShowAccess)
    4e51     4e51      16f     1                 ShowAccess
    4fc0     4fc0       5d     1         lto.tmp:(.text.GetOneSector)
    4fc0     4fc0       5d     1                 GetOneSector
    501d     501d       e4     1         lto.tmp:(.text.PutOneSector)
    501d     501d       e4     1                 PutOneSector
    5101     5101       39     1         lto.tmp:(.text.GetBAM)
    5101     5101       39     1                 GetBAM
    513a     513a       60     1         lto.tmp:(.text.PutBAM)
    513a     513a       60     1                 PutBAM
    519a     519a      10c     1         lto.tmp:(.text.readblockchain)
    519a     519a      10c     1                 readblockchain
    52a6     52a6      250     1         lto.tmp:(.text.BAMSectorUpdate)
    52a6     52a6      250     1                 BAMSectorUpdate
    54f6     54f6      151     1         lto.tmp:(.text.findnextBAMtracksector)
    54f6     54f6      151     1                 findnextBAMtracksector
    5647     5647       77     1         lto.tmp:(.text.tracksectorstring)
    5647     5647       77     1                 tracksectorstring
    56be     56be       d3     1         lto.tmp:(.text.getdirententry)
    56be     56be       d3     1                 getdirententry
    5791     5791       13     1         lto.tmp:(.text.strcopy)
    5791     5791       13     1                 strcopy
    57a4     57a4      124     1         lto.tmp:(.text.cputln)
    57a4     57a4      124     1                 cputln
    58c8     58c8       b3     1         lto.tmp:(.text.csputdec)
    58c8     58c8       b3     1                 csputdec
    597b     597b       51     1         lto.tmp:(.text.asciitoscreencode_s)
    597b     597b       51     1                 asciitoscreencode_s
    59cc     59cc       5f     1         lto.tmp:(.text.clrhome)
    59cc     59cc       5f     1                 clrhome
    5a2b     5a2b        e     1         lto.tmp:(.text.msprintf)
    5a2b     5a2b        e     1                 msprintf
    5a39     5a39       2b     1         lto.tmp:(.text.mprintf)
    5a39     5a39       2b     1                 mprintf
    5a64     5a64       3d     1         lto.tmp:(.text.mhprintf)
    5a64     5a64       3d     1                 mhprintf
    5aa1     5aa1       16     1         lto.tmp:(.text.mcputsxy)
    5aa1     5aa1       16     1                 mcputsxy
    5ab7     5ab7      18f     1         lto.tmp:(.text.mcbox)
    5ab7     5ab7      18f     1                 mcbox
    5c46     5c46      10b     1         lto.tmp:(.text.messagebox)
    5c46     5c46      10b     1                 messagebox
    5d51     5d51       af     1         lto.tmp:(.text.progress)
    5d51     5d51       af     1                 progress
    5e00     5e00       41     1         lto.tmp:(.text.shortcutprint)
    5e00     5e00       41     1                 shortcutprint
    5e41     5e41      356     1         lto.tmp:(.text.shortcuts)
    5e41     5e41      356     1                 shortcuts
    6197     6197      469     1         lto.tmp:(.text.UpdateSectors)
    6197     6197      469     1                 UpdateSectors
    6261     6261        0     1                 errgetcurdrv5
    6265     6265        0     1                 donegetcurdrv5
    627e     627e        0     1                 errhypopendir6
    6282     6282        0     1                 donehypopendir6
    62d5     62d5        0     1                 hypreaddirloop7
    62ed     62ed        0     1                 errhypreaddir7
    62ef     62ef        0     1                 donehypreaddir7
    63f5     63f5        0     1                 errgetproc8
    63f9     63f9        0     1                 donegetproc8
    65b9     65b9        0     1                 errhypclosedir9
    65bb     65bb        0     1                 donehypclosedir9
    6600     6600        1     1         lto.tmp:(.text.escNOP)
    6600     6600        1     1                 escNOP
    6601     6601       14     1         lto.tmp:(.text.getscreenaddr)
    6601     6601       14     1                 getscreenaddr
    6615     6615        9     1         lto.tmp:(.text.cputc)
    6615     6615        9     1                 cputc
    661e     661e       a5     1         lto.tmp:(.text.cputcxy)
    661e     661e       a5     1                 cputcxy
    66c3     66c3       74     1         lto.tmp:(.text.cputhex)
    66c3     66c3       74     1                 cputhex
    6737     6737        7     1         lto.tmp:(.text.cputs)
    6737     6737        7     1                 cputs
    673e     673e       dd     1         lto.tmp:(.text.cputsxy)
    673e     673e       dd     1                 cputsxy
    681b     681b       aa     1         lto.tmp:(.text.fillrect)
    681b     681b       aa     1                 fillrect
    68c5     68c5        9     1         lto.tmp:(.text.cgetc)
    68c5     68c5        9     1                 cgetc
    68ce     68ce       27     1         lto.tmp:(.text.do_dma)
    68ce     68ce       27     1                 do_dma
    68f5     68f5       67     1         lto.tmp:(.text.lcopy)
    68f5     68f5       67     1                 lcopy
    695c     695c       50     1         lto.tmp:(.text.lfill)
    695c     695c       50     1                 lfill
    69ac     69ac       4e     1         lto.tmp:(.text.usleep)
    69ac     69ac       4e     1                 usleep
    69fa     69fa       38     1         lto.tmp:(.text.strcpy)
    69fa     69fa       38     1                 strcpy
    6a32     6a32       34     1         lto.tmp:(.text.strlen)
    6a32     6a32       34     1                 strlen
    6a66     6a66       13     1         lto.tmp:(.text.__ashlhi3)
    6a66     6a66       13     1                 __ashlhi3
    6a79     6a79       1b     1         lto.tmp:(.text.__mulqi3)
    6a79     6a79       1b     1                 __mulqi3
    6a94     6a94       32     1         lto.tmp:(.text.__mulhi3)
    6a94     6a94       32     1                 __mulhi3
    6ac6     6ac6       70     1         lto.tmp:(.text.__mulsi3)
    6ac6     6ac6       70     1                 __mulsi3
    6b36     6b36       82     1         lto.tmp:(.text.__udivmodqi4)
    6b36     6b36       82     1                 __udivmodqi4
    6bb8     6bb8       da     1         lto.tmp:(.text.__udivmodhi4)
    6bb8     6bb8       da     1                 __udivmodhi4
    6c92     6c92       2d     1         lto.tmp:(.text.memcpy)
    6c92     6c92       2d     1                 memcpy
    6cbf     6cbf       1f     1         lto.tmp:(.text.__memset)
    6cbf     6cbf       1f     1                 __memset
    6cde     6cde        0     1         __init_array_start = .
    6cde     6cde        0     1         __init_array_end = .
    6cde     6cde        0     1         __fini_array_start = .
    6cde     6cde        0     1         __fini_array_end = .
    6cde     6cde      5d9     1 .rodata
    6cde     6cde       1e     1         lto.tmp:(.rodata.main)
    6cfc     6cfc      54f     1         <internal>:(.rodata.str1.1)
    724b     724b        c     1         <internal>:(.rodata.cst4)
    7257     7257       50     1         lto.tmp:(.rodata..L__const.findnextBAMtracksector.strategy)
    72a7     72a7       10     1         <internal>:(.rodata.cst16)
    72b7     72b7        0     1 .data
    72b7     72b7        0     1         __data_start = .
    72b7     72b7        0     1         __data_end = .
    72b7     72b7        0     1 __data_load_start = LOADADDR ( .data )
    72b7     72b7        0     1 __data_size = SIZEOF ( .data )
    72b7     72b7      321     1 .bss
    72b7     72b7        0     1         __bss_start = .
    72b7     72b7        1     1         lto.tmp:(.bss.fnamehi)
    72b7     72b7        1     1                 fnamehi
    72b8     72b8       22     1         lto.tmp:(.bss.diskname)
    72b8     72b8       22     1                 diskname
    72da     72da        1     1         lto.tmp:(.bss.g_curScreenH)
    72da     72da        1     1                 g_curScreenH
    72db     72db      2fd     1         lto.tmp:(.bss.escapeCode)
    72db     72db      2fd     1                 escapeCode
    75d8     75d8        0     1         __bss_end = .
    75d8     75d8        0     1 __bss_size = SIZEOF ( .bss )
    75d8     75d8       17     1 .noinit
    75d8     75d8        1     1         F:\Entwicklungsprojekte\Mega65\llvm-mos\llvm-mos\bin/../mos-platform/commodore/lib\libcrt0.a(exit-return.c.obj):(.noinit)
    75d9     75d9       16     1         lto.tmp:(.noinit..Lstatic_stack)
    75ef     75ef        0     1         __heap_start = .
    75ef     75ef        0     1 __stack = 0xd000
       0        0       79     1 .comment
       0        0       79     1         <internal>:(.comment)
       0        0      a80     4 .symtab
       0        0      a80     4         <internal>:(.symtab)
       0        0       68     1 .shstrtab
       0        0       68     1         <internal>:(.shstrtab)
       0        0      6f8     1 .strtab
       0        0      6f8     1         <internal>:(.strtab)
