     VMA      LMA     Size Align Out     In      Symbol
       0        0        0     1 __basic_zp_start = 0x0002
       0        0        0     1 __basic_zp_end = 0x0090
       0        0        0     1 __rc0 = __basic_zp_start
       0        0        0     1 __rc1 = __rc0 + 1
       0        0        0     1 PROVIDE ( __rc2 = __rc1 + 1 )
       0        0        0     1 __rc3 = __rc2 + 1
       0        0        0     1 PROVIDE ( __rc4 = __rc3 + 1 )
       0        0        0     1 __rc5 = __rc4 + 1
       0        0        0     1 PROVIDE ( __rc6 = __rc5 + 1 )
       0        0        0     1 __rc7 = __rc6 + 1
       0        0        0     1 PROVIDE ( __rc8 = __rc7 + 1 )
       0        0        0     1 __rc9 = __rc8 + 1
       0        0        0     1 PROVIDE ( __rc10 = __rc9 + 1 )
       0        0        0     1 __rc11 = __rc10 + 1
       0        0        0     1 PROVIDE ( __rc12 = __rc11 + 1 )
       0        0        0     1 __rc13 = __rc12 + 1
       0        0        0     1 PROVIDE ( __rc14 = __rc13 + 1 )
       0        0        0     1 __rc15 = __rc14 + 1
       0        0        0     1 PROVIDE ( __rc16 = __rc15 + 1 )
       0        0        0     1 __rc17 = __rc16 + 1
       0        0        0     1 PROVIDE ( __rc18 = __rc17 + 1 )
       0        0        0     1 __rc19 = __rc18 + 1
       0        0        0     1 PROVIDE ( __rc20 = __rc19 + 1 )
       0        0        0     1 __rc21 = __rc20 + 1
       0        0        0     1 PROVIDE ( __rc22 = __rc21 + 1 )
       0        0        0     1 __rc23 = __rc22 + 1
       0        0        0     1 PROVIDE ( __rc24 = __rc23 + 1 )
       0        0        0     1 __rc25 = __rc24 + 1
       0        0        0     1 PROVIDE ( __rc26 = __rc25 + 1 )
       0        0        0     1 __rc27 = __rc26 + 1
       0        0        0     1 PROVIDE ( __rc28 = __rc27 + 1 )
       0        0        0     1 __rc29 = __rc28 + 1
       0        0        0     1 PROVIDE ( __rc30 = __rc29 + 1 )
       0        0        0     1 __rc31 = __rc30 + 1
    2001     2001       16     1 .basic_header
    2001     2001       16     1         F:\Entwicklungsprojekte\Mega65\llvm-mos\llvm-mos\bin/../mos-platform/mega65/lib\basic-header.o:(.basic_header)
    2015     2015        0     1                 next_line
      22     2017        a     1 .zp.data
      22     2017        0     1         __zp_data_start = .
      22     2017        5     1         lto.tmp:(.zp.rodata..Lswitch.table.asciitoscreencode)
      27     201c        4     1         <internal>:(.zp.rodata.cst4)
      2b     2020        1     1         lto.tmp:(.zp.data.g_curTextColor)
      2b     2020        1     1                 g_curTextColor
      2c     2021        0     1 __zp_data_load_start = LOADADDR ( .zp.data )
      2c     2021        0     1 __zp_data_size = SIZEOF ( .zp.data )
      2c       2c       41     1 .zp.bss
      2c       2c        0     1         __zp_bss_start = .
      2c       2c       28     1         lto.tmp:(.zp.bss.s)
      2c       2c       28     1                 s
      54       54        1     1         lto.tmp:(.zp.bss.option.0)
      54       54        1     1                 option.0
      55       55        1     1         lto.tmp:(.zp.bss.g_curScreenW)
      55       55        1     1                 g_curScreenW
      56       56        1     1         lto.tmp:(.zp.bss.g_curScreenH)
      56       56        1     1                 g_curScreenH
      57       57        1     1         lto.tmp:(.zp.bss.g_curX)
      57       57        1     1                 g_curX
      58       58        1     1         lto.tmp:(.zp.bss.g_curY)
      58       58        1     1                 g_curY
      59       59       14     1         lto.tmp:(.zp.bss.dmalist)
      59       59       14     1                 dmalist
      6d       6d        0     1 __zp_bss_size = SIZEOF ( .zp.bss )
      6d       6d       23     1 .zp
      6d       6d       23     1         lto.tmp:(.zp.noinit..Lzp_stack)
    2021     2021     54bc     1 .text
    2021     2021        0     1         _init = .
    2021     2021        0     1         _start = .
    2021     2021        e     1         F:\Entwicklungsprojekte\Mega65\llvm-mos\llvm-mos\bin/../mos-platform/mega65/lib\unmap-basic.o:(.init.010)
    202f     202f        8     1         F:\Entwicklungsprojekte\Mega65\llvm-mos\llvm-mos\bin/../mos-platform/commodore/lib\libcrt0.a(init-stack.S.obj):(.init.100)
    202f     202f        0     1                 __do_init_stack
    2037     2037        3     1         F:\Entwicklungsprojekte\Mega65\llvm-mos\llvm-mos\bin/../mos-platform/commodore/lib\libcrt0.a(zero-bss.c.obj):(.init.200)
    2037     2037        0     1                 __do_zero_bss
    203a     203a        3     1         F:\Entwicklungsprojekte\Mega65\llvm-mos\llvm-mos\bin/../mos-platform/commodore/lib\libcrt0.a(zero-zp-bss.c.obj):(.init.200)
    203a     203a        0     1                 __do_zero_zp_bss
    203d     203d        3     1         F:\Entwicklungsprojekte\Mega65\llvm-mos\llvm-mos\bin/../mos-platform/commodore/lib\libcrt0.a(copy-zp-data.c.obj):(.init.200)
    203d     203d        0     1                 __do_copy_zp_data
    2040     2040        3     1         F:\Entwicklungsprojekte\Mega65\llvm-mos\llvm-mos\bin/../mos-platform/common/lib\crt0.o:(.call_main)
    2043     2043        3     1         F:\Entwicklungsprojekte\Mega65\llvm-mos\llvm-mos\bin/../mos-platform/commodore/lib\libcrt0.a(exit-return.c.obj):(.after_main)
    2043     2043        0     1                 __after_main
    2046     2046        0     1         _fini = .
    2046     2046        a     1         F:\Entwicklungsprojekte\Mega65\llvm-mos\llvm-mos\bin/../mos-platform/mega65/lib\unmap-basic.o:(.fini.990)
    2050     2050        1     1         F:\Entwicklungsprojekte\Mega65\llvm-mos\llvm-mos\bin/../mos-platform/common/lib\crt0.o:(.fini_rts)
    2051     2051       79     1         C:\Users\SUPERU~1\AppData\Local\Temp\memory_asm-1c3657.o:(.text)
    2051     2051        0     1                 fourbytes
    2055     2055        0     1                 lpstore
    2070     2070        0     1                 lprestore
    208b     208b        0     1                 lpoke
    20ac     20ac        0     1                 lpeek
    20ca     20ca        a     1         F:\Entwicklungsprojekte\Mega65\llvm-mos\llvm-mos\bin/../mos-platform/commodore/lib\libcrt0.a(exit-return.c.obj):(.text)
    20ca     20ca        a     1                 __exit_return
    20d4     20d4     146b     1         F:\Entwicklungsprojekte\Mega65\llvm-mos\llvm-mos\bin/../mos-platform/common/lib\libcrt.a(divmod-large.cc.obj):(.text)
    20d4     20d4      252     1                 __udivmodsi4
    2326     2326      5af     1                 __udivmoddi4
    28d5     28d5      399     1                 __divmodsi4
    2c6e     2c6e      8d1     1                 __divmoddi4
    353f     353f       13     1         F:\Entwicklungsprojekte\Mega65\llvm-mos\llvm-mos\bin/../mos-platform/commodore/lib\libcrt0.a(zero-bss.c.obj):(.text)
    353f     353f       13     1                 __zero_bss
    3552     3552       13     1         F:\Entwicklungsprojekte\Mega65\llvm-mos\llvm-mos\bin/../mos-platform/commodore/lib\libcrt0.a(zero-zp-bss.c.obj):(.text)
    3552     3552       13     1                 __zero_zp_bss
    3565     3565       17     1         F:\Entwicklungsprojekte\Mega65\llvm-mos\llvm-mos\bin/../mos-platform/commodore/lib\libcrt0.a(copy-zp-data.c.obj):(.text)
    3565     3565       17     1                 __copy_zp_data
    357c     357c     1db3     1         lto.tmp:(.text.main)
    357c     357c     1db3     1                 main
    4178     4178        0     1                 errhyp1att0
    417c     417c        0     1                 donehyp1att0
    4714     4714        0     1                 errhypchdir1
    4718     4718        0     1                 donehypchdir1
    476d     476d        0     1                 errhypchdir2
    4771     4771        0     1                 donehypchdir2
    500d     500d        0     1                 errhyp0att3
    5011     5011        0     1                 donehyp0att3
    532f     532f       32     1         lto.tmp:(.text.hyppo_setname)
    532f     532f       32     1                 hyppo_setname
    535b     535b        0     1                 errhypsetnam4
    535f     535f        0     1                 donehypsetnam4
    5361     5361       63     1         lto.tmp:(.text.getsfn)
    5361     5361       63     1                 getsfn
    53c4     53c4       62     1         lto.tmp:(.text.ReadSector)
    53c4     53c4       62     1                 ReadSector
    5426     5426      177     1         lto.tmp:(.text.ShowAccess)
    5426     5426      177     1                 ShowAccess
    559d     559d       7c     1         lto.tmp:(.text.GetOneSector)
    559d     559d       7c     1                 GetOneSector
    5619     5619       eb     1         lto.tmp:(.text.PutOneSector)
    5619     5619       eb     1                 PutOneSector
    5704     5704       39     1         lto.tmp:(.text.GetBAM)
    5704     5704       39     1                 GetBAM
    573d     573d       60     1         lto.tmp:(.text.PutBAM)
    573d     573d       60     1                 PutBAM
    579d     579d       fc     1         lto.tmp:(.text.readblockchain)
    579d     579d       fc     1                 readblockchain
    5899     5899      250     1         lto.tmp:(.text.BAMSectorUpdate)
    5899     5899      250     1                 BAMSectorUpdate
    5ae9     5ae9      151     1         lto.tmp:(.text.findnextBAMtracksector)
    5ae9     5ae9      151     1                 findnextBAMtracksector
    5c3a     5c3a       77     1         lto.tmp:(.text.tracksectorstring)
    5c3a     5c3a       77     1                 tracksectorstring
    5cb1     5cb1       d7     1         lto.tmp:(.text.getdirententry)
    5cb1     5cb1       d7     1                 getdirententry
    5d88     5d88       14     1         lto.tmp:(.text.strcopy)
    5d88     5d88       14     1                 strcopy
    5d9c     5d9c       b3     1         lto.tmp:(.text.csputdec)
    5d9c     5d9c       b3     1                 csputdec
    5e4f     5e4f       51     1         lto.tmp:(.text.asciitoscreencode_s)
    5e4f     5e4f       51     1                 asciitoscreencode_s
    5ea0     5ea0       5e     1         lto.tmp:(.text.clrhome)
    5ea0     5ea0       5e     1                 clrhome
    5efe     5efe        e     1         lto.tmp:(.text.msprintf)
    5efe     5efe        e     1                 msprintf
    5f0c     5f0c       16     1         lto.tmp:(.text.mcputsxy)
    5f0c     5f0c       16     1                 mcputsxy
    5f22     5f22      18a     1         lto.tmp:(.text.mcbox)
    5f22     5f22      18a     1                 mcbox
    60ac     60ac       f3     1         lto.tmp:(.text.messagebox)
    60ac     60ac       f3     1                 messagebox
    619f     619f       d8     1         lto.tmp:(.text.progress)
    619f     619f       d8     1                 progress
    6277     6277       41     1         lto.tmp:(.text.shortcutprint)
    6277     6277       41     1                 shortcutprint
    62b8     62b8      389     1         lto.tmp:(.text.shortcuts)
    62b8     62b8      389     1                 shortcuts
    6641     6641       a4     1         lto.tmp:(.text.optionstring)
    6641     6641       a4     1                 optionstring
    66e5     66e5      4d0     1         lto.tmp:(.text.UpdateSectors)
    66e5     66e5      4d0     1                 UpdateSectors
    67bf     67bf        0     1                 errgetcurdrv5
    67c3     67c3        0     1                 donegetcurdrv5
    67dc     67dc        0     1                 errhypopendir6
    67e0     67e0        0     1                 donehypopendir6
    6833     6833        0     1                 hypreaddirloop7
    684b     684b        0     1                 errhypreaddir7
    684d     684d        0     1                 donehypreaddir7
    6953     6953        0     1                 errgetproc8
    6957     6957        0     1                 donegetproc8
    6b6e     6b6e        0     1                 errhypclosedir9
    6b70     6b70        0     1                 donehypclosedir9
    6bb5     6bb5       2c     1         lto.tmp:(.text.Deselect)
    6bb5     6bb5       2c     1                 Deselect
    6be1     6be1      13d     1         lto.tmp:(.text.sizeselectcurrentifnone)
    6be1     6be1      13d     1                 sizeselectcurrentifnone
    6d1e     6d1e       46     1         lto.tmp:(.text.sidbong)
    6d1e     6d1e       46     1                 sidbong
    6d64     6d64        1     1         lto.tmp:(.text.escNOP)
    6d64     6d64        1     1                 escNOP
    6d65     6d65        9     1         lto.tmp:(.text.cputc)
    6d65     6d65        9     1                 cputc
    6d6e     6d6e       a5     1         lto.tmp:(.text.cputcxy)
    6d6e     6d6e       a5     1                 cputcxy
    6e13     6e13        7     1         lto.tmp:(.text.cputs)
    6e13     6e13        7     1                 cputs
    6e1a     6e1a       dd     1         lto.tmp:(.text.cputsxy)
    6e1a     6e1a       dd     1                 cputsxy
    6ef7     6ef7       aa     1         lto.tmp:(.text.fillrect)
    6ef7     6ef7       aa     1                 fillrect
    6fa1     6fa1        9     1         lto.tmp:(.text.cgetc)
    6fa1     6fa1        9     1                 cgetc
    6faa     6faa       27     1         lto.tmp:(.text.do_dma)
    6faa     6faa       27     1                 do_dma
    6fd1     6fd1       67     1         lto.tmp:(.text.lcopy)
    6fd1     6fd1       67     1                 lcopy
    7038     7038       50     1         lto.tmp:(.text.lfill)
    7038     7038       50     1                 lfill
    7088     7088       4e     1         lto.tmp:(.text.usleep)
    7088     7088       4e     1                 usleep
    70d6     70d6       38     1         lto.tmp:(.text.strcpy)
    70d6     70d6       38     1                 strcpy
    710e     710e       34     1         lto.tmp:(.text.strlen)
    710e     710e       34     1                 strlen
    7142     7142        9     1         lto.tmp:(.text.__ashlqi3)
    7142     7142        9     1                 __ashlqi3
    714b     714b       13     1         lto.tmp:(.text.__ashlhi3)
    714b     714b       13     1                 __ashlhi3
    715e     715e       1b     1         lto.tmp:(.text.__mulqi3)
    715e     715e       1b     1                 __mulqi3
    7179     7179       32     1         lto.tmp:(.text.__mulhi3)
    7179     7179       32     1                 __mulhi3
    71ab     71ab       70     1         lto.tmp:(.text.__mulsi3)
    71ab     71ab       70     1                 __mulsi3
    721b     721b       c0     1         lto.tmp:(.text.__udivhi3)
    721b     721b       c0     1                 __udivhi3
    72db     72db       5a     1         lto.tmp:(.text.__umodqi3)
    72db     72db       5a     1                 __umodqi3
    7335     7335       82     1         lto.tmp:(.text.__udivmodqi4)
    7335     7335       82     1                 __udivmodqi4
    73b7     73b7       da     1         lto.tmp:(.text.__udivmodhi4)
    73b7     73b7       da     1                 __udivmodhi4
    7491     7491       2d     1         lto.tmp:(.text.memcpy)
    7491     7491       2d     1                 memcpy
    74be     74be       1f     1         lto.tmp:(.text.__memset)
    74be     74be       1f     1                 __memset
    74dd     74dd        0     1         __init_array_start = .
    74dd     74dd        0     1         __init_array_end = .
    74dd     74dd        0     1         __fini_array_start = .
    74dd     74dd        0     1         __fini_array_end = .
    74dd     74dd      69a     1 .rodata
    74dd     74dd       70     1         lto.tmp:(.rodata.main)
    754d     754d      5d2     1         <internal>:(.rodata.str1.1)
    7b1f     7b1f        8     1         <internal>:(.rodata.cst4)
    7b27     7b27       50     1         lto.tmp:(.rodata..L__const.findnextBAMtracksector.strategy)
    7b77     7b77        0     1 .data
    7b77     7b77        0     1         __data_start = .
    7b77     7b77        0     1         __data_end = .
    7b77     7b77        0     1 __data_load_start = LOADADDR ( .data )
    7b77     7b77        0     1 __data_size = SIZEOF ( .data )
    7b77     7b77      400     1 .bss
    7b77     7b77        0     1         __bss_start = .
    7b77     7b77        1     1         lto.tmp:(.bss.fnamehi)
    7b77     7b77        1     1                 fnamehi
    7b78     7b78       e0     1         lto.tmp:(.bss.direntflags)
    7b78     7b78       e0     1                 direntflags
    7c58     7c58       22     1         lto.tmp:(.bss.diskname)
    7c58     7c58       22     1                 diskname
    7c7a     7c7a      2fd     1         lto.tmp:(.bss.escapeCode)
    7c7a     7c7a      2fd     1                 escapeCode
    7f77     7f77        0     1         __bss_end = .
    7f77     7f77        0     1 __bss_size = SIZEOF ( .bss )
    7f77     7f77        b     1 .noinit
    7f77     7f77        1     1         F:\Entwicklungsprojekte\Mega65\llvm-mos\llvm-mos\bin/../mos-platform/commodore/lib\libcrt0.a(exit-return.c.obj):(.noinit)
    7f78     7f78        a     1         lto.tmp:(.noinit..Lstatic_stack)
    7f82     7f82        0     1         __heap_start = .
    7f82     7f82        0     1 __stack = 0xd000
       0        0       79     1 .comment
       0        0       79     1         <internal>:(.comment)
       0        0      ab0     4 .symtab
       0        0      ab0     4         <internal>:(.symtab)
       0        0       68     1 .shstrtab
       0        0       68     1         <internal>:(.shstrtab)
       0        0      729     1 .strtab
       0        0      729     1         <internal>:(.strtab)
