     VMA      LMA     Size Align Out     In      Symbol
       0        0        0     1 __basic_zp_start = 0x0002
       0        0        0     1 __basic_zp_end = 0x0090
       0        0        0     1 __rc0 = __basic_zp_start
       0        0        0     1 __rc1 = __rc0 + 1
       0        0        0     1 PROVIDE ( __rc2 = __rc1 + 1 )
       0        0        0     1 __rc3 = __rc2 + 1
       0        0        0     1 PROVIDE ( __rc4 = __rc3 + 1 )
       0        0        0     1 __rc5 = __rc4 + 1
       0        0        0     1 PROVIDE ( __rc6 = __rc5 + 1 )
       0        0        0     1 __rc7 = __rc6 + 1
       0        0        0     1 PROVIDE ( __rc8 = __rc7 + 1 )
       0        0        0     1 __rc9 = __rc8 + 1
       0        0        0     1 PROVIDE ( __rc10 = __rc9 + 1 )
       0        0        0     1 __rc11 = __rc10 + 1
       0        0        0     1 PROVIDE ( __rc12 = __rc11 + 1 )
       0        0        0     1 __rc13 = __rc12 + 1
       0        0        0     1 PROVIDE ( __rc14 = __rc13 + 1 )
       0        0        0     1 __rc15 = __rc14 + 1
       0        0        0     1 PROVIDE ( __rc16 = __rc15 + 1 )
       0        0        0     1 __rc17 = __rc16 + 1
       0        0        0     1 PROVIDE ( __rc18 = __rc17 + 1 )
       0        0        0     1 __rc19 = __rc18 + 1
       0        0        0     1 PROVIDE ( __rc20 = __rc19 + 1 )
       0        0        0     1 __rc21 = __rc20 + 1
       0        0        0     1 PROVIDE ( __rc22 = __rc21 + 1 )
       0        0        0     1 __rc23 = __rc22 + 1
       0        0        0     1 PROVIDE ( __rc24 = __rc23 + 1 )
       0        0        0     1 __rc25 = __rc24 + 1
       0        0        0     1 PROVIDE ( __rc26 = __rc25 + 1 )
       0        0        0     1 __rc27 = __rc26 + 1
       0        0        0     1 PROVIDE ( __rc28 = __rc27 + 1 )
       0        0        0     1 __rc29 = __rc28 + 1
       0        0        0     1 PROVIDE ( __rc30 = __rc29 + 1 )
       0        0        0     1 __rc31 = __rc30 + 1
    2001     2001       16     1 .basic_header
    2001     2001       16     1         F:\Entwicklungsprojekte\Mega65\llvm-mos\llvm-mos\bin/../mos-platform/mega65/lib\basic-header.o:(.basic_header)
    2015     2015        0     1                 next_line
      22       22        0     1 .zp.data
      22       22        0     1         __zp_data_start = .
      22       22        0     1 __zp_data_load_start = LOADADDR ( .zp.data )
      22       22        0     1 __zp_data_size = SIZEOF ( .zp.data )
      22       22        1     1 .zp.bss
      22       22        0     1         __zp_bss_start = .
      22       22        1     1         lto.tmp:(.zp.bss.g_curScreenW)
      22       22        1     1                 g_curScreenW
      23       23        0     1 __zp_bss_size = SIZEOF ( .zp.bss )
      23       23       17     1 .zp
      23       23       17     1         lto.tmp:(.zp.noinit..Lzp_stack)
    2017     2017      71c     1 .text
    2017     2017        0     1         _init = .
    2017     2017        0     1         _start = .
    2017     2017        e     1         F:\Entwicklungsprojekte\Mega65\llvm-mos\llvm-mos\bin/../mos-platform/mega65/lib\unmap-basic.o:(.init.010)
    2025     2025        8     1         F:\Entwicklungsprojekte\Mega65\llvm-mos\llvm-mos\bin/../mos-platform/commodore/lib\libcrt0.a(init-stack.S.obj):(.init.100)
    2025     2025        0     1                 __do_init_stack
    202d     202d        3     1         F:\Entwicklungsprojekte\Mega65\llvm-mos\llvm-mos\bin/../mos-platform/commodore/lib\libcrt0.a(zero-bss.c.obj):(.init.200)
    202d     202d        0     1                 __do_zero_bss
    2030     2030        3     1         F:\Entwicklungsprojekte\Mega65\llvm-mos\llvm-mos\bin/../mos-platform/commodore/lib\libcrt0.a(zero-zp-bss.c.obj):(.init.200)
    2030     2030        0     1                 __do_zero_zp_bss
    2033     2033        3     1         F:\Entwicklungsprojekte\Mega65\llvm-mos\llvm-mos\bin/../mos-platform/common/lib\crt0.o:(.call_main)
    2036     2036        3     1         F:\Entwicklungsprojekte\Mega65\llvm-mos\llvm-mos\bin/../mos-platform/commodore/lib\libcrt0.a(exit-return.c.obj):(.after_main)
    2036     2036        0     1                 __after_main
    2039     2039        0     1         _fini = .
    2039     2039        a     1         F:\Entwicklungsprojekte\Mega65\llvm-mos\llvm-mos\bin/../mos-platform/mega65/lib\unmap-basic.o:(.fini.990)
    2043     2043        1     1         F:\Entwicklungsprojekte\Mega65\llvm-mos\llvm-mos\bin/../mos-platform/common/lib\crt0.o:(.fini_rts)
    2044     2044        a     1         F:\Entwicklungsprojekte\Mega65\llvm-mos\llvm-mos\bin/../mos-platform/commodore/lib\libcrt0.a(exit-return.c.obj):(.text)
    2044     2044        a     1                 __exit_return
    204e     204e       13     1         F:\Entwicklungsprojekte\Mega65\llvm-mos\llvm-mos\bin/../mos-platform/commodore/lib\libcrt0.a(zero-bss.c.obj):(.text)
    204e     204e       13     1                 __zero_bss
    2061     2061       13     1         F:\Entwicklungsprojekte\Mega65\llvm-mos\llvm-mos\bin/../mos-platform/commodore/lib\libcrt0.a(zero-zp-bss.c.obj):(.text)
    2061     2061       13     1                 __zero_zp_bss
    2074     2074      2ac     1         lto.tmp:(.text.main)
    2074     2074      2ac     1                 main
    222b     222b        0     1                 error04
    222f     222f        0     1                 done04
    2298     2298        0     1                 error06
    229c     229c        0     1                 done06
    2320     2320        1     1         lto.tmp:(.text.escNOP)
    2320     2320        1     1                 escNOP
    2321     2321       68     1         lto.tmp:(.text.cputhex)
    2321     2321       68     1                 cputhex
    2389     2389      172     1         lto.tmp:(.text.cputsxy)
    2389     2389      172     1                 cputsxy
    24fb     24fb       99     1         lto.tmp:(.text.lfill)
    24fb     24fb       99     1                 lfill
    2594     2594       2d     1         lto.tmp:(.text.memcpy)
    2594     2594       2d     1                 memcpy
    25c1     25c1       1f     1         lto.tmp:(.text.__memset)
    25c1     25c1       1f     1                 __memset
    25e0     25e0       34     1         lto.tmp:(.text.strlen)
    25e0     25e0       34     1                 strlen
    2614     2614       13     1         lto.tmp:(.text.__ashlhi3)
    2614     2614       13     1                 __ashlhi3
    2627     2627       32     1         lto.tmp:(.text.__mulhi3)
    2627     2627       32     1                 __mulhi3
    2659     2659       da     1         lto.tmp:(.text.__udivmodhi4)
    2659     2659       da     1                 __udivmodhi4
    2733     2733        0     1         __init_array_start = .
    2733     2733        0     1         __init_array_end = .
    2733     2733        0     1         __fini_array_start = .
    2733     2733        0     1         __fini_array_end = .
    2733     2733       47     1 .rodata
    2733     2733       37     1         <internal>:(.rodata.str1.1)
    276a     276a       10     1         <internal>:(.rodata.cst16)
    277a     277a        2     1 .data
    277a     277a        0     1         __data_start = .
    277a     277a        2     1         lto.tmp:(.data.HTRAP00asm)
    277a     277a        2     1                 HTRAP00asm
    277c     277c        0     1         __data_end = .
    277c     277c        0     1 __data_load_start = LOADADDR ( .data )
    277c     277c        0     1 __data_size = SIZEOF ( .data )
    277c     277c      315     1 .bss
    277c     277c        0     1         __bss_start = .
    277c     277c        1     1         lto.tmp:(.bss.fnamehi)
    277c     277c        1     1                 fnamehi
    277d     277d        1     1         lto.tmp:(.bss.g_curScreenH)
    277d     277d        1     1                 g_curScreenH
    277e     277e      2fd     1         lto.tmp:(.bss.escapeCode)
    277e     277e      2fd     1                 escapeCode
    2a7b     2a7b        1     1         lto.tmp:(.bss.g_curX)
    2a7b     2a7b        1     1                 g_curX
    2a7c     2a7c        1     1         lto.tmp:(.bss.g_curY)
    2a7c     2a7c        1     1                 g_curY
    2a7d     2a7d       14     1         lto.tmp:(.bss.dmalist)
    2a7d     2a7d       14     1                 dmalist
    2a91     2a91        0     1         __bss_end = .
    2a91     2a91        0     1 __bss_size = SIZEOF ( .bss )
    2a91     2a91        1     1 .noinit
    2a91     2a91        1     1         F:\Entwicklungsprojekte\Mega65\llvm-mos\llvm-mos\bin/../mos-platform/commodore/lib\libcrt0.a(exit-return.c.obj):(.noinit)
    2a92     2a92        0     1         __heap_start = .
    2a92     2a92        0     1 __stack = 0xd000
       0        0       79     1 .comment
       0        0       79     1         <internal>:(.comment)
       0        0      5c0     4 .symtab
       0        0      5c0     4         <internal>:(.symtab)
       0        0       68     1 .shstrtab
       0        0       68     1         <internal>:(.shstrtab)
       0        0      37c     1 .strtab
       0        0      37c     1         <internal>:(.strtab)
