     VMA      LMA     Size Align Out     In      Symbol
       0        0        0     1 __basic_zp_start = 0x0002
       0        0        0     1 __basic_zp_end = 0x0090
       0        0        0     1 __rc0 = __basic_zp_start
       0        0        0     1 __rc1 = __rc0 + 1
       0        0        0     1 PROVIDE ( __rc2 = __rc1 + 1 )
       0        0        0     1 __rc3 = __rc2 + 1
       0        0        0     1 PROVIDE ( __rc4 = __rc3 + 1 )
       0        0        0     1 __rc5 = __rc4 + 1
       0        0        0     1 PROVIDE ( __rc6 = __rc5 + 1 )
       0        0        0     1 __rc7 = __rc6 + 1
       0        0        0     1 PROVIDE ( __rc8 = __rc7 + 1 )
       0        0        0     1 __rc9 = __rc8 + 1
       0        0        0     1 PROVIDE ( __rc10 = __rc9 + 1 )
       0        0        0     1 __rc11 = __rc10 + 1
       0        0        0     1 PROVIDE ( __rc12 = __rc11 + 1 )
       0        0        0     1 __rc13 = __rc12 + 1
       0        0        0     1 PROVIDE ( __rc14 = __rc13 + 1 )
       0        0        0     1 __rc15 = __rc14 + 1
       0        0        0     1 PROVIDE ( __rc16 = __rc15 + 1 )
       0        0        0     1 __rc17 = __rc16 + 1
       0        0        0     1 PROVIDE ( __rc18 = __rc17 + 1 )
       0        0        0     1 __rc19 = __rc18 + 1
       0        0        0     1 PROVIDE ( __rc20 = __rc19 + 1 )
       0        0        0     1 __rc21 = __rc20 + 1
       0        0        0     1 PROVIDE ( __rc22 = __rc21 + 1 )
       0        0        0     1 __rc23 = __rc22 + 1
       0        0        0     1 PROVIDE ( __rc24 = __rc23 + 1 )
       0        0        0     1 __rc25 = __rc24 + 1
       0        0        0     1 PROVIDE ( __rc26 = __rc25 + 1 )
       0        0        0     1 __rc27 = __rc26 + 1
       0        0        0     1 PROVIDE ( __rc28 = __rc27 + 1 )
       0        0        0     1 __rc29 = __rc28 + 1
       0        0        0     1 PROVIDE ( __rc30 = __rc29 + 1 )
       0        0        0     1 __rc31 = __rc30 + 1
    2001     2001       16     1 .basic_header
    2001     2001       16     1         F:\Entwicklungsprojekte\Mega65\llvm-mos\llvm-mos\bin/../mos-platform/mega65/lib\basic-header.o:(.basic_header)
    2015     2015        0     1                 next_line
      22     2017       10     1 .zp.data
      22     2017        0     1         __zp_data_start = .
      22     2017       10     1         <internal>:(.zp.rodata.cst16)
      32     2027        0     1 __zp_data_load_start = LOADADDR ( .zp.data )
      32     2027        0     1 __zp_data_size = SIZEOF ( .zp.data )
      32       32       19     1 .zp.bss
      32       32        0     1         __zp_bss_start = .
      32       32        1     1         lto.tmp:(.zp.bss.fnamehi)
      32       32        1     1                 fnamehi
      33       33        1     1         lto.tmp:(.zp.bss.g_curScreenW)
      33       33        1     1                 g_curScreenW
      34       34        1     1         lto.tmp:(.zp.bss.g_curScreenH)
      34       34        1     1                 g_curScreenH
      35       35        1     1         lto.tmp:(.zp.bss.g_curX)
      35       35        1     1                 g_curX
      36       36        1     1         lto.tmp:(.zp.bss.g_curY)
      36       36        1     1                 g_curY
      37       37       14     1         lto.tmp:(.zp.bss.dmalist)
      37       37       14     1                 dmalist
      4b       4b        0     1 __zp_bss_size = SIZEOF ( .zp.bss )
      4b       4b       29     1 .zp
      4b       4b       29     1         lto.tmp:(.zp.noinit..Lzp_stack)
    2027     2027     2378     1 .text
    2027     2027        0     1         _init = .
    2027     2027        0     1         _start = .
    2027     2027        e     1         F:\Entwicklungsprojekte\Mega65\llvm-mos\llvm-mos\bin/../mos-platform/mega65/lib\unmap-basic.o:(.init.010)
    2035     2035        8     1         F:\Entwicklungsprojekte\Mega65\llvm-mos\llvm-mos\bin/../mos-platform/commodore/lib\libcrt0.a(init-stack.S.obj):(.init.100)
    2035     2035        0     1                 __do_init_stack
    203d     203d        3     1         F:\Entwicklungsprojekte\Mega65\llvm-mos\llvm-mos\bin/../mos-platform/commodore/lib\libcrt0.a(zero-bss.c.obj):(.init.200)
    203d     203d        0     1                 __do_zero_bss
    2040     2040        3     1         F:\Entwicklungsprojekte\Mega65\llvm-mos\llvm-mos\bin/../mos-platform/commodore/lib\libcrt0.a(zero-zp-bss.c.obj):(.init.200)
    2040     2040        0     1                 __do_zero_zp_bss
    2043     2043        3     1         F:\Entwicklungsprojekte\Mega65\llvm-mos\llvm-mos\bin/../mos-platform/commodore/lib\libcrt0.a(copy-zp-data.c.obj):(.init.200)
    2043     2043        0     1                 __do_copy_zp_data
    2046     2046        3     1         F:\Entwicklungsprojekte\Mega65\llvm-mos\llvm-mos\bin/../mos-platform/common/lib\crt0.o:(.call_main)
    2049     2049        3     1         F:\Entwicklungsprojekte\Mega65\llvm-mos\llvm-mos\bin/../mos-platform/commodore/lib\libcrt0.a(exit-return.c.obj):(.after_main)
    2049     2049        0     1                 __after_main
    204c     204c        0     1         _fini = .
    204c     204c        a     1         F:\Entwicklungsprojekte\Mega65\llvm-mos\llvm-mos\bin/../mos-platform/mega65/lib\unmap-basic.o:(.fini.990)
    2056     2056        1     1         F:\Entwicklungsprojekte\Mega65\llvm-mos\llvm-mos\bin/../mos-platform/common/lib\crt0.o:(.fini_rts)
    2057     2057       79     1         C:\Users\SUPERU~1\AppData\Local\Temp\memory_asm-f67add.o:(.text)
    2057     2057        0     1                 fourbytes
    205b     205b        0     1                 lpstore
    2076     2076        0     1                 lprestore
    2091     2091        0     1                 lpoke
    20b2     20b2        0     1                 lpeek
    20d0     20d0        a     1         F:\Entwicklungsprojekte\Mega65\llvm-mos\llvm-mos\bin/../mos-platform/commodore/lib\libcrt0.a(exit-return.c.obj):(.text)
    20d0     20d0        a     1                 __exit_return
    20da     20da     146b     1         F:\Entwicklungsprojekte\Mega65\llvm-mos\llvm-mos\bin/../mos-platform/common/lib\libcrt.a(divmod-large.cc.obj):(.text)
    20da     20da      252     1                 __udivmodsi4
    232c     232c      5af     1                 __udivmoddi4
    28db     28db      399     1                 __divmodsi4
    2c74     2c74      8d1     1                 __divmoddi4
    3545     3545       13     1         F:\Entwicklungsprojekte\Mega65\llvm-mos\llvm-mos\bin/../mos-platform/commodore/lib\libcrt0.a(zero-bss.c.obj):(.text)
    3545     3545       13     1                 __zero_bss
    3558     3558       13     1         F:\Entwicklungsprojekte\Mega65\llvm-mos\llvm-mos\bin/../mos-platform/commodore/lib\libcrt0.a(zero-zp-bss.c.obj):(.text)
    3558     3558       13     1                 __zero_zp_bss
    356b     356b       17     1         F:\Entwicklungsprojekte\Mega65\llvm-mos\llvm-mos\bin/../mos-platform/commodore/lib\libcrt0.a(copy-zp-data.c.obj):(.text)
    356b     356b       17     1                 __copy_zp_data
    3582     3582      137     1         lto.tmp:(.text.cputln)
    3582     3582      137     1                 cputln
    36b9     36b9       d7     1         lto.tmp:(.text.mprintf)
    36b9     36b9       d7     1                 mprintf
    3790     3790      6ef     1         lto.tmp:(.text.main)
    3790     3790      6ef     1                 main
    395c     395c        0     1                 errhypsetnam0
    3960     3960        0     1                 donehypsetnam0
    3a7e     3a7e        0     1                 errhypsetnam1
    3a82     3a82        0     1                 donehypsetnam1
    3a94     3a94        0     1                 errhyp1att2
    3a98     3a98        0     1                 donehyp1att2
    3b5a     3b5a        0     1                 errhypopendir3
    3b5e     3b5e        0     1                 donehypopendir3
    3d2c     3d2c        0     1                 hypreaddirloop4
    3d44     3d44        0     1                 errhypreaddir4
    3d46     3d46        0     1                 donehypreaddir4
    3d7f     3d7f        0     1                 errhypclosedir5
    3d81     3d81        0     1                 donehypclosedir5
    3df8     3df8        0     1                 errseldrv6
    3dfc     3dfc        0     1                 doneseldrv6
    3e2a     3e2a        0     1                 errgetcurdrv7
    3e2e     3e2e        0     1                 donegetcurdrv7
    3e7f     3e7f        1     1         lto.tmp:(.text.escNOP)
    3e7f     3e7f        1     1                 escNOP
    3e80     3e80       e3     1         lto.tmp:(.text.cputc)
    3e80     3e80       e3     1                 cputc
    3f63     3f63       64     1         lto.tmp:(.text.cputhex)
    3f63     3f63       64     1                 cputhex
    3fc7     3fc7       df     1         lto.tmp:(.text.cputsxy)
    3fc7     3fc7       df     1                 cputsxy
    40a6     40a6       d2     1         lto.tmp:(.text.lcopy)
    40a6     40a6       d2     1                 lcopy
    4178     4178       88     1         lto.tmp:(.text.lfill)
    4178     4178       88     1                 lfill
    4200     4200       2d     1         lto.tmp:(.text.memcpy)
    4200     4200       2d     1                 memcpy
    422d     422d       1f     1         lto.tmp:(.text.__memset)
    422d     422d       1f     1                 __memset
    424c     424c       34     1         lto.tmp:(.text.strlen)
    424c     424c       34     1                 strlen
    4280     4280       13     1         lto.tmp:(.text.__ashlhi3)
    4280     4280       13     1                 __ashlhi3
    4293     4293       32     1         lto.tmp:(.text.__mulhi3)
    4293     4293       32     1                 __mulhi3
    42c5     42c5       da     1         lto.tmp:(.text.__udivmodhi4)
    42c5     42c5       da     1                 __udivmodhi4
    439f     439f        0     1         __init_array_start = .
    439f     439f        0     1         __init_array_end = .
    439f     439f        0     1         __fini_array_start = .
    439f     439f        0     1         __fini_array_end = .
    439f     439f       f6     1 .rodata
    439f     439f        1     1         F:\Entwicklungsprojekte\Mega65\llvm-mos\llvm-mos\bin/../mos-platform/common/lib\libcrt.a(const.S.obj):(.rodata)
    439f     439f        0     1                 __set_v
    43a0     43a0       f5     1         <internal>:(.rodata.str1.1)
    4495     4495        0     1 .data
    4495     4495        0     1         __data_start = .
    4495     4495        0     1         __data_end = .
    4495     4495        0     1 __data_load_start = LOADADDR ( .data )
    4495     4495        0     1 __data_size = SIZEOF ( .data )
    4495     4495      2fd     1 .bss
    4495     4495        0     1         __bss_start = .
    4495     4495      2fd     1         lto.tmp:(.bss.escapeCode)
    4495     4495      2fd     1                 escapeCode
    4792     4792        0     1         __bss_end = .
    4792     4792        0     1 __bss_size = SIZEOF ( .bss )
    4792     4792        1     1 .noinit
    4792     4792        1     1         F:\Entwicklungsprojekte\Mega65\llvm-mos\llvm-mos\bin/../mos-platform/commodore/lib\libcrt0.a(exit-return.c.obj):(.noinit)
    4793     4793        0     1         __heap_start = .
    4793     4793        0     1 __stack = 0xd000
       0        0       79     1 .comment
       0        0       79     1         <internal>:(.comment)
       0        0      7b0     4 .symtab
       0        0      7b0     4         <internal>:(.symtab)
       0        0       68     1 .shstrtab
       0        0       68     1         <internal>:(.shstrtab)
       0        0      50e     1 .strtab
       0        0      50e     1         <internal>:(.strtab)
