     VMA      LMA     Size Align Out     In      Symbol
       0        0        0     1 __basic_zp_start = 0x0002
       0        0        0     1 __basic_zp_end = 0x0090
       0        0        0     1 __rc0 = __basic_zp_start
       0        0        0     1 __rc1 = __rc0 + 1
       0        0        0     1 PROVIDE ( __rc2 = __rc1 + 1 )
       0        0        0     1 __rc3 = __rc2 + 1
       0        0        0     1 PROVIDE ( __rc4 = __rc3 + 1 )
       0        0        0     1 __rc5 = __rc4 + 1
       0        0        0     1 PROVIDE ( __rc6 = __rc5 + 1 )
       0        0        0     1 __rc7 = __rc6 + 1
       0        0        0     1 PROVIDE ( __rc8 = __rc7 + 1 )
       0        0        0     1 __rc9 = __rc8 + 1
       0        0        0     1 PROVIDE ( __rc10 = __rc9 + 1 )
       0        0        0     1 __rc11 = __rc10 + 1
       0        0        0     1 PROVIDE ( __rc12 = __rc11 + 1 )
       0        0        0     1 __rc13 = __rc12 + 1
       0        0        0     1 PROVIDE ( __rc14 = __rc13 + 1 )
       0        0        0     1 __rc15 = __rc14 + 1
       0        0        0     1 PROVIDE ( __rc16 = __rc15 + 1 )
       0        0        0     1 __rc17 = __rc16 + 1
       0        0        0     1 PROVIDE ( __rc18 = __rc17 + 1 )
       0        0        0     1 __rc19 = __rc18 + 1
       0        0        0     1 PROVIDE ( __rc20 = __rc19 + 1 )
       0        0        0     1 __rc21 = __rc20 + 1
       0        0        0     1 PROVIDE ( __rc22 = __rc21 + 1 )
       0        0        0     1 __rc23 = __rc22 + 1
       0        0        0     1 PROVIDE ( __rc24 = __rc23 + 1 )
       0        0        0     1 __rc25 = __rc24 + 1
       0        0        0     1 PROVIDE ( __rc26 = __rc25 + 1 )
       0        0        0     1 __rc27 = __rc26 + 1
       0        0        0     1 PROVIDE ( __rc28 = __rc27 + 1 )
       0        0        0     1 __rc29 = __rc28 + 1
       0        0        0     1 PROVIDE ( __rc30 = __rc29 + 1 )
       0        0        0     1 __rc31 = __rc30 + 1
    2001     2001       16     1 .basic_header
    2001     2001       16     1         F:\Entwicklungsprojekte\Mega65\llvm-mos\llvm-mos\bin/../mos-platform/mega65/lib\basic-header.o:(.basic_header)
    2015     2015        0     1                 next_line
      22     2017        6     1 .zp.data
      22     2017        0     1         __zp_data_start = .
      22     2017        5     1         lto.tmp:(.zp.rodata..Lswitch.table.asciitoscreencode)
      27     201c        1     1         lto.tmp:(.zp.data.g_curTextColor)
      27     201c        1     1                 g_curTextColor
      28     201d        0     1 __zp_data_load_start = LOADADDR ( .zp.data )
      28     201d        0     1 __zp_data_size = SIZEOF ( .zp.data )
      28       28       3f     1 .zp.bss
      28       28        0     1         __zp_bss_start = .
      28       28       28     1         lto.tmp:(.zp.bss.s)
      28       28       28     1                 s
      50       50        1     1         lto.tmp:(.zp.bss.g_curScreenW)
      50       50        1     1                 g_curScreenW
      51       51        1     1         lto.tmp:(.zp.bss.g_curX)
      51       51        1     1                 g_curX
      52       52        1     1         lto.tmp:(.zp.bss.g_curY)
      52       52        1     1                 g_curY
      53       53       14     1         lto.tmp:(.zp.bss.dmalist)
      53       53       14     1                 dmalist
      67       67        0     1 __zp_bss_size = SIZEOF ( .zp.bss )
      67       67       29     1 .zp
      67       67       29     1         lto.tmp:(.zp.noinit..Lzp_stack)
    201d     201d     4a04     1 .text
    201d     201d        0     1         _init = .
    201d     201d        0     1         _start = .
    201d     201d        e     1         F:\Entwicklungsprojekte\Mega65\llvm-mos\llvm-mos\bin/../mos-platform/mega65/lib\unmap-basic.o:(.init.010)
    202b     202b        8     1         F:\Entwicklungsprojekte\Mega65\llvm-mos\llvm-mos\bin/../mos-platform/commodore/lib\libcrt0.a(init-stack.S.obj):(.init.100)
    202b     202b        0     1                 __do_init_stack
    2033     2033        3     1         F:\Entwicklungsprojekte\Mega65\llvm-mos\llvm-mos\bin/../mos-platform/commodore/lib\libcrt0.a(zero-bss.c.obj):(.init.200)
    2033     2033        0     1                 __do_zero_bss
    2036     2036        3     1         F:\Entwicklungsprojekte\Mega65\llvm-mos\llvm-mos\bin/../mos-platform/commodore/lib\libcrt0.a(zero-zp-bss.c.obj):(.init.200)
    2036     2036        0     1                 __do_zero_zp_bss
    2039     2039        3     1         F:\Entwicklungsprojekte\Mega65\llvm-mos\llvm-mos\bin/../mos-platform/commodore/lib\libcrt0.a(copy-zp-data.c.obj):(.init.200)
    2039     2039        0     1                 __do_copy_zp_data
    203c     203c        3     1         F:\Entwicklungsprojekte\Mega65\llvm-mos\llvm-mos\bin/../mos-platform/common/lib\crt0.o:(.call_main)
    203f     203f        3     1         F:\Entwicklungsprojekte\Mega65\llvm-mos\llvm-mos\bin/../mos-platform/commodore/lib\libcrt0.a(exit-return.c.obj):(.after_main)
    203f     203f        0     1                 __after_main
    2042     2042        0     1         _fini = .
    2042     2042        a     1         F:\Entwicklungsprojekte\Mega65\llvm-mos\llvm-mos\bin/../mos-platform/mega65/lib\unmap-basic.o:(.fini.990)
    204c     204c        1     1         F:\Entwicklungsprojekte\Mega65\llvm-mos\llvm-mos\bin/../mos-platform/common/lib\crt0.o:(.fini_rts)
    204d     204d       79     1         C:\Users\SUPERU~1\AppData\Local\Temp\memory_asm-d14098.o:(.text)
    204d     204d        0     1                 fourbytes
    2051     2051        0     1                 lpstore
    206c     206c        0     1                 lprestore
    2087     2087        0     1                 lpoke
    20a8     20a8        0     1                 lpeek
    20c6     20c6        a     1         F:\Entwicklungsprojekte\Mega65\llvm-mos\llvm-mos\bin/../mos-platform/commodore/lib\libcrt0.a(exit-return.c.obj):(.text)
    20c6     20c6        a     1                 __exit_return
    20d0     20d0     146b     1         F:\Entwicklungsprojekte\Mega65\llvm-mos\llvm-mos\bin/../mos-platform/common/lib\libcrt.a(divmod-large.cc.obj):(.text)
    20d0     20d0      252     1                 __udivmodsi4
    2322     2322      5af     1                 __udivmoddi4
    28d1     28d1      399     1                 __divmodsi4
    2c6a     2c6a      8d1     1                 __divmoddi4
    353b     353b       13     1         F:\Entwicklungsprojekte\Mega65\llvm-mos\llvm-mos\bin/../mos-platform/commodore/lib\libcrt0.a(zero-bss.c.obj):(.text)
    353b     353b       13     1                 __zero_bss
    354e     354e       13     1         F:\Entwicklungsprojekte\Mega65\llvm-mos\llvm-mos\bin/../mos-platform/commodore/lib\libcrt0.a(zero-zp-bss.c.obj):(.text)
    354e     354e       13     1                 __zero_zp_bss
    3561     3561       17     1         F:\Entwicklungsprojekte\Mega65\llvm-mos\llvm-mos\bin/../mos-platform/commodore/lib\libcrt0.a(copy-zp-data.c.obj):(.text)
    3561     3561       17     1                 __copy_zp_data
    3578     3578     16e6     1         lto.tmp:(.text.main)
    3578     3578     16e6     1                 main
    3d5e     3d5e        0     1                 hypreaddirloop0
    3d76     3d76        0     1                 errhypreaddir0
    3d78     3d78        0     1                 donehypreaddir0
    3e2c     3e2c        0     1                 errgetcurdrv1
    3e30     3e30        0     1                 donegetcurdrv1
    3e4a     3e4a        0     1                 errhypopendir2
    3e4e     3e4e        0     1                 donehypopendir2
    3ee1     3ee1        0     1                 errhypsetnam3
    3ee5     3ee5        0     1                 donehypsetnam3
    3efe     3efe        0     1                 errhyp1att4
    3f02     3f02        0     1                 donehyp1att4
    3f75     3f75        0     1                 errhyp0att5
    3f79     3f79        0     1                 donehyp0att5
    4437     4437        0     1                 errhypclosedir6
    4439     4439        0     1                 donehypclosedir6
    4c5e     4c5e       90     1         lto.tmp:(.text.ReadSector)
    4c5e     4c5e       90     1                 ReadSector
    4cee     4cee      16f     1         lto.tmp:(.text.ShowAccess)
    4cee     4cee      16f     1                 ShowAccess
    4e5d     4e5d       5d     1         lto.tmp:(.text.GetOneSector)
    4e5d     4e5d       5d     1                 GetOneSector
    4eba     4eba       e4     1         lto.tmp:(.text.PutOneSector)
    4eba     4eba       e4     1                 PutOneSector
    4f9e     4f9e       39     1         lto.tmp:(.text.GetBAM)
    4f9e     4f9e       39     1                 GetBAM
    4fd7     4fd7       60     1         lto.tmp:(.text.PutBAM)
    4fd7     4fd7       60     1                 PutBAM
    5037     5037      10c     1         lto.tmp:(.text.readblockchain)
    5037     5037      10c     1                 readblockchain
    5143     5143      250     1         lto.tmp:(.text.BAMSectorUpdate)
    5143     5143      250     1                 BAMSectorUpdate
    5393     5393      151     1         lto.tmp:(.text.findnextBAMtracksector)
    5393     5393      151     1                 findnextBAMtracksector
    54e4     54e4       77     1         lto.tmp:(.text.tracksectorstring)
    54e4     54e4       77     1                 tracksectorstring
    555b     555b       cd     1         lto.tmp:(.text.getdirententry)
    555b     555b       cd     1                 getdirententry
    5628     5628       8e     1         lto.tmp:(.text.getdirent)
    5628     5628       8e     1                 getdirent
    56b6     56b6      124     1         lto.tmp:(.text.cputln)
    56b6     56b6      124     1                 cputln
    57da     57da       b3     1         lto.tmp:(.text.csputdec)
    57da     57da       b3     1                 csputdec
    588d     588d       51     1         lto.tmp:(.text.asciitoscreencode_s)
    588d     588d       51     1                 asciitoscreencode_s
    58de     58de       5f     1         lto.tmp:(.text.clrhome)
    58de     58de       5f     1                 clrhome
    593d     593d        e     1         lto.tmp:(.text.msprintf)
    593d     593d        e     1                 msprintf
    594b     594b       2b     1         lto.tmp:(.text.mprintf)
    594b     594b       2b     1                 mprintf
    5976     5976       3d     1         lto.tmp:(.text.mhprintf)
    5976     5976       3d     1                 mhprintf
    59b3     59b3       3d     1         lto.tmp:(.text.mh4printf)
    59b3     59b3       3d     1                 mh4printf
    59f0     59f0       16     1         lto.tmp:(.text.mcputsxy)
    59f0     59f0       16     1                 mcputsxy
    5a06     5a06      18f     1         lto.tmp:(.text.mcbox)
    5a06     5a06      18f     1                 mcbox
    5b95     5b95      10b     1         lto.tmp:(.text.messagebox)
    5b95     5b95      10b     1                 messagebox
    5ca0     5ca0       bc     1         lto.tmp:(.text.progress)
    5ca0     5ca0       bc     1                 progress
    5d5c     5d5c       41     1         lto.tmp:(.text.shortcutprint)
    5d5c     5d5c       41     1                 shortcutprint
    5d9d     5d9d      356     1         lto.tmp:(.text.shortcuts)
    5d9d     5d9d      356     1                 shortcuts
    60f3     60f3       29     1         lto.tmp:(.text.cgetcalt)
    60f3     60f3       29     1                 cgetcalt
    611c     611c      227     1         lto.tmp:(.text.UpdateSectors)
    611c     611c      227     1                 UpdateSectors
    6197     6197        0     1                 errgetproc7
    619b     619b        0     1                 donegetproc7
    6343     6343        1     1         lto.tmp:(.text.escNOP)
    6343     6343        1     1                 escNOP
    6344     6344       14     1         lto.tmp:(.text.getscreenaddr)
    6344     6344       14     1                 getscreenaddr
    6358     6358        9     1         lto.tmp:(.text.cputc)
    6358     6358        9     1                 cputc
    6361     6361       a5     1         lto.tmp:(.text.cputcxy)
    6361     6361       a5     1                 cputcxy
    6406     6406       74     1         lto.tmp:(.text.cputhex)
    6406     6406       74     1                 cputhex
    647a     647a        7     1         lto.tmp:(.text.cputs)
    647a     647a        7     1                 cputs
    6481     6481       dd     1         lto.tmp:(.text.cputsxy)
    6481     6481       dd     1                 cputsxy
    655e     655e       aa     1         lto.tmp:(.text.fillrect)
    655e     655e       aa     1                 fillrect
    6608     6608        9     1         lto.tmp:(.text.cgetc)
    6608     6608        9     1                 cgetc
    6611     6611       27     1         lto.tmp:(.text.do_dma)
    6611     6611       27     1                 do_dma
    6638     6638       67     1         lto.tmp:(.text.lcopy)
    6638     6638       67     1                 lcopy
    669f     669f       50     1         lto.tmp:(.text.lfill)
    669f     669f       50     1                 lfill
    66ef     66ef       4e     1         lto.tmp:(.text.usleep)
    66ef     66ef       4e     1                 usleep
    673d     673d       38     1         lto.tmp:(.text.strcpy)
    673d     673d       38     1                 strcpy
    6775     6775       34     1         lto.tmp:(.text.strlen)
    6775     6775       34     1                 strlen
    67a9     67a9       13     1         lto.tmp:(.text.__ashlhi3)
    67a9     67a9       13     1                 __ashlhi3
    67bc     67bc       1b     1         lto.tmp:(.text.__mulqi3)
    67bc     67bc       1b     1                 __mulqi3
    67d7     67d7       32     1         lto.tmp:(.text.__mulhi3)
    67d7     67d7       32     1                 __mulhi3
    6809     6809       70     1         lto.tmp:(.text.__mulsi3)
    6809     6809       70     1                 __mulsi3
    6879     6879       82     1         lto.tmp:(.text.__udivmodqi4)
    6879     6879       82     1                 __udivmodqi4
    68fb     68fb       da     1         lto.tmp:(.text.__udivmodhi4)
    68fb     68fb       da     1                 __udivmodhi4
    69d5     69d5       2d     1         lto.tmp:(.text.memcpy)
    69d5     69d5       2d     1                 memcpy
    6a02     6a02       1f     1         lto.tmp:(.text.__memset)
    6a02     6a02       1f     1                 __memset
    6a21     6a21        0     1         __init_array_start = .
    6a21     6a21        0     1         __init_array_end = .
    6a21     6a21        0     1         __fini_array_start = .
    6a21     6a21        0     1         __fini_array_end = .
    6a21     6a21      51e     1 .rodata
    6a21     6a21       14     1         lto.tmp:(.rodata.main)
    6a35     6a35      48f     1         <internal>:(.rodata.str1.1)
    6ec4     6ec4        c     1         <internal>:(.rodata.cst4)
    6ed0     6ed0       50     1         lto.tmp:(.rodata..L__const.findnextBAMtracksector.strategy)
    6f20     6f20        5     1         lto.tmp:(.rodata..Lswitch.table.gettype)
    6f25     6f25        5     1         lto.tmp:(.rodata..Lswitch.table.gettype.21)
    6f2a     6f2a        5     1         lto.tmp:(.rodata..Lswitch.table.gettype.22)
    6f2f     6f2f       10     1         <internal>:(.rodata.cst16)
    6f3f     6f3f        0     1 .data
    6f3f     6f3f        0     1         __data_start = .
    6f3f     6f3f        0     1         __data_end = .
    6f3f     6f3f        0     1 __data_load_start = LOADADDR ( .data )
    6f3f     6f3f        0     1 __data_size = SIZEOF ( .data )
    6f3f     6f3f      7b3     1 .bss
    6f3f     6f3f        0     1         __bss_start = .
    6f3f     6f3f        1     1         lto.tmp:(.bss.fnamehi)
    6f3f     6f3f        1     1                 fnamehi
    6f40     6f40      492     1         lto.tmp:(.bss.filelist)
    6f40     6f40      492     1                 filelist
    73d2     73d2       22     1         lto.tmp:(.bss.diskname)
    73d2     73d2       22     1                 diskname
    73f4     73f4        1     1         lto.tmp:(.bss.g_curScreenH)
    73f4     73f4        1     1                 g_curScreenH
    73f5     73f5      2fd     1         lto.tmp:(.bss.escapeCode)
    73f5     73f5      2fd     1                 escapeCode
    76f2     76f2        0     1         __bss_end = .
    76f2     76f2        0     1 __bss_size = SIZEOF ( .bss )
    76f2     76f2       18     1 .noinit
    76f2     76f2        1     1         F:\Entwicklungsprojekte\Mega65\llvm-mos\llvm-mos\bin/../mos-platform/commodore/lib\libcrt0.a(exit-return.c.obj):(.noinit)
    76f3     76f3       17     1         lto.tmp:(.noinit..Lstatic_stack)
    770a     770a        0     1         __heap_start = .
    770a     770a        0     1 __stack = 0xd000
       0        0       79     1 .comment
       0        0       79     1         <internal>:(.comment)
       0        0      a50     4 .symtab
       0        0      a50     4         <internal>:(.symtab)
       0        0       68     1 .shstrtab
       0        0       68     1         <internal>:(.shstrtab)
       0        0      6cb     1 .strtab
       0        0      6cb     1         <internal>:(.strtab)
