     VMA      LMA     Size Align Out     In      Symbol
       0        0        0     1 __basic_zp_start = 0x0002
       0        0        0     1 __basic_zp_end = 0x0090
       0        0        0     1 __rc0 = __basic_zp_start
       0        0        0     1 __rc1 = __rc0 + 1
       0        0        0     1 PROVIDE(__rc2 = __rc1 + 1)
       0        0        0     1 __rc3 = __rc2 + 1
       0        0        0     1 PROVIDE(__rc4 = __rc3 + 1)
       0        0        0     1 __rc5 = __rc4 + 1
       0        0        0     1 PROVIDE(__rc6 = __rc5 + 1)
       0        0        0     1 __rc7 = __rc6 + 1
       0        0        0     1 PROVIDE(__rc8 = __rc7 + 1)
       0        0        0     1 __rc9 = __rc8 + 1
       0        0        0     1 PROVIDE(__rc10 = __rc9 + 1)
       0        0        0     1 __rc11 = __rc10 + 1
       0        0        0     1 PROVIDE(__rc12 = __rc11 + 1)
       0        0        0     1 __rc13 = __rc12 + 1
       0        0        0     1 PROVIDE(__rc14 = __rc13 + 1)
       0        0        0     1 __rc15 = __rc14 + 1
       0        0        0     1 PROVIDE(__rc16 = __rc15 + 1)
       0        0        0     1 __rc17 = __rc16 + 1
       0        0        0     1 PROVIDE(__rc18 = __rc17 + 1)
       0        0        0     1 __rc19 = __rc18 + 1
       0        0        0     1 PROVIDE(__rc20 = __rc19 + 1)
       0        0        0     1 __rc21 = __rc20 + 1
       0        0        0     1 PROVIDE(__rc22 = __rc21 + 1)
       0        0        0     1 __rc23 = __rc22 + 1
       0        0        0     1 PROVIDE(__rc24 = __rc23 + 1)
       0        0        0     1 __rc25 = __rc24 + 1
       0        0        0     1 PROVIDE(__rc26 = __rc25 + 1)
       0        0        0     1 __rc27 = __rc26 + 1
       0        0        0     1 PROVIDE(__rc28 = __rc27 + 1)
       0        0        0     1 __rc29 = __rc28 + 1
       0        0        0     1 PROVIDE(__rc30 = __rc29 + 1)
       0        0        0     1 __rc31 = __rc30 + 1
    2001     2001       16     1 .basic_header
    2001     2001       16     1         F:\Entwicklungsprojekte\Mega65\llvm-mos\llvm-mos\bin/../mos-platform/mega65/lib\basic-header.o:(.basic_header)
    2015     2015        0     1                 next_line
      22     2017        a     1 .zp.data
      22     2017        0     1         __zp_data_start = .
      22     2017        a     1         midnightmega.prg.lto.o:(.zp.data)
      27     201c        4     1                 midnight
      2b     2020        1     1                 g_curTextColor
      2c     2021        0     1 __zp_data_load_start = LOADADDR(.zp.data)
      2c     2021        0     1 __zp_data_size = SIZEOF(.zp.data)
      2c       2c       1d     1 .zp.bss
      2c       2c        0     1         __zp_bss_start = .
      2c       2c       1d     1         midnightmega.prg.lto.o:(.zp.bss)
      2c       2c        1     1                 lastdrive
      2d       2d        1     1                 prevtrack
      2e       2e        1     1                 lastdoublesector
      2f       2f        1     1                 option.0
      30       30        1     1                 legacyHDOSstate
      31       31        1     1                 g_curScreenW
      32       32        1     1                 g_curScreenH
      33       33        1     1                 g_curX
      34       34        1     1                 g_curY
      35       35       14     1                 dmalist
      49       49        0     1 __zp_bss_size = SIZEOF(.zp.bss)
      49       49       47     1 .zp
      49       49       47     1         midnightmega.prg.lto.o:(.zp.noinit)
    2021     2021     661e     1 .text
    2021     2021        0     1         _init = .
    2021     2021        0     1         _start = .
    2021     2021        e     1         F:\Entwicklungsprojekte\Mega65\llvm-mos\llvm-mos\bin/../mos-platform/mega65/lib\unmap-basic.o:(.init.010)
    202f     202f        8     1         F:\Entwicklungsprojekte\Mega65\llvm-mos\llvm-mos\bin/../mos-platform/mega65/lib\libcrt0.a(init-stack.S.obj):(.init.100)
    202f     202f        0     1                 __do_init_stack
    2037     2037        3     1         F:\Entwicklungsprojekte\Mega65\llvm-mos\llvm-mos\bin/../mos-platform/mega65/lib\libcrt0.a(zero-bss.c.obj):(.init.200)
    2037     2037        0     1                 __do_zero_bss
    203a     203a        3     1         F:\Entwicklungsprojekte\Mega65\llvm-mos\llvm-mos\bin/../mos-platform/mega65/lib\libcrt0.a(zero-zp-bss.c.obj):(.init.200)
    203a     203a        0     1                 __do_zero_zp_bss
    203d     203d        3     1         F:\Entwicklungsprojekte\Mega65\llvm-mos\llvm-mos\bin/../mos-platform/mega65/lib\libcrt0.a(copy-zp-data.c.obj):(.init.200)
    203d     203d        0     1                 __do_copy_zp_data
    2040     2040        5     1         midnightmega.prg.lto.o:(.init.250)
    2040     2040        0     1                 shift
    2045     2045        3     1         F:\Entwicklungsprojekte\Mega65\llvm-mos\llvm-mos\bin/../mos-platform/common/lib\crt0.o:(.call_main)
    2048     2048        3     1         F:\Entwicklungsprojekte\Mega65\llvm-mos\llvm-mos\bin/../mos-platform/mega65/lib\libcrt0.a(exit-custom.S.obj):(.after_main)
    2048     2048        0     1                 __after_main
    204b     204b        0     1         _fini = .
    204b     204b        a     1         F:\Entwicklungsprojekte\Mega65\llvm-mos\llvm-mos\bin/../mos-platform/mega65/lib\unmap-basic.o:(.fini.990)
    2055     2055        1     1         F:\Entwicklungsprojekte\Mega65\llvm-mos\llvm-mos\bin/../mos-platform/common/lib\crt0.o:(.fini_rts)
    2056     2056       79     1         C:\Users\SUPERU~1\AppData\Local\Temp\memory_asm-10790d.o:(.text)
    2056     2056        0     1                 fourbytes
    205a     205a        0     1                 lpstore
    2075     2075        0     1                 lprestore
    2090     2090        0     1                 lpoke
    20b1     20b1        0     1                 lpeek
    20cf     20cf       13     1         F:\Entwicklungsprojekte\Mega65\llvm-mos\llvm-mos\bin/../mos-platform/mega65/lib\libcrt0.a(zero-bss.c.obj):(.text.__zero_bss)
    20cf     20cf       13     1                 __zero_bss
    20e2     20e2       13     1         F:\Entwicklungsprojekte\Mega65\llvm-mos\llvm-mos\bin/../mos-platform/mega65/lib\libcrt0.a(zero-zp-bss.c.obj):(.text.__zero_zp_bss)
    20e2     20e2       13     1                 __zero_zp_bss
    20f5     20f5       17     1         F:\Entwicklungsprojekte\Mega65\llvm-mos\llvm-mos\bin/../mos-platform/mega65/lib\libcrt0.a(copy-zp-data.c.obj):(.text.__copy_zp_data)
    20f5     20f5       17     1                 __copy_zp_data
    210c     210c       92     1         midnightmega.prg.lto.o:(.text.main)
    210c     210c       92     1                 main
    219e     219e       32     1         midnightmega.prg.lto.o:(.text.hyppo_setname)
    219e     219e       32     1                 hyppo_setname
    21ca     21ca        0     1                 errhypsetnam0
    21ce     21ce        0     1                 donehypsetnam0
    21d0     21d0       63     1         midnightmega.prg.lto.o:(.text.getsfn)
    21d0     21d0       63     1                 getsfn
    2233     2233      179     1         midnightmega.prg.lto.o:(.text.ShowAccess)
    2233     2233      179     1                 ShowAccess
    23ac     23ac       df     1         midnightmega.prg.lto.o:(.text.ReadSector)
    23ac     23ac       df     1                 ReadSector
    248b     248b       aa     1         midnightmega.prg.lto.o:(.text.WriteSector)
    248b     248b       aa     1                 WriteSector
    2535     2535       47     1         midnightmega.prg.lto.o:(.text.GetOneSector)
    2535     2535       47     1                 GetOneSector
    257c     257c       90     1         midnightmega.prg.lto.o:(.text.PutWholeSector)
    257c     257c       90     1                 PutWholeSector
    260c     260c       5d     1         midnightmega.prg.lto.o:(.text.PutOneSector)
    260c     260c       5d     1                 PutOneSector
    2669     2669       39     1         midnightmega.prg.lto.o:(.text.GetBAM)
    2669     2669       39     1                 GetBAM
    26a2     26a2       70     1         midnightmega.prg.lto.o:(.text.PutBAM)
    26a2     26a2       70     1                 PutBAM
    2712     2712       a2     1         midnightmega.prg.lto.o:(.text.readblockchain)
    2712     2712       a2     1                 readblockchain
    27b4     27b4      302     1         midnightmega.prg.lto.o:(.text.BAMSectorUpdate)
    27b4     27b4      302     1                 BAMSectorUpdate
    2ab6     2ab6       98     1         midnightmega.prg.lto.o:(.text.BAMSectorsFreeBlocks)
    2ab6     2ab6       98     1                 BAMSectorsFreeBlocks
    2b4e     2b4e      153     1         midnightmega.prg.lto.o:(.text.FreeTracks)
    2b4e     2b4e      153     1                 FreeTracks
    2ca1     2ca1      1e2     1         midnightmega.prg.lto.o:(.text.FormatPartition)
    2ca1     2ca1      1e2     1                 FormatPartition
    2e83     2e83      1a0     1         midnightmega.prg.lto.o:(.text.isallocatedBAMtracksector)
    2e83     2e83      1a0     1                 isallocatedBAMtracksector
    3023     3023      15e     1         midnightmega.prg.lto.o:(.text.findnextBAMtracksector)
    3023     3023      15e     1                 findnextBAMtracksector
    3181     3181       8c     1         midnightmega.prg.lto.o:(.text.tracksectorstring)
    3181     3181       8c     1                 tracksectorstring
    320d     320d      103     1         midnightmega.prg.lto.o:(.text.getdirententry)
    320d     320d      103     1                 getdirententry
    3310     3310      3ef     1         midnightmega.prg.lto.o:(.text.writenewdirententry)
    3310     3310      3ef     1                 writenewdirententry
    36ff     36ff      3b1     1         midnightmega.prg.lto.o:(.text.deletedirententry)
    36ff     36ff      3b1     1                 deletedirententry
    3ab0     3ab0       16     1         midnightmega.prg.lto.o:(.text.strcopy)
    3ab0     3ab0       16     1                 strcopy
    3ac6     3ac6       31     1         midnightmega.prg.lto.o:(.text.strmakefilename)
    3ac6     3ac6       31     1                 strmakefilename
    3af7     3af7       c6     1         midnightmega.prg.lto.o:(.text.csputdec)
    3af7     3af7       c6     1                 csputdec
    3bbd     3bbd       51     1         midnightmega.prg.lto.o:(.text.asciitoscreencode_s)
    3bbd     3bbd       51     1                 asciitoscreencode_s
    3c0e     3c0e       5e     1         midnightmega.prg.lto.o:(.text.clrhome)
    3c0e     3c0e       5e     1                 clrhome
    3c6c     3c6c        e     1         midnightmega.prg.lto.o:(.text.msprintf)
    3c6c     3c6c        e     1                 msprintf
    3c7a     3c7a       2b     1         midnightmega.prg.lto.o:(.text.mprintf)
    3c7a     3c7a       2b     1                 mprintf
    3ca5     3ca5       16     1         midnightmega.prg.lto.o:(.text.mcputsxy)
    3ca5     3ca5       16     1                 mcputsxy
    3cbb     3cbb      18b     1         midnightmega.prg.lto.o:(.text.mcbox)
    3cbb     3cbb      18b     1                 mcbox
    3e46     3e46      1a8     1         midnightmega.prg.lto.o:(.text.messagebox)
    3e46     3e46      1a8     1                 messagebox
    3fee     3fee       b0     1         midnightmega.prg.lto.o:(.text.progress)
    3fee     3fee       b0     1                 progress
    409e     409e      10a     1         midnightmega.prg.lto.o:(.text.inputbox)
    409e     409e      10a     1                 inputbox
    41a8     41a8       41     1         midnightmega.prg.lto.o:(.text.shortcutprint)
    41a8     41a8       41     1                 shortcutprint
    41e9     41e9      47f     1         midnightmega.prg.lto.o:(.text.shortcuts)
    41e9     41e9      47f     1                 shortcuts
    4668     4668       9f     1         midnightmega.prg.lto.o:(.text.optionstring)
    4668     4668       9f     1                 optionstring
    4707     4707      612     1         midnightmega.prg.lto.o:(.text.UpdateSectors)
    4707     4707      612     1                 UpdateSectors
    47ed     47ed        0     1                 errgetproc1
    47f1     47f1        0     1                 donegetproc1
    492f     492f        0     1                 errgetcurdrv2
    4933     4933        0     1                 donegetcurdrv2
    494c     494c        0     1                 errhypopendir3
    4950     4950        0     1                 donehypopendir3
    4a1d     4a1d        0     1                 hypreaddirloop4
    4a35     4a35        0     1                 errhypreaddir4
    4a37     4a37        0     1                 donehypreaddir4
    4c98     4c98        0     1                 errhypclosedir5
    4c9a     4c9a        0     1                 donehypclosedir5
    4d19     4d19       4b     1         midnightmega.prg.lto.o:(.text.Deselect)
    4d19     4d19       4b     1                 Deselect
    4d64     4d64      175     1         midnightmega.prg.lto.o:(.text.sizeselectcurrentifnone)
    4d64     4d64      175     1                 sizeselectcurrentifnone
    4ed9     4ed9     2aa8     1         midnightmega.prg.lto.o:(.text.navi)
    4ed9     4ed9     2aa8     1                 navi
    5b9f     5b9f        0     1                 errhypfindfirst6
    5ba1     5ba1        0     1                 donehypfindfirst6
    5bc0     5bc0        0     1                 errhypopenfile7
    5bc2     5bc2        0     1                 donehypopenfile7
    5bec     5bec        0     1                 errhypreadfile8
    5bf0     5bf0        0     1                 donehypreadfile8
    5c0f     5c0f        0     1                 errhypclosefile9
    5c13     5c13        0     1                 donehypclosefile9
    6861     6861        0     1                 errhypd81dosattach10
    6865     6865        0     1                 donehypd81dosattach10
    6989     6989        0     1                 errhypfindfirst11
    698b     698b        0     1                 donehypfindfirst11
    6ab4     6ab4        0     1                 errhypclosedir12
    6ab6     6ab6        0     1                 donehypclosedir12
    70ca     70ca        0     1                 errhypfindfirst13
    70cc     70cc        0     1                 donehypfindfirst13
    71c2     71c2        0     1                 errhyprmfile14
    71c6     71c6        0     1                 donehyprmfile14
    7281     7281        0     1                 errhyprmfile15
    7285     7285        0     1                 donehyprmfile15
    7295     7295        0     1                 errhypclosedir16
    7297     7297        0     1                 donehypclosedir16
    74c9     74c9        0     1                 errhypchdir17
    74cd     74cd        0     1                 donehypchdir17
    7644     7644        0     1                 errhypchdir18
    7648     7648        0     1                 donehypchdir18
    7726     7726        0     1                 errhyp1att19
    772a     772a        0     1                 donehyp1att19
    78fb     78fb        0     1                 errhyp0att20
    78ff     78ff        0     1                 donehyp0att20
    7958     7958        0     1                 errhypd81dosattach21
    795c     795c        0     1                 donehypd81dosattach21
    796e     796e        0     1                 errhypd81dosattach22
    7972     7972        0     1                 donehypd81dosattach22
    7981     7981       74     1         midnightmega.prg.lto.o:(.text.blockreadbyte)
    7981     7981       74     1                 blockreadbyte
    79f5     79f5      269     1         midnightmega.prg.lto.o:(.text.text)
    79f5     79f5      269     1                 text
    7c5e     7c5e       46     1         midnightmega.prg.lto.o:(.text.sidbong)
    7c5e     7c5e       46     1                 sidbong
    7ca4     7ca4        b     1         midnightmega.prg.lto.o:(.text.flushkeybuf)
    7ca4     7ca4        b     1                 flushkeybuf
    7caf     7caf       17     1         midnightmega.prg.lto.o:(.text.petsciitoscreencode)
    7caf     7caf       17     1                 petsciitoscreencode
    7cc6     7cc6        9     1         midnightmega.prg.lto.o:(.text.cputc)
    7cc6     7cc6        9     1                 cputc
    7ccf     7ccf       a1     1         midnightmega.prg.lto.o:(.text.cputcxy)
    7ccf     7ccf       a1     1                 cputcxy
    7d70     7d70        7     1         midnightmega.prg.lto.o:(.text.cputs)
    7d70     7d70        7     1                 cputs
    7d77     7d77       db     1         midnightmega.prg.lto.o:(.text.cputsxy)
    7d77     7d77       db     1                 cputsxy
    7e52     7e52       aa     1         midnightmega.prg.lto.o:(.text.fillrect)
    7e52     7e52       aa     1                 fillrect
    7efc     7efc        9     1         midnightmega.prg.lto.o:(.text.cgetc)
    7efc     7efc        9     1                 cgetc
    7f05     7f05       27     1         midnightmega.prg.lto.o:(.text.do_dma)
    7f05     7f05       27     1                 do_dma
    7f2c     7f2c       67     1         midnightmega.prg.lto.o:(.text.lcopy)
    7f2c     7f2c       67     1                 lcopy
    7f93     7f93       50     1         midnightmega.prg.lto.o:(.text.lfill)
    7f93     7f93       50     1                 lfill
    7fe3     7fe3       5c     1         midnightmega.prg.lto.o:(.text.usleep)
    7fe3     7fe3       5c     1                 usleep
    803f     803f        5     1         midnightmega.prg.lto.o:(.text.exit)
    803f     803f        5     1                 exit
    8044     8044       d9     1         midnightmega.prg.lto.o:(.text.atoi)
    8044     8044       d9     1                 atoi
    811d     811d       3e     1         midnightmega.prg.lto.o:(.text.strcpy)
    811d     811d       3e     1                 strcpy
    815b     815b       3c     1         midnightmega.prg.lto.o:(.text.strlen)
    815b     815b       3c     1                 strlen
    8197     8197        b     1         midnightmega.prg.lto.o:(.text.__ashlqi3)
    8197     8197        b     1                 __ashlqi3
    81a2     81a2       13     1         midnightmega.prg.lto.o:(.text.__ashlhi3)
    81a2     81a2       13     1                 __ashlhi3
    81b5     81b5       32     1         midnightmega.prg.lto.o:(.text.__mulhi3)
    81b5     81b5       32     1                 __mulhi3
    81e7     81e7       c1     1         midnightmega.prg.lto.o:(.text.__udivhi3)
    81e7     81e7       c1     1                 __udivhi3
    82a8     82a8       45     1         midnightmega.prg.lto.o:(.text.__umodqi3)
    82a8     82a8       45     1                 __umodqi3
    82ed     82ed       70     1         midnightmega.prg.lto.o:(.text.__udivmodqi4)
    82ed     82ed       70     1                 __udivmodqi4
    835d     835d       dc     1         midnightmega.prg.lto.o:(.text.__udivmodhi4)
    835d     835d       dc     1                 __udivmodhi4
    8439     8439      1ba     1         midnightmega.prg.lto.o:(.text.__udivmodsi4)
    8439     8439      1ba     1                 __udivmodsi4
    85f3     85f3       2c     1         midnightmega.prg.lto.o:(.text.memcpy)
    85f3     85f3       2c     1                 memcpy
    861f     861f       20     1         midnightmega.prg.lto.o:(.text.__memset)
    861f     861f       20     1                 __memset
    863f     863f        0     1         __init_array_start = .
    863f     863f        0     1         __init_array_end = .
    863f     863f        0     1         __fini_array_start = .
    863f     863f        0     1         __fini_array_end = .
    863f     863f      b6f     1 .rodata
    863f     863f       7e     1         midnightmega.prg.lto.o:(.rodata.navi)
    86bd     86bd       16     1         midnightmega.prg.lto.o:(.rodata.text)
    86d3     86d3      a73     1         <internal>:(.rodata.str1.1)
    9146     9146        8     1         <internal>:(.rodata.cst4)
    914e     914e       50     1         midnightmega.prg.lto.o:(.rodata..L__const.findnextBAMtracksector.strategy)
    919e     919e       10     1         <internal>:(.rodata.cst16)
    91ae     91ae        0     1 .data
    91ae     91ae        0     1         __data_start = .
    91ae     91ae        0     1         __data_end = .
    91ae     91ae        0     1 __data_load_start = LOADADDR(.data)
    91ae     91ae        0     1 __data_size = SIZEOF(.data)
    91ae     91ae      2c3     1 .bss
    91ae     91ae        0     1         __bss_start = .
    91ae     91ae        1     1         midnightmega.prg.lto.o:(.bss.fnamehi.2)
    91ae     91ae        1     1                 fnamehi.2
    91af     91af       20     1         midnightmega.prg.lto.o:(.bss.direntryblock2)
    91af     91af       20     1                 direntryblock2
    91cf     91cf       50     1         midnightmega.prg.lto.o:(.bss.s)
    91cf     91cf       50     1                 s
    921f     921f      1f0     1         midnightmega.prg.lto.o:(.bss.direntflags)
    921f     921f      1f0     1                 direntflags
    940f     940f       22     1         midnightmega.prg.lto.o:(.bss.disknames)
    940f     940f       22     1                 disknames
    9431     9431       40     1         midnightmega.prg.lto.o:(.bss.lfnname)
    9431     9431       40     1                 lfnname
    9471     9471        0     1         __bss_end = .
    9471     9471        0     1 __bss_size = SIZEOF(.bss)
    9471     9471       10     1 .noinit
    9471     9471       10     1         midnightmega.prg.lto.o:(.noinit..Lstatic_stack)
    9481     9481        0     1         __heap_start = ALIGN(., 2)
    9481     9481        0     1 __stack = 0xd000
       0        0       cc     1 .comment
       0        0       cc     1         <internal>:(.comment)
       0        0     12c0     4 .symtab
       0        0     12c0     4         <internal>:(.symtab)
       0        0       68     1 .shstrtab
       0        0       68     1         <internal>:(.shstrtab)
       0        0      c68     1 .strtab
       0        0      c68     1         <internal>:(.strtab)
