     VMA      LMA     Size Align Out     In      Symbol
       0        0        0     1 __basic_zp_start = 0x0002
       0        0        0     1 __basic_zp_end = 0x0090
       0        0        0     1 __rc0 = __basic_zp_start
       0        0        0     1 __rc1 = __rc0 + 1
       0        0        0     1 PROVIDE ( __rc2 = __rc1 + 1 )
       0        0        0     1 __rc3 = __rc2 + 1
       0        0        0     1 PROVIDE ( __rc4 = __rc3 + 1 )
       0        0        0     1 __rc5 = __rc4 + 1
       0        0        0     1 PROVIDE ( __rc6 = __rc5 + 1 )
       0        0        0     1 __rc7 = __rc6 + 1
       0        0        0     1 PROVIDE ( __rc8 = __rc7 + 1 )
       0        0        0     1 __rc9 = __rc8 + 1
       0        0        0     1 PROVIDE ( __rc10 = __rc9 + 1 )
       0        0        0     1 __rc11 = __rc10 + 1
       0        0        0     1 PROVIDE ( __rc12 = __rc11 + 1 )
       0        0        0     1 __rc13 = __rc12 + 1
       0        0        0     1 PROVIDE ( __rc14 = __rc13 + 1 )
       0        0        0     1 __rc15 = __rc14 + 1
       0        0        0     1 PROVIDE ( __rc16 = __rc15 + 1 )
       0        0        0     1 __rc17 = __rc16 + 1
       0        0        0     1 PROVIDE ( __rc18 = __rc17 + 1 )
       0        0        0     1 __rc19 = __rc18 + 1
       0        0        0     1 PROVIDE ( __rc20 = __rc19 + 1 )
       0        0        0     1 __rc21 = __rc20 + 1
       0        0        0     1 PROVIDE ( __rc22 = __rc21 + 1 )
       0        0        0     1 __rc23 = __rc22 + 1
       0        0        0     1 PROVIDE ( __rc24 = __rc23 + 1 )
       0        0        0     1 __rc25 = __rc24 + 1
       0        0        0     1 PROVIDE ( __rc26 = __rc25 + 1 )
       0        0        0     1 __rc27 = __rc26 + 1
       0        0        0     1 PROVIDE ( __rc28 = __rc27 + 1 )
       0        0        0     1 __rc29 = __rc28 + 1
       0        0        0     1 PROVIDE ( __rc30 = __rc29 + 1 )
       0        0        0     1 __rc31 = __rc30 + 1
    2001     2001       16     1 .basic_header
    2001     2001       16     1         F:\Entwicklungsprojekte\Mega65\llvm-mos\llvm-mos\bin/../mos-platform/mega65/lib\basic-header.o:(.basic_header)
    2015     2015        0     1                 next_line
      22     2017        a     1 .zp.data
      22     2017        0     1         __zp_data_start = .
      22     2017        a     1         midnightmega.prg.lto.o:(.zp.data)
      27     201c        4     1                 midnight
      2b     2020        1     1                 g_curTextColor
      2c     2021        0     1 __zp_data_load_start = LOADADDR ( .zp.data )
      2c     2021        0     1 __zp_data_size = SIZEOF ( .zp.data )
      2c       2c       1a     1 .zp.bss
      2c       2c        0     1         __zp_bss_start = .
      2c       2c       1a     1         midnightmega.prg.lto.o:(.zp.bss)
      2c       2c        1     1                 fnamehi
      2d       2d        1     1                 option.0
      2e       2e        1     1                 g_curScreenW
      2f       2f        1     1                 g_curScreenH
      30       30        1     1                 g_curX
      31       31        1     1                 g_curY
      32       32       14     1                 dmalist
      46       46        0     1 __zp_bss_size = SIZEOF ( .zp.bss )
      46       46       3d     1 .zp
      46       46       3d     1         midnightmega.prg.lto.o:(.zp.noinit)
    2021     2021     4aed     1 .text
    2021     2021        0     1         _init = .
    2021     2021        0     1         _start = .
    2021     2021        e     1         F:\Entwicklungsprojekte\Mega65\llvm-mos\llvm-mos\bin/../mos-platform/mega65/lib\unmap-basic.o:(.init.010)
    202f     202f        8     1         F:\Entwicklungsprojekte\Mega65\llvm-mos\llvm-mos\bin/../mos-platform/mega65/lib\libcrt0.a(init-stack.S.obj):(.init.100)
    202f     202f        0     1                 __do_init_stack
    2037     2037        3     1         F:\Entwicklungsprojekte\Mega65\llvm-mos\llvm-mos\bin/../mos-platform/mega65/lib\libcrt0.a(zero-bss.c.obj):(.init.200)
    2037     2037        0     1                 __do_zero_bss
    203a     203a        3     1         F:\Entwicklungsprojekte\Mega65\llvm-mos\llvm-mos\bin/../mos-platform/mega65/lib\libcrt0.a(zero-zp-bss.c.obj):(.init.200)
    203a     203a        0     1                 __do_zero_zp_bss
    203d     203d        3     1         F:\Entwicklungsprojekte\Mega65\llvm-mos\llvm-mos\bin/../mos-platform/mega65/lib\libcrt0.a(copy-zp-data.c.obj):(.init.200)
    203d     203d        0     1                 __do_copy_zp_data
    2040     2040        5     1         midnightmega.prg.lto.o:(.init.250)
    2040     2040        0     1                 shift
    2045     2045        3     1         F:\Entwicklungsprojekte\Mega65\llvm-mos\llvm-mos\bin/../mos-platform/common/lib\crt0.o:(.call_main)
    2048     2048        3     1         F:\Entwicklungsprojekte\Mega65\llvm-mos\llvm-mos\bin/../mos-platform/mega65/lib\libcrt0.a(exit-return.c.obj):(.after_main)
    2048     2048        0     1                 __after_main
    204b     204b        0     1         _fini = .
    204b     204b        a     1         F:\Entwicklungsprojekte\Mega65\llvm-mos\llvm-mos\bin/../mos-platform/mega65/lib\unmap-basic.o:(.fini.990)
    2055     2055        1     1         F:\Entwicklungsprojekte\Mega65\llvm-mos\llvm-mos\bin/../mos-platform/common/lib\crt0.o:(.fini_rts)
    2056     2056       79     1         C:\Users\SUPERU~1\AppData\Local\Temp\memory_asm-555f2e.o:(.text)
    2056     2056        0     1                 fourbytes
    205a     205a        0     1                 lpstore
    2075     2075        0     1                 lprestore
    2090     2090        0     1                 lpoke
    20b1     20b1        0     1                 lpeek
    20cf     20cf        a     1         F:\Entwicklungsprojekte\Mega65\llvm-mos\llvm-mos\bin/../mos-platform/mega65/lib\libcrt0.a(exit-return.c.obj):(.text.__exit_return)
    20cf     20cf        a     1                 __exit_return
    20d9     20d9       13     1         F:\Entwicklungsprojekte\Mega65\llvm-mos\llvm-mos\bin/../mos-platform/mega65/lib\libcrt0.a(zero-bss.c.obj):(.text.__zero_bss)
    20d9     20d9       13     1                 __zero_bss
    20ec     20ec       13     1         F:\Entwicklungsprojekte\Mega65\llvm-mos\llvm-mos\bin/../mos-platform/mega65/lib\libcrt0.a(zero-zp-bss.c.obj):(.text.__zero_zp_bss)
    20ec     20ec       13     1                 __zero_zp_bss
    20ff     20ff       17     1         F:\Entwicklungsprojekte\Mega65\llvm-mos\llvm-mos\bin/../mos-platform/mega65/lib\libcrt0.a(copy-zp-data.c.obj):(.text.__copy_zp_data)
    20ff     20ff       17     1                 __copy_zp_data
    2116     2116     2348     1         midnightmega.prg.lto.o:(.text.main)
    2116     2116     2348     1                 main
    30f1     30f1        0     1                 errhyp1att0
    30f5     30f5        0     1                 donehyp1att0
    3b18     3b18        0     1                 errhypchdir1
    3b1c     3b1c        0     1                 donehypchdir1
    3b6d     3b6d        0     1                 errhypchdir2
    3b71     3b71        0     1                 donehypchdir2
    41b7     41b7        0     1                 errhyp0att3
    41bb     41bb        0     1                 donehyp0att3
    43c0     43c0        0     1                 errhypd81detach4
    43c4     43c4        0     1                 donehypd81detach4
    445e     445e       30     1         midnightmega.prg.lto.o:(.text.hyppo_setname)
    445e     445e       30     1                 hyppo_setname
    4488     4488        0     1                 errhypsetnam5
    448c     448c        0     1                 donehypsetnam5
    448e     448e       63     1         midnightmega.prg.lto.o:(.text.getsfn)
    448e     448e       63     1                 getsfn
    44f1     44f1      175     1         midnightmega.prg.lto.o:(.text.ShowAccess)
    44f1     44f1      175     1                 ShowAccess
    4666     4666       9e     1         midnightmega.prg.lto.o:(.text.ReadSector)
    4666     4666       9e     1                 ReadSector
    4704     4704       43     1         midnightmega.prg.lto.o:(.text.GetOneSector)
    4704     4704       43     1                 GetOneSector
    4747     4747       e2     1         midnightmega.prg.lto.o:(.text.PutOneSector)
    4747     4747       e2     1                 PutOneSector
    4829     4829       39     1         midnightmega.prg.lto.o:(.text.GetBAM)
    4829     4829       39     1                 GetBAM
    4862     4862       5c     1         midnightmega.prg.lto.o:(.text.PutBAM)
    4862     4862       5c     1                 PutBAM
    48be     48be       9a     1         midnightmega.prg.lto.o:(.text.readblockchain)
    48be     48be       9a     1                 readblockchain
    4958     4958      302     1         midnightmega.prg.lto.o:(.text.BAMSectorUpdate)
    4958     4958      302     1                 BAMSectorUpdate
    4c5a     4c5a      1a0     1         midnightmega.prg.lto.o:(.text.isallocatedBAMtracksector)
    4c5a     4c5a      1a0     1                 isallocatedBAMtracksector
    4dfa     4dfa      119     1         midnightmega.prg.lto.o:(.text.findnextBAMtracksector)
    4dfa     4dfa      119     1                 findnextBAMtracksector
    4f13     4f13       8c     1         midnightmega.prg.lto.o:(.text.tracksectorstring)
    4f13     4f13       8c     1                 tracksectorstring
    4f9f     4f9f       e0     1         midnightmega.prg.lto.o:(.text.getdirententry)
    4f9f     4f9f       e0     1                 getdirententry
    507f     507f       14     1         midnightmega.prg.lto.o:(.text.strcopy)
    507f     507f       14     1                 strcopy
    5093     5093       c6     1         midnightmega.prg.lto.o:(.text.csputdec)
    5093     5093       c6     1                 csputdec
    5159     5159       51     1         midnightmega.prg.lto.o:(.text.asciitoscreencode_s)
    5159     5159       51     1                 asciitoscreencode_s
    51aa     51aa       5e     1         midnightmega.prg.lto.o:(.text.clrhome)
    51aa     51aa       5e     1                 clrhome
    5208     5208        e     1         midnightmega.prg.lto.o:(.text.msprintf)
    5208     5208        e     1                 msprintf
    5216     5216       16     1         midnightmega.prg.lto.o:(.text.mcputsxy)
    5216     5216       16     1                 mcputsxy
    522c     522c      18b     1         midnightmega.prg.lto.o:(.text.mcbox)
    522c     522c      18b     1                 mcbox
    53b7     53b7      15b     1         midnightmega.prg.lto.o:(.text.messagebox)
    53b7     53b7      15b     1                 messagebox
    5512     5512       c0     1         midnightmega.prg.lto.o:(.text.progress)
    5512     5512       c0     1                 progress
    55d2     55d2       41     1         midnightmega.prg.lto.o:(.text.shortcutprint)
    55d2     55d2       41     1                 shortcutprint
    5613     5613      388     1         midnightmega.prg.lto.o:(.text.shortcuts)
    5613     5613      388     1                 shortcuts
    599b     599b       9f     1         midnightmega.prg.lto.o:(.text.optionstring)
    599b     599b       9f     1                 optionstring
    5a3a     5a3a      665     1         midnightmega.prg.lto.o:(.text.UpdateSectors)
    5a3a     5a3a      665     1                 UpdateSectors
    5b36     5b36        0     1                 errgetproc6
    5b3a     5b3a        0     1                 donegetproc6
    5c74     5c74        0     1                 errgetcurdrv7
    5c78     5c78        0     1                 donegetcurdrv7
    5c91     5c91        0     1                 errhypopendir8
    5c95     5c95        0     1                 donehypopendir8
    5d3b     5d3b        0     1                 hypreaddirloop9
    5d53     5d53        0     1                 errhypreaddir9
    5d55     5d55        0     1                 donehypreaddir9
    6019     6019        0     1                 errhypclosedir10
    601b     601b        0     1                 donehypclosedir10
    609f     609f       46     1         midnightmega.prg.lto.o:(.text.Deselect)
    609f     609f       46     1                 Deselect
    60e5     60e5      147     1         midnightmega.prg.lto.o:(.text.sizeselectcurrentifnone)
    60e5     60e5      147     1                 sizeselectcurrentifnone
    622c     622c       46     1         midnightmega.prg.lto.o:(.text.sidbong)
    622c     622c       46     1                 sidbong
    6272     6272        1     1         midnightmega.prg.lto.o:(.text.escNOP)
    6272     6272        1     1                 escNOP
    6273     6273        9     1         midnightmega.prg.lto.o:(.text.cputc)
    6273     6273        9     1                 cputc
    627c     627c       a1     1         midnightmega.prg.lto.o:(.text.cputcxy)
    627c     627c       a1     1                 cputcxy
    631d     631d        7     1         midnightmega.prg.lto.o:(.text.cputs)
    631d     631d        7     1                 cputs
    6324     6324       db     1         midnightmega.prg.lto.o:(.text.cputsxy)
    6324     6324       db     1                 cputsxy
    63ff     63ff       aa     1         midnightmega.prg.lto.o:(.text.fillrect)
    63ff     63ff       aa     1                 fillrect
    64a9     64a9        9     1         midnightmega.prg.lto.o:(.text.cgetc)
    64a9     64a9        9     1                 cgetc
    64b2     64b2       27     1         midnightmega.prg.lto.o:(.text.do_dma)
    64b2     64b2       27     1                 do_dma
    64d9     64d9       67     1         midnightmega.prg.lto.o:(.text.lcopy)
    64d9     64d9       67     1                 lcopy
    6540     6540       50     1         midnightmega.prg.lto.o:(.text.lfill)
    6540     6540       50     1                 lfill
    6590     6590       5c     1         midnightmega.prg.lto.o:(.text.usleep)
    6590     6590       5c     1                 usleep
    65ec     65ec       3e     1         midnightmega.prg.lto.o:(.text.strcpy)
    65ec     65ec       3e     1                 strcpy
    662a     662a       3c     1         midnightmega.prg.lto.o:(.text.strlen)
    662a     662a       3c     1                 strlen
    6666     6666        b     1         midnightmega.prg.lto.o:(.text.__ashlqi3)
    6666     6666        b     1                 __ashlqi3
    6671     6671       13     1         midnightmega.prg.lto.o:(.text.__ashlhi3)
    6671     6671       13     1                 __ashlhi3
    6684     6684       32     1         midnightmega.prg.lto.o:(.text.__mulhi3)
    6684     6684       32     1                 __mulhi3
    66b6     66b6       c1     1         midnightmega.prg.lto.o:(.text.__udivhi3)
    66b6     66b6       c1     1                 __udivhi3
    6777     6777       45     1         midnightmega.prg.lto.o:(.text.__umodqi3)
    6777     6777       45     1                 __umodqi3
    67bc     67bc       70     1         midnightmega.prg.lto.o:(.text.__udivmodqi4)
    67bc     67bc       70     1                 __udivmodqi4
    682c     682c       dc     1         midnightmega.prg.lto.o:(.text.__udivmodhi4)
    682c     682c       dc     1                 __udivmodhi4
    6908     6908       2c     1         midnightmega.prg.lto.o:(.text.memcpy)
    6908     6908       2c     1                 memcpy
    6934     6934       20     1         midnightmega.prg.lto.o:(.text.__memset)
    6934     6934       20     1                 __memset
    6954     6954      1ba     1         midnightmega.prg.lto.o:(.text.__udivmodsi4)
    6954     6954      1ba     1                 __udivmodsi4
    6b0e     6b0e        0     1         __init_array_start = .
    6b0e     6b0e        0     1         __init_array_end = .
    6b0e     6b0e        0     1         __fini_array_start = .
    6b0e     6b0e        0     1         __fini_array_end = .
    6b0e     6b0e      a79     1 .rodata
    6b0e     6b0e       70     1         midnightmega.prg.lto.o:(.rodata.main)
    6b7e     6b7e      9a1     1         <internal>:(.rodata.str1.1)
    751f     751f        8     1         <internal>:(.rodata.cst4)
    7527     7527       50     1         midnightmega.prg.lto.o:(.rodata..L__const.findnextBAMtracksector.strategy)
    7577     7577       10     1         <internal>:(.rodata.cst16)
    7587     7587        0     1 .data
    7587     7587        0     1         __data_start = .
    7587     7587        0     1         __data_end = .
    7587     7587        0     1 __data_load_start = LOADADDR ( .data )
    7587     7587        0     1 __data_size = SIZEOF ( .data )
    7587     7587      4b0     1 .bss
    7587     7587        0     1         __bss_start = .
    7587     7587       21     1         midnightmega.prg.lto.o:(.bss.direntryblock2)
    7587     7587       21     1                 direntryblock2
    75a8     75a8       50     1         midnightmega.prg.lto.o:(.bss.s)
    75a8     75a8       50     1                 s
    75f8     75f8       e0     1         midnightmega.prg.lto.o:(.bss.direntflags)
    75f8     75f8       e0     1                 direntflags
    76d8     76d8       22     1         midnightmega.prg.lto.o:(.bss.diskname)
    76d8     76d8       22     1                 diskname
    76fa     76fa       40     1         midnightmega.prg.lto.o:(.bss.lfnname)
    76fa     76fa       40     1                 lfnname
    773a     773a      2fd     1         midnightmega.prg.lto.o:(.bss.escapeCode)
    773a     773a      2fd     1                 escapeCode
    7a37     7a37        0     1         __bss_end = .
    7a37     7a37        0     1 __bss_size = SIZEOF ( .bss )
    7a37     7a37        1     1 .noinit
    7a37     7a37        1     1         F:\Entwicklungsprojekte\Mega65\llvm-mos\llvm-mos\bin/../mos-platform/mega65/lib\libcrt0.a(exit-return.c.obj):(.noinit..Lstatic_stack)
    7a38     7a38        0     1         __heap_start = ALIGN ( . , 2 )
    7a38     7a38        0     1 __stack = 0xd000
       0        0       7c     1 .comment
       0        0       7c     1         <internal>:(.comment)
       0        0     1040     4 .symtab
       0        0     1040     4         <internal>:(.symtab)
       0        0       68     1 .shstrtab
       0        0       68     1         <internal>:(.shstrtab)
       0        0      9d7     1 .strtab
       0        0      9d7     1         <internal>:(.strtab)
