     VMA      LMA     Size Align Out     In      Symbol
       0        0        0     1 __basic_zp_start = 0x0002
       0        0        0     1 __basic_zp_end = 0x0090
       0        0        0     1 __rc0 = __basic_zp_start
       0        0        0     1 __rc1 = __rc0 + 1
       0        0        0     1 PROVIDE(__rc2 = __rc1 + 1)
       0        0        0     1 __rc3 = __rc2 + 1
       0        0        0     1 PROVIDE(__rc4 = __rc3 + 1)
       0        0        0     1 __rc5 = __rc4 + 1
       0        0        0     1 PROVIDE(__rc6 = __rc5 + 1)
       0        0        0     1 __rc7 = __rc6 + 1
       0        0        0     1 PROVIDE(__rc8 = __rc7 + 1)
       0        0        0     1 __rc9 = __rc8 + 1
       0        0        0     1 PROVIDE(__rc10 = __rc9 + 1)
       0        0        0     1 __rc11 = __rc10 + 1
       0        0        0     1 PROVIDE(__rc12 = __rc11 + 1)
       0        0        0     1 __rc13 = __rc12 + 1
       0        0        0     1 PROVIDE(__rc14 = __rc13 + 1)
       0        0        0     1 __rc15 = __rc14 + 1
       0        0        0     1 PROVIDE(__rc16 = __rc15 + 1)
       0        0        0     1 __rc17 = __rc16 + 1
       0        0        0     1 PROVIDE(__rc18 = __rc17 + 1)
       0        0        0     1 __rc19 = __rc18 + 1
       0        0        0     1 PROVIDE(__rc20 = __rc19 + 1)
       0        0        0     1 __rc21 = __rc20 + 1
       0        0        0     1 PROVIDE(__rc22 = __rc21 + 1)
       0        0        0     1 __rc23 = __rc22 + 1
       0        0        0     1 PROVIDE(__rc24 = __rc23 + 1)
       0        0        0     1 __rc25 = __rc24 + 1
       0        0        0     1 PROVIDE(__rc26 = __rc25 + 1)
       0        0        0     1 __rc27 = __rc26 + 1
       0        0        0     1 PROVIDE(__rc28 = __rc27 + 1)
       0        0        0     1 __rc29 = __rc28 + 1
       0        0        0     1 PROVIDE(__rc30 = __rc29 + 1)
       0        0        0     1 __rc31 = __rc30 + 1
    2001     2001       16     1 .basic_header
    2001     2001       16     1         F:\Entwicklungsprojekte\Mega65\llvm-mos\llvm-mos\bin/../mos-platform/mega65/lib\basic-header.o:(.basic_header)
    2015     2015        0     1                 next_line
      22     2017        a     1 .zp.data
      22     2017        0     1         __zp_data_start = .
      22     2017        a     1         midnightmega.prg.lto.o:(.zp.data)
      27     201c        4     1                 midnight
      2b     2020        1     1                 g_curTextColor
      2c     2021        0     1 __zp_data_load_start = LOADADDR(.zp.data)
      2c     2021        0     1 __zp_data_size = SIZEOF(.zp.data)
      2c       2c       1c     1 .zp.bss
      2c       2c        0     1         __zp_bss_start = .
      2c       2c       1c     1         midnightmega.prg.lto.o:(.zp.bss)
      2c       2c        1     1                 lastdrive
      2d       2d        1     1                 prevtrack
      2e       2e        1     1                 lastdoublesector
      2f       2f        1     1                 option.0
      30       30        1     1                 g_curScreenW
      31       31        1     1                 g_curScreenH
      32       32        1     1                 g_curX
      33       33        1     1                 g_curY
      34       34       14     1                 dmalist
      48       48        0     1 __zp_bss_size = SIZEOF(.zp.bss)
      48       48       48     1 .zp
      48       48       48     1         midnightmega.prg.lto.o:(.zp.noinit)
    2021     2021     70e4     1 .text
    2021     2021        0     1         _init = .
    2021     2021        0     1         _start = .
    2021     2021        e     1         F:\Entwicklungsprojekte\Mega65\llvm-mos\llvm-mos\bin/../mos-platform/mega65/lib\unmap-basic.o:(.init.010)
    202f     202f        8     1         F:\Entwicklungsprojekte\Mega65\llvm-mos\llvm-mos\bin/../mos-platform/mega65/lib\libcrt0.a(init-stack.S.obj):(.init.100)
    202f     202f        0     1                 __do_init_stack
    2037     2037        3     1         F:\Entwicklungsprojekte\Mega65\llvm-mos\llvm-mos\bin/../mos-platform/mega65/lib\libcrt0.a(zero-bss.c.obj):(.init.200)
    2037     2037        0     1                 __do_zero_bss
    203a     203a        3     1         F:\Entwicklungsprojekte\Mega65\llvm-mos\llvm-mos\bin/../mos-platform/mega65/lib\libcrt0.a(zero-zp-bss.c.obj):(.init.200)
    203a     203a        0     1                 __do_zero_zp_bss
    203d     203d        3     1         F:\Entwicklungsprojekte\Mega65\llvm-mos\llvm-mos\bin/../mos-platform/mega65/lib\libcrt0.a(copy-zp-data.c.obj):(.init.200)
    203d     203d        0     1                 __do_copy_zp_data
    2040     2040        5     1         midnightmega.prg.lto.o:(.init.250)
    2040     2040        0     1                 shift
    2045     2045        3     1         F:\Entwicklungsprojekte\Mega65\llvm-mos\llvm-mos\bin/../mos-platform/common/lib\crt0.o:(.call_main)
    2048     2048        3     1         F:\Entwicklungsprojekte\Mega65\llvm-mos\llvm-mos\bin/../mos-platform/mega65/lib\libcrt0.a(exit-custom.S.obj):(.after_main)
    2048     2048        0     1                 __after_main
    204b     204b        0     1         _fini = .
    204b     204b        a     1         F:\Entwicklungsprojekte\Mega65\llvm-mos\llvm-mos\bin/../mos-platform/mega65/lib\unmap-basic.o:(.fini.990)
    2055     2055        1     1         F:\Entwicklungsprojekte\Mega65\llvm-mos\llvm-mos\bin/../mos-platform/common/lib\crt0.o:(.fini_rts)
    2056     2056       79     1         C:\Users\SUPERU~1\AppData\Local\Temp\memory_asm-ca864c.o:(.text)
    2056     2056        0     1                 fourbytes
    205a     205a        0     1                 lpstore
    2075     2075        0     1                 lprestore
    2090     2090        0     1                 lpoke
    20b1     20b1        0     1                 lpeek
    20cf     20cf       13     1         F:\Entwicklungsprojekte\Mega65\llvm-mos\llvm-mos\bin/../mos-platform/mega65/lib\libcrt0.a(zero-bss.c.obj):(.text.__zero_bss)
    20cf     20cf       13     1                 __zero_bss
    20e2     20e2       13     1         F:\Entwicklungsprojekte\Mega65\llvm-mos\llvm-mos\bin/../mos-platform/mega65/lib\libcrt0.a(zero-zp-bss.c.obj):(.text.__zero_zp_bss)
    20e2     20e2       13     1                 __zero_zp_bss
    20f5     20f5       17     1         F:\Entwicklungsprojekte\Mega65\llvm-mos\llvm-mos\bin/../mos-platform/mega65/lib\libcrt0.a(copy-zp-data.c.obj):(.text.__copy_zp_data)
    20f5     20f5       17     1                 __copy_zp_data
    210c     210c       90     1         midnightmega.prg.lto.o:(.text.main)
    210c     210c       90     1                 main
    219c     219c       32     1         midnightmega.prg.lto.o:(.text.hyppo_setname)
    219c     219c       32     1                 hyppo_setname
    21c8     21c8        0     1                 errhypsetnam0
    21cc     21cc        0     1                 donehypsetnam0
    21ce     21ce       63     1         midnightmega.prg.lto.o:(.text.getsfn)
    21ce     21ce       63     1                 getsfn
    2231     2231      179     1         midnightmega.prg.lto.o:(.text.ShowAccess)
    2231     2231      179     1                 ShowAccess
    23aa     23aa       d6     1         midnightmega.prg.lto.o:(.text.ReadSector)
    23aa     23aa       d6     1                 ReadSector
    2480     2480       b2     1         midnightmega.prg.lto.o:(.text.WriteSector)
    2480     2480       b2     1                 WriteSector
    2532     2532       43     1         midnightmega.prg.lto.o:(.text.GetOneSector)
    2532     2532       43     1                 GetOneSector
    2575     2575       88     1         midnightmega.prg.lto.o:(.text.PutWholeSector)
    2575     2575       88     1                 PutWholeSector
    25fd     25fd       51     1         midnightmega.prg.lto.o:(.text.PutOneSector)
    25fd     25fd       51     1                 PutOneSector
    264e     264e       39     1         midnightmega.prg.lto.o:(.text.GetBAM)
    264e     264e       39     1                 GetBAM
    2687     2687       60     1         midnightmega.prg.lto.o:(.text.PutBAM)
    2687     2687       60     1                 PutBAM
    26e7     26e7       f8     1         midnightmega.prg.lto.o:(.text.readblockchain)
    26e7     26e7       f8     1                 readblockchain
    27df     27df      302     1         midnightmega.prg.lto.o:(.text.BAMSectorUpdate)
    27df     27df      302     1                 BAMSectorUpdate
    2ae1     2ae1       98     1         midnightmega.prg.lto.o:(.text.BAMSectorsFreeBlocks)
    2ae1     2ae1       98     1                 BAMSectorsFreeBlocks
    2b79     2b79      15b     1         midnightmega.prg.lto.o:(.text.FreeTracks)
    2b79     2b79      15b     1                 FreeTracks
    2cd4     2cd4      1e2     1         midnightmega.prg.lto.o:(.text.FormatPartition)
    2cd4     2cd4      1e2     1                 FormatPartition
    2eb6     2eb6      1a0     1         midnightmega.prg.lto.o:(.text.isallocatedBAMtracksector)
    2eb6     2eb6      1a0     1                 isallocatedBAMtracksector
    3056     3056      15e     1         midnightmega.prg.lto.o:(.text.findnextBAMtracksector)
    3056     3056      15e     1                 findnextBAMtracksector
    31b4     31b4      24b     1         midnightmega.prg.lto.o:(.text.writeblockchain)
    31b4     31b4      24b     1                 writeblockchain
    33ff     33ff       b0     1         midnightmega.prg.lto.o:(.text.deleteblockchain)
    33ff     33ff       b0     1                 deleteblockchain
    34af     34af       8c     1         midnightmega.prg.lto.o:(.text.tracksectorstring)
    34af     34af       8c     1                 tracksectorstring
    353b     353b      10f     1         midnightmega.prg.lto.o:(.text.getdirententry)
    353b     353b      10f     1                 getdirententry
    364a     364a      44c     1         midnightmega.prg.lto.o:(.text.writenewdirententry)
    364a     364a      44c     1                 writenewdirententry
    3a96     3a96      2c9     1         midnightmega.prg.lto.o:(.text.deletedirententry)
    3a96     3a96      2c9     1                 deletedirententry
    3d5f     3d5f      267     1         midnightmega.prg.lto.o:(.text.swapdirententry)
    3d5f     3d5f      267     1                 swapdirententry
    3fc6     3fc6       c1     1         midnightmega.prg.lto.o:(.text.rewritedirent)
    3fc6     3fc6       c1     1                 rewritedirent
    4087     4087       16     1         midnightmega.prg.lto.o:(.text.strcopy)
    4087     4087       16     1                 strcopy
    409d     409d       31     1         midnightmega.prg.lto.o:(.text.strmakefilename)
    409d     409d       31     1                 strmakefilename
    40ce     40ce       c6     1         midnightmega.prg.lto.o:(.text.csputdec)
    40ce     40ce       c6     1                 csputdec
    4194     4194       25     1         midnightmega.prg.lto.o:(.text.asciitoscreencode)
    4194     4194       25     1                 asciitoscreencode
    41b9     41b9       35     1         midnightmega.prg.lto.o:(.text.asciitoscreencode_s)
    41b9     41b9       35     1                 asciitoscreencode_s
    41ee     41ee       5e     1         midnightmega.prg.lto.o:(.text.clrhome)
    41ee     41ee       5e     1                 clrhome
    424c     424c        e     1         midnightmega.prg.lto.o:(.text.msprintf)
    424c     424c        e     1                 msprintf
    425a     425a       2b     1         midnightmega.prg.lto.o:(.text.mprintf)
    425a     425a       2b     1                 mprintf
    4285     4285       16     1         midnightmega.prg.lto.o:(.text.mcputsxy)
    4285     4285       16     1                 mcputsxy
    429b     429b      18b     1         midnightmega.prg.lto.o:(.text.mcbox)
    429b     429b      18b     1                 mcbox
    4426     4426      1ae     1         midnightmega.prg.lto.o:(.text.messagebox)
    4426     4426      1ae     1                 messagebox
    45d4     45d4       b2     1         midnightmega.prg.lto.o:(.text.progress)
    45d4     45d4       b2     1                 progress
    4686     4686       fe     1         midnightmega.prg.lto.o:(.text.inputbox)
    4686     4686       fe     1                 inputbox
    4784     4784       4b     1         midnightmega.prg.lto.o:(.text.Deselect)
    4784     4784       4b     1                 Deselect
    47cf     47cf       41     1         midnightmega.prg.lto.o:(.text.shortcutprint)
    47cf     47cf       41     1                 shortcutprint
    4810     4810      61d     1         midnightmega.prg.lto.o:(.text.shortcuts)
    4810     4810      61d     1                 shortcuts
    4e2d     4e2d       9f     1         midnightmega.prg.lto.o:(.text.optionstring)
    4e2d     4e2d       9f     1                 optionstring
    4ecc     4ecc      5fe     1         midnightmega.prg.lto.o:(.text.UpdateSectors)
    4ecc     4ecc      5fe     1                 UpdateSectors
    4fb6     4fb6        0     1                 errgetproc1
    4fba     4fba        0     1                 donegetproc1
    50e2     50e2        0     1                 errgetcurdrv2
    50e6     50e6        0     1                 donegetcurdrv2
    50ff     50ff        0     1                 errhypopendir3
    5103     5103        0     1                 donehypopendir3
    51d0     51d0        0     1                 hypreaddirloop4
    51e8     51e8        0     1                 errhypreaddir4
    51ea     51ea        0     1                 donehypreaddir4
    5449     5449        0     1                 errhypclosedir5
    544b     544b        0     1                 donehypclosedir5
    54ca     54ca      19f     1         midnightmega.prg.lto.o:(.text.sizeselectcurrentifnone)
    54ca     54ca      19f     1                 sizeselectcurrentifnone
    5669     5669     2dde     1         midnightmega.prg.lto.o:(.text.navi)
    5669     5669     2dde     1                 navi
    56c2     56c2        0     1                 errmajhyp
    56c6     56c6        0     1                 donemajhyp
    56e8     56e8        0     1                 errminhyp
    56ec     56ec        0     1                 doneminhyp
    5714     5714        0     1                 errmajdos
    5718     5718        0     1                 donemajdos
    573b     573b        0     1                 errmindos
    573f     573f        0     1                 donemindos
    64f9     64f9        0     1                 errhypfindfirst6
    64fb     64fb        0     1                 donehypfindfirst6
    651a     651a        0     1                 errhypopenfile7
    651c     651c        0     1                 donehypopenfile7
    6546     6546        0     1                 errhypreadfile8
    654a     654a        0     1                 donehypreadfile8
    6569     6569        0     1                 errhypclosefile9
    656d     656d        0     1                 donehypclosefile9
    7520     7520        0     1                 errhypd81dosattach10
    7524     7524        0     1                 donehypd81dosattach10
    7a8d     7a8d        0     1                 errhypfindfirst11
    7a8f     7a8f        0     1                 donehypfindfirst11
    7ba3     7ba3        0     1                 errhypfindfirst12
    7ba5     7ba5        0     1                 donehypfindfirst12
    7c4b     7c4b        0     1                 errhyprmfile13
    7c4f     7c4f        0     1                 donehyprmfile13
    7c5f     7c5f        0     1                 errhypclosedir14
    7c61     7c61        0     1                 donehypclosedir14
    7cdf     7cdf        0     1                 errhyprmfile15
    7ce3     7ce3        0     1                 donehyprmfile15
    7cf3     7cf3        0     1                 errhypclosedir16
    7cf5     7cf5        0     1                 donehypclosedir16
    7ef9     7ef9        0     1                 errhypchdir17
    7efd     7efd        0     1                 donehypchdir17
    8078     8078        0     1                 errhypchdir18
    807c     807c        0     1                 donehypchdir18
    819c     819c        0     1                 errhyp1att19
    81a0     81a0        0     1                 donehyp1att19
    836e     836e        0     1                 errhyp0att20
    8372     8372        0     1                 donehyp0att20
    841e     841e        0     1                 errhypd81dosattach21
    8422     8422        0     1                 donehypd81dosattach21
    8434     8434        0     1                 errhypd81dosattach22
    8438     8438        0     1                 donehypd81dosattach22
    8447     8447       74     1         midnightmega.prg.lto.o:(.text.blockreadbyte)
    8447     8447       74     1                 blockreadbyte
    84bb     84bb      269     1         midnightmega.prg.lto.o:(.text.text)
    84bb     84bb      269     1                 text
    8724     8724       46     1         midnightmega.prg.lto.o:(.text.sidbong)
    8724     8724       46     1                 sidbong
    876a     876a        b     1         midnightmega.prg.lto.o:(.text.flushkeybuf)
    876a     876a        b     1                 flushkeybuf
    8775     8775       17     1         midnightmega.prg.lto.o:(.text.petsciitoscreencode)
    8775     8775       17     1                 petsciitoscreencode
    878c     878c        9     1         midnightmega.prg.lto.o:(.text.cputc)
    878c     878c        9     1                 cputc
    8795     8795       a1     1         midnightmega.prg.lto.o:(.text.cputcxy)
    8795     8795       a1     1                 cputcxy
    8836     8836        7     1         midnightmega.prg.lto.o:(.text.cputs)
    8836     8836        7     1                 cputs
    883d     883d       db     1         midnightmega.prg.lto.o:(.text.cputsxy)
    883d     883d       db     1                 cputsxy
    8918     8918       aa     1         midnightmega.prg.lto.o:(.text.fillrect)
    8918     8918       aa     1                 fillrect
    89c2     89c2        9     1         midnightmega.prg.lto.o:(.text.cgetc)
    89c2     89c2        9     1                 cgetc
    89cb     89cb       27     1         midnightmega.prg.lto.o:(.text.do_dma)
    89cb     89cb       27     1                 do_dma
    89f2     89f2       67     1         midnightmega.prg.lto.o:(.text.lcopy)
    89f2     89f2       67     1                 lcopy
    8a59     8a59       50     1         midnightmega.prg.lto.o:(.text.lfill)
    8a59     8a59       50     1                 lfill
    8aa9     8aa9       5c     1         midnightmega.prg.lto.o:(.text.usleep)
    8aa9     8aa9       5c     1                 usleep
    8b05     8b05        5     1         midnightmega.prg.lto.o:(.text.exit)
    8b05     8b05        5     1                 exit
    8b0a     8b0a       d9     1         midnightmega.prg.lto.o:(.text.atoi)
    8b0a     8b0a       d9     1                 atoi
    8be3     8be3       3e     1         midnightmega.prg.lto.o:(.text.strcpy)
    8be3     8be3       3e     1                 strcpy
    8c21     8c21       3c     1         midnightmega.prg.lto.o:(.text.strlen)
    8c21     8c21       3c     1                 strlen
    8c5d     8c5d        b     1         midnightmega.prg.lto.o:(.text.__ashlqi3)
    8c5d     8c5d        b     1                 __ashlqi3
    8c68     8c68       13     1         midnightmega.prg.lto.o:(.text.__ashlhi3)
    8c68     8c68       13     1                 __ashlhi3
    8c7b     8c7b       32     1         midnightmega.prg.lto.o:(.text.__mulhi3)
    8c7b     8c7b       32     1                 __mulhi3
    8cad     8cad       c1     1         midnightmega.prg.lto.o:(.text.__udivhi3)
    8cad     8cad       c1     1                 __udivhi3
    8d6e     8d6e       45     1         midnightmega.prg.lto.o:(.text.__umodqi3)
    8d6e     8d6e       45     1                 __umodqi3
    8db3     8db3       70     1         midnightmega.prg.lto.o:(.text.__udivmodqi4)
    8db3     8db3       70     1                 __udivmodqi4
    8e23     8e23       dc     1         midnightmega.prg.lto.o:(.text.__udivmodhi4)
    8e23     8e23       dc     1                 __udivmodhi4
    8eff     8eff      1ba     1         midnightmega.prg.lto.o:(.text.__udivmodsi4)
    8eff     8eff      1ba     1                 __udivmodsi4
    90b9     90b9       2c     1         midnightmega.prg.lto.o:(.text.memcpy)
    90b9     90b9       2c     1                 memcpy
    90e5     90e5       20     1         midnightmega.prg.lto.o:(.text.__memset)
    90e5     90e5       20     1                 __memset
    9105     9105        0     1         __init_array_start = .
    9105     9105        0     1         __init_array_end = .
    9105     9105        0     1         __fini_array_start = .
    9105     9105        0     1         __fini_array_end = .
    9105     9105      c62     1 .rodata
    9105     9105       7e     1         midnightmega.prg.lto.o:(.rodata.navi)
    9183     9183       16     1         midnightmega.prg.lto.o:(.rodata.text)
    9199     9199      b66     1         <internal>:(.rodata.str1.1)
    9cff     9cff        8     1         <internal>:(.rodata.cst4)
    9d07     9d07       50     1         midnightmega.prg.lto.o:(.rodata..L__const.findnextBAMtracksector.strategy)
    9d57     9d57       10     1         <internal>:(.rodata.cst16)
    9d67     9d67        0     1 .data
    9d67     9d67        0     1         __data_start = .
    9d67     9d67        0     1         __data_end = .
    9d67     9d67        0     1 __data_load_start = LOADADDR(.data)
    9d67     9d67        0     1 __data_size = SIZEOF(.data)
    9d67     9d67      2c4     1 .bss
    9d67     9d67        0     1         __bss_start = .
    9d67     9d67        1     1         midnightmega.prg.lto.o:(.bss.fnamehi.2)
    9d67     9d67        1     1                 fnamehi.2
    9d68     9d68       20     1         midnightmega.prg.lto.o:(.bss.direntryblock2)
    9d68     9d68       20     1                 direntryblock2
    9d88     9d88       50     1         midnightmega.prg.lto.o:(.bss.s)
    9d88     9d88       50     1                 s
    9dd8     9dd8      1f0     1         midnightmega.prg.lto.o:(.bss.direntflags)
    9dd8     9dd8      1f0     1                 direntflags
    9fc8     9fc8        1     1         midnightmega.prg.lto.o:(.bss.legacyHDOSstate)
    9fc8     9fc8        1     1                 legacyHDOSstate
    9fc9     9fc9       22     1         midnightmega.prg.lto.o:(.bss.disknames)
    9fc9     9fc9       22     1                 disknames
    9feb     9feb       40     1         midnightmega.prg.lto.o:(.bss.lfnname)
    9feb     9feb       40     1                 lfnname
    a02b     a02b        0     1         __bss_end = .
    a02b     a02b        0     1 __bss_size = SIZEOF(.bss)
    a02b     a02b       1c     1 .noinit
    a02b     a02b       1c     1         midnightmega.prg.lto.o:(.noinit..Lstatic_stack)
    a047     a047        0     1         __heap_start = ALIGN(., 2)
    a047     a047        0     1 __stack = 0xd000
       0        0       cc     1 .comment
       0        0       cc     1         <internal>:(.comment)
       0        0     1390     4 .symtab
       0        0     1390     4         <internal>:(.symtab)
       0        0       68     1 .shstrtab
       0        0       68     1         <internal>:(.shstrtab)
       0        0      d0d     1 .strtab
       0        0      d0d     1         <internal>:(.strtab)
