     VMA      LMA     Size Align Out     In      Symbol
       0        0        0     1 __basic_zp_start = 0x0002
       0        0        0     1 __basic_zp_end = 0x0090
       0        0        0     1 __rc0 = __basic_zp_start
       0        0        0     1 __rc1 = __rc0 + 1
       0        0        0     1 PROVIDE ( __rc2 = __rc1 + 1 )
       0        0        0     1 __rc3 = __rc2 + 1
       0        0        0     1 PROVIDE ( __rc4 = __rc3 + 1 )
       0        0        0     1 __rc5 = __rc4 + 1
       0        0        0     1 PROVIDE ( __rc6 = __rc5 + 1 )
       0        0        0     1 __rc7 = __rc6 + 1
       0        0        0     1 PROVIDE ( __rc8 = __rc7 + 1 )
       0        0        0     1 __rc9 = __rc8 + 1
       0        0        0     1 PROVIDE ( __rc10 = __rc9 + 1 )
       0        0        0     1 __rc11 = __rc10 + 1
       0        0        0     1 PROVIDE ( __rc12 = __rc11 + 1 )
       0        0        0     1 __rc13 = __rc12 + 1
       0        0        0     1 PROVIDE ( __rc14 = __rc13 + 1 )
       0        0        0     1 __rc15 = __rc14 + 1
       0        0        0     1 PROVIDE ( __rc16 = __rc15 + 1 )
       0        0        0     1 __rc17 = __rc16 + 1
       0        0        0     1 PROVIDE ( __rc18 = __rc17 + 1 )
       0        0        0     1 __rc19 = __rc18 + 1
       0        0        0     1 PROVIDE ( __rc20 = __rc19 + 1 )
       0        0        0     1 __rc21 = __rc20 + 1
       0        0        0     1 PROVIDE ( __rc22 = __rc21 + 1 )
       0        0        0     1 __rc23 = __rc22 + 1
       0        0        0     1 PROVIDE ( __rc24 = __rc23 + 1 )
       0        0        0     1 __rc25 = __rc24 + 1
       0        0        0     1 PROVIDE ( __rc26 = __rc25 + 1 )
       0        0        0     1 __rc27 = __rc26 + 1
       0        0        0     1 PROVIDE ( __rc28 = __rc27 + 1 )
       0        0        0     1 __rc29 = __rc28 + 1
       0        0        0     1 PROVIDE ( __rc30 = __rc29 + 1 )
       0        0        0     1 __rc31 = __rc30 + 1
    2001     2001       16     1 .basic_header
    2001     2001       16     1         F:\Entwicklungsprojekte\Mega65\llvm-mos\llvm-mos\bin/../mos-platform/mega65/lib\basic-header.o:(.basic_header)
    2015     2015        0     1                 next_line
      22     2017       11     1 .zp.data
      22     2017        0     1         __zp_data_start = .
      22     2017        1     1         lto.tmp:(.zp.data.g_curTextColor)
      22     2017        1     1                 g_curTextColor
      23     2018       10     1         <internal>:(.zp.rodata.cst16)
      33     2028        0     1 __zp_data_load_start = LOADADDR ( .zp.data )
      33     2028        0     1 __zp_data_size = SIZEOF ( .zp.data )
      33       33       2c     1 .zp.bss
      33       33        0     1         __zp_bss_start = .
      33       33        1     1         lto.tmp:(.zp.bss.offsCurrIdx)
      33       33        1     1                 offsCurrIdx
      34       34        1     1         lto.tmp:(.zp.bss.flagCurrSec)
      34       34        1     1                 flagCurrSec
      35       35        1     1         lto.tmp:(.zp.bss.datNextTrk)
      35       35        1     1                 datNextTrk
      36       36        1     1         lto.tmp:(.zp.bss.datNextSec)
      36       36        1     1                 datNextSec
      37       37        4     1         lto.tmp:(.zp.bss.ptrMiniOffs)
      37       37        4     1                 ptrMiniOffs
      3b       3b        4     1         lto.tmp:(.zp.bss.BAMsector)
      3b       3b        4     1                 BAMsector
      3f       3f        4     1         lto.tmp:(.zp.bss.worksector)
      3f       3f        4     1                 worksector
      43       43        1     1         lto.tmp:(.zp.bss.BAMside)
      43       43        1     1                 BAMside
      44       44        1     1         lto.tmp:(.zp.bss.i)
      44       44        1     1                 i
      45       45        1     1         lto.tmp:(.zp.bss.workside)
      45       45        1     1                 workside
      46       46        1     1         lto.tmp:(.zp.bss.fnamehi)
      46       46        1     1                 fnamehi
      47       47        1     1         lto.tmp:(.zp.bss.g_curScreenW)
      47       47        1     1                 g_curScreenW
      48       48        1     1         lto.tmp:(.zp.bss.g_curScreenH)
      48       48        1     1                 g_curScreenH
      49       49        1     1         lto.tmp:(.zp.bss.g_curX)
      49       49        1     1                 g_curX
      4a       4a        1     1         lto.tmp:(.zp.bss.g_curY)
      4a       4a        1     1                 g_curY
      4b       4b       14     1         lto.tmp:(.zp.bss.dmalist)
      4b       4b       14     1                 dmalist
      5f       5f        0     1 __zp_bss_size = SIZEOF ( .zp.bss )
      5f       5f       29     1 .zp
      5f       5f       29     1         lto.tmp:(.zp.noinit..Lzp_stack)
    2028     2028     3694     1 .text
    2028     2028        0     1         _init = .
    2028     2028        0     1         _start = .
    2028     2028        e     1         F:\Entwicklungsprojekte\Mega65\llvm-mos\llvm-mos\bin/../mos-platform/mega65/lib\unmap-basic.o:(.init.010)
    2036     2036        8     1         F:\Entwicklungsprojekte\Mega65\llvm-mos\llvm-mos\bin/../mos-platform/commodore/lib\libcrt0.a(init-stack.S.obj):(.init.100)
    2036     2036        0     1                 __do_init_stack
    203e     203e        3     1         F:\Entwicklungsprojekte\Mega65\llvm-mos\llvm-mos\bin/../mos-platform/commodore/lib\libcrt0.a(zero-bss.c.obj):(.init.200)
    203e     203e        0     1                 __do_zero_bss
    2041     2041        3     1         F:\Entwicklungsprojekte\Mega65\llvm-mos\llvm-mos\bin/../mos-platform/commodore/lib\libcrt0.a(zero-zp-bss.c.obj):(.init.200)
    2041     2041        0     1                 __do_zero_zp_bss
    2044     2044        3     1         F:\Entwicklungsprojekte\Mega65\llvm-mos\llvm-mos\bin/../mos-platform/commodore/lib\libcrt0.a(copy-zp-data.c.obj):(.init.200)
    2044     2044        0     1                 __do_copy_zp_data
    2047     2047        3     1         F:\Entwicklungsprojekte\Mega65\llvm-mos\llvm-mos\bin/../mos-platform/common/lib\crt0.o:(.call_main)
    204a     204a        3     1         F:\Entwicklungsprojekte\Mega65\llvm-mos\llvm-mos\bin/../mos-platform/commodore/lib\libcrt0.a(exit-return.c.obj):(.after_main)
    204a     204a        0     1                 __after_main
    204d     204d        0     1         _fini = .
    204d     204d        a     1         F:\Entwicklungsprojekte\Mega65\llvm-mos\llvm-mos\bin/../mos-platform/mega65/lib\unmap-basic.o:(.fini.990)
    2057     2057        1     1         F:\Entwicklungsprojekte\Mega65\llvm-mos\llvm-mos\bin/../mos-platform/common/lib\crt0.o:(.fini_rts)
    2058     2058       79     1         C:\Users\SUPERU~1\AppData\Local\Temp\memory_asm-5f9c21.o:(.text)
    2058     2058        0     1                 fourbytes
    205c     205c        0     1                 lpstore
    2077     2077        0     1                 lprestore
    2092     2092        0     1                 lpoke
    20b3     20b3        0     1                 lpeek
    20d1     20d1        a     1         F:\Entwicklungsprojekte\Mega65\llvm-mos\llvm-mos\bin/../mos-platform/commodore/lib\libcrt0.a(exit-return.c.obj):(.text)
    20d1     20d1        a     1                 __exit_return
    20db     20db     146b     1         F:\Entwicklungsprojekte\Mega65\llvm-mos\llvm-mos\bin/../mos-platform/common/lib\libcrt.a(divmod-large.cc.obj):(.text)
    20db     20db      252     1                 __udivmodsi4
    232d     232d      5af     1                 __udivmoddi4
    28dc     28dc      399     1                 __divmodsi4
    2c75     2c75      8d1     1                 __divmoddi4
    3546     3546       13     1         F:\Entwicklungsprojekte\Mega65\llvm-mos\llvm-mos\bin/../mos-platform/commodore/lib\libcrt0.a(zero-bss.c.obj):(.text)
    3546     3546       13     1                 __zero_bss
    3559     3559       13     1         F:\Entwicklungsprojekte\Mega65\llvm-mos\llvm-mos\bin/../mos-platform/commodore/lib\libcrt0.a(zero-zp-bss.c.obj):(.text)
    3559     3559       13     1                 __zero_zp_bss
    356c     356c       17     1         F:\Entwicklungsprojekte\Mega65\llvm-mos\llvm-mos\bin/../mos-platform/commodore/lib\libcrt0.a(copy-zp-data.c.obj):(.text)
    356c     356c       17     1                 __copy_zp_data
    3583     3583      137     1         lto.tmp:(.text.cputln)
    3583     3583      137     1                 cputln
    36ba     36ba       ed     1         lto.tmp:(.text.mprintf)
    36ba     36ba       ed     1                 mprintf
    37a7     37a7      467     1         lto.tmp:(.text.GetWholeSector)
    37a7     37a7      467     1                 GetWholeSector
    392c     392c        0     1                 wait020
    3941     3941        0     1                 succeed020
    3956     3956        0     1                 upper020
    395d     395d        0     1                 endsub020
    3964     3964        0     1                 err020
    3966     3966        0     1                 end020
    3c0e     3c0e      34c     1         lto.tmp:(.text.PutWholeSector)
    3c0e     3c0e      34c     1                 PutWholeSector
    3ef1     3ef1        0     1                 wait031
    3f06     3f06        0     1                 succeed031
    3f0c     3f0c        0     1                 endsub031
    3f13     3f13        0     1                 err031
    3f15     3f15        0     1                 end031
    3f5a     3f5a     117b     1         lto.tmp:(.text.main)
    3f5a     3f5a     117b     1                 main
    4236     4236        0     1                 errhypsetnam2
    423a     423a        0     1                 donehypsetnam2
    435c     435c        0     1                 errhypsetnam3
    4360     4360        0     1                 donehypsetnam3
    4372     4372        0     1                 errhyp1att4
    4376     4376        0     1                 donehyp1att4
    43de     43de        0     1                 errseldrv5
    43e2     43e2        0     1                 doneseldrv5
    441b     441b        0     1                 errgetcurdrv6
    441f     441f        0     1                 donegetcurdrv6
    4496     4496        0     1                 errhypopendir7
    449a     449a        0     1                 donehypopendir7
    4676     4676        0     1                 hypreaddirloop8
    468e     468e        0     1                 errhypreaddir8
    4690     4690        0     1                 donehypreaddir8
    46c1     46c1        0     1                 errhypclosedir9
    46c3     46c3        0     1                 donehypclosedir9
    50d5     50d5        1     1         lto.tmp:(.text.escNOP)
    50d5     50d5        1     1                 escNOP
    50d6     50d6       a1     1         lto.tmp:(.text.clrscr)
    50d6     50d6       a1     1                 clrscr
    5177     5177       ee     1         lto.tmp:(.text.cputcxy)
    5177     5177       ee     1                 cputcxy
    5265     5265       7f     1         lto.tmp:(.text.cputhex)
    5265     5265       7f     1                 cputhex
    52e4     52e4       df     1         lto.tmp:(.text.cputsxy)
    52e4     52e4       df     1                 cputsxy
    53c3     53c3       d2     1         lto.tmp:(.text.lcopy)
    53c3     53c3       d2     1                 lcopy
    5495     5495       88     1         lto.tmp:(.text.lfill)
    5495     5495       88     1                 lfill
    551d     551d       2d     1         lto.tmp:(.text.memcpy)
    551d     551d       2d     1                 memcpy
    554a     554a       1f     1         lto.tmp:(.text.__memset)
    554a     554a       1f     1                 __memset
    5569     5569       34     1         lto.tmp:(.text.strlen)
    5569     5569       34     1                 strlen
    559d     559d       13     1         lto.tmp:(.text.__ashlhi3)
    559d     559d       13     1                 __ashlhi3
    55b0     55b0       32     1         lto.tmp:(.text.__mulhi3)
    55b0     55b0       32     1                 __mulhi3
    55e2     55e2       da     1         lto.tmp:(.text.__udivmodhi4)
    55e2     55e2       da     1                 __udivmodhi4
    56bc     56bc        0     1         __init_array_start = .
    56bc     56bc        0     1         __init_array_end = .
    56bc     56bc        0     1         __fini_array_start = .
    56bc     56bc        0     1         __fini_array_end = .
    56bc     56bc      373     1 .rodata
    56bc     56bc        1     1         F:\Entwicklungsprojekte\Mega65\llvm-mos\llvm-mos\bin/../mos-platform/common/lib\libcrt.a(const.S.obj):(.rodata)
    56bc     56bc        0     1                 __set_v
    56bd     56bd      372     1         <internal>:(.rodata.str1.1)
    5a2f     5a2f        0     1 .data
    5a2f     5a2f        0     1         __data_start = .
    5a2f     5a2f        0     1         __data_end = .
    5a2f     5a2f        0     1 __data_load_start = LOADADDR ( .data )
    5a2f     5a2f        0     1 __data_size = SIZEOF ( .data )
    5a2f     5a2f      2fd     1 .bss
    5a2f     5a2f        0     1         __bss_start = .
    5a2f     5a2f      2fd     1         lto.tmp:(.bss.escapeCode)
    5a2f     5a2f      2fd     1                 escapeCode
    5d2c     5d2c        0     1         __bss_end = .
    5d2c     5d2c        0     1 __bss_size = SIZEOF ( .bss )
    5d2c     5d2c        1     1 .noinit
    5d2c     5d2c        1     1         F:\Entwicklungsprojekte\Mega65\llvm-mos\llvm-mos\bin/../mos-platform/commodore/lib\libcrt0.a(exit-return.c.obj):(.noinit)
    5d2d     5d2d        0     1         __heap_start = .
    5d2d     5d2d        0     1 __stack = 0xd000
       0        0       79     1 .comment
       0        0       79     1         <internal>:(.comment)
       0        0      940     4 .symtab
       0        0      940     4         <internal>:(.symtab)
       0        0       68     1 .shstrtab
       0        0       68     1         <internal>:(.shstrtab)
       0        0      605     1 .strtab
       0        0      605     1         <internal>:(.strtab)
