     VMA      LMA     Size Align Out     In      Symbol
       0        0        0     1 __basic_zp_start = 0x0002
       0        0        0     1 __basic_zp_end = 0x0090
       0        0        0     1 __rc0 = __basic_zp_start
       0        0        0     1 __rc1 = __rc0 + 1
       0        0        0     1 PROVIDE ( __rc2 = __rc1 + 1 )
       0        0        0     1 __rc3 = __rc2 + 1
       0        0        0     1 PROVIDE ( __rc4 = __rc3 + 1 )
       0        0        0     1 __rc5 = __rc4 + 1
       0        0        0     1 PROVIDE ( __rc6 = __rc5 + 1 )
       0        0        0     1 __rc7 = __rc6 + 1
       0        0        0     1 PROVIDE ( __rc8 = __rc7 + 1 )
       0        0        0     1 __rc9 = __rc8 + 1
       0        0        0     1 PROVIDE ( __rc10 = __rc9 + 1 )
       0        0        0     1 __rc11 = __rc10 + 1
       0        0        0     1 PROVIDE ( __rc12 = __rc11 + 1 )
       0        0        0     1 __rc13 = __rc12 + 1
       0        0        0     1 PROVIDE ( __rc14 = __rc13 + 1 )
       0        0        0     1 __rc15 = __rc14 + 1
       0        0        0     1 PROVIDE ( __rc16 = __rc15 + 1 )
       0        0        0     1 __rc17 = __rc16 + 1
       0        0        0     1 PROVIDE ( __rc18 = __rc17 + 1 )
       0        0        0     1 __rc19 = __rc18 + 1
       0        0        0     1 PROVIDE ( __rc20 = __rc19 + 1 )
       0        0        0     1 __rc21 = __rc20 + 1
       0        0        0     1 PROVIDE ( __rc22 = __rc21 + 1 )
       0        0        0     1 __rc23 = __rc22 + 1
       0        0        0     1 PROVIDE ( __rc24 = __rc23 + 1 )
       0        0        0     1 __rc25 = __rc24 + 1
       0        0        0     1 PROVIDE ( __rc26 = __rc25 + 1 )
       0        0        0     1 __rc27 = __rc26 + 1
       0        0        0     1 PROVIDE ( __rc28 = __rc27 + 1 )
       0        0        0     1 __rc29 = __rc28 + 1
       0        0        0     1 PROVIDE ( __rc30 = __rc29 + 1 )
       0        0        0     1 __rc31 = __rc30 + 1
    2001     2001       16     1 .basic_header
    2001     2001       16     1         F:\Entwicklungsprojekte\Mega65\llvm-mos\llvm-mos\bin/../mos-platform/mega65/lib\basic-header.o:(.basic_header)
    2015     2015        0     1                 next_line
      22     2017        6     1 .zp.data
      22     2017        0     1         __zp_data_start = .
      22     2017        5     1         lto.tmp:(.zp.rodata..Lswitch.table.asciitoscreencode)
      27     201c        1     1         lto.tmp:(.zp.data.g_curTextColor)
      27     201c        1     1                 g_curTextColor
      28     201d        0     1 __zp_data_load_start = LOADADDR ( .zp.data )
      28     201d        0     1 __zp_data_size = SIZEOF ( .zp.data )
      28       28       41     1 .zp.bss
      28       28        0     1         __zp_bss_start = .
      28       28       28     1         lto.tmp:(.zp.bss.s)
      28       28       28     1                 s
      50       50        1     1         lto.tmp:(.zp.bss.option.0)
      50       50        1     1                 option.0
      51       51        1     1         lto.tmp:(.zp.bss.g_curScreenW)
      51       51        1     1                 g_curScreenW
      52       52        1     1         lto.tmp:(.zp.bss.g_curScreenH)
      52       52        1     1                 g_curScreenH
      53       53        1     1         lto.tmp:(.zp.bss.g_curX)
      53       53        1     1                 g_curX
      54       54        1     1         lto.tmp:(.zp.bss.g_curY)
      54       54        1     1                 g_curY
      55       55       14     1         lto.tmp:(.zp.bss.dmalist)
      55       55       14     1                 dmalist
      69       69        0     1 __zp_bss_size = SIZEOF ( .zp.bss )
      69       69       27     1 .zp
      69       69       27     1         lto.tmp:(.zp.noinit..Lzp_stack)
    201d     201d     53eb     1 .text
    201d     201d        0     1         _init = .
    201d     201d        0     1         _start = .
    201d     201d        e     1         F:\Entwicklungsprojekte\Mega65\llvm-mos\llvm-mos\bin/../mos-platform/mega65/lib\unmap-basic.o:(.init.010)
    202b     202b        8     1         F:\Entwicklungsprojekte\Mega65\llvm-mos\llvm-mos\bin/../mos-platform/commodore/lib\libcrt0.a(init-stack.S.obj):(.init.100)
    202b     202b        0     1                 __do_init_stack
    2033     2033        3     1         F:\Entwicklungsprojekte\Mega65\llvm-mos\llvm-mos\bin/../mos-platform/commodore/lib\libcrt0.a(zero-bss.c.obj):(.init.200)
    2033     2033        0     1                 __do_zero_bss
    2036     2036        3     1         F:\Entwicklungsprojekte\Mega65\llvm-mos\llvm-mos\bin/../mos-platform/commodore/lib\libcrt0.a(zero-zp-bss.c.obj):(.init.200)
    2036     2036        0     1                 __do_zero_zp_bss
    2039     2039        3     1         F:\Entwicklungsprojekte\Mega65\llvm-mos\llvm-mos\bin/../mos-platform/commodore/lib\libcrt0.a(copy-zp-data.c.obj):(.init.200)
    2039     2039        0     1                 __do_copy_zp_data
    203c     203c        3     1         F:\Entwicklungsprojekte\Mega65\llvm-mos\llvm-mos\bin/../mos-platform/common/lib\crt0.o:(.call_main)
    203f     203f        3     1         F:\Entwicklungsprojekte\Mega65\llvm-mos\llvm-mos\bin/../mos-platform/commodore/lib\libcrt0.a(exit-return.c.obj):(.after_main)
    203f     203f        0     1                 __after_main
    2042     2042        0     1         _fini = .
    2042     2042        a     1         F:\Entwicklungsprojekte\Mega65\llvm-mos\llvm-mos\bin/../mos-platform/mega65/lib\unmap-basic.o:(.fini.990)
    204c     204c        1     1         F:\Entwicklungsprojekte\Mega65\llvm-mos\llvm-mos\bin/../mos-platform/common/lib\crt0.o:(.fini_rts)
    204d     204d       79     1         C:\Users\SUPERU~1\AppData\Local\Temp\memory_asm-11c92f.o:(.text)
    204d     204d        0     1                 fourbytes
    2051     2051        0     1                 lpstore
    206c     206c        0     1                 lprestore
    2087     2087        0     1                 lpoke
    20a8     20a8        0     1                 lpeek
    20c6     20c6        a     1         F:\Entwicklungsprojekte\Mega65\llvm-mos\llvm-mos\bin/../mos-platform/commodore/lib\libcrt0.a(exit-return.c.obj):(.text)
    20c6     20c6        a     1                 __exit_return
    20d0     20d0     146b     1         F:\Entwicklungsprojekte\Mega65\llvm-mos\llvm-mos\bin/../mos-platform/common/lib\libcrt.a(divmod-large.cc.obj):(.text)
    20d0     20d0      252     1                 __udivmodsi4
    2322     2322      5af     1                 __udivmoddi4
    28d1     28d1      399     1                 __divmodsi4
    2c6a     2c6a      8d1     1                 __divmoddi4
    353b     353b       13     1         F:\Entwicklungsprojekte\Mega65\llvm-mos\llvm-mos\bin/../mos-platform/commodore/lib\libcrt0.a(zero-bss.c.obj):(.text)
    353b     353b       13     1                 __zero_bss
    354e     354e       13     1         F:\Entwicklungsprojekte\Mega65\llvm-mos\llvm-mos\bin/../mos-platform/commodore/lib\libcrt0.a(zero-zp-bss.c.obj):(.text)
    354e     354e       13     1                 __zero_zp_bss
    3561     3561       17     1         F:\Entwicklungsprojekte\Mega65\llvm-mos\llvm-mos\bin/../mos-platform/commodore/lib\libcrt0.a(copy-zp-data.c.obj):(.text)
    3561     3561       17     1                 __copy_zp_data
    3578     3578     1d8d     1         lto.tmp:(.text.main)
    3578     3578     1d8d     1                 main
    41e3     41e3        0     1                 errhyp1att0
    41e7     41e7        0     1                 donehyp1att0
    4733     4733        0     1                 errhypchdir1
    4737     4737        0     1                 donehypchdir1
    478c     478c        0     1                 errhypchdir2
    4790     4790        0     1                 donehypchdir2
    4fe7     4fe7        0     1                 errhyp0att3
    4feb     4feb        0     1                 donehyp0att3
    5305     5305       32     1         lto.tmp:(.text.hyppo_setname)
    5305     5305       32     1                 hyppo_setname
    5331     5331        0     1                 errhypsetnam4
    5335     5335        0     1                 donehypsetnam4
    5337     5337       63     1         lto.tmp:(.text.getsfn)
    5337     5337       63     1                 getsfn
    539a     539a       4f     1         lto.tmp:(.text.ReadSector)
    539a     539a       4f     1                 ReadSector
    53e9     53e9      170     1         lto.tmp:(.text.ShowAccess)
    53e9     53e9      170     1                 ShowAccess
    5559     5559       7c     1         lto.tmp:(.text.GetOneSector)
    5559     5559       7c     1                 GetOneSector
    55d5     55d5       b4     1         lto.tmp:(.text.PutOneSector)
    55d5     55d5       b4     1                 PutOneSector
    5689     5689       39     1         lto.tmp:(.text.GetBAM)
    5689     5689       39     1                 GetBAM
    56c2     56c2       60     1         lto.tmp:(.text.PutBAM)
    56c2     56c2       60     1                 PutBAM
    5722     5722       fc     1         lto.tmp:(.text.readblockchain)
    5722     5722       fc     1                 readblockchain
    581e     581e      250     1         lto.tmp:(.text.BAMSectorUpdate)
    581e     581e      250     1                 BAMSectorUpdate
    5a6e     5a6e      151     1         lto.tmp:(.text.findnextBAMtracksector)
    5a6e     5a6e      151     1                 findnextBAMtracksector
    5bbf     5bbf       77     1         lto.tmp:(.text.tracksectorstring)
    5bbf     5bbf       77     1                 tracksectorstring
    5c36     5c36       d7     1         lto.tmp:(.text.getdirententry)
    5c36     5c36       d7     1                 getdirententry
    5d0d     5d0d       14     1         lto.tmp:(.text.strcopy)
    5d0d     5d0d       14     1                 strcopy
    5d21     5d21       b3     1         lto.tmp:(.text.csputdec)
    5d21     5d21       b3     1                 csputdec
    5dd4     5dd4       51     1         lto.tmp:(.text.asciitoscreencode_s)
    5dd4     5dd4       51     1                 asciitoscreencode_s
    5e25     5e25       5e     1         lto.tmp:(.text.clrhome)
    5e25     5e25       5e     1                 clrhome
    5e83     5e83        e     1         lto.tmp:(.text.msprintf)
    5e83     5e83        e     1                 msprintf
    5e91     5e91       16     1         lto.tmp:(.text.mcputsxy)
    5e91     5e91       16     1                 mcputsxy
    5ea7     5ea7      18a     1         lto.tmp:(.text.mcbox)
    5ea7     5ea7      18a     1                 mcbox
    6031     6031       f3     1         lto.tmp:(.text.messagebox)
    6031     6031       f3     1                 messagebox
    6124     6124       d8     1         lto.tmp:(.text.progress)
    6124     6124       d8     1                 progress
    61fc     61fc       41     1         lto.tmp:(.text.shortcutprint)
    61fc     61fc       41     1                 shortcutprint
    623d     623d      389     1         lto.tmp:(.text.shortcuts)
    623d     623d      389     1                 shortcuts
    65c6     65c6       a4     1         lto.tmp:(.text.optionstring)
    65c6     65c6       a4     1                 optionstring
    666a     666a      4d0     1         lto.tmp:(.text.UpdateSectors)
    666a     666a      4d0     1                 UpdateSectors
    6744     6744        0     1                 errgetcurdrv5
    6748     6748        0     1                 donegetcurdrv5
    6761     6761        0     1                 errhypopendir6
    6765     6765        0     1                 donehypopendir6
    67b8     67b8        0     1                 hypreaddirloop7
    67d0     67d0        0     1                 errhypreaddir7
    67d2     67d2        0     1                 donehypreaddir7
    68d8     68d8        0     1                 errgetproc8
    68dc     68dc        0     1                 donegetproc8
    6af3     6af3        0     1                 errhypclosedir9
    6af5     6af5        0     1                 donehypclosedir9
    6b3a     6b3a       2c     1         lto.tmp:(.text.Deselect)
    6b3a     6b3a       2c     1                 Deselect
    6b66     6b66      13d     1         lto.tmp:(.text.sizeselectcurrentifnone)
    6b66     6b66      13d     1                 sizeselectcurrentifnone
    6ca3     6ca3       46     1         lto.tmp:(.text.sidbong)
    6ca3     6ca3       46     1                 sidbong
    6ce9     6ce9        1     1         lto.tmp:(.text.escNOP)
    6ce9     6ce9        1     1                 escNOP
    6cea     6cea        9     1         lto.tmp:(.text.cputc)
    6cea     6cea        9     1                 cputc
    6cf3     6cf3       a5     1         lto.tmp:(.text.cputcxy)
    6cf3     6cf3       a5     1                 cputcxy
    6d98     6d98        7     1         lto.tmp:(.text.cputs)
    6d98     6d98        7     1                 cputs
    6d9f     6d9f       dd     1         lto.tmp:(.text.cputsxy)
    6d9f     6d9f       dd     1                 cputsxy
    6e7c     6e7c       aa     1         lto.tmp:(.text.fillrect)
    6e7c     6e7c       aa     1                 fillrect
    6f26     6f26        9     1         lto.tmp:(.text.cgetc)
    6f26     6f26        9     1                 cgetc
    6f2f     6f2f       27     1         lto.tmp:(.text.do_dma)
    6f2f     6f2f       27     1                 do_dma
    6f56     6f56       67     1         lto.tmp:(.text.lcopy)
    6f56     6f56       67     1                 lcopy
    6fbd     6fbd       50     1         lto.tmp:(.text.lfill)
    6fbd     6fbd       50     1                 lfill
    700d     700d       4e     1         lto.tmp:(.text.usleep)
    700d     700d       4e     1                 usleep
    705b     705b       38     1         lto.tmp:(.text.strcpy)
    705b     705b       38     1                 strcpy
    7093     7093       34     1         lto.tmp:(.text.strlen)
    7093     7093       34     1                 strlen
    70c7     70c7        9     1         lto.tmp:(.text.__ashlqi3)
    70c7     70c7        9     1                 __ashlqi3
    70d0     70d0       13     1         lto.tmp:(.text.__ashlhi3)
    70d0     70d0       13     1                 __ashlhi3
    70e3     70e3       1b     1         lto.tmp:(.text.__mulqi3)
    70e3     70e3       1b     1                 __mulqi3
    70fe     70fe       32     1         lto.tmp:(.text.__mulhi3)
    70fe     70fe       32     1                 __mulhi3
    7130     7130       70     1         lto.tmp:(.text.__mulsi3)
    7130     7130       70     1                 __mulsi3
    71a0     71a0       c0     1         lto.tmp:(.text.__udivhi3)
    71a0     71a0       c0     1                 __udivhi3
    7260     7260       82     1         lto.tmp:(.text.__udivmodqi4)
    7260     7260       82     1                 __udivmodqi4
    72e2     72e2       da     1         lto.tmp:(.text.__udivmodhi4)
    72e2     72e2       da     1                 __udivmodhi4
    73bc     73bc       2d     1         lto.tmp:(.text.memcpy)
    73bc     73bc       2d     1                 memcpy
    73e9     73e9       1f     1         lto.tmp:(.text.__memset)
    73e9     73e9       1f     1                 __memset
    7408     7408        0     1         __init_array_start = .
    7408     7408        0     1         __init_array_end = .
    7408     7408        0     1         __fini_array_start = .
    7408     7408        0     1         __fini_array_end = .
    7408     7408      684     1 .rodata
    7408     7408       70     1         lto.tmp:(.rodata.main)
    7478     7478      5b8     1         <internal>:(.rodata.str1.1)
    7a30     7a30        c     1         <internal>:(.rodata.cst4)
    7a3c     7a3c       50     1         lto.tmp:(.rodata..L__const.findnextBAMtracksector.strategy)
    7a8c     7a8c        0     1 .data
    7a8c     7a8c        0     1         __data_start = .
    7a8c     7a8c        0     1         __data_end = .
    7a8c     7a8c        0     1 __data_load_start = LOADADDR ( .data )
    7a8c     7a8c        0     1 __data_size = SIZEOF ( .data )
    7a8c     7a8c      400     1 .bss
    7a8c     7a8c        0     1         __bss_start = .
    7a8c     7a8c        1     1         lto.tmp:(.bss.fnamehi)
    7a8c     7a8c        1     1                 fnamehi
    7a8d     7a8d       e0     1         lto.tmp:(.bss.direntflags)
    7a8d     7a8d       e0     1                 direntflags
    7b6d     7b6d       22     1         lto.tmp:(.bss.diskname)
    7b6d     7b6d       22     1                 diskname
    7b8f     7b8f      2fd     1         lto.tmp:(.bss.escapeCode)
    7b8f     7b8f      2fd     1                 escapeCode
    7e8c     7e8c        0     1         __bss_end = .
    7e8c     7e8c        0     1 __bss_size = SIZEOF ( .bss )
    7e8c     7e8c        b     1 .noinit
    7e8c     7e8c        1     1         F:\Entwicklungsprojekte\Mega65\llvm-mos\llvm-mos\bin/../mos-platform/commodore/lib\libcrt0.a(exit-return.c.obj):(.noinit)
    7e8d     7e8d        a     1         lto.tmp:(.noinit..Lstatic_stack)
    7e97     7e97        0     1         __heap_start = .
    7e97     7e97        0     1 __stack = 0xd000
       0        0       79     1 .comment
       0        0       79     1         <internal>:(.comment)
       0        0      aa0     4 .symtab
       0        0      aa0     4         <internal>:(.symtab)
       0        0       68     1 .shstrtab
       0        0       68     1         <internal>:(.shstrtab)
       0        0      71f     1 .strtab
       0        0      71f     1         <internal>:(.strtab)
