     VMA      LMA     Size Align Out     In      Symbol
       0        0        0     1 __basic_zp_start = 0x0002
       0        0        0     1 __basic_zp_end = 0x0090
       0        0        0     1 __rc0 = __basic_zp_start
       0        0        0     1 __rc1 = __rc0 + 1
       0        0        0     1 PROVIDE ( __rc2 = __rc1 + 1 )
       0        0        0     1 __rc3 = __rc2 + 1
       0        0        0     1 PROVIDE ( __rc4 = __rc3 + 1 )
       0        0        0     1 __rc5 = __rc4 + 1
       0        0        0     1 PROVIDE ( __rc6 = __rc5 + 1 )
       0        0        0     1 __rc7 = __rc6 + 1
       0        0        0     1 PROVIDE ( __rc8 = __rc7 + 1 )
       0        0        0     1 __rc9 = __rc8 + 1
       0        0        0     1 PROVIDE ( __rc10 = __rc9 + 1 )
       0        0        0     1 __rc11 = __rc10 + 1
       0        0        0     1 PROVIDE ( __rc12 = __rc11 + 1 )
       0        0        0     1 __rc13 = __rc12 + 1
       0        0        0     1 PROVIDE ( __rc14 = __rc13 + 1 )
       0        0        0     1 __rc15 = __rc14 + 1
       0        0        0     1 PROVIDE ( __rc16 = __rc15 + 1 )
       0        0        0     1 __rc17 = __rc16 + 1
       0        0        0     1 PROVIDE ( __rc18 = __rc17 + 1 )
       0        0        0     1 __rc19 = __rc18 + 1
       0        0        0     1 PROVIDE ( __rc20 = __rc19 + 1 )
       0        0        0     1 __rc21 = __rc20 + 1
       0        0        0     1 PROVIDE ( __rc22 = __rc21 + 1 )
       0        0        0     1 __rc23 = __rc22 + 1
       0        0        0     1 PROVIDE ( __rc24 = __rc23 + 1 )
       0        0        0     1 __rc25 = __rc24 + 1
       0        0        0     1 PROVIDE ( __rc26 = __rc25 + 1 )
       0        0        0     1 __rc27 = __rc26 + 1
       0        0        0     1 PROVIDE ( __rc28 = __rc27 + 1 )
       0        0        0     1 __rc29 = __rc28 + 1
       0        0        0     1 PROVIDE ( __rc30 = __rc29 + 1 )
       0        0        0     1 __rc31 = __rc30 + 1
    2001     2001       16     1 .basic_header
    2001     2001       16     1         F:\Entwicklungsprojekte\Mega65\llvm-mos\llvm-mos\bin/../mos-platform/mega65/lib\basic-header.o:(.basic_header)
    2015     2015        0     1                 next_line
      22     2017        6     1 .zp.data
      22     2017        0     1         __zp_data_start = .
      22     2017        5     1         lto.tmp:(.zp.rodata..Lswitch.table.asciitoscreencode_s)
      27     201c        1     1         lto.tmp:(.zp.data.g_curTextColor)
      27     201c        1     1                 g_curTextColor
      28     201d        0     1 __zp_data_load_start = LOADADDR ( .zp.data )
      28     201d        0     1 __zp_data_size = SIZEOF ( .zp.data )
      28       28       43     1 .zp.bss
      28       28        0     1         __zp_bss_start = .
      28       28        1     1         lto.tmp:(.zp.bss.fnamehi)
      28       28        1     1                 fnamehi
      29       29        2     1         lto.tmp:(.zp.bss.direntryblock.0)
      29       29        2     1                 direntryblock.0
      2b       2b       28     1         lto.tmp:(.zp.bss.s)
      2b       2b       28     1                 s
      53       53        1     1         lto.tmp:(.zp.bss.g_curScreenW)
      53       53        1     1                 g_curScreenW
      54       54        1     1         lto.tmp:(.zp.bss.g_curScreenH)
      54       54        1     1                 g_curScreenH
      55       55        1     1         lto.tmp:(.zp.bss.g_curX)
      55       55        1     1                 g_curX
      56       56        1     1         lto.tmp:(.zp.bss.g_curY)
      56       56        1     1                 g_curY
      57       57       14     1         lto.tmp:(.zp.bss.dmalist)
      57       57       14     1                 dmalist
      6b       6b        0     1 __zp_bss_size = SIZEOF ( .zp.bss )
      6b       6b       25     1 .zp
      6b       6b       25     1         lto.tmp:(.zp.noinit..Lzp_stack)
    201d     201d     3931     1 .text
    201d     201d        0     1         _init = .
    201d     201d        0     1         _start = .
    201d     201d        e     1         F:\Entwicklungsprojekte\Mega65\llvm-mos\llvm-mos\bin/../mos-platform/mega65/lib\unmap-basic.o:(.init.010)
    202b     202b        8     1         F:\Entwicklungsprojekte\Mega65\llvm-mos\llvm-mos\bin/../mos-platform/commodore/lib\libcrt0.a(init-stack.S.obj):(.init.100)
    202b     202b        0     1                 __do_init_stack
    2033     2033        3     1         F:\Entwicklungsprojekte\Mega65\llvm-mos\llvm-mos\bin/../mos-platform/commodore/lib\libcrt0.a(zero-bss.c.obj):(.init.200)
    2033     2033        0     1                 __do_zero_bss
    2036     2036        3     1         F:\Entwicklungsprojekte\Mega65\llvm-mos\llvm-mos\bin/../mos-platform/commodore/lib\libcrt0.a(zero-zp-bss.c.obj):(.init.200)
    2036     2036        0     1                 __do_zero_zp_bss
    2039     2039        3     1         F:\Entwicklungsprojekte\Mega65\llvm-mos\llvm-mos\bin/../mos-platform/commodore/lib\libcrt0.a(copy-zp-data.c.obj):(.init.200)
    2039     2039        0     1                 __do_copy_zp_data
    203c     203c        3     1         F:\Entwicklungsprojekte\Mega65\llvm-mos\llvm-mos\bin/../mos-platform/common/lib\crt0.o:(.call_main)
    203f     203f        3     1         F:\Entwicklungsprojekte\Mega65\llvm-mos\llvm-mos\bin/../mos-platform/commodore/lib\libcrt0.a(exit-return.c.obj):(.after_main)
    203f     203f        0     1                 __after_main
    2042     2042        0     1         _fini = .
    2042     2042        a     1         F:\Entwicklungsprojekte\Mega65\llvm-mos\llvm-mos\bin/../mos-platform/mega65/lib\unmap-basic.o:(.fini.990)
    204c     204c        1     1         F:\Entwicklungsprojekte\Mega65\llvm-mos\llvm-mos\bin/../mos-platform/common/lib\crt0.o:(.fini_rts)
    204d     204d       79     1         C:\Users\SUPERU~1\AppData\Local\Temp\memory_asm-f9bf36.o:(.text)
    204d     204d        0     1                 fourbytes
    2051     2051        0     1                 lpstore
    206c     206c        0     1                 lprestore
    2087     2087        0     1                 lpoke
    20a8     20a8        0     1                 lpeek
    20c6     20c6        a     1         F:\Entwicklungsprojekte\Mega65\llvm-mos\llvm-mos\bin/../mos-platform/commodore/lib\libcrt0.a(exit-return.c.obj):(.text)
    20c6     20c6        a     1                 __exit_return
    20d0     20d0     146b     1         F:\Entwicklungsprojekte\Mega65\llvm-mos\llvm-mos\bin/../mos-platform/common/lib\libcrt.a(divmod-large.cc.obj):(.text)
    20d0     20d0      252     1                 __udivmodsi4
    2322     2322      5af     1                 __udivmoddi4
    28d1     28d1      399     1                 __divmodsi4
    2c6a     2c6a      8d1     1                 __divmoddi4
    353b     353b       13     1         F:\Entwicklungsprojekte\Mega65\llvm-mos\llvm-mos\bin/../mos-platform/commodore/lib\libcrt0.a(zero-bss.c.obj):(.text)
    353b     353b       13     1                 __zero_bss
    354e     354e       13     1         F:\Entwicklungsprojekte\Mega65\llvm-mos\llvm-mos\bin/../mos-platform/commodore/lib\libcrt0.a(zero-zp-bss.c.obj):(.text)
    354e     354e       13     1                 __zero_zp_bss
    3561     3561       17     1         F:\Entwicklungsprojekte\Mega65\llvm-mos\llvm-mos\bin/../mos-platform/commodore/lib\libcrt0.a(copy-zp-data.c.obj):(.text)
    3561     3561       17     1                 __copy_zp_data
    3578     3578      e51     1         lto.tmp:(.text.main)
    3578     3578      e51     1                 main
    39f4     39f4        0     1                 errhypclosedir0
    39f6     39f6        0     1                 donehypclosedir0
    3b32     3b32        0     1                 errhypsetnam1
    3b36     3b36        0     1                 donehypsetnam1
    3b48     3b48        0     1                 errhyp1att2
    3b4c     3b4c        0     1                 donehyp1att2
    422a     422a        0     1                 errgetcurdrv3
    422e     422e        0     1                 donegetcurdrv3
    4249     4249        0     1                 errhypopendir4
    424d     424d        0     1                 donehypopendir4
    42e5     42e5        0     1                 hypreaddirloop5
    42fd     42fd        0     1                 errhypreaddir5
    42ff     42ff        0     1                 donehypreaddir5
    43c9     43c9       fc     1         lto.tmp:(.text.GetWholeSector)
    43c9     43c9       fc     1                 GetWholeSector
    43f7     43f7        0     1                 wait026
    440c     440c        0     1                 succeed026
    441f     441f        0     1                 upper026
    4422     4422        0     1                 endsub026
    442a     442a        0     1                 err026
    442c     442c        0     1                 end026
    44c5     44c5      13e     1         lto.tmp:(.text.PutWholeSector)
    44c5     44c5      13e     1                 PutWholeSector
    4520     4520        0     1                 wait027
    4535     4535        0     1                 succeed027
    4548     4548        0     1                 upper027
    454b     454b        0     1                 endsub027
    4553     4553        0     1                 err027
    4555     4555        0     1                 end027
    45c6     45c6        0     1                 wait038
    45db     45db        0     1                 succeed038
    45e1     45e1        0     1                 endsub038
    45e8     45e8        0     1                 err038
    45ea     45ea        0     1                 end038
    4603     4603      16d     1         lto.tmp:(.text.readblockchain)
    4603     4603      16d     1                 readblockchain
    4770     4770      4aa     1         lto.tmp:(.text.findnextBAMtracksector)
    4770     4770      4aa     1                 findnextBAMtracksector
    4c1a     4c1a      170     1         lto.tmp:(.text.getdirententry)
    4c1a     4c1a      170     1                 getdirententry
    4d8a     4d8a       8d     1         lto.tmp:(.text.getdirent)
    4d8a     4d8a       8d     1                 getdirent
    4e17     4e17      137     1         lto.tmp:(.text.cputln)
    4e17     4e17      137     1                 cputln
    4f4e     4f4e       b5     1         lto.tmp:(.text.csputdec)
    4f4e     4f4e       b5     1                 csputdec
    5003     5003       51     1         lto.tmp:(.text.msprintf)
    5003     5003       51     1                 msprintf
    5054     5054       6e     1         lto.tmp:(.text.mprintf)
    5054     5054       6e     1                 mprintf
    50c2     50c2      25a     1         lto.tmp:(.text.mcbox)
    50c2     50c2      25a     1                 mcbox
    531c     531c       92     1         lto.tmp:(.text.messagebox)
    531c     531c       92     1                 messagebox
    53ae     53ae        1     1         lto.tmp:(.text.escNOP)
    53ae     53ae        1     1                 escNOP
    53af     53af       a1     1         lto.tmp:(.text.clrscr)
    53af     53af       a1     1                 clrscr
    5450     5450       ee     1         lto.tmp:(.text.cputcxy)
    5450     5450       ee     1                 cputcxy
    553e     553e       df     1         lto.tmp:(.text.cputsxy)
    553e     553e       df     1                 cputsxy
    561d     561d       d2     1         lto.tmp:(.text.lcopy)
    561d     561d       d2     1                 lcopy
    56ef     56ef       88     1         lto.tmp:(.text.lfill)
    56ef     56ef       88     1                 lfill
    5777     5777       38     1         lto.tmp:(.text.strcpy)
    5777     5777       38     1                 strcpy
    57af     57af       34     1         lto.tmp:(.text.strlen)
    57af     57af       34     1                 strlen
    57e3     57e3       13     1         lto.tmp:(.text.__ashlhi3)
    57e3     57e3       13     1                 __ashlhi3
    57f6     57f6       32     1         lto.tmp:(.text.__mulhi3)
    57f6     57f6       32     1                 __mulhi3
    5828     5828       da     1         lto.tmp:(.text.__udivmodhi4)
    5828     5828       da     1                 __udivmodhi4
    5902     5902       2d     1         lto.tmp:(.text.memcpy)
    5902     5902       2d     1                 memcpy
    592f     592f       1f     1         lto.tmp:(.text.__memset)
    592f     592f       1f     1                 __memset
    594e     594e        0     1         __init_array_start = .
    594e     594e        0     1         __init_array_end = .
    594e     594e        0     1         __fini_array_start = .
    594e     594e        0     1         __fini_array_end = .
    594e     594e      139     1 .rodata
    594e     594e        1     1         F:\Entwicklungsprojekte\Mega65\llvm-mos\llvm-mos\bin/../mos-platform/common/lib\libcrt.a(const.S.obj):(.rodata)
    594e     594e        0     1                 __set_v
    594f     594f       12     1         lto.tmp:(.rodata.main)
    5961     5961      117     1         <internal>:(.rodata.str1.1)
    5a78     5a78        5     1         lto.tmp:(.rodata..Lswitch.table.gettype)
    5a7d     5a7d        5     1         lto.tmp:(.rodata..Lswitch.table.gettype.38)
    5a82     5a82        5     1         lto.tmp:(.rodata..Lswitch.table.gettype.39)
    5a87     5a87        0     1 .data
    5a87     5a87        0     1         __data_start = .
    5a87     5a87        0     1         __data_end = .
    5a87     5a87        0     1 __data_load_start = LOADADDR ( .data )
    5a87     5a87        0     1 __data_size = SIZEOF ( .data )
    5a87     5a87      7e0     1 .bss
    5a87     5a87        0     1         __bss_start = .
    5a87     5a87        1     1         lto.tmp:(.bss.offsCurrIdx)
    5a87     5a87        1     1                 offsCurrIdx
    5a88     5a88        1     1         lto.tmp:(.bss.flagCurrSec)
    5a88     5a88        1     1                 flagCurrSec
    5a89     5a89        4     1         lto.tmp:(.bss.BAMsector)
    5a89     5a89        4     1                 BAMsector
    5a8d     5a8d        4     1         lto.tmp:(.bss.worksector)
    5a8d     5a8d        4     1                 worksector
    5a91     5a91        2     1         lto.tmp:(.bss.worksectorasBAM.0)
    5a91     5a91        2     1                 worksectorasBAM.0
    5a93     5a93        2     1         lto.tmp:(.bss.direntryblock.1)
    5a93     5a93        2     1                 direntryblock.1
    5a95     5a95        1     1         lto.tmp:(.bss.BAMside)
    5a95     5a95        1     1                 BAMside
    5a96     5a96        1     1         lto.tmp:(.bss.workside)
    5a96     5a96        1     1                 workside
    5a97     5a97      492     1         lto.tmp:(.bss.filelist)
    5a97     5a97      492     1                 filelist
    5f29     5f29       41     1         lto.tmp:(.bss.curfile)
    5f29     5f29       41     1                 curfile
    5f6a     5f6a      2fd     1         lto.tmp:(.bss.escapeCode)
    5f6a     5f6a      2fd     1                 escapeCode
    6267     6267        0     1         __bss_end = .
    6267     6267        0     1 __bss_size = SIZEOF ( .bss )
    6267     6267        1     1 .noinit
    6267     6267        1     1         F:\Entwicklungsprojekte\Mega65\llvm-mos\llvm-mos\bin/../mos-platform/commodore/lib\libcrt0.a(exit-return.c.obj):(.noinit)
    6268     6268        0     1         __heap_start = .
    6268     6268        0     1 __stack = 0xd000
       0        0       79     1 .comment
       0        0       79     1         <internal>:(.comment)
       0        0      9f0     4 .symtab
       0        0      9f0     4         <internal>:(.symtab)
       0        0       68     1 .shstrtab
       0        0       68     1         <internal>:(.shstrtab)
       0        0      67d     1 .strtab
       0        0      67d     1         <internal>:(.strtab)
