     VMA      LMA     Size Align Out     In      Symbol
       0        0        0     1 __basic_zp_start = 0x0002
       0        0        0     1 __basic_zp_end = 0x0090
       0        0        0     1 __rc0 = __basic_zp_start
       0        0        0     1 __rc1 = __rc0 + 1
       0        0        0     1 PROVIDE ( __rc2 = __rc1 + 1 )
       0        0        0     1 __rc3 = __rc2 + 1
       0        0        0     1 PROVIDE ( __rc4 = __rc3 + 1 )
       0        0        0     1 __rc5 = __rc4 + 1
       0        0        0     1 PROVIDE ( __rc6 = __rc5 + 1 )
       0        0        0     1 __rc7 = __rc6 + 1
       0        0        0     1 PROVIDE ( __rc8 = __rc7 + 1 )
       0        0        0     1 __rc9 = __rc8 + 1
       0        0        0     1 PROVIDE ( __rc10 = __rc9 + 1 )
       0        0        0     1 __rc11 = __rc10 + 1
       0        0        0     1 PROVIDE ( __rc12 = __rc11 + 1 )
       0        0        0     1 __rc13 = __rc12 + 1
       0        0        0     1 PROVIDE ( __rc14 = __rc13 + 1 )
       0        0        0     1 __rc15 = __rc14 + 1
       0        0        0     1 PROVIDE ( __rc16 = __rc15 + 1 )
       0        0        0     1 __rc17 = __rc16 + 1
       0        0        0     1 PROVIDE ( __rc18 = __rc17 + 1 )
       0        0        0     1 __rc19 = __rc18 + 1
       0        0        0     1 PROVIDE ( __rc20 = __rc19 + 1 )
       0        0        0     1 __rc21 = __rc20 + 1
       0        0        0     1 PROVIDE ( __rc22 = __rc21 + 1 )
       0        0        0     1 __rc23 = __rc22 + 1
       0        0        0     1 PROVIDE ( __rc24 = __rc23 + 1 )
       0        0        0     1 __rc25 = __rc24 + 1
       0        0        0     1 PROVIDE ( __rc26 = __rc25 + 1 )
       0        0        0     1 __rc27 = __rc26 + 1
       0        0        0     1 PROVIDE ( __rc28 = __rc27 + 1 )
       0        0        0     1 __rc29 = __rc28 + 1
       0        0        0     1 PROVIDE ( __rc30 = __rc29 + 1 )
       0        0        0     1 __rc31 = __rc30 + 1
    2001     2001       16     1 .basic_header
    2001     2001       16     1         F:\Entwicklungsprojekte\Mega65\llvm-mos\llvm-mos\bin/../mos-platform/mega65/lib\basic-header.o:(.basic_header)
    2015     2015        0     1                 next_line
      22     2017       16     1 .zp.data
      22     2017        0     1         __zp_data_start = .
      22     2017        5     1         lto.tmp:(.zp.rodata..Lswitch.table.asciitoscreencode_s)
      27     201c        1     1         lto.tmp:(.zp.data.g_curTextColor)
      27     201c        1     1                 g_curTextColor
      28     201d       10     1         <internal>:(.zp.rodata.cst16)
      38     202d        0     1 __zp_data_load_start = LOADADDR ( .zp.data )
      38     202d        0     1 __zp_data_size = SIZEOF ( .zp.data )
      38       38       25     1 .zp.bss
      38       38        0     1         __zp_bss_start = .
      38       38        1     1         lto.tmp:(.zp.bss.offsCurrIdx)
      38       38        1     1                 offsCurrIdx
      39       39        1     1         lto.tmp:(.zp.bss.flagCurrSec)
      39       39        1     1                 flagCurrSec
      3a       3a        4     1         lto.tmp:(.zp.bss.worksector)
      3a       3a        4     1                 worksector
      3e       3e        4     1         lto.tmp:(.zp.bss.ptrMiniOffs)
      3e       3e        4     1                 ptrMiniOffs
      42       42        1     1         lto.tmp:(.zp.bss.i)
      42       42        1     1                 i
      43       43        1     1         lto.tmp:(.zp.bss.workside)
      43       43        1     1                 workside
      44       44        1     1         lto.tmp:(.zp.bss.fnamehi)
      44       44        1     1                 fnamehi
      45       45        1     1         lto.tmp:(.zp.bss.g_curScreenW)
      45       45        1     1                 g_curScreenW
      46       46        1     1         lto.tmp:(.zp.bss.g_curScreenH)
      46       46        1     1                 g_curScreenH
      47       47        1     1         lto.tmp:(.zp.bss.g_curX)
      47       47        1     1                 g_curX
      48       48        1     1         lto.tmp:(.zp.bss.g_curY)
      48       48        1     1                 g_curY
      49       49       14     1         lto.tmp:(.zp.bss.dmalist)
      49       49       14     1                 dmalist
      5d       5d        0     1 __zp_bss_size = SIZEOF ( .zp.bss )
      5d       5d       29     1 .zp
      5d       5d       29     1         lto.tmp:(.zp.noinit..Lzp_stack)
    202d     202d     2901     1 .text
    202d     202d        0     1         _init = .
    202d     202d        0     1         _start = .
    202d     202d        e     1         F:\Entwicklungsprojekte\Mega65\llvm-mos\llvm-mos\bin/../mos-platform/mega65/lib\unmap-basic.o:(.init.010)
    203b     203b        8     1         F:\Entwicklungsprojekte\Mega65\llvm-mos\llvm-mos\bin/../mos-platform/commodore/lib\libcrt0.a(init-stack.S.obj):(.init.100)
    203b     203b        0     1                 __do_init_stack
    2043     2043        3     1         F:\Entwicklungsprojekte\Mega65\llvm-mos\llvm-mos\bin/../mos-platform/commodore/lib\libcrt0.a(zero-bss.c.obj):(.init.200)
    2043     2043        0     1                 __do_zero_bss
    2046     2046        3     1         F:\Entwicklungsprojekte\Mega65\llvm-mos\llvm-mos\bin/../mos-platform/commodore/lib\libcrt0.a(zero-zp-bss.c.obj):(.init.200)
    2046     2046        0     1                 __do_zero_zp_bss
    2049     2049        3     1         F:\Entwicklungsprojekte\Mega65\llvm-mos\llvm-mos\bin/../mos-platform/commodore/lib\libcrt0.a(copy-zp-data.c.obj):(.init.200)
    2049     2049        0     1                 __do_copy_zp_data
    204c     204c        3     1         F:\Entwicklungsprojekte\Mega65\llvm-mos\llvm-mos\bin/../mos-platform/common/lib\crt0.o:(.call_main)
    204f     204f        3     1         F:\Entwicklungsprojekte\Mega65\llvm-mos\llvm-mos\bin/../mos-platform/commodore/lib\libcrt0.a(exit-return.c.obj):(.after_main)
    204f     204f        0     1                 __after_main
    2052     2052        0     1         _fini = .
    2052     2052        a     1         F:\Entwicklungsprojekte\Mega65\llvm-mos\llvm-mos\bin/../mos-platform/mega65/lib\unmap-basic.o:(.fini.990)
    205c     205c        1     1         F:\Entwicklungsprojekte\Mega65\llvm-mos\llvm-mos\bin/../mos-platform/common/lib\crt0.o:(.fini_rts)
    205d     205d       79     1         C:\Users\SUPERU~1\AppData\Local\Temp\memory_asm-bcbc01.o:(.text)
    205d     205d        0     1                 fourbytes
    2061     2061        0     1                 lpstore
    207c     207c        0     1                 lprestore
    2097     2097        0     1                 lpoke
    20b8     20b8        0     1                 lpeek
    20d6     20d6        a     1         F:\Entwicklungsprojekte\Mega65\llvm-mos\llvm-mos\bin/../mos-platform/commodore/lib\libcrt0.a(exit-return.c.obj):(.text)
    20d6     20d6        a     1                 __exit_return
    20e0     20e0     146b     1         F:\Entwicklungsprojekte\Mega65\llvm-mos\llvm-mos\bin/../mos-platform/common/lib\libcrt.a(divmod-large.cc.obj):(.text)
    20e0     20e0      252     1                 __udivmodsi4
    2332     2332      5af     1                 __udivmoddi4
    28e1     28e1      399     1                 __divmodsi4
    2c7a     2c7a      8d1     1                 __divmoddi4
    354b     354b       13     1         F:\Entwicklungsprojekte\Mega65\llvm-mos\llvm-mos\bin/../mos-platform/commodore/lib\libcrt0.a(zero-bss.c.obj):(.text)
    354b     354b       13     1                 __zero_bss
    355e     355e       13     1         F:\Entwicklungsprojekte\Mega65\llvm-mos\llvm-mos\bin/../mos-platform/commodore/lib\libcrt0.a(zero-zp-bss.c.obj):(.text)
    355e     355e       13     1                 __zero_zp_bss
    3571     3571       17     1         F:\Entwicklungsprojekte\Mega65\llvm-mos\llvm-mos\bin/../mos-platform/commodore/lib\libcrt0.a(copy-zp-data.c.obj):(.text)
    3571     3571       17     1                 __copy_zp_data
    3588     3588      137     1         lto.tmp:(.text.cputln)
    3588     3588      137     1                 cputln
    36bf     36bf       ef     1         lto.tmp:(.text.mprintf)
    36bf     36bf       ef     1                 mprintf
    37ae     37ae      3bd     1         lto.tmp:(.text.readblockchain)
    37ae     37ae      3bd     1                 readblockchain
    39b0     39b0        0     1                 wait020
    39c5     39c5        0     1                 succeed020
    39da     39da        0     1                 upper020
    39e1     39e1        0     1                 endsub020
    39e8     39e8        0     1                 err020
    39ea     39ea        0     1                 end020
    3b6b     3b6b      7e7     1         lto.tmp:(.text.main)
    3b6b     3b6b      7e7     1                 main
    3d1b     3d1b        0     1                 errhypsetnam1
    3d1f     3d1f        0     1                 donehypsetnam1
    3e50     3e50        0     1                 errhypsetnam2
    3e54     3e54        0     1                 donehypsetnam2
    3e66     3e66        0     1                 errhyp1att3
    3e6a     3e6a        0     1                 donehyp1att3
    3ed7     3ed7        0     1                 errseldrv4
    3edb     3edb        0     1                 doneseldrv4
    3f14     3f14        0     1                 errgetcurdrv5
    3f18     3f18        0     1                 donegetcurdrv5
    3f94     3f94        0     1                 errhypopendir6
    3f98     3f98        0     1                 donehypopendir6
    4178     4178        0     1                 hypreaddirloop7
    4190     4190        0     1                 errhypreaddir7
    4192     4192        0     1                 donehypreaddir7
    41c3     41c3        0     1                 errhypclosedir8
    41c5     41c5        0     1                 donehypclosedir8
    4352     4352        1     1         lto.tmp:(.text.escNOP)
    4352     4352        1     1                 escNOP
    4353     4353       a1     1         lto.tmp:(.text.clrscr)
    4353     4353       a1     1                 clrscr
    43f4     43f4       e3     1         lto.tmp:(.text.cputc)
    43f4     43f4       e3     1                 cputc
    44d7     44d7       7f     1         lto.tmp:(.text.cputhex)
    44d7     44d7       7f     1                 cputhex
    4556     4556       df     1         lto.tmp:(.text.cputsxy)
    4556     4556       df     1                 cputsxy
    4635     4635       d2     1         lto.tmp:(.text.lcopy)
    4635     4635       d2     1                 lcopy
    4707     4707       88     1         lto.tmp:(.text.lfill)
    4707     4707       88     1                 lfill
    478f     478f       34     1         lto.tmp:(.text.strlen)
    478f     478f       34     1                 strlen
    47c3     47c3       13     1         lto.tmp:(.text.__ashlhi3)
    47c3     47c3       13     1                 __ashlhi3
    47d6     47d6       32     1         lto.tmp:(.text.__mulhi3)
    47d6     47d6       32     1                 __mulhi3
    4808     4808       da     1         lto.tmp:(.text.__udivmodhi4)
    4808     4808       da     1                 __udivmodhi4
    48e2     48e2       2d     1         lto.tmp:(.text.memcpy)
    48e2     48e2       2d     1                 memcpy
    490f     490f       1f     1         lto.tmp:(.text.__memset)
    490f     490f       1f     1                 __memset
    492e     492e        0     1         __init_array_start = .
    492e     492e        0     1         __init_array_end = .
    492e     492e        0     1         __fini_array_start = .
    492e     492e        0     1         __fini_array_end = .
    492e     492e      17f     1 .rodata
    492e     492e        1     1         F:\Entwicklungsprojekte\Mega65\llvm-mos\llvm-mos\bin/../mos-platform/common/lib\libcrt.a(const.S.obj):(.rodata)
    492e     492e        0     1                 __set_v
    492f     492f      17e     1         <internal>:(.rodata.str1.1)
    4aad     4aad        0     1 .data
    4aad     4aad        0     1         __data_start = .
    4aad     4aad        0     1         __data_end = .
    4aad     4aad        0     1 __data_load_start = LOADADDR ( .data )
    4aad     4aad        0     1 __data_size = SIZEOF ( .data )
    4aad     4aad      2fd     1 .bss
    4aad     4aad        0     1         __bss_start = .
    4aad     4aad      2fd     1         lto.tmp:(.bss.escapeCode)
    4aad     4aad      2fd     1                 escapeCode
    4daa     4daa        0     1         __bss_end = .
    4daa     4daa        0     1 __bss_size = SIZEOF ( .bss )
    4daa     4daa        1     1 .noinit
    4daa     4daa        1     1         F:\Entwicklungsprojekte\Mega65\llvm-mos\llvm-mos\bin/../mos-platform/commodore/lib\libcrt0.a(exit-return.c.obj):(.noinit)
    4dab     4dab        0     1         __heap_start = .
    4dab     4dab        0     1 __stack = 0xd000
       0        0       79     1 .comment
       0        0       79     1         <internal>:(.comment)
       0        0      8a0     4 .symtab
       0        0      8a0     4         <internal>:(.symtab)
       0        0       68     1 .shstrtab
       0        0       68     1         <internal>:(.shstrtab)
       0        0      5a1     1 .strtab
       0        0      5a1     1         <internal>:(.strtab)
