     VMA      LMA     Size Align Out     In      Symbol
       0        0        0     1 __basic_zp_start = 0x0002
       0        0        0     1 __basic_zp_end = 0x0090
       0        0        0     1 __rc0 = __basic_zp_start
       0        0        0     1 __rc1 = __rc0 + 1
       0        0        0     1 PROVIDE ( __rc2 = __rc1 + 1 )
       0        0        0     1 __rc3 = __rc2 + 1
       0        0        0     1 PROVIDE ( __rc4 = __rc3 + 1 )
       0        0        0     1 __rc5 = __rc4 + 1
       0        0        0     1 PROVIDE ( __rc6 = __rc5 + 1 )
       0        0        0     1 __rc7 = __rc6 + 1
       0        0        0     1 PROVIDE ( __rc8 = __rc7 + 1 )
       0        0        0     1 __rc9 = __rc8 + 1
       0        0        0     1 PROVIDE ( __rc10 = __rc9 + 1 )
       0        0        0     1 __rc11 = __rc10 + 1
       0        0        0     1 PROVIDE ( __rc12 = __rc11 + 1 )
       0        0        0     1 __rc13 = __rc12 + 1
       0        0        0     1 PROVIDE ( __rc14 = __rc13 + 1 )
       0        0        0     1 __rc15 = __rc14 + 1
       0        0        0     1 PROVIDE ( __rc16 = __rc15 + 1 )
       0        0        0     1 __rc17 = __rc16 + 1
       0        0        0     1 PROVIDE ( __rc18 = __rc17 + 1 )
       0        0        0     1 __rc19 = __rc18 + 1
       0        0        0     1 PROVIDE ( __rc20 = __rc19 + 1 )
       0        0        0     1 __rc21 = __rc20 + 1
       0        0        0     1 PROVIDE ( __rc22 = __rc21 + 1 )
       0        0        0     1 __rc23 = __rc22 + 1
       0        0        0     1 PROVIDE ( __rc24 = __rc23 + 1 )
       0        0        0     1 __rc25 = __rc24 + 1
       0        0        0     1 PROVIDE ( __rc26 = __rc25 + 1 )
       0        0        0     1 __rc27 = __rc26 + 1
       0        0        0     1 PROVIDE ( __rc28 = __rc27 + 1 )
       0        0        0     1 __rc29 = __rc28 + 1
       0        0        0     1 PROVIDE ( __rc30 = __rc29 + 1 )
       0        0        0     1 __rc31 = __rc30 + 1
    2001     2001       16     1 .basic_header
    2001     2001       16     1         F:\Entwicklungsprojekte\Mega65\llvm-mos\llvm-mos\bin/../mos-platform/mega65/lib\basic-header.o:(.basic_header)
    2015     2015        0     1                 next_line
      22     2017        6     1 .zp.data
      22     2017        0     1         __zp_data_start = .
      22     2017        5     1         lto.tmp:(.zp.rodata..Lswitch.table.asciitoscreencode)
      27     201c        1     1         lto.tmp:(.zp.data.g_curTextColor)
      27     201c        1     1                 g_curTextColor
      28     201d        0     1 __zp_data_load_start = LOADADDR ( .zp.data )
      28     201d        0     1 __zp_data_size = SIZEOF ( .zp.data )
      28       28       3f     1 .zp.bss
      28       28        0     1         __zp_bss_start = .
      28       28       28     1         lto.tmp:(.zp.bss.s)
      28       28       28     1                 s
      50       50        1     1         lto.tmp:(.zp.bss.g_curScreenW)
      50       50        1     1                 g_curScreenW
      51       51        1     1         lto.tmp:(.zp.bss.g_curX)
      51       51        1     1                 g_curX
      52       52        1     1         lto.tmp:(.zp.bss.g_curY)
      52       52        1     1                 g_curY
      53       53       14     1         lto.tmp:(.zp.bss.dmalist)
      53       53       14     1                 dmalist
      67       67        0     1 __zp_bss_size = SIZEOF ( .zp.bss )
      67       67       29     1 .zp
      67       67       29     1         lto.tmp:(.zp.noinit..Lzp_stack)
    201d     201d     4caa     1 .text
    201d     201d        0     1         _init = .
    201d     201d        0     1         _start = .
    201d     201d        e     1         F:\Entwicklungsprojekte\Mega65\llvm-mos\llvm-mos\bin/../mos-platform/mega65/lib\unmap-basic.o:(.init.010)
    202b     202b        8     1         F:\Entwicklungsprojekte\Mega65\llvm-mos\llvm-mos\bin/../mos-platform/commodore/lib\libcrt0.a(init-stack.S.obj):(.init.100)
    202b     202b        0     1                 __do_init_stack
    2033     2033        3     1         F:\Entwicklungsprojekte\Mega65\llvm-mos\llvm-mos\bin/../mos-platform/commodore/lib\libcrt0.a(zero-bss.c.obj):(.init.200)
    2033     2033        0     1                 __do_zero_bss
    2036     2036        3     1         F:\Entwicklungsprojekte\Mega65\llvm-mos\llvm-mos\bin/../mos-platform/commodore/lib\libcrt0.a(zero-zp-bss.c.obj):(.init.200)
    2036     2036        0     1                 __do_zero_zp_bss
    2039     2039        3     1         F:\Entwicklungsprojekte\Mega65\llvm-mos\llvm-mos\bin/../mos-platform/commodore/lib\libcrt0.a(copy-zp-data.c.obj):(.init.200)
    2039     2039        0     1                 __do_copy_zp_data
    203c     203c        3     1         F:\Entwicklungsprojekte\Mega65\llvm-mos\llvm-mos\bin/../mos-platform/common/lib\crt0.o:(.call_main)
    203f     203f        3     1         F:\Entwicklungsprojekte\Mega65\llvm-mos\llvm-mos\bin/../mos-platform/commodore/lib\libcrt0.a(exit-return.c.obj):(.after_main)
    203f     203f        0     1                 __after_main
    2042     2042        0     1         _fini = .
    2042     2042        a     1         F:\Entwicklungsprojekte\Mega65\llvm-mos\llvm-mos\bin/../mos-platform/mega65/lib\unmap-basic.o:(.fini.990)
    204c     204c        1     1         F:\Entwicklungsprojekte\Mega65\llvm-mos\llvm-mos\bin/../mos-platform/common/lib\crt0.o:(.fini_rts)
    204d     204d       79     1         C:\Users\SUPERU~1\AppData\Local\Temp\memory_asm-c8f304.o:(.text)
    204d     204d        0     1                 fourbytes
    2051     2051        0     1                 lpstore
    206c     206c        0     1                 lprestore
    2087     2087        0     1                 lpoke
    20a8     20a8        0     1                 lpeek
    20c6     20c6        a     1         F:\Entwicklungsprojekte\Mega65\llvm-mos\llvm-mos\bin/../mos-platform/commodore/lib\libcrt0.a(exit-return.c.obj):(.text)
    20c6     20c6        a     1                 __exit_return
    20d0     20d0     146b     1         F:\Entwicklungsprojekte\Mega65\llvm-mos\llvm-mos\bin/../mos-platform/common/lib\libcrt.a(divmod-large.cc.obj):(.text)
    20d0     20d0      252     1                 __udivmodsi4
    2322     2322      5af     1                 __udivmoddi4
    28d1     28d1      399     1                 __divmodsi4
    2c6a     2c6a      8d1     1                 __divmoddi4
    353b     353b       13     1         F:\Entwicklungsprojekte\Mega65\llvm-mos\llvm-mos\bin/../mos-platform/commodore/lib\libcrt0.a(zero-bss.c.obj):(.text)
    353b     353b       13     1                 __zero_bss
    354e     354e       13     1         F:\Entwicklungsprojekte\Mega65\llvm-mos\llvm-mos\bin/../mos-platform/commodore/lib\libcrt0.a(zero-zp-bss.c.obj):(.text)
    354e     354e       13     1                 __zero_zp_bss
    3561     3561       17     1         F:\Entwicklungsprojekte\Mega65\llvm-mos\llvm-mos\bin/../mos-platform/commodore/lib\libcrt0.a(copy-zp-data.c.obj):(.text)
    3561     3561       17     1                 __copy_zp_data
    3578     3578     17b4     1         lto.tmp:(.text.main)
    3578     3578     17b4     1                 main
    3e5b     3e5b        0     1                 errhyp1att0
    3e5f     3e5f        0     1                 donehyp1att0
    4043     4043        0     1                 errhypchdir1
    4047     4047        0     1                 donehypchdir1
    41ca     41ca        0     1                 errhypchdir2
    41ce     41ce        0     1                 donehypchdir2
    44cb     44cb        0     1                 errhyp0att3
    44cf     44cf        0     1                 donehyp0att3
    4d2c     4d2c       32     1         lto.tmp:(.text.hyppo_setname)
    4d2c     4d2c       32     1                 hyppo_setname
    4d58     4d58        0     1                 errhypsetnam4
    4d5c     4d5c        0     1                 donehypsetnam4
    4d5e     4d5e       63     1         lto.tmp:(.text.getsfn)
    4d5e     4d5e       63     1                 getsfn
    4dc1     4dc1       90     1         lto.tmp:(.text.ReadSector)
    4dc1     4dc1       90     1                 ReadSector
    4e51     4e51      16f     1         lto.tmp:(.text.ShowAccess)
    4e51     4e51      16f     1                 ShowAccess
    4fc0     4fc0       5d     1         lto.tmp:(.text.GetOneSector)
    4fc0     4fc0       5d     1                 GetOneSector
    501d     501d       e4     1         lto.tmp:(.text.PutOneSector)
    501d     501d       e4     1                 PutOneSector
    5101     5101       39     1         lto.tmp:(.text.GetBAM)
    5101     5101       39     1                 GetBAM
    513a     513a       60     1         lto.tmp:(.text.PutBAM)
    513a     513a       60     1                 PutBAM
    519a     519a      10c     1         lto.tmp:(.text.readblockchain)
    519a     519a      10c     1                 readblockchain
    52a6     52a6      250     1         lto.tmp:(.text.BAMSectorUpdate)
    52a6     52a6      250     1                 BAMSectorUpdate
    54f6     54f6      151     1         lto.tmp:(.text.findnextBAMtracksector)
    54f6     54f6      151     1                 findnextBAMtracksector
    5647     5647       77     1         lto.tmp:(.text.tracksectorstring)
    5647     5647       77     1                 tracksectorstring
    56be     56be       cd     1         lto.tmp:(.text.getdirententry)
    56be     56be       cd     1                 getdirententry
    578b     578b       13     1         lto.tmp:(.text.strcopy)
    578b     578b       13     1                 strcopy
    579e     579e      124     1         lto.tmp:(.text.cputln)
    579e     579e      124     1                 cputln
    58c2     58c2       b3     1         lto.tmp:(.text.csputdec)
    58c2     58c2       b3     1                 csputdec
    5975     5975       51     1         lto.tmp:(.text.asciitoscreencode_s)
    5975     5975       51     1                 asciitoscreencode_s
    59c6     59c6       5f     1         lto.tmp:(.text.clrhome)
    59c6     59c6       5f     1                 clrhome
    5a25     5a25        e     1         lto.tmp:(.text.msprintf)
    5a25     5a25        e     1                 msprintf
    5a33     5a33       2b     1         lto.tmp:(.text.mprintf)
    5a33     5a33       2b     1                 mprintf
    5a5e     5a5e       3d     1         lto.tmp:(.text.mhprintf)
    5a5e     5a5e       3d     1                 mhprintf
    5a9b     5a9b       16     1         lto.tmp:(.text.mcputsxy)
    5a9b     5a9b       16     1                 mcputsxy
    5ab1     5ab1      18f     1         lto.tmp:(.text.mcbox)
    5ab1     5ab1      18f     1                 mcbox
    5c40     5c40      10b     1         lto.tmp:(.text.messagebox)
    5c40     5c40      10b     1                 messagebox
    5d4b     5d4b       af     1         lto.tmp:(.text.progress)
    5d4b     5d4b       af     1                 progress
    5dfa     5dfa       41     1         lto.tmp:(.text.shortcutprint)
    5dfa     5dfa       41     1                 shortcutprint
    5e3b     5e3b      356     1         lto.tmp:(.text.shortcuts)
    5e3b     5e3b      356     1                 shortcuts
    6191     6191      458     1         lto.tmp:(.text.UpdateSectors)
    6191     6191      458     1                 UpdateSectors
    625b     625b        0     1                 errgetcurdrv5
    625f     625f        0     1                 donegetcurdrv5
    6278     6278        0     1                 errhypopendir6
    627c     627c        0     1                 donehypopendir6
    62cf     62cf        0     1                 hypreaddirloop7
    62e7     62e7        0     1                 errhypreaddir7
    62e9     62e9        0     1                 donehypreaddir7
    63df     63df        0     1                 errgetproc8
    63e3     63e3        0     1                 donegetproc8
    65a2     65a2        0     1                 errhypclosedir9
    65a4     65a4        0     1                 donehypclosedir9
    65e9     65e9        1     1         lto.tmp:(.text.escNOP)
    65e9     65e9        1     1                 escNOP
    65ea     65ea       14     1         lto.tmp:(.text.getscreenaddr)
    65ea     65ea       14     1                 getscreenaddr
    65fe     65fe        9     1         lto.tmp:(.text.cputc)
    65fe     65fe        9     1                 cputc
    6607     6607       a5     1         lto.tmp:(.text.cputcxy)
    6607     6607       a5     1                 cputcxy
    66ac     66ac       74     1         lto.tmp:(.text.cputhex)
    66ac     66ac       74     1                 cputhex
    6720     6720        7     1         lto.tmp:(.text.cputs)
    6720     6720        7     1                 cputs
    6727     6727       dd     1         lto.tmp:(.text.cputsxy)
    6727     6727       dd     1                 cputsxy
    6804     6804       aa     1         lto.tmp:(.text.fillrect)
    6804     6804       aa     1                 fillrect
    68ae     68ae        9     1         lto.tmp:(.text.cgetc)
    68ae     68ae        9     1                 cgetc
    68b7     68b7       27     1         lto.tmp:(.text.do_dma)
    68b7     68b7       27     1                 do_dma
    68de     68de       67     1         lto.tmp:(.text.lcopy)
    68de     68de       67     1                 lcopy
    6945     6945       50     1         lto.tmp:(.text.lfill)
    6945     6945       50     1                 lfill
    6995     6995       4e     1         lto.tmp:(.text.usleep)
    6995     6995       4e     1                 usleep
    69e3     69e3       38     1         lto.tmp:(.text.strcpy)
    69e3     69e3       38     1                 strcpy
    6a1b     6a1b       34     1         lto.tmp:(.text.strlen)
    6a1b     6a1b       34     1                 strlen
    6a4f     6a4f       13     1         lto.tmp:(.text.__ashlhi3)
    6a4f     6a4f       13     1                 __ashlhi3
    6a62     6a62       1b     1         lto.tmp:(.text.__mulqi3)
    6a62     6a62       1b     1                 __mulqi3
    6a7d     6a7d       32     1         lto.tmp:(.text.__mulhi3)
    6a7d     6a7d       32     1                 __mulhi3
    6aaf     6aaf       70     1         lto.tmp:(.text.__mulsi3)
    6aaf     6aaf       70     1                 __mulsi3
    6b1f     6b1f       82     1         lto.tmp:(.text.__udivmodqi4)
    6b1f     6b1f       82     1                 __udivmodqi4
    6ba1     6ba1       da     1         lto.tmp:(.text.__udivmodhi4)
    6ba1     6ba1       da     1                 __udivmodhi4
    6c7b     6c7b       2d     1         lto.tmp:(.text.memcpy)
    6c7b     6c7b       2d     1                 memcpy
    6ca8     6ca8       1f     1         lto.tmp:(.text.__memset)
    6ca8     6ca8       1f     1                 __memset
    6cc7     6cc7        0     1         __init_array_start = .
    6cc7     6cc7        0     1         __init_array_end = .
    6cc7     6cc7        0     1         __fini_array_start = .
    6cc7     6cc7        0     1         __fini_array_end = .
    6cc7     6cc7      5d9     1 .rodata
    6cc7     6cc7       1e     1         lto.tmp:(.rodata.main)
    6ce5     6ce5      54f     1         <internal>:(.rodata.str1.1)
    7234     7234        c     1         <internal>:(.rodata.cst4)
    7240     7240       50     1         lto.tmp:(.rodata..L__const.findnextBAMtracksector.strategy)
    7290     7290       10     1         <internal>:(.rodata.cst16)
    72a0     72a0        0     1 .data
    72a0     72a0        0     1         __data_start = .
    72a0     72a0        0     1         __data_end = .
    72a0     72a0        0     1 __data_load_start = LOADADDR ( .data )
    72a0     72a0        0     1 __data_size = SIZEOF ( .data )
    72a0     72a0      321     1 .bss
    72a0     72a0        0     1         __bss_start = .
    72a0     72a0        1     1         lto.tmp:(.bss.fnamehi)
    72a0     72a0        1     1                 fnamehi
    72a1     72a1       22     1         lto.tmp:(.bss.diskname)
    72a1     72a1       22     1                 diskname
    72c3     72c3        1     1         lto.tmp:(.bss.g_curScreenH)
    72c3     72c3        1     1                 g_curScreenH
    72c4     72c4      2fd     1         lto.tmp:(.bss.escapeCode)
    72c4     72c4      2fd     1                 escapeCode
    75c1     75c1        0     1         __bss_end = .
    75c1     75c1        0     1 __bss_size = SIZEOF ( .bss )
    75c1     75c1       17     1 .noinit
    75c1     75c1        1     1         F:\Entwicklungsprojekte\Mega65\llvm-mos\llvm-mos\bin/../mos-platform/commodore/lib\libcrt0.a(exit-return.c.obj):(.noinit)
    75c2     75c2       16     1         lto.tmp:(.noinit..Lstatic_stack)
    75d8     75d8        0     1         __heap_start = .
    75d8     75d8        0     1 __stack = 0xd000
       0        0       79     1 .comment
       0        0       79     1         <internal>:(.comment)
       0        0      a80     4 .symtab
       0        0      a80     4         <internal>:(.symtab)
       0        0       68     1 .shstrtab
       0        0       68     1         <internal>:(.shstrtab)
       0        0      6f8     1 .strtab
       0        0      6f8     1         <internal>:(.strtab)
