     VMA      LMA     Size Align Out     In      Symbol
       0        0        0     1 __basic_zp_start = 0x0002
       0        0        0     1 __basic_zp_end = 0x0090
       0        0        0     1 __rc0 = __basic_zp_start
       0        0        0     1 __rc1 = __rc0 + 1
       0        0        0     1 PROVIDE ( __rc2 = __rc1 + 1 )
       0        0        0     1 __rc3 = __rc2 + 1
       0        0        0     1 PROVIDE ( __rc4 = __rc3 + 1 )
       0        0        0     1 __rc5 = __rc4 + 1
       0        0        0     1 PROVIDE ( __rc6 = __rc5 + 1 )
       0        0        0     1 __rc7 = __rc6 + 1
       0        0        0     1 PROVIDE ( __rc8 = __rc7 + 1 )
       0        0        0     1 __rc9 = __rc8 + 1
       0        0        0     1 PROVIDE ( __rc10 = __rc9 + 1 )
       0        0        0     1 __rc11 = __rc10 + 1
       0        0        0     1 PROVIDE ( __rc12 = __rc11 + 1 )
       0        0        0     1 __rc13 = __rc12 + 1
       0        0        0     1 PROVIDE ( __rc14 = __rc13 + 1 )
       0        0        0     1 __rc15 = __rc14 + 1
       0        0        0     1 PROVIDE ( __rc16 = __rc15 + 1 )
       0        0        0     1 __rc17 = __rc16 + 1
       0        0        0     1 PROVIDE ( __rc18 = __rc17 + 1 )
       0        0        0     1 __rc19 = __rc18 + 1
       0        0        0     1 PROVIDE ( __rc20 = __rc19 + 1 )
       0        0        0     1 __rc21 = __rc20 + 1
       0        0        0     1 PROVIDE ( __rc22 = __rc21 + 1 )
       0        0        0     1 __rc23 = __rc22 + 1
       0        0        0     1 PROVIDE ( __rc24 = __rc23 + 1 )
       0        0        0     1 __rc25 = __rc24 + 1
       0        0        0     1 PROVIDE ( __rc26 = __rc25 + 1 )
       0        0        0     1 __rc27 = __rc26 + 1
       0        0        0     1 PROVIDE ( __rc28 = __rc27 + 1 )
       0        0        0     1 __rc29 = __rc28 + 1
       0        0        0     1 PROVIDE ( __rc30 = __rc29 + 1 )
       0        0        0     1 __rc31 = __rc30 + 1
    2001     2001       16     1 .basic_header
    2001     2001       16     1         F:\Entwicklungsprojekte\Mega65\llvm-mos\llvm-mos\bin/../mos-platform/mega65/lib\basic-header.o:(.basic_header)
    2015     2015        0     1                 next_line
      22     2017        1     1 .zp.data
      22     2017        0     1         __zp_data_start = .
      22     2017        1     1         lto.tmp:(.zp.data.g_curTextColor)
      22     2017        1     1                 g_curTextColor
      23     2018        0     1 __zp_data_load_start = LOADADDR ( .zp.data )
      23     2018        0     1 __zp_data_size = SIZEOF ( .zp.data )
      23       23       4b     1 .zp.bss
      23       23        0     1         __zp_bss_start = .
      23       23        4     1         lto.tmp:(.zp.bss.BAMsector)
      23       23        4     1                 BAMsector
      27       27        2     1         lto.tmp:(.zp.bss.worksector.0)
      27       27        2     1                 worksector.0
      29       29        2     1         lto.tmp:(.zp.bss.worksectorasBAM.0)
      29       29        2     1                 worksectorasBAM.0
      2b       2b        2     1         lto.tmp:(.zp.bss.direntryblock.0)
      2b       2b        2     1                 direntryblock.0
      2d       2d        2     1         lto.tmp:(.zp.bss.direntryblock.1)
      2d       2d        2     1                 direntryblock.1
      2f       2f       28     1         lto.tmp:(.zp.bss.s)
      2f       2f       28     1                 s
      57       57        1     1         lto.tmp:(.zp.bss.g_curScreenW)
      57       57        1     1                 g_curScreenW
      58       58        1     1         lto.tmp:(.zp.bss.g_curX)
      58       58        1     1                 g_curX
      59       59        1     1         lto.tmp:(.zp.bss.g_curY)
      59       59        1     1                 g_curY
      5a       5a       14     1         lto.tmp:(.zp.bss.dmalist)
      5a       5a       14     1                 dmalist
      6e       6e        0     1 __zp_bss_size = SIZEOF ( .zp.bss )
      6e       6e       22     1 .zp
      6e       6e       22     1         lto.tmp:(.zp.noinit..Lzp_stack)
    2018     2018     49b2     1 .text
    2018     2018        0     1         _init = .
    2018     2018        0     1         _start = .
    2018     2018        e     1         F:\Entwicklungsprojekte\Mega65\llvm-mos\llvm-mos\bin/../mos-platform/mega65/lib\unmap-basic.o:(.init.010)
    2026     2026        8     1         F:\Entwicklungsprojekte\Mega65\llvm-mos\llvm-mos\bin/../mos-platform/commodore/lib\libcrt0.a(init-stack.S.obj):(.init.100)
    2026     2026        0     1                 __do_init_stack
    202e     202e        3     1         F:\Entwicklungsprojekte\Mega65\llvm-mos\llvm-mos\bin/../mos-platform/commodore/lib\libcrt0.a(zero-bss.c.obj):(.init.200)
    202e     202e        0     1                 __do_zero_bss
    2031     2031        3     1         F:\Entwicklungsprojekte\Mega65\llvm-mos\llvm-mos\bin/../mos-platform/commodore/lib\libcrt0.a(zero-zp-bss.c.obj):(.init.200)
    2031     2031        0     1                 __do_zero_zp_bss
    2034     2034        3     1         F:\Entwicklungsprojekte\Mega65\llvm-mos\llvm-mos\bin/../mos-platform/commodore/lib\libcrt0.a(copy-zp-data.c.obj):(.init.200)
    2034     2034        0     1                 __do_copy_zp_data
    2037     2037        3     1         F:\Entwicklungsprojekte\Mega65\llvm-mos\llvm-mos\bin/../mos-platform/common/lib\crt0.o:(.call_main)
    203a     203a        3     1         F:\Entwicklungsprojekte\Mega65\llvm-mos\llvm-mos\bin/../mos-platform/commodore/lib\libcrt0.a(exit-return.c.obj):(.after_main)
    203a     203a        0     1                 __after_main
    203d     203d        0     1         _fini = .
    203d     203d        a     1         F:\Entwicklungsprojekte\Mega65\llvm-mos\llvm-mos\bin/../mos-platform/mega65/lib\unmap-basic.o:(.fini.990)
    2047     2047        1     1         F:\Entwicklungsprojekte\Mega65\llvm-mos\llvm-mos\bin/../mos-platform/common/lib\crt0.o:(.fini_rts)
    2048     2048       79     1         C:\Users\SUPERU~1\AppData\Local\Temp\memory_asm-ca19ac.o:(.text)
    2048     2048        0     1                 fourbytes
    204c     204c        0     1                 lpstore
    2067     2067        0     1                 lprestore
    2082     2082        0     1                 lpoke
    20a3     20a3        0     1                 lpeek
    20c1     20c1        a     1         F:\Entwicklungsprojekte\Mega65\llvm-mos\llvm-mos\bin/../mos-platform/commodore/lib\libcrt0.a(exit-return.c.obj):(.text)
    20c1     20c1        a     1                 __exit_return
    20cb     20cb     146b     1         F:\Entwicklungsprojekte\Mega65\llvm-mos\llvm-mos\bin/../mos-platform/common/lib\libcrt.a(divmod-large.cc.obj):(.text)
    20cb     20cb      252     1                 __udivmodsi4
    231d     231d      5af     1                 __udivmoddi4
    28cc     28cc      399     1                 __divmodsi4
    2c65     2c65      8d1     1                 __divmoddi4
    3536     3536       13     1         F:\Entwicklungsprojekte\Mega65\llvm-mos\llvm-mos\bin/../mos-platform/commodore/lib\libcrt0.a(zero-bss.c.obj):(.text)
    3536     3536       13     1                 __zero_bss
    3549     3549       13     1         F:\Entwicklungsprojekte\Mega65\llvm-mos\llvm-mos\bin/../mos-platform/commodore/lib\libcrt0.a(zero-zp-bss.c.obj):(.text)
    3549     3549       13     1                 __zero_zp_bss
    355c     355c       17     1         F:\Entwicklungsprojekte\Mega65\llvm-mos\llvm-mos\bin/../mos-platform/commodore/lib\libcrt0.a(copy-zp-data.c.obj):(.text)
    355c     355c       17     1                 __copy_zp_data
    3573     3573     172b     1         lto.tmp:(.text.main)
    3573     3573     172b     1                 main
    3d5d     3d5d        0     1                 hypreaddirloop0
    3d75     3d75        0     1                 errhypreaddir0
    3d77     3d77        0     1                 donehypreaddir0
    3e2b     3e2b        0     1                 errgetcurdrv1
    3e2f     3e2f        0     1                 donegetcurdrv1
    3e49     3e49        0     1                 errhypopendir2
    3e4d     3e4d        0     1                 donehypopendir2
    3ee0     3ee0        0     1                 errhypsetnam3
    3ee4     3ee4        0     1                 donehypsetnam3
    3efd     3efd        0     1                 errhyp1att4
    3f01     3f01        0     1                 donehyp1att4
    3f6b     3f6b        0     1                 errhyp0att5
    3f6f     3f6f        0     1                 donehyp0att5
    4440     4440        0     1                 errhypclosedir6
    4442     4442        0     1                 donehypclosedir6
    4c9e     4c9e       23     1         lto.tmp:(.text._miniInit)
    4c9e     4c9e       23     1                 _miniInit
    4cc1     4cc1       47     1         lto.tmp:(.text.ReadSector)
    4cc1     4cc1       47     1                 ReadSector
    4d08     4d08      17d     1         lto.tmp:(.text.ShowAccess)
    4d08     4d08      17d     1                 ShowAccess
    4e85     4e85       73     1         lto.tmp:(.text.GetOneSector)
    4e85     4e85       73     1                 GetOneSector
    4ef8     4ef8       c6     1         lto.tmp:(.text.PutOneSector)
    4ef8     4ef8       c6     1                 PutOneSector
    4fbe     4fbe       3b     1         lto.tmp:(.text.GetBAM)
    4fbe     4fbe       3b     1                 GetBAM
    4ff9     4ff9       71     1         lto.tmp:(.text.PutBAM)
    4ff9     4ff9       71     1                 PutBAM
    506a     506a      114     1         lto.tmp:(.text.readblockchain)
    506a     506a      114     1                 readblockchain
    517e     517e      250     1         lto.tmp:(.text.BAMSectorUpdate)
    517e     517e      250     1                 BAMSectorUpdate
    53ce     53ce      149     1         lto.tmp:(.text.findnextBAMtracksector)
    53ce     53ce      149     1                 findnextBAMtracksector
    5517     5517       77     1         lto.tmp:(.text.tracksectorstring)
    5517     5517       77     1                 tracksectorstring
    558e     558e       f1     1         lto.tmp:(.text.getdirententry)
    558e     558e       f1     1                 getdirententry
    567f     567f       8e     1         lto.tmp:(.text.getdirent)
    567f     567f       8e     1                 getdirent
    570d     570d      124     1         lto.tmp:(.text.cputln)
    570d     570d      124     1                 cputln
    5831     5831       b3     1         lto.tmp:(.text.csputdec)
    5831     5831       b3     1                 csputdec
    58e4     58e4       52     1         lto.tmp:(.text.asciitoscreencode_s)
    58e4     58e4       52     1                 asciitoscreencode_s
    5936     5936       5f     1         lto.tmp:(.text.clrhome)
    5936     5936       5f     1                 clrhome
    5995     5995        e     1         lto.tmp:(.text.msprintf)
    5995     5995        e     1                 msprintf
    59a3     59a3       33     1         lto.tmp:(.text.mprintf)
    59a3     59a3       33     1                 mprintf
    59d6     59d6       85     1         lto.tmp:(.text.mh4printf)
    59d6     59d6       85     1                 mh4printf
    5a5b     5a5b       16     1         lto.tmp:(.text.mcputsxy)
    5a5b     5a5b       16     1                 mcputsxy
    5a71     5a71      18f     1         lto.tmp:(.text.mcbox)
    5a71     5a71      18f     1                 mcbox
    5c00     5c00      10b     1         lto.tmp:(.text.messagebox)
    5c00     5c00      10b     1                 messagebox
    5d0b     5d0b       c8     1         lto.tmp:(.text.progress)
    5d0b     5d0b       c8     1                 progress
    5dd3     5dd3       4d     1         lto.tmp:(.text.shortcutprint)
    5dd3     5dd3       4d     1                 shortcutprint
    5e20     5e20      356     1         lto.tmp:(.text.shortcuts)
    5e20     5e20      356     1                 shortcuts
    6176     6176       29     1         lto.tmp:(.text.cgetcalt)
    6176     6176       29     1                 cgetcalt
    619f     619f      1aa     1         lto.tmp:(.text.UpdateSectors)
    619f     619f      1aa     1                 UpdateSectors
    6349     6349        b     1         lto.tmp:(.text.flushkeybuf)
    6349     6349        b     1                 flushkeybuf
    6354     6354        1     1         lto.tmp:(.text.escNOP)
    6354     6354        1     1                 escNOP
    6355     6355       14     1         lto.tmp:(.text.getscreenaddr)
    6355     6355       14     1                 getscreenaddr
    6369     6369        9     1         lto.tmp:(.text.cputc)
    6369     6369        9     1                 cputc
    6372     6372       a5     1         lto.tmp:(.text.cputcxy)
    6372     6372       a5     1                 cputcxy
    6417     6417        7     1         lto.tmp:(.text.cputs)
    6417     6417        7     1                 cputs
    641e     641e       dd     1         lto.tmp:(.text.cputsxy)
    641e     641e       dd     1                 cputsxy
    64fb     64fb       b6     1         lto.tmp:(.text.fillrect)
    64fb     64fb       b6     1                 fillrect
    65b1     65b1        9     1         lto.tmp:(.text.cgetc)
    65b1     65b1        9     1                 cgetc
    65ba     65ba       27     1         lto.tmp:(.text.do_dma)
    65ba     65ba       27     1                 do_dma
    65e1     65e1       67     1         lto.tmp:(.text.lcopy)
    65e1     65e1       67     1                 lcopy
    6648     6648       50     1         lto.tmp:(.text.lfill)
    6648     6648       50     1                 lfill
    6698     6698       4e     1         lto.tmp:(.text.usleep)
    6698     6698       4e     1                 usleep
    66e6     66e6       38     1         lto.tmp:(.text.strcpy)
    66e6     66e6       38     1                 strcpy
    671e     671e       34     1         lto.tmp:(.text.strlen)
    671e     671e       34     1                 strlen
    6752     6752       13     1         lto.tmp:(.text.__ashlhi3)
    6752     6752       13     1                 __ashlhi3
    6765     6765       1b     1         lto.tmp:(.text.__mulqi3)
    6765     6765       1b     1                 __mulqi3
    6780     6780       32     1         lto.tmp:(.text.__mulhi3)
    6780     6780       32     1                 __mulhi3
    67b2     67b2       70     1         lto.tmp:(.text.__mulsi3)
    67b2     67b2       70     1                 __mulsi3
    6822     6822       82     1         lto.tmp:(.text.__udivmodqi4)
    6822     6822       82     1                 __udivmodqi4
    68a4     68a4       da     1         lto.tmp:(.text.__udivmodhi4)
    68a4     68a4       da     1                 __udivmodhi4
    697e     697e       2d     1         lto.tmp:(.text.memcpy)
    697e     697e       2d     1                 memcpy
    69ab     69ab       1f     1         lto.tmp:(.text.__memset)
    69ab     69ab       1f     1                 __memset
    69ca     69ca        0     1         __init_array_start = .
    69ca     69ca        0     1         __init_array_end = .
    69ca     69ca        0     1         __fini_array_start = .
    69ca     69ca        0     1         __fini_array_end = .
    69ca     69ca      4fb     1 .rodata
    69ca     69ca       14     1         lto.tmp:(.rodata.main)
    69de     69de      46b     1         <internal>:(.rodata.str1.1)
    6e49     6e49       50     1         lto.tmp:(.rodata..L__const.findnextBAMtracksector.strategy)
    6e99     6e99        5     1         lto.tmp:(.rodata..Lswitch.table.gettype)
    6e9e     6e9e        5     1         lto.tmp:(.rodata..Lswitch.table.gettype.18)
    6ea3     6ea3        5     1         lto.tmp:(.rodata..Lswitch.table.gettype.19)
    6ea8     6ea8        8     1         <internal>:(.rodata.cst4)
    6eb0     6eb0        5     1         lto.tmp:(.rodata..Lswitch.table.asciitoscreencode)
    6eb5     6eb5       10     1         <internal>:(.rodata.cst16)
    6ec5     6ec5        0     1 .data
    6ec5     6ec5        0     1         __data_start = .
    6ec5     6ec5        0     1         __data_end = .
    6ec5     6ec5        0     1 __data_load_start = LOADADDR ( .data )
    6ec5     6ec5        0     1 __data_size = SIZEOF ( .data )
    6ec5     6ec5      7b3     1 .bss
    6ec5     6ec5        0     1         __bss_start = .
    6ec5     6ec5        1     1         lto.tmp:(.bss.fnamehi)
    6ec5     6ec5        1     1                 fnamehi
    6ec6     6ec6      492     1         lto.tmp:(.bss.filelist)
    6ec6     6ec6      492     1                 filelist
    7358     7358       22     1         lto.tmp:(.bss.diskname)
    7358     7358       22     1                 diskname
    737a     737a        1     1         lto.tmp:(.bss.g_curScreenH)
    737a     737a        1     1                 g_curScreenH
    737b     737b      2fd     1         lto.tmp:(.bss.escapeCode)
    737b     737b      2fd     1                 escapeCode
    7678     7678        0     1         __bss_end = .
    7678     7678        0     1 __bss_size = SIZEOF ( .bss )
    7678     7678       1d     1 .noinit
    7678     7678        1     1         F:\Entwicklungsprojekte\Mega65\llvm-mos\llvm-mos\bin/../mos-platform/commodore/lib\libcrt0.a(exit-return.c.obj):(.noinit)
    7679     7679       1c     1         lto.tmp:(.noinit..Lstatic_stack)
    7695     7695        0     1         __heap_start = .
    7695     7695        0     1 __stack = 0xd000
       0        0       79     1 .comment
       0        0       79     1         <internal>:(.comment)
       0        0      a70     4 .symtab
       0        0      a70     4         <internal>:(.symtab)
       0        0       68     1 .shstrtab
       0        0       68     1         <internal>:(.shstrtab)
       0        0      6f6     1 .strtab
       0        0      6f6     1         <internal>:(.strtab)
