     VMA      LMA     Size Align Out     In      Symbol
       0        0        0     1 __basic_zp_start = 0x0002
       0        0        0     1 __basic_zp_end = 0x0090
       0        0        0     1 __rc0 = __basic_zp_start
       0        0        0     1 __rc1 = __rc0 + 1
       0        0        0     1 PROVIDE ( __rc2 = __rc1 + 1 )
       0        0        0     1 __rc3 = __rc2 + 1
       0        0        0     1 PROVIDE ( __rc4 = __rc3 + 1 )
       0        0        0     1 __rc5 = __rc4 + 1
       0        0        0     1 PROVIDE ( __rc6 = __rc5 + 1 )
       0        0        0     1 __rc7 = __rc6 + 1
       0        0        0     1 PROVIDE ( __rc8 = __rc7 + 1 )
       0        0        0     1 __rc9 = __rc8 + 1
       0        0        0     1 PROVIDE ( __rc10 = __rc9 + 1 )
       0        0        0     1 __rc11 = __rc10 + 1
       0        0        0     1 PROVIDE ( __rc12 = __rc11 + 1 )
       0        0        0     1 __rc13 = __rc12 + 1
       0        0        0     1 PROVIDE ( __rc14 = __rc13 + 1 )
       0        0        0     1 __rc15 = __rc14 + 1
       0        0        0     1 PROVIDE ( __rc16 = __rc15 + 1 )
       0        0        0     1 __rc17 = __rc16 + 1
       0        0        0     1 PROVIDE ( __rc18 = __rc17 + 1 )
       0        0        0     1 __rc19 = __rc18 + 1
       0        0        0     1 PROVIDE ( __rc20 = __rc19 + 1 )
       0        0        0     1 __rc21 = __rc20 + 1
       0        0        0     1 PROVIDE ( __rc22 = __rc21 + 1 )
       0        0        0     1 __rc23 = __rc22 + 1
       0        0        0     1 PROVIDE ( __rc24 = __rc23 + 1 )
       0        0        0     1 __rc25 = __rc24 + 1
       0        0        0     1 PROVIDE ( __rc26 = __rc25 + 1 )
       0        0        0     1 __rc27 = __rc26 + 1
       0        0        0     1 PROVIDE ( __rc28 = __rc27 + 1 )
       0        0        0     1 __rc29 = __rc28 + 1
       0        0        0     1 PROVIDE ( __rc30 = __rc29 + 1 )
       0        0        0     1 __rc31 = __rc30 + 1
    2001     2001       16     1 .basic_header
    2001     2001       16     1         F:\Entwicklungsprojekte\Mega65\llvm-mos\llvm-mos\bin/../mos-platform/mega65/lib\basic-header.o:(.basic_header)
    2015     2015        0     1                 next_line
      22     2017        1     1 .zp.data
      22     2017        0     1         __zp_data_start = .
      22     2017        1     1         lto.tmp:(.zp.data.g_curTextColor)
      22     2017        1     1                 g_curTextColor
      23     2018        0     1 __zp_data_load_start = LOADADDR ( .zp.data )
      23     2018        0     1 __zp_data_size = SIZEOF ( .zp.data )
      23       23       4c     1 .zp.bss
      23       23        0     1         __zp_bss_start = .
      23       23        2     1         lto.tmp:(.zp.bss.BAMsector.0)
      23       23        2     1                 BAMsector.0
      25       25        2     1         lto.tmp:(.zp.bss.BAMsector.1)
      25       25        2     1                 BAMsector.1
      27       27        2     1         lto.tmp:(.zp.bss.worksector.0)
      27       27        2     1                 worksector.0
      29       29        2     1         lto.tmp:(.zp.bss.worksectorasBAM.0)
      29       29        2     1                 worksectorasBAM.0
      2b       2b        2     1         lto.tmp:(.zp.bss.direntryblock.0)
      2b       2b        2     1                 direntryblock.0
      2d       2d        2     1         lto.tmp:(.zp.bss.direntryblock.1)
      2d       2d        2     1                 direntryblock.1
      2f       2f       28     1         lto.tmp:(.zp.bss.s)
      2f       2f       28     1                 s
      57       57        1     1         lto.tmp:(.zp.bss.g_curScreenW)
      57       57        1     1                 g_curScreenW
      58       58        1     1         lto.tmp:(.zp.bss.g_curScreenH)
      58       58        1     1                 g_curScreenH
      59       59        1     1         lto.tmp:(.zp.bss.g_curX)
      59       59        1     1                 g_curX
      5a       5a        1     1         lto.tmp:(.zp.bss.g_curY)
      5a       5a        1     1                 g_curY
      5b       5b       14     1         lto.tmp:(.zp.bss.dmalist)
      5b       5b       14     1                 dmalist
      6f       6f        0     1 __zp_bss_size = SIZEOF ( .zp.bss )
      6f       6f       21     1 .zp
      6f       6f       21     1         lto.tmp:(.zp.noinit..Lzp_stack)
    2018     2018     3a1f     1 .text
    2018     2018        0     1         _init = .
    2018     2018        0     1         _start = .
    2018     2018        e     1         F:\Entwicklungsprojekte\Mega65\llvm-mos\llvm-mos\bin/../mos-platform/mega65/lib\unmap-basic.o:(.init.010)
    2026     2026        8     1         F:\Entwicklungsprojekte\Mega65\llvm-mos\llvm-mos\bin/../mos-platform/commodore/lib\libcrt0.a(init-stack.S.obj):(.init.100)
    2026     2026        0     1                 __do_init_stack
    202e     202e        3     1         F:\Entwicklungsprojekte\Mega65\llvm-mos\llvm-mos\bin/../mos-platform/commodore/lib\libcrt0.a(zero-bss.c.obj):(.init.200)
    202e     202e        0     1                 __do_zero_bss
    2031     2031        3     1         F:\Entwicklungsprojekte\Mega65\llvm-mos\llvm-mos\bin/../mos-platform/commodore/lib\libcrt0.a(zero-zp-bss.c.obj):(.init.200)
    2031     2031        0     1                 __do_zero_zp_bss
    2034     2034        3     1         F:\Entwicklungsprojekte\Mega65\llvm-mos\llvm-mos\bin/../mos-platform/commodore/lib\libcrt0.a(copy-zp-data.c.obj):(.init.200)
    2034     2034        0     1                 __do_copy_zp_data
    2037     2037        3     1         F:\Entwicklungsprojekte\Mega65\llvm-mos\llvm-mos\bin/../mos-platform/common/lib\crt0.o:(.call_main)
    203a     203a        3     1         F:\Entwicklungsprojekte\Mega65\llvm-mos\llvm-mos\bin/../mos-platform/commodore/lib\libcrt0.a(exit-return.c.obj):(.after_main)
    203a     203a        0     1                 __after_main
    203d     203d        0     1         _fini = .
    203d     203d        a     1         F:\Entwicklungsprojekte\Mega65\llvm-mos\llvm-mos\bin/../mos-platform/mega65/lib\unmap-basic.o:(.fini.990)
    2047     2047        1     1         F:\Entwicklungsprojekte\Mega65\llvm-mos\llvm-mos\bin/../mos-platform/common/lib\crt0.o:(.fini_rts)
    2048     2048       79     1         C:\Users\SUPERU~1\AppData\Local\Temp\memory_asm-e685fd.o:(.text)
    2048     2048        0     1                 fourbytes
    204c     204c        0     1                 lpstore
    2067     2067        0     1                 lprestore
    2082     2082        0     1                 lpoke
    20a3     20a3        0     1                 lpeek
    20c1     20c1        a     1         F:\Entwicklungsprojekte\Mega65\llvm-mos\llvm-mos\bin/../mos-platform/commodore/lib\libcrt0.a(exit-return.c.obj):(.text)
    20c1     20c1        a     1                 __exit_return
    20cb     20cb     146b     1         F:\Entwicklungsprojekte\Mega65\llvm-mos\llvm-mos\bin/../mos-platform/common/lib\libcrt.a(divmod-large.cc.obj):(.text)
    20cb     20cb      252     1                 __udivmodsi4
    231d     231d      5af     1                 __udivmoddi4
    28cc     28cc      399     1                 __divmodsi4
    2c65     2c65      8d1     1                 __divmoddi4
    3536     3536       13     1         F:\Entwicklungsprojekte\Mega65\llvm-mos\llvm-mos\bin/../mos-platform/commodore/lib\libcrt0.a(zero-bss.c.obj):(.text)
    3536     3536       13     1                 __zero_bss
    3549     3549       13     1         F:\Entwicklungsprojekte\Mega65\llvm-mos\llvm-mos\bin/../mos-platform/commodore/lib\libcrt0.a(zero-zp-bss.c.obj):(.text)
    3549     3549       13     1                 __zero_zp_bss
    355c     355c       17     1         F:\Entwicklungsprojekte\Mega65\llvm-mos\llvm-mos\bin/../mos-platform/commodore/lib\libcrt0.a(copy-zp-data.c.obj):(.text)
    355c     355c       17     1                 __copy_zp_data
    3573     3573     109c     1         lto.tmp:(.text.main)
    3573     3573     109c     1                 main
    3f1c     3f1c        0     1                 errgetcurdrv0
    3f20     3f20        0     1                 donegetcurdrv0
    3f3b     3f3b        0     1                 errhypopendir1
    3f3f     3f3f        0     1                 donehypopendir1
    3fd5     3fd5        0     1                 hypreaddirloop2
    3fed     3fed        0     1                 errhypreaddir2
    3fef     3fef        0     1                 donehypreaddir2
    418d     418d        0     1                 errhypclosedir3
    418f     418f        0     1                 donehypclosedir3
    423b     423b        0     1                 errhypsetnam4
    423f     423f        0     1                 donehypsetnam4
    4255     4255        0     1                 errhyp1att5
    4259     4259        0     1                 donehyp1att5
    426d     426d        0     1                 errhyp0att6
    4271     4271        0     1                 donehyp0att6
    460f     460f       47     1         lto.tmp:(.text.ReadSector)
    460f     460f       47     1                 ReadSector
    4656     4656       4a     1         lto.tmp:(.text.GetOneSector)
    4656     4656       4a     1                 GetOneSector
    46a0     46a0       94     1         lto.tmp:(.text.PutOneSector)
    46a0     46a0       94     1                 PutOneSector
    4734     4734      2b0     1         lto.tmp:(.text.BAMSectorUpdate)
    4734     4734      2b0     1                 BAMSectorUpdate
    49e4     49e4      122     1         lto.tmp:(.text.readblockchain)
    49e4     49e4      122     1                 readblockchain
    4b06     4b06      1c9     1         lto.tmp:(.text.findnextBAMtracksector)
    4b06     4b06      1c9     1                 findnextBAMtracksector
    4ccf     4ccf       cc     1         lto.tmp:(.text.getdirententry)
    4ccf     4ccf       cc     1                 getdirententry
    4d9b     4d9b       75     1         lto.tmp:(.text.getdirent)
    4d9b     4d9b       75     1                 getdirent
    4e10     4e10      137     1         lto.tmp:(.text.cputln)
    4e10     4e10      137     1                 cputln
    4f47     4f47       b7     1         lto.tmp:(.text.csputdec)
    4f47     4f47       b7     1                 csputdec
    4ffe     4ffe       a5     1         lto.tmp:(.text.clrhome)
    4ffe     4ffe       a5     1                 clrhome
    50a3     50a3       52     1         lto.tmp:(.text.msprintf)
    50a3     50a3       52     1                 msprintf
    50f5     50f5       82     1         lto.tmp:(.text.mprintf)
    50f5     50f5       82     1                 mprintf
    5177     5177       c0     1         lto.tmp:(.text.mh4printf)
    5177     5177       c0     1                 mh4printf
    5237     5237       54     1         lto.tmp:(.text.mcputsxy)
    5237     5237       54     1                 mcputsxy
    528b     528b      259     1         lto.tmp:(.text.mcbox)
    528b     528b      259     1                 mcbox
    54e4     54e4       96     1         lto.tmp:(.text.messagebox)
    54e4     54e4       96     1                 messagebox
    557a     557a        1     1         lto.tmp:(.text.escNOP)
    557a     557a        1     1                 escNOP
    557b     557b       ee     1         lto.tmp:(.text.cputcxy)
    557b     557b       ee     1                 cputcxy
    5669     5669       dd     1         lto.tmp:(.text.cputsxy)
    5669     5669       dd     1                 cputsxy
    5746     5746       8b     1         lto.tmp:(.text.lcopy)
    5746     5746       8b     1                 lcopy
    57d1     57d1       74     1         lto.tmp:(.text.lfill)
    57d1     57d1       74     1                 lfill
    5845     5845       38     1         lto.tmp:(.text.strcpy)
    5845     5845       38     1                 strcpy
    587d     587d       34     1         lto.tmp:(.text.strlen)
    587d     587d       34     1                 strlen
    58b1     58b1       13     1         lto.tmp:(.text.__ashlhi3)
    58b1     58b1       13     1                 __ashlhi3
    58c4     58c4       1b     1         lto.tmp:(.text.__mulqi3)
    58c4     58c4       1b     1                 __mulqi3
    58df     58df       32     1         lto.tmp:(.text.__mulhi3)
    58df     58df       32     1                 __mulhi3
    5911     5911       da     1         lto.tmp:(.text.__udivmodhi4)
    5911     5911       da     1                 __udivmodhi4
    59eb     59eb       2d     1         lto.tmp:(.text.memcpy)
    59eb     59eb       2d     1                 memcpy
    5a18     5a18       1f     1         lto.tmp:(.text.__memset)
    5a18     5a18       1f     1                 __memset
    5a37     5a37        0     1         __init_array_start = .
    5a37     5a37        0     1         __init_array_end = .
    5a37     5a37        0     1         __fini_array_start = .
    5a37     5a37        0     1         __fini_array_end = .
    5a37     5a37      26e     1 .rodata
    5a37     5a37       44     1         lto.tmp:(.rodata.main)
    5a7b     5a7b      202     1         <internal>:(.rodata.str1.1)
    5c7d     5c7d        5     1         lto.tmp:(.rodata..Lswitch.table.gettype)
    5c82     5c82        5     1         lto.tmp:(.rodata..Lswitch.table.gettype.20)
    5c87     5c87        5     1         lto.tmp:(.rodata..Lswitch.table.gettype.21)
    5c8c     5c8c        5     1         lto.tmp:(.rodata..Lswitch.table.asciitoscreencode_s)
    5c91     5c91        4     1         <internal>:(.rodata.cst4)
    5c95     5c95       10     1         <internal>:(.rodata.cst16)
    5ca5     5ca5        0     1 .data
    5ca5     5ca5        0     1         __data_start = .
    5ca5     5ca5        0     1         __data_end = .
    5ca5     5ca5        0     1 __data_load_start = LOADADDR ( .data )
    5ca5     5ca5        0     1 __data_size = SIZEOF ( .data )
    5ca5     5ca5      790     1 .bss
    5ca5     5ca5        0     1         __bss_start = .
    5ca5     5ca5        1     1         lto.tmp:(.bss.fnamehi)
    5ca5     5ca5        1     1                 fnamehi
    5ca6     5ca6      492     1         lto.tmp:(.bss.filelist)
    5ca6     5ca6      492     1                 filelist
    6138     6138      2fd     1         lto.tmp:(.bss.escapeCode)
    6138     6138      2fd     1                 escapeCode
    6435     6435        0     1         __bss_end = .
    6435     6435        0     1 __bss_size = SIZEOF ( .bss )
    6435     6435       17     1 .noinit
    6435     6435        1     1         F:\Entwicklungsprojekte\Mega65\llvm-mos\llvm-mos\bin/../mos-platform/commodore/lib\libcrt0.a(exit-return.c.obj):(.noinit)
    6436     6436       16     1         lto.tmp:(.noinit..Lstatic_stack)
    644c     644c        0     1         __heap_start = .
    644c     644c        0     1 __stack = 0xd000
       0        0       79     1 .comment
       0        0       79     1         <internal>:(.comment)
       0        0      920     4 .symtab
       0        0      920     4         <internal>:(.symtab)
       0        0       68     1 .shstrtab
       0        0       68     1         <internal>:(.shstrtab)
       0        0      621     1 .strtab
       0        0      621     1         <internal>:(.strtab)
