     VMA      LMA     Size Align Out     In      Symbol
       0        0        0     1 __basic_zp_start = 0x0002
       0        0        0     1 __basic_zp_end = 0x0090
       0        0        0     1 __rc0 = __basic_zp_start
       0        0        0     1 __rc1 = __rc0 + 1
       0        0        0     1 PROVIDE(__rc2 = __rc1 + 1)
       0        0        0     1 __rc3 = __rc2 + 1
       0        0        0     1 PROVIDE(__rc4 = __rc3 + 1)
       0        0        0     1 __rc5 = __rc4 + 1
       0        0        0     1 PROVIDE(__rc6 = __rc5 + 1)
       0        0        0     1 __rc7 = __rc6 + 1
       0        0        0     1 PROVIDE(__rc8 = __rc7 + 1)
       0        0        0     1 __rc9 = __rc8 + 1
       0        0        0     1 PROVIDE(__rc10 = __rc9 + 1)
       0        0        0     1 __rc11 = __rc10 + 1
       0        0        0     1 PROVIDE(__rc12 = __rc11 + 1)
       0        0        0     1 __rc13 = __rc12 + 1
       0        0        0     1 PROVIDE(__rc14 = __rc13 + 1)
       0        0        0     1 __rc15 = __rc14 + 1
       0        0        0     1 PROVIDE(__rc16 = __rc15 + 1)
       0        0        0     1 __rc17 = __rc16 + 1
       0        0        0     1 PROVIDE(__rc18 = __rc17 + 1)
       0        0        0     1 __rc19 = __rc18 + 1
       0        0        0     1 PROVIDE(__rc20 = __rc19 + 1)
       0        0        0     1 __rc21 = __rc20 + 1
       0        0        0     1 PROVIDE(__rc22 = __rc21 + 1)
       0        0        0     1 __rc23 = __rc22 + 1
       0        0        0     1 PROVIDE(__rc24 = __rc23 + 1)
       0        0        0     1 __rc25 = __rc24 + 1
       0        0        0     1 PROVIDE(__rc26 = __rc25 + 1)
       0        0        0     1 __rc27 = __rc26 + 1
       0        0        0     1 PROVIDE(__rc28 = __rc27 + 1)
       0        0        0     1 __rc29 = __rc28 + 1
       0        0        0     1 PROVIDE(__rc30 = __rc29 + 1)
       0        0        0     1 __rc31 = __rc30 + 1
    2001     2001       16     1 .basic_header
    2001     2001       16     1         F:\Entwicklungsprojekte\Mega65\llvm-mos\llvm-mos\bin/../mos-platform/mega65/lib\basic-header.o:(.basic_header)
    2015     2015        0     1                 next_line
      22     2017        a     1 .zp.data
      22     2017        0     1         __zp_data_start = .
      22     2017        a     1         midnightmega.prg.lto.o:(.zp.data)
      27     201c        4     1                 midnight
      2b     2020        1     1                 g_curTextColor
      2c     2021        0     1 __zp_data_load_start = LOADADDR(.zp.data)
      2c     2021        0     1 __zp_data_size = SIZEOF(.zp.data)
      2c       2c       1e     1 .zp.bss
      2c       2c        0     1         __zp_bss_start = .
      2c       2c       1e     1         midnightmega.prg.lto.o:(.zp.bss)
      2c       2c        1     1                 fnamehi.2
      2d       2d        1     1                 lastdrive
      2e       2e        1     1                 lasttrack
      2f       2f        1     1                 lastdoublesector
      30       30        1     1                 option.0
      31       31        1     1                 legacyHDOSstate
      32       32        1     1                 g_curScreenW
      33       33        1     1                 g_curScreenH
      34       34        1     1                 g_curX
      35       35        1     1                 g_curY
      36       36       14     1                 dmalist
      4a       4a        0     1 __zp_bss_size = SIZEOF(.zp.bss)
      4a       4a       3c     1 .zp
      4a       4a       3c     1         midnightmega.prg.lto.o:(.zp.noinit)
    2021     2021     52ca     1 .text
    2021     2021        0     1         _init = .
    2021     2021        0     1         _start = .
    2021     2021        e     1         F:\Entwicklungsprojekte\Mega65\llvm-mos\llvm-mos\bin/../mos-platform/mega65/lib\unmap-basic.o:(.init.010)
    202f     202f        8     1         F:\Entwicklungsprojekte\Mega65\llvm-mos\llvm-mos\bin/../mos-platform/mega65/lib\libcrt0.a(init-stack.S.obj):(.init.100)
    202f     202f        0     1                 __do_init_stack
    2037     2037        3     1         F:\Entwicklungsprojekte\Mega65\llvm-mos\llvm-mos\bin/../mos-platform/mega65/lib\libcrt0.a(zero-bss.c.obj):(.init.200)
    2037     2037        0     1                 __do_zero_bss
    203a     203a        3     1         F:\Entwicklungsprojekte\Mega65\llvm-mos\llvm-mos\bin/../mos-platform/mega65/lib\libcrt0.a(zero-zp-bss.c.obj):(.init.200)
    203a     203a        0     1                 __do_zero_zp_bss
    203d     203d        3     1         F:\Entwicklungsprojekte\Mega65\llvm-mos\llvm-mos\bin/../mos-platform/mega65/lib\libcrt0.a(copy-zp-data.c.obj):(.init.200)
    203d     203d        0     1                 __do_copy_zp_data
    2040     2040        5     1         midnightmega.prg.lto.o:(.init.250)
    2040     2040        0     1                 shift
    2045     2045        3     1         F:\Entwicklungsprojekte\Mega65\llvm-mos\llvm-mos\bin/../mos-platform/common/lib\crt0.o:(.call_main)
    2048     2048        3     1         F:\Entwicklungsprojekte\Mega65\llvm-mos\llvm-mos\bin/../mos-platform/mega65/lib\libcrt0.a(exit-custom.S.obj):(.after_main)
    2048     2048        0     1                 __after_main
    204b     204b        0     1         _fini = .
    204b     204b        a     1         F:\Entwicklungsprojekte\Mega65\llvm-mos\llvm-mos\bin/../mos-platform/mega65/lib\unmap-basic.o:(.fini.990)
    2055     2055        1     1         F:\Entwicklungsprojekte\Mega65\llvm-mos\llvm-mos\bin/../mos-platform/common/lib\crt0.o:(.fini_rts)
    2056     2056       79     1         C:\Users\SUPERU~1\AppData\Local\Temp\memory_asm-dc92f7.o:(.text)
    2056     2056        0     1                 fourbytes
    205a     205a        0     1                 lpstore
    2075     2075        0     1                 lprestore
    2090     2090        0     1                 lpoke
    20b1     20b1        0     1                 lpeek
    20cf     20cf       13     1         F:\Entwicklungsprojekte\Mega65\llvm-mos\llvm-mos\bin/../mos-platform/mega65/lib\libcrt0.a(zero-bss.c.obj):(.text.__zero_bss)
    20cf     20cf       13     1                 __zero_bss
    20e2     20e2       13     1         F:\Entwicklungsprojekte\Mega65\llvm-mos\llvm-mos\bin/../mos-platform/mega65/lib\libcrt0.a(zero-zp-bss.c.obj):(.text.__zero_zp_bss)
    20e2     20e2       13     1                 __zero_zp_bss
    20f5     20f5       17     1         F:\Entwicklungsprojekte\Mega65\llvm-mos\llvm-mos\bin/../mos-platform/mega65/lib\libcrt0.a(copy-zp-data.c.obj):(.text.__copy_zp_data)
    20f5     20f5       17     1                 __copy_zp_data
    210c     210c       f2     1         midnightmega.prg.lto.o:(.text.main)
    210c     210c       f2     1                 main
    21fe     21fe       30     1         midnightmega.prg.lto.o:(.text.hyppo_setname)
    21fe     21fe       30     1                 hyppo_setname
    2228     2228        0     1                 errhypsetnam0
    222c     222c        0     1                 donehypsetnam0
    222e     222e       63     1         midnightmega.prg.lto.o:(.text.getsfn)
    222e     222e       63     1                 getsfn
    2291     2291      166     1         midnightmega.prg.lto.o:(.text.ShowAccess)
    2291     2291      166     1                 ShowAccess
    23f7     23f7       d2     1         midnightmega.prg.lto.o:(.text.ReadSector)
    23f7     23f7       d2     1                 ReadSector
    24c9     24c9       9f     1         midnightmega.prg.lto.o:(.text.WriteSector)
    24c9     24c9       9f     1                 WriteSector
    2568     2568       43     1         midnightmega.prg.lto.o:(.text.GetOneSector)
    2568     2568       43     1                 GetOneSector
    25ab     25ab       84     1         midnightmega.prg.lto.o:(.text.PutWholeSector)
    25ab     25ab       84     1                 PutWholeSector
    262f     262f       51     1         midnightmega.prg.lto.o:(.text.PutOneSector)
    262f     262f       51     1                 PutOneSector
    2680     2680       39     1         midnightmega.prg.lto.o:(.text.GetBAM)
    2680     2680       39     1                 GetBAM
    26b9     26b9       5c     1         midnightmega.prg.lto.o:(.text.PutBAM)
    26b9     26b9       5c     1                 PutBAM
    2715     2715       9a     1         midnightmega.prg.lto.o:(.text.readblockchain)
    2715     2715       9a     1                 readblockchain
    27af     27af      302     1         midnightmega.prg.lto.o:(.text.BAMSectorUpdate)
    27af     27af      302     1                 BAMSectorUpdate
    2ab1     2ab1      1a0     1         midnightmega.prg.lto.o:(.text.isallocatedBAMtracksector)
    2ab1     2ab1      1a0     1                 isallocatedBAMtracksector
    2c51     2c51      119     1         midnightmega.prg.lto.o:(.text.findnextBAMtracksector)
    2c51     2c51      119     1                 findnextBAMtracksector
    2d6a     2d6a       8c     1         midnightmega.prg.lto.o:(.text.tracksectorstring)
    2d6a     2d6a       8c     1                 tracksectorstring
    2df6     2df6       e2     1         midnightmega.prg.lto.o:(.text.getdirententry)
    2df6     2df6       e2     1                 getdirententry
    2ed8     2ed8       16     1         midnightmega.prg.lto.o:(.text.strcopy)
    2ed8     2ed8       16     1                 strcopy
    2eee     2eee       c6     1         midnightmega.prg.lto.o:(.text.csputdec)
    2eee     2eee       c6     1                 csputdec
    2fb4     2fb4       51     1         midnightmega.prg.lto.o:(.text.asciitoscreencode_s)
    2fb4     2fb4       51     1                 asciitoscreencode_s
    3005     3005       5e     1         midnightmega.prg.lto.o:(.text.clrhome)
    3005     3005       5e     1                 clrhome
    3063     3063        e     1         midnightmega.prg.lto.o:(.text.msprintf)
    3063     3063        e     1                 msprintf
    3071     3071       16     1         midnightmega.prg.lto.o:(.text.mcputsxy)
    3071     3071       16     1                 mcputsxy
    3087     3087      18b     1         midnightmega.prg.lto.o:(.text.mcbox)
    3087     3087      18b     1                 mcbox
    3212     3212      157     1         midnightmega.prg.lto.o:(.text.messagebox)
    3212     3212      157     1                 messagebox
    3369     3369       c0     1         midnightmega.prg.lto.o:(.text.progress)
    3369     3369       c0     1                 progress
    3429     3429       41     1         midnightmega.prg.lto.o:(.text.shortcutprint)
    3429     3429       41     1                 shortcutprint
    346a     346a      388     1         midnightmega.prg.lto.o:(.text.shortcuts)
    346a     346a      388     1                 shortcuts
    37f2     37f2       9f     1         midnightmega.prg.lto.o:(.text.optionstring)
    37f2     37f2       9f     1                 optionstring
    3891     3891      654     1         midnightmega.prg.lto.o:(.text.UpdateSectors)
    3891     3891      654     1                 UpdateSectors
    3984     3984        0     1                 errgetproc1
    3988     3988        0     1                 donegetproc1
    3abe     3abe        0     1                 errgetcurdrv2
    3ac2     3ac2        0     1                 donegetcurdrv2
    3adb     3adb        0     1                 errhypopendir3
    3adf     3adf        0     1                 donehypopendir3
    3b85     3b85        0     1                 hypreaddirloop4
    3b9d     3b9d        0     1                 errhypreaddir4
    3b9f     3b9f        0     1                 donehypreaddir4
    3e63     3e63        0     1                 errhypclosedir5
    3e65     3e65        0     1                 donehypclosedir5
    3ee5     3ee5       46     1         midnightmega.prg.lto.o:(.text.Deselect)
    3ee5     3ee5       46     1                 Deselect
    3f2b     3f2b      147     1         midnightmega.prg.lto.o:(.text.sizeselectcurrentifnone)
    3f2b     3f2b      147     1                 sizeselectcurrentifnone
    4072     4072     295d     1         midnightmega.prg.lto.o:(.text.navi)
    4072     4072     295d     1                 navi
    50f8     50f8        0     1                 errhypfindfirst6
    50fa     50fa        0     1                 donehypfindfirst6
    5cc3     5cc3        0     1                 errhypfindfirst7
    5cc5     5cc5        0     1                 donehypfindfirst7
    5ce8     5ce8        0     1                 errhypopenfile8
    5cea     5cea        0     1                 donehypopenfile8
    5d14     5d14        0     1                 errhypreadfile9
    5d18     5d18        0     1                 donehypreadfile9
    5d37     5d37        0     1                 errhypclosefile10
    5d3b     5d3b        0     1                 donehypclosefile10
    6008     6008        0     1                 errhyprmfile11
    600c     600c        0     1                 donehyprmfile11
    612b     612b        0     1                 errhypd81dosattach12
    612f     612f        0     1                 donehypd81dosattach12
    62de     62de        0     1                 errhypchdir13
    62e2     62e2        0     1                 donehypchdir13
    635b     635b        0     1                 errhypchdir14
    635f     635f        0     1                 donehypchdir14
    654a     654a        0     1                 errhyp1att15
    654e     654e        0     1                 donehyp1att15
    65a8     65a8        0     1                 errhyp0att16
    65ac     65ac        0     1                 donehyp0att16
    677f     677f        0     1                 errhypd81dosattach17
    6783     6783        0     1                 donehypd81dosattach17
    684b     684b        0     1                 errhypd81dosattach18
    684f     684f        0     1                 donehypd81dosattach18
    69cf     69cf       46     1         midnightmega.prg.lto.o:(.text.sidbong)
    69cf     69cf       46     1                 sidbong
    6a15     6a15       36     1         midnightmega.prg.lto.o:(.text.petsciitoscreencode_s)
    6a15     6a15       36     1                 petsciitoscreencode_s
    6a4b     6a4b        9     1         midnightmega.prg.lto.o:(.text.cputc)
    6a4b     6a4b        9     1                 cputc
    6a54     6a54       a1     1         midnightmega.prg.lto.o:(.text.cputcxy)
    6a54     6a54       a1     1                 cputcxy
    6af5     6af5        7     1         midnightmega.prg.lto.o:(.text.cputs)
    6af5     6af5        7     1                 cputs
    6afc     6afc       db     1         midnightmega.prg.lto.o:(.text.cputsxy)
    6afc     6afc       db     1                 cputsxy
    6bd7     6bd7       aa     1         midnightmega.prg.lto.o:(.text.fillrect)
    6bd7     6bd7       aa     1                 fillrect
    6c81     6c81        9     1         midnightmega.prg.lto.o:(.text.cgetc)
    6c81     6c81        9     1                 cgetc
    6c8a     6c8a       27     1         midnightmega.prg.lto.o:(.text.do_dma)
    6c8a     6c8a       27     1                 do_dma
    6cb1     6cb1       67     1         midnightmega.prg.lto.o:(.text.lcopy)
    6cb1     6cb1       67     1                 lcopy
    6d18     6d18       50     1         midnightmega.prg.lto.o:(.text.lfill)
    6d18     6d18       50     1                 lfill
    6d68     6d68       5c     1         midnightmega.prg.lto.o:(.text.usleep)
    6d68     6d68       5c     1                 usleep
    6dc4     6dc4        5     1         midnightmega.prg.lto.o:(.text.exit)
    6dc4     6dc4        5     1                 exit
    6dc9     6dc9       3e     1         midnightmega.prg.lto.o:(.text.strcpy)
    6dc9     6dc9       3e     1                 strcpy
    6e07     6e07       3c     1         midnightmega.prg.lto.o:(.text.strlen)
    6e07     6e07       3c     1                 strlen
    6e43     6e43        b     1         midnightmega.prg.lto.o:(.text.__ashlqi3)
    6e43     6e43        b     1                 __ashlqi3
    6e4e     6e4e       13     1         midnightmega.prg.lto.o:(.text.__ashlhi3)
    6e4e     6e4e       13     1                 __ashlhi3
    6e61     6e61       32     1         midnightmega.prg.lto.o:(.text.__mulhi3)
    6e61     6e61       32     1                 __mulhi3
    6e93     6e93       c1     1         midnightmega.prg.lto.o:(.text.__udivhi3)
    6e93     6e93       c1     1                 __udivhi3
    6f54     6f54       45     1         midnightmega.prg.lto.o:(.text.__umodqi3)
    6f54     6f54       45     1                 __umodqi3
    6f99     6f99       70     1         midnightmega.prg.lto.o:(.text.__udivmodqi4)
    6f99     6f99       70     1                 __udivmodqi4
    7009     7009       dc     1         midnightmega.prg.lto.o:(.text.__udivmodhi4)
    7009     7009       dc     1                 __udivmodhi4
    70e5     70e5      1ba     1         midnightmega.prg.lto.o:(.text.__udivmodsi4)
    70e5     70e5      1ba     1                 __udivmodsi4
    729f     729f       2c     1         midnightmega.prg.lto.o:(.text.memcpy)
    729f     729f       2c     1                 memcpy
    72cb     72cb       20     1         midnightmega.prg.lto.o:(.text.__memset)
    72cb     72cb       20     1                 __memset
    72eb     72eb        0     1         __init_array_start = .
    72eb     72eb        0     1         __init_array_end = .
    72eb     72eb        0     1         __fini_array_start = .
    72eb     72eb        0     1         __fini_array_end = .
    72eb     72eb      c08     1 .rodata
    72eb     72eb       70     1         midnightmega.prg.lto.o:(.rodata.navi)
    735b     735b      b30     1         <internal>:(.rodata.str1.1)
    7e8b     7e8b        8     1         <internal>:(.rodata.cst4)
    7e93     7e93       50     1         midnightmega.prg.lto.o:(.rodata..L__const.findnextBAMtracksector.strategy)
    7ee3     7ee3       10     1         <internal>:(.rodata.cst16)
    7ef3     7ef3        0     1 .data
    7ef3     7ef3        0     1         __data_start = .
    7ef3     7ef3        0     1         __data_end = .
    7ef3     7ef3        0     1 __data_load_start = LOADADDR(.data)
    7ef3     7ef3        0     1 __data_size = SIZEOF(.data)
    7ef3     7ef3      1b3     1 .bss
    7ef3     7ef3        0     1         __bss_start = .
    7ef3     7ef3       21     1         midnightmega.prg.lto.o:(.bss.direntryblock2)
    7ef3     7ef3       21     1                 direntryblock2
    7f14     7f14       50     1         midnightmega.prg.lto.o:(.bss.s)
    7f14     7f14       50     1                 s
    7f64     7f64       e0     1         midnightmega.prg.lto.o:(.bss.direntflags)
    7f64     7f64       e0     1                 direntflags
    8044     8044       22     1         midnightmega.prg.lto.o:(.bss.disknames)
    8044     8044       22     1                 disknames
    8066     8066       40     1         midnightmega.prg.lto.o:(.bss.lfnname)
    8066     8066       40     1                 lfnname
    80a6     80a6        0     1         __bss_end = .
    80a6     80a6        0     1 __bss_size = SIZEOF(.bss)
    80a6     80a6        0     1 .noinit
    80a6     80a6        0     1         __heap_start = ALIGN(., 2)
    80a6     80a6        0     1 __stack = 0xd000
       0        0       cc     1 .comment
       0        0       cc     1         <internal>:(.comment)
       0        0     1180     4 .symtab
       0        0     1180     4         <internal>:(.symtab)
       0        0       68     1 .shstrtab
       0        0       68     1         <internal>:(.shstrtab)
       0        0      b45     1 .strtab
       0        0      b45     1         <internal>:(.strtab)
