     VMA      LMA     Size Align Out     In      Symbol
       0        0        0     1 __basic_zp_start = 0x0002
       0        0        0     1 __basic_zp_end = 0x0090
       0        0        0     1 __rc0 = __basic_zp_start
       0        0        0     1 __rc1 = __rc0 + 1
       0        0        0     1 PROVIDE ( __rc2 = __rc1 + 1 )
       0        0        0     1 __rc3 = __rc2 + 1
       0        0        0     1 PROVIDE ( __rc4 = __rc3 + 1 )
       0        0        0     1 __rc5 = __rc4 + 1
       0        0        0     1 PROVIDE ( __rc6 = __rc5 + 1 )
       0        0        0     1 __rc7 = __rc6 + 1
       0        0        0     1 PROVIDE ( __rc8 = __rc7 + 1 )
       0        0        0     1 __rc9 = __rc8 + 1
       0        0        0     1 PROVIDE ( __rc10 = __rc9 + 1 )
       0        0        0     1 __rc11 = __rc10 + 1
       0        0        0     1 PROVIDE ( __rc12 = __rc11 + 1 )
       0        0        0     1 __rc13 = __rc12 + 1
       0        0        0     1 PROVIDE ( __rc14 = __rc13 + 1 )
       0        0        0     1 __rc15 = __rc14 + 1
       0        0        0     1 PROVIDE ( __rc16 = __rc15 + 1 )
       0        0        0     1 __rc17 = __rc16 + 1
       0        0        0     1 PROVIDE ( __rc18 = __rc17 + 1 )
       0        0        0     1 __rc19 = __rc18 + 1
       0        0        0     1 PROVIDE ( __rc20 = __rc19 + 1 )
       0        0        0     1 __rc21 = __rc20 + 1
       0        0        0     1 PROVIDE ( __rc22 = __rc21 + 1 )
       0        0        0     1 __rc23 = __rc22 + 1
       0        0        0     1 PROVIDE ( __rc24 = __rc23 + 1 )
       0        0        0     1 __rc25 = __rc24 + 1
       0        0        0     1 PROVIDE ( __rc26 = __rc25 + 1 )
       0        0        0     1 __rc27 = __rc26 + 1
       0        0        0     1 PROVIDE ( __rc28 = __rc27 + 1 )
       0        0        0     1 __rc29 = __rc28 + 1
       0        0        0     1 PROVIDE ( __rc30 = __rc29 + 1 )
       0        0        0     1 __rc31 = __rc30 + 1
    2001     2001       16     1 .basic_header
    2001     2001       16     1         F:\Entwicklungsprojekte\Mega65\llvm-mos\llvm-mos\bin/../mos-platform/mega65/lib\basic-header.o:(.basic_header)
    2015     2015        0     1                 next_line
      22     2017        a     1 .zp.data
      22     2017        0     1         __zp_data_start = .
      22     2017        a     1         midnightmega.prg.lto.o:(.zp.data)
      27     201c        4     1                 midnight
      2b     2020        1     1                 g_curTextColor
      2c     2021        0     1 __zp_data_load_start = LOADADDR ( .zp.data )
      2c     2021        0     1 __zp_data_size = SIZEOF ( .zp.data )
      2c       2c       1a     1 .zp.bss
      2c       2c        0     1         __zp_bss_start = .
      2c       2c       1a     1         midnightmega.prg.lto.o:(.zp.bss)
      2c       2c        1     1                 fnamehi
      2d       2d        1     1                 option.0
      2e       2e        1     1                 g_curScreenW
      2f       2f        1     1                 g_curScreenH
      30       30        1     1                 g_curX
      31       31        1     1                 g_curY
      32       32       14     1                 dmalist
      46       46        0     1 __zp_bss_size = SIZEOF ( .zp.bss )
      46       46       3d     1 .zp
      46       46       3d     1         midnightmega.prg.lto.o:(.zp.noinit)
    2021     2021     4b5d     1 .text
    2021     2021        0     1         _init = .
    2021     2021        0     1         _start = .
    2021     2021        e     1         F:\Entwicklungsprojekte\Mega65\llvm-mos\llvm-mos\bin/../mos-platform/mega65/lib\unmap-basic.o:(.init.010)
    202f     202f        8     1         F:\Entwicklungsprojekte\Mega65\llvm-mos\llvm-mos\bin/../mos-platform/mega65/lib\libcrt0.a(init-stack.S.obj):(.init.100)
    202f     202f        0     1                 __do_init_stack
    2037     2037        3     1         F:\Entwicklungsprojekte\Mega65\llvm-mos\llvm-mos\bin/../mos-platform/mega65/lib\libcrt0.a(zero-bss.c.obj):(.init.200)
    2037     2037        0     1                 __do_zero_bss
    203a     203a        3     1         F:\Entwicklungsprojekte\Mega65\llvm-mos\llvm-mos\bin/../mos-platform/mega65/lib\libcrt0.a(zero-zp-bss.c.obj):(.init.200)
    203a     203a        0     1                 __do_zero_zp_bss
    203d     203d        3     1         F:\Entwicklungsprojekte\Mega65\llvm-mos\llvm-mos\bin/../mos-platform/mega65/lib\libcrt0.a(copy-zp-data.c.obj):(.init.200)
    203d     203d        0     1                 __do_copy_zp_data
    2040     2040        5     1         midnightmega.prg.lto.o:(.init.250)
    2040     2040        0     1                 shift
    2045     2045        3     1         F:\Entwicklungsprojekte\Mega65\llvm-mos\llvm-mos\bin/../mos-platform/common/lib\crt0.o:(.call_main)
    2048     2048        3     1         F:\Entwicklungsprojekte\Mega65\llvm-mos\llvm-mos\bin/../mos-platform/mega65/lib\libcrt0.a(exit-return.c.obj):(.after_main)
    2048     2048        0     1                 __after_main
    204b     204b        0     1         _fini = .
    204b     204b        a     1         F:\Entwicklungsprojekte\Mega65\llvm-mos\llvm-mos\bin/../mos-platform/mega65/lib\unmap-basic.o:(.fini.990)
    2055     2055        1     1         F:\Entwicklungsprojekte\Mega65\llvm-mos\llvm-mos\bin/../mos-platform/common/lib\crt0.o:(.fini_rts)
    2056     2056       79     1         C:\Users\SUPERU~1\AppData\Local\Temp\memory_asm-a0bd98.o:(.text)
    2056     2056        0     1                 fourbytes
    205a     205a        0     1                 lpstore
    2075     2075        0     1                 lprestore
    2090     2090        0     1                 lpoke
    20b1     20b1        0     1                 lpeek
    20cf     20cf        a     1         F:\Entwicklungsprojekte\Mega65\llvm-mos\llvm-mos\bin/../mos-platform/mega65/lib\libcrt0.a(exit-return.c.obj):(.text.__exit_return)
    20cf     20cf        a     1                 __exit_return
    20d9     20d9       13     1         F:\Entwicklungsprojekte\Mega65\llvm-mos\llvm-mos\bin/../mos-platform/mega65/lib\libcrt0.a(zero-bss.c.obj):(.text.__zero_bss)
    20d9     20d9       13     1                 __zero_bss
    20ec     20ec       13     1         F:\Entwicklungsprojekte\Mega65\llvm-mos\llvm-mos\bin/../mos-platform/mega65/lib\libcrt0.a(zero-zp-bss.c.obj):(.text.__zero_zp_bss)
    20ec     20ec       13     1                 __zero_zp_bss
    20ff     20ff       17     1         F:\Entwicklungsprojekte\Mega65\llvm-mos\llvm-mos\bin/../mos-platform/mega65/lib\libcrt0.a(copy-zp-data.c.obj):(.text.__copy_zp_data)
    20ff     20ff       17     1                 __copy_zp_data
    2116     2116     23b8     1         midnightmega.prg.lto.o:(.text.main)
    2116     2116     23b8     1                 main
    3c85     3c85        0     1                 errhyp1att0
    3c89     3c89        0     1                 donehyp1att0
    3ea6     3ea6        0     1                 errhypchdir1
    3eaa     3eaa        0     1                 donehypchdir1
    3efb     3efb        0     1                 errhypchdir2
    3eff     3eff        0     1                 donehypchdir2
    41b0     41b0        0     1                 errhyp0att3
    41b4     41b4        0     1                 donehyp0att3
    4430     4430        0     1                 errhypd81detach4
    4434     4434        0     1                 donehypd81detach4
    44ce     44ce       30     1         midnightmega.prg.lto.o:(.text.hyppo_setname)
    44ce     44ce       30     1                 hyppo_setname
    44f8     44f8        0     1                 errhypsetnam5
    44fc     44fc        0     1                 donehypsetnam5
    44fe     44fe       63     1         midnightmega.prg.lto.o:(.text.getsfn)
    44fe     44fe       63     1                 getsfn
    4561     4561      175     1         midnightmega.prg.lto.o:(.text.ShowAccess)
    4561     4561      175     1                 ShowAccess
    46d6     46d6       9e     1         midnightmega.prg.lto.o:(.text.ReadSector)
    46d6     46d6       9e     1                 ReadSector
    4774     4774       43     1         midnightmega.prg.lto.o:(.text.GetOneSector)
    4774     4774       43     1                 GetOneSector
    47b7     47b7       e2     1         midnightmega.prg.lto.o:(.text.PutOneSector)
    47b7     47b7       e2     1                 PutOneSector
    4899     4899       39     1         midnightmega.prg.lto.o:(.text.GetBAM)
    4899     4899       39     1                 GetBAM
    48d2     48d2       5c     1         midnightmega.prg.lto.o:(.text.PutBAM)
    48d2     48d2       5c     1                 PutBAM
    492e     492e       9a     1         midnightmega.prg.lto.o:(.text.readblockchain)
    492e     492e       9a     1                 readblockchain
    49c8     49c8      302     1         midnightmega.prg.lto.o:(.text.BAMSectorUpdate)
    49c8     49c8      302     1                 BAMSectorUpdate
    4cca     4cca      1a0     1         midnightmega.prg.lto.o:(.text.isallocatedBAMtracksector)
    4cca     4cca      1a0     1                 isallocatedBAMtracksector
    4e6a     4e6a      119     1         midnightmega.prg.lto.o:(.text.findnextBAMtracksector)
    4e6a     4e6a      119     1                 findnextBAMtracksector
    4f83     4f83       8c     1         midnightmega.prg.lto.o:(.text.tracksectorstring)
    4f83     4f83       8c     1                 tracksectorstring
    500f     500f       e0     1         midnightmega.prg.lto.o:(.text.getdirententry)
    500f     500f       e0     1                 getdirententry
    50ef     50ef       14     1         midnightmega.prg.lto.o:(.text.strcopy)
    50ef     50ef       14     1                 strcopy
    5103     5103       c6     1         midnightmega.prg.lto.o:(.text.csputdec)
    5103     5103       c6     1                 csputdec
    51c9     51c9       51     1         midnightmega.prg.lto.o:(.text.asciitoscreencode_s)
    51c9     51c9       51     1                 asciitoscreencode_s
    521a     521a       5e     1         midnightmega.prg.lto.o:(.text.clrhome)
    521a     521a       5e     1                 clrhome
    5278     5278        e     1         midnightmega.prg.lto.o:(.text.msprintf)
    5278     5278        e     1                 msprintf
    5286     5286       16     1         midnightmega.prg.lto.o:(.text.mcputsxy)
    5286     5286       16     1                 mcputsxy
    529c     529c      18b     1         midnightmega.prg.lto.o:(.text.mcbox)
    529c     529c      18b     1                 mcbox
    5427     5427      15b     1         midnightmega.prg.lto.o:(.text.messagebox)
    5427     5427      15b     1                 messagebox
    5582     5582       c0     1         midnightmega.prg.lto.o:(.text.progress)
    5582     5582       c0     1                 progress
    5642     5642       41     1         midnightmega.prg.lto.o:(.text.shortcutprint)
    5642     5642       41     1                 shortcutprint
    5683     5683      388     1         midnightmega.prg.lto.o:(.text.shortcuts)
    5683     5683      388     1                 shortcuts
    5a0b     5a0b       9f     1         midnightmega.prg.lto.o:(.text.optionstring)
    5a0b     5a0b       9f     1                 optionstring
    5aaa     5aaa      665     1         midnightmega.prg.lto.o:(.text.UpdateSectors)
    5aaa     5aaa      665     1                 UpdateSectors
    5ba6     5ba6        0     1                 errgetproc6
    5baa     5baa        0     1                 donegetproc6
    5ce4     5ce4        0     1                 errgetcurdrv7
    5ce8     5ce8        0     1                 donegetcurdrv7
    5d01     5d01        0     1                 errhypopendir8
    5d05     5d05        0     1                 donehypopendir8
    5dab     5dab        0     1                 hypreaddirloop9
    5dc3     5dc3        0     1                 errhypreaddir9
    5dc5     5dc5        0     1                 donehypreaddir9
    6089     6089        0     1                 errhypclosedir10
    608b     608b        0     1                 donehypclosedir10
    610f     610f       46     1         midnightmega.prg.lto.o:(.text.Deselect)
    610f     610f       46     1                 Deselect
    6155     6155      147     1         midnightmega.prg.lto.o:(.text.sizeselectcurrentifnone)
    6155     6155      147     1                 sizeselectcurrentifnone
    629c     629c       46     1         midnightmega.prg.lto.o:(.text.sidbong)
    629c     629c       46     1                 sidbong
    62e2     62e2        1     1         midnightmega.prg.lto.o:(.text.escNOP)
    62e2     62e2        1     1                 escNOP
    62e3     62e3        9     1         midnightmega.prg.lto.o:(.text.cputc)
    62e3     62e3        9     1                 cputc
    62ec     62ec       a1     1         midnightmega.prg.lto.o:(.text.cputcxy)
    62ec     62ec       a1     1                 cputcxy
    638d     638d        7     1         midnightmega.prg.lto.o:(.text.cputs)
    638d     638d        7     1                 cputs
    6394     6394       db     1         midnightmega.prg.lto.o:(.text.cputsxy)
    6394     6394       db     1                 cputsxy
    646f     646f       aa     1         midnightmega.prg.lto.o:(.text.fillrect)
    646f     646f       aa     1                 fillrect
    6519     6519        9     1         midnightmega.prg.lto.o:(.text.cgetc)
    6519     6519        9     1                 cgetc
    6522     6522       27     1         midnightmega.prg.lto.o:(.text.do_dma)
    6522     6522       27     1                 do_dma
    6549     6549       67     1         midnightmega.prg.lto.o:(.text.lcopy)
    6549     6549       67     1                 lcopy
    65b0     65b0       50     1         midnightmega.prg.lto.o:(.text.lfill)
    65b0     65b0       50     1                 lfill
    6600     6600       5c     1         midnightmega.prg.lto.o:(.text.usleep)
    6600     6600       5c     1                 usleep
    665c     665c       3e     1         midnightmega.prg.lto.o:(.text.strcpy)
    665c     665c       3e     1                 strcpy
    669a     669a       3c     1         midnightmega.prg.lto.o:(.text.strlen)
    669a     669a       3c     1                 strlen
    66d6     66d6        b     1         midnightmega.prg.lto.o:(.text.__ashlqi3)
    66d6     66d6        b     1                 __ashlqi3
    66e1     66e1       13     1         midnightmega.prg.lto.o:(.text.__ashlhi3)
    66e1     66e1       13     1                 __ashlhi3
    66f4     66f4       32     1         midnightmega.prg.lto.o:(.text.__mulhi3)
    66f4     66f4       32     1                 __mulhi3
    6726     6726       c1     1         midnightmega.prg.lto.o:(.text.__udivhi3)
    6726     6726       c1     1                 __udivhi3
    67e7     67e7       45     1         midnightmega.prg.lto.o:(.text.__umodqi3)
    67e7     67e7       45     1                 __umodqi3
    682c     682c       70     1         midnightmega.prg.lto.o:(.text.__udivmodqi4)
    682c     682c       70     1                 __udivmodqi4
    689c     689c       dc     1         midnightmega.prg.lto.o:(.text.__udivmodhi4)
    689c     689c       dc     1                 __udivmodhi4
    6978     6978       2c     1         midnightmega.prg.lto.o:(.text.memcpy)
    6978     6978       2c     1                 memcpy
    69a4     69a4       20     1         midnightmega.prg.lto.o:(.text.__memset)
    69a4     69a4       20     1                 __memset
    69c4     69c4      1ba     1         midnightmega.prg.lto.o:(.text.__udivmodsi4)
    69c4     69c4      1ba     1                 __udivmodsi4
    6b7e     6b7e        0     1         __init_array_start = .
    6b7e     6b7e        0     1         __init_array_end = .
    6b7e     6b7e        0     1         __fini_array_start = .
    6b7e     6b7e        0     1         __fini_array_end = .
    6b7e     6b7e      a79     1 .rodata
    6b7e     6b7e       70     1         midnightmega.prg.lto.o:(.rodata.main)
    6bee     6bee      9a1     1         <internal>:(.rodata.str1.1)
    758f     758f        8     1         <internal>:(.rodata.cst4)
    7597     7597       50     1         midnightmega.prg.lto.o:(.rodata..L__const.findnextBAMtracksector.strategy)
    75e7     75e7       10     1         <internal>:(.rodata.cst16)
    75f7     75f7        0     1 .data
    75f7     75f7        0     1         __data_start = .
    75f7     75f7        0     1         __data_end = .
    75f7     75f7        0     1 __data_load_start = LOADADDR ( .data )
    75f7     75f7        0     1 __data_size = SIZEOF ( .data )
    75f7     75f7      4b0     1 .bss
    75f7     75f7        0     1         __bss_start = .
    75f7     75f7       21     1         midnightmega.prg.lto.o:(.bss.direntryblock2)
    75f7     75f7       21     1                 direntryblock2
    7618     7618       50     1         midnightmega.prg.lto.o:(.bss.s)
    7618     7618       50     1                 s
    7668     7668       e0     1         midnightmega.prg.lto.o:(.bss.direntflags)
    7668     7668       e0     1                 direntflags
    7748     7748       22     1         midnightmega.prg.lto.o:(.bss.diskname)
    7748     7748       22     1                 diskname
    776a     776a       40     1         midnightmega.prg.lto.o:(.bss.lfnname)
    776a     776a       40     1                 lfnname
    77aa     77aa      2fd     1         midnightmega.prg.lto.o:(.bss.escapeCode)
    77aa     77aa      2fd     1                 escapeCode
    7aa7     7aa7        0     1         __bss_end = .
    7aa7     7aa7        0     1 __bss_size = SIZEOF ( .bss )
    7aa7     7aa7        1     1 .noinit
    7aa7     7aa7        1     1         F:\Entwicklungsprojekte\Mega65\llvm-mos\llvm-mos\bin/../mos-platform/mega65/lib\libcrt0.a(exit-return.c.obj):(.noinit..Lstatic_stack)
    7aa8     7aa8        0     1         __heap_start = ALIGN ( . , 2 )
    7aa8     7aa8        0     1 __stack = 0xd000
       0        0       7c     1 .comment
       0        0       7c     1         <internal>:(.comment)
       0        0     1040     4 .symtab
       0        0     1040     4         <internal>:(.symtab)
       0        0       68     1 .shstrtab
       0        0       68     1         <internal>:(.shstrtab)
       0        0      9d7     1 .strtab
       0        0      9d7     1         <internal>:(.strtab)
