     VMA      LMA     Size Align Out     In      Symbol
       0        0        0     1 __basic_zp_start = 0x0002
       0        0        0     1 __basic_zp_end = 0x0090
       0        0        0     1 __rc0 = __basic_zp_start
       0        0        0     1 __rc1 = __rc0 + 1
       0        0        0     1 PROVIDE ( __rc2 = __rc1 + 1 )
       0        0        0     1 __rc3 = __rc2 + 1
       0        0        0     1 PROVIDE ( __rc4 = __rc3 + 1 )
       0        0        0     1 __rc5 = __rc4 + 1
       0        0        0     1 PROVIDE ( __rc6 = __rc5 + 1 )
       0        0        0     1 __rc7 = __rc6 + 1
       0        0        0     1 PROVIDE ( __rc8 = __rc7 + 1 )
       0        0        0     1 __rc9 = __rc8 + 1
       0        0        0     1 PROVIDE ( __rc10 = __rc9 + 1 )
       0        0        0     1 __rc11 = __rc10 + 1
       0        0        0     1 PROVIDE ( __rc12 = __rc11 + 1 )
       0        0        0     1 __rc13 = __rc12 + 1
       0        0        0     1 PROVIDE ( __rc14 = __rc13 + 1 )
       0        0        0     1 __rc15 = __rc14 + 1
       0        0        0     1 PROVIDE ( __rc16 = __rc15 + 1 )
       0        0        0     1 __rc17 = __rc16 + 1
       0        0        0     1 PROVIDE ( __rc18 = __rc17 + 1 )
       0        0        0     1 __rc19 = __rc18 + 1
       0        0        0     1 PROVIDE ( __rc20 = __rc19 + 1 )
       0        0        0     1 __rc21 = __rc20 + 1
       0        0        0     1 PROVIDE ( __rc22 = __rc21 + 1 )
       0        0        0     1 __rc23 = __rc22 + 1
       0        0        0     1 PROVIDE ( __rc24 = __rc23 + 1 )
       0        0        0     1 __rc25 = __rc24 + 1
       0        0        0     1 PROVIDE ( __rc26 = __rc25 + 1 )
       0        0        0     1 __rc27 = __rc26 + 1
       0        0        0     1 PROVIDE ( __rc28 = __rc27 + 1 )
       0        0        0     1 __rc29 = __rc28 + 1
       0        0        0     1 PROVIDE ( __rc30 = __rc29 + 1 )
       0        0        0     1 __rc31 = __rc30 + 1
    2001     2001       16     1 .basic_header
    2001     2001       16     1         F:\Entwicklungsprojekte\Mega65\llvm-mos\llvm-mos\bin/../mos-platform/mega65/lib\basic-header.o:(.basic_header)
    2015     2015        0     1                 next_line
      22     2017        a     1 .zp.data
      22     2017        0     1         __zp_data_start = .
      22     2017        a     1         emumidnightmega.prg.lto.o:(.zp.data)
      27     201c        4     1                 midnight
      2b     2020        1     1                 g_curTextColor
      2c     2021        0     1 __zp_data_load_start = LOADADDR ( .zp.data )
      2c     2021        0     1 __zp_data_size = SIZEOF ( .zp.data )
      2c       2c       1a     1 .zp.bss
      2c       2c        0     1         __zp_bss_start = .
      2c       2c       1a     1         emumidnightmega.prg.lto.o:(.zp.bss)
      2c       2c        1     1                 fnamehi
      2d       2d        1     1                 option.0
      2e       2e        1     1                 g_curScreenW
      2f       2f        1     1                 g_curScreenH
      30       30        1     1                 g_curX
      31       31        1     1                 g_curY
      32       32       14     1                 dmalist
      46       46        0     1 __zp_bss_size = SIZEOF ( .zp.bss )
      46       46       3a     1 .zp
      46       46       3a     1         emumidnightmega.prg.lto.o:(.zp.noinit)
    2021     2021     4828     1 .text
    2021     2021        0     1         _init = .
    2021     2021        0     1         _start = .
    2021     2021        e     1         F:\Entwicklungsprojekte\Mega65\llvm-mos\llvm-mos\bin/../mos-platform/mega65/lib\unmap-basic.o:(.init.010)
    202f     202f        8     1         F:\Entwicklungsprojekte\Mega65\llvm-mos\llvm-mos\bin/../mos-platform/mega65/lib\libcrt0.a(init-stack.S.obj):(.init.100)
    202f     202f        0     1                 __do_init_stack
    2037     2037        3     1         F:\Entwicklungsprojekte\Mega65\llvm-mos\llvm-mos\bin/../mos-platform/mega65/lib\libcrt0.a(zero-bss.c.obj):(.init.200)
    2037     2037        0     1                 __do_zero_bss
    203a     203a        3     1         F:\Entwicklungsprojekte\Mega65\llvm-mos\llvm-mos\bin/../mos-platform/mega65/lib\libcrt0.a(zero-zp-bss.c.obj):(.init.200)
    203a     203a        0     1                 __do_zero_zp_bss
    203d     203d        3     1         F:\Entwicklungsprojekte\Mega65\llvm-mos\llvm-mos\bin/../mos-platform/mega65/lib\libcrt0.a(copy-zp-data.c.obj):(.init.200)
    203d     203d        0     1                 __do_copy_zp_data
    2040     2040        5     1         emumidnightmega.prg.lto.o:(.init.250)
    2040     2040        0     1                 shift
    2045     2045        3     1         F:\Entwicklungsprojekte\Mega65\llvm-mos\llvm-mos\bin/../mos-platform/common/lib\crt0.o:(.call_main)
    2048     2048        3     1         F:\Entwicklungsprojekte\Mega65\llvm-mos\llvm-mos\bin/../mos-platform/mega65/lib\libcrt0.a(exit-return.c.obj):(.after_main)
    2048     2048        0     1                 __after_main
    204b     204b        0     1         _fini = .
    204b     204b        a     1         F:\Entwicklungsprojekte\Mega65\llvm-mos\llvm-mos\bin/../mos-platform/mega65/lib\unmap-basic.o:(.fini.990)
    2055     2055        1     1         F:\Entwicklungsprojekte\Mega65\llvm-mos\llvm-mos\bin/../mos-platform/common/lib\crt0.o:(.fini_rts)
    2056     2056       79     1         C:\Users\SUPERU~1\AppData\Local\Temp\memory_asm-df44a0.o:(.text)
    2056     2056        0     1                 fourbytes
    205a     205a        0     1                 lpstore
    2075     2075        0     1                 lprestore
    2090     2090        0     1                 lpoke
    20b1     20b1        0     1                 lpeek
    20cf     20cf        a     1         F:\Entwicklungsprojekte\Mega65\llvm-mos\llvm-mos\bin/../mos-platform/mega65/lib\libcrt0.a(exit-return.c.obj):(.text.__exit_return)
    20cf     20cf        a     1                 __exit_return
    20d9     20d9       13     1         F:\Entwicklungsprojekte\Mega65\llvm-mos\llvm-mos\bin/../mos-platform/mega65/lib\libcrt0.a(zero-bss.c.obj):(.text.__zero_bss)
    20d9     20d9       13     1                 __zero_bss
    20ec     20ec       13     1         F:\Entwicklungsprojekte\Mega65\llvm-mos\llvm-mos\bin/../mos-platform/mega65/lib\libcrt0.a(zero-zp-bss.c.obj):(.text.__zero_zp_bss)
    20ec     20ec       13     1                 __zero_zp_bss
    20ff     20ff       17     1         F:\Entwicklungsprojekte\Mega65\llvm-mos\llvm-mos\bin/../mos-platform/mega65/lib\libcrt0.a(copy-zp-data.c.obj):(.text.__copy_zp_data)
    20ff     20ff       17     1                 __copy_zp_data
    2116     2116     21ad     1         emumidnightmega.prg.lto.o:(.text.main)
    2116     2116     21ad     1                 main
    3c5f     3c5f        0     1                 errhyp1att0
    3c63     3c63        0     1                 donehyp1att0
    3e5e     3e5e        0     1                 errhypchdir1
    3e62     3e62        0     1                 donehypchdir1
    3eb7     3eb7        0     1                 errhypchdir2
    3ebb     3ebb        0     1                 donehypchdir2
    40a8     40a8        0     1                 errhyp0att3
    40ac     40ac        0     1                 donehyp0att3
    42a3     42a3        0     1                 errhypd81detach4
    42a7     42a7        0     1                 donehypd81detach4
    42c3     42c3       30     1         emumidnightmega.prg.lto.o:(.text.hyppo_setname)
    42c3     42c3       30     1                 hyppo_setname
    42ed     42ed        0     1                 errhypsetnam5
    42f1     42f1        0     1                 donehypsetnam5
    42f3     42f3       63     1         emumidnightmega.prg.lto.o:(.text.getsfn)
    42f3     42f3       63     1                 getsfn
    4356     4356       80     1         emumidnightmega.prg.lto.o:(.text.ReadSector)
    4356     4356       80     1                 ReadSector
    43d6     43d6      16f     1         emumidnightmega.prg.lto.o:(.text.ShowAccess)
    43d6     43d6      16f     1                 ShowAccess
    4545     4545       59     1         emumidnightmega.prg.lto.o:(.text.GetOneSector)
    4545     4545       59     1                 GetOneSector
    459e     459e       d5     1         emumidnightmega.prg.lto.o:(.text.PutOneSector)
    459e     459e       d5     1                 PutOneSector
    4673     4673       39     1         emumidnightmega.prg.lto.o:(.text.GetBAM)
    4673     4673       39     1                 GetBAM
    46ac     46ac       5c     1         emumidnightmega.prg.lto.o:(.text.PutBAM)
    46ac     46ac       5c     1                 PutBAM
    4708     4708       9a     1         emumidnightmega.prg.lto.o:(.text.readblockchain)
    4708     4708       9a     1                 readblockchain
    47a2     47a2      302     1         emumidnightmega.prg.lto.o:(.text.BAMSectorUpdate)
    47a2     47a2      302     1                 BAMSectorUpdate
    4aa4     4aa4      1a0     1         emumidnightmega.prg.lto.o:(.text.isallocatedBAMtracksector)
    4aa4     4aa4      1a0     1                 isallocatedBAMtracksector
    4c44     4c44      119     1         emumidnightmega.prg.lto.o:(.text.findnextBAMtracksector)
    4c44     4c44      119     1                 findnextBAMtracksector
    4d5d     4d5d       8c     1         emumidnightmega.prg.lto.o:(.text.tracksectorstring)
    4d5d     4d5d       8c     1                 tracksectorstring
    4de9     4de9       e0     1         emumidnightmega.prg.lto.o:(.text.getdirententry)
    4de9     4de9       e0     1                 getdirententry
    4ec9     4ec9       14     1         emumidnightmega.prg.lto.o:(.text.strcopy)
    4ec9     4ec9       14     1                 strcopy
    4edd     4edd       c6     1         emumidnightmega.prg.lto.o:(.text.csputdec)
    4edd     4edd       c6     1                 csputdec
    4fa3     4fa3       51     1         emumidnightmega.prg.lto.o:(.text.asciitoscreencode_s)
    4fa3     4fa3       51     1                 asciitoscreencode_s
    4ff4     4ff4       5e     1         emumidnightmega.prg.lto.o:(.text.clrhome)
    4ff4     4ff4       5e     1                 clrhome
    5052     5052        e     1         emumidnightmega.prg.lto.o:(.text.msprintf)
    5052     5052        e     1                 msprintf
    5060     5060       16     1         emumidnightmega.prg.lto.o:(.text.mcputsxy)
    5060     5060       16     1                 mcputsxy
    5076     5076      18b     1         emumidnightmega.prg.lto.o:(.text.mcbox)
    5076     5076      18b     1                 mcbox
    5201     5201       e7     1         emumidnightmega.prg.lto.o:(.text.messagebox)
    5201     5201       e7     1                 messagebox
    52e8     52e8       c0     1         emumidnightmega.prg.lto.o:(.text.progress)
    52e8     52e8       c0     1                 progress
    53a8     53a8       41     1         emumidnightmega.prg.lto.o:(.text.shortcutprint)
    53a8     53a8       41     1                 shortcutprint
    53e9     53e9      388     1         emumidnightmega.prg.lto.o:(.text.shortcuts)
    53e9     53e9      388     1                 shortcuts
    5771     5771       9f     1         emumidnightmega.prg.lto.o:(.text.optionstring)
    5771     5771       9f     1                 optionstring
    5810     5810      5d1     1         emumidnightmega.prg.lto.o:(.text.UpdateSectors)
    5810     5810      5d1     1                 UpdateSectors
    58f4     58f4        0     1                 errgetproc6
    58f8     58f8        0     1                 donegetproc6
    5bb6     5bb6        0     1                 errgetcurdrv7
    5bba     5bba        0     1                 donegetcurdrv7
    5bd3     5bd3        0     1                 errhypopendir8
    5bd7     5bd7        0     1                 donehypopendir8
    5c6f     5c6f        0     1                 hypreaddirloop9
    5c87     5c87        0     1                 errhypreaddir9
    5c89     5c89        0     1                 donehypreaddir9
    5dd5     5dd5        0     1                 errhypclosedir10
    5dd7     5dd7        0     1                 donehypclosedir10
    5de1     5de1       46     1         emumidnightmega.prg.lto.o:(.text.Deselect)
    5de1     5de1       46     1                 Deselect
    5e27     5e27      140     1         emumidnightmega.prg.lto.o:(.text.sizeselectcurrentifnone)
    5e27     5e27      140     1                 sizeselectcurrentifnone
    5f67     5f67       46     1         emumidnightmega.prg.lto.o:(.text.sidbong)
    5f67     5f67       46     1                 sidbong
    5fad     5fad        1     1         emumidnightmega.prg.lto.o:(.text.escNOP)
    5fad     5fad        1     1                 escNOP
    5fae     5fae        9     1         emumidnightmega.prg.lto.o:(.text.cputc)
    5fae     5fae        9     1                 cputc
    5fb7     5fb7       a1     1         emumidnightmega.prg.lto.o:(.text.cputcxy)
    5fb7     5fb7       a1     1                 cputcxy
    6058     6058        7     1         emumidnightmega.prg.lto.o:(.text.cputs)
    6058     6058        7     1                 cputs
    605f     605f       db     1         emumidnightmega.prg.lto.o:(.text.cputsxy)
    605f     605f       db     1                 cputsxy
    613a     613a       aa     1         emumidnightmega.prg.lto.o:(.text.fillrect)
    613a     613a       aa     1                 fillrect
    61e4     61e4        9     1         emumidnightmega.prg.lto.o:(.text.cgetc)
    61e4     61e4        9     1                 cgetc
    61ed     61ed       27     1         emumidnightmega.prg.lto.o:(.text.do_dma)
    61ed     61ed       27     1                 do_dma
    6214     6214       67     1         emumidnightmega.prg.lto.o:(.text.lcopy)
    6214     6214       67     1                 lcopy
    627b     627b       50     1         emumidnightmega.prg.lto.o:(.text.lfill)
    627b     627b       50     1                 lfill
    62cb     62cb       5c     1         emumidnightmega.prg.lto.o:(.text.usleep)
    62cb     62cb       5c     1                 usleep
    6327     6327       3e     1         emumidnightmega.prg.lto.o:(.text.strcpy)
    6327     6327       3e     1                 strcpy
    6365     6365       3c     1         emumidnightmega.prg.lto.o:(.text.strlen)
    6365     6365       3c     1                 strlen
    63a1     63a1        b     1         emumidnightmega.prg.lto.o:(.text.__ashlqi3)
    63a1     63a1        b     1                 __ashlqi3
    63ac     63ac       13     1         emumidnightmega.prg.lto.o:(.text.__ashlhi3)
    63ac     63ac       13     1                 __ashlhi3
    63bf     63bf       32     1         emumidnightmega.prg.lto.o:(.text.__mulhi3)
    63bf     63bf       32     1                 __mulhi3
    63f1     63f1       c1     1         emumidnightmega.prg.lto.o:(.text.__udivhi3)
    63f1     63f1       c1     1                 __udivhi3
    64b2     64b2       45     1         emumidnightmega.prg.lto.o:(.text.__umodqi3)
    64b2     64b2       45     1                 __umodqi3
    64f7     64f7       70     1         emumidnightmega.prg.lto.o:(.text.__udivmodqi4)
    64f7     64f7       70     1                 __udivmodqi4
    6567     6567       dc     1         emumidnightmega.prg.lto.o:(.text.__udivmodhi4)
    6567     6567       dc     1                 __udivmodhi4
    6643     6643       2c     1         emumidnightmega.prg.lto.o:(.text.memcpy)
    6643     6643       2c     1                 memcpy
    666f     666f       20     1         emumidnightmega.prg.lto.o:(.text.__memset)
    666f     666f       20     1                 __memset
    668f     668f      1ba     1         emumidnightmega.prg.lto.o:(.text.__udivmodsi4)
    668f     668f      1ba     1                 __udivmodsi4
    6849     6849        0     1         __init_array_start = .
    6849     6849        0     1         __init_array_end = .
    6849     6849        0     1         __fini_array_start = .
    6849     6849        0     1         __fini_array_end = .
    6849     6849      a56     1 .rodata
    6849     6849       70     1         emumidnightmega.prg.lto.o:(.rodata.main)
    68b9     68b9      98e     1         <internal>:(.rodata.str1.1)
    7247     7247        8     1         <internal>:(.rodata.cst4)
    724f     724f       50     1         emumidnightmega.prg.lto.o:(.rodata..L__const.findnextBAMtracksector.strategy)
    729f     729f        0     1 .data
    729f     729f        0     1         __data_start = .
    729f     729f        0     1         __data_end = .
    729f     729f        0     1 __data_load_start = LOADADDR ( .data )
    729f     729f        0     1 __data_size = SIZEOF ( .data )
    729f     729f      44f     1 .bss
    729f     729f        0     1         __bss_start = .
    729f     729f       50     1         emumidnightmega.prg.lto.o:(.bss.s)
    729f     729f       50     1                 s
    72ef     72ef       e0     1         emumidnightmega.prg.lto.o:(.bss.direntflags)
    72ef     72ef       e0     1                 direntflags
    73cf     73cf       22     1         emumidnightmega.prg.lto.o:(.bss.diskname)
    73cf     73cf       22     1                 diskname
    73f1     73f1      2fd     1         emumidnightmega.prg.lto.o:(.bss.escapeCode)
    73f1     73f1      2fd     1                 escapeCode
    76ee     76ee        0     1         __bss_end = .
    76ee     76ee        0     1 __bss_size = SIZEOF ( .bss )
    76ee     76ee        1     1 .noinit
    76ee     76ee        1     1         F:\Entwicklungsprojekte\Mega65\llvm-mos\llvm-mos\bin/../mos-platform/mega65/lib\libcrt0.a(exit-return.c.obj):(.noinit..Lstatic_stack)
    76ef     76ef        0     1         __heap_start = ALIGN ( . , 2 )
    76ef     76ef        0     1 __stack = 0xd000
       0        0       7c     1 .comment
       0        0       7c     1         <internal>:(.comment)
       0        0     1000     4 .symtab
       0        0     1000     4         <internal>:(.symtab)
       0        0       68     1 .shstrtab
       0        0       68     1         <internal>:(.shstrtab)
       0        0      9ae     1 .strtab
       0        0      9ae     1         <internal>:(.strtab)
