     VMA      LMA     Size Align Out     In      Symbol
       0        0        0     1 __basic_zp_start = 0x0002
       0        0        0     1 __basic_zp_end = 0x0090
       0        0        0     1 __rc0 = __basic_zp_start
       0        0        0     1 __rc1 = __rc0 + 1
       0        0        0     1 PROVIDE ( __rc2 = __rc1 + 1 )
       0        0        0     1 __rc3 = __rc2 + 1
       0        0        0     1 PROVIDE ( __rc4 = __rc3 + 1 )
       0        0        0     1 __rc5 = __rc4 + 1
       0        0        0     1 PROVIDE ( __rc6 = __rc5 + 1 )
       0        0        0     1 __rc7 = __rc6 + 1
       0        0        0     1 PROVIDE ( __rc8 = __rc7 + 1 )
       0        0        0     1 __rc9 = __rc8 + 1
       0        0        0     1 PROVIDE ( __rc10 = __rc9 + 1 )
       0        0        0     1 __rc11 = __rc10 + 1
       0        0        0     1 PROVIDE ( __rc12 = __rc11 + 1 )
       0        0        0     1 __rc13 = __rc12 + 1
       0        0        0     1 PROVIDE ( __rc14 = __rc13 + 1 )
       0        0        0     1 __rc15 = __rc14 + 1
       0        0        0     1 PROVIDE ( __rc16 = __rc15 + 1 )
       0        0        0     1 __rc17 = __rc16 + 1
       0        0        0     1 PROVIDE ( __rc18 = __rc17 + 1 )
       0        0        0     1 __rc19 = __rc18 + 1
       0        0        0     1 PROVIDE ( __rc20 = __rc19 + 1 )
       0        0        0     1 __rc21 = __rc20 + 1
       0        0        0     1 PROVIDE ( __rc22 = __rc21 + 1 )
       0        0        0     1 __rc23 = __rc22 + 1
       0        0        0     1 PROVIDE ( __rc24 = __rc23 + 1 )
       0        0        0     1 __rc25 = __rc24 + 1
       0        0        0     1 PROVIDE ( __rc26 = __rc25 + 1 )
       0        0        0     1 __rc27 = __rc26 + 1
       0        0        0     1 PROVIDE ( __rc28 = __rc27 + 1 )
       0        0        0     1 __rc29 = __rc28 + 1
       0        0        0     1 PROVIDE ( __rc30 = __rc29 + 1 )
       0        0        0     1 __rc31 = __rc30 + 1
    2001     2001       16     1 .basic_header
    2001     2001       16     1         F:\Entwicklungsprojekte\Mega65\llvm-mos\llvm-mos\bin/../mos-platform/mega65/lib\basic-header.o:(.basic_header)
    2015     2015        0     1                 next_line
      22     2017        6     1 .zp.data
      22     2017        0     1         __zp_data_start = .
      22     2017        5     1         lto.tmp:(.zp.rodata..Lswitch.table.asciitoscreencode)
      27     201c        1     1         lto.tmp:(.zp.data.g_curTextColor)
      27     201c        1     1                 g_curTextColor
      28     201d        0     1 __zp_data_load_start = LOADADDR ( .zp.data )
      28     201d        0     1 __zp_data_size = SIZEOF ( .zp.data )
      28       28       3f     1 .zp.bss
      28       28        0     1         __zp_bss_start = .
      28       28       28     1         lto.tmp:(.zp.bss.s)
      28       28       28     1                 s
      50       50        1     1         lto.tmp:(.zp.bss.g_curScreenW)
      50       50        1     1                 g_curScreenW
      51       51        1     1         lto.tmp:(.zp.bss.g_curX)
      51       51        1     1                 g_curX
      52       52        1     1         lto.tmp:(.zp.bss.g_curY)
      52       52        1     1                 g_curY
      53       53       14     1         lto.tmp:(.zp.bss.dmalist)
      53       53       14     1                 dmalist
      67       67        0     1 __zp_bss_size = SIZEOF ( .zp.bss )
      67       67       29     1 .zp
      67       67       29     1         lto.tmp:(.zp.noinit..Lzp_stack)
    201d     201d     4987     1 .text
    201d     201d        0     1         _init = .
    201d     201d        0     1         _start = .
    201d     201d        e     1         F:\Entwicklungsprojekte\Mega65\llvm-mos\llvm-mos\bin/../mos-platform/mega65/lib\unmap-basic.o:(.init.010)
    202b     202b        8     1         F:\Entwicklungsprojekte\Mega65\llvm-mos\llvm-mos\bin/../mos-platform/commodore/lib\libcrt0.a(init-stack.S.obj):(.init.100)
    202b     202b        0     1                 __do_init_stack
    2033     2033        3     1         F:\Entwicklungsprojekte\Mega65\llvm-mos\llvm-mos\bin/../mos-platform/commodore/lib\libcrt0.a(zero-bss.c.obj):(.init.200)
    2033     2033        0     1                 __do_zero_bss
    2036     2036        3     1         F:\Entwicklungsprojekte\Mega65\llvm-mos\llvm-mos\bin/../mos-platform/commodore/lib\libcrt0.a(zero-zp-bss.c.obj):(.init.200)
    2036     2036        0     1                 __do_zero_zp_bss
    2039     2039        3     1         F:\Entwicklungsprojekte\Mega65\llvm-mos\llvm-mos\bin/../mos-platform/commodore/lib\libcrt0.a(copy-zp-data.c.obj):(.init.200)
    2039     2039        0     1                 __do_copy_zp_data
    203c     203c        3     1         F:\Entwicklungsprojekte\Mega65\llvm-mos\llvm-mos\bin/../mos-platform/common/lib\crt0.o:(.call_main)
    203f     203f        3     1         F:\Entwicklungsprojekte\Mega65\llvm-mos\llvm-mos\bin/../mos-platform/commodore/lib\libcrt0.a(exit-return.c.obj):(.after_main)
    203f     203f        0     1                 __after_main
    2042     2042        0     1         _fini = .
    2042     2042        a     1         F:\Entwicklungsprojekte\Mega65\llvm-mos\llvm-mos\bin/../mos-platform/mega65/lib\unmap-basic.o:(.fini.990)
    204c     204c        1     1         F:\Entwicklungsprojekte\Mega65\llvm-mos\llvm-mos\bin/../mos-platform/common/lib\crt0.o:(.fini_rts)
    204d     204d       79     1         C:\Users\SUPERU~1\AppData\Local\Temp\memory_asm-bb9b6d.o:(.text)
    204d     204d        0     1                 fourbytes
    2051     2051        0     1                 lpstore
    206c     206c        0     1                 lprestore
    2087     2087        0     1                 lpoke
    20a8     20a8        0     1                 lpeek
    20c6     20c6        a     1         F:\Entwicklungsprojekte\Mega65\llvm-mos\llvm-mos\bin/../mos-platform/commodore/lib\libcrt0.a(exit-return.c.obj):(.text)
    20c6     20c6        a     1                 __exit_return
    20d0     20d0     146b     1         F:\Entwicklungsprojekte\Mega65\llvm-mos\llvm-mos\bin/../mos-platform/common/lib\libcrt.a(divmod-large.cc.obj):(.text)
    20d0     20d0      252     1                 __udivmodsi4
    2322     2322      5af     1                 __udivmoddi4
    28d1     28d1      399     1                 __divmodsi4
    2c6a     2c6a      8d1     1                 __divmoddi4
    353b     353b       13     1         F:\Entwicklungsprojekte\Mega65\llvm-mos\llvm-mos\bin/../mos-platform/commodore/lib\libcrt0.a(zero-bss.c.obj):(.text)
    353b     353b       13     1                 __zero_bss
    354e     354e       13     1         F:\Entwicklungsprojekte\Mega65\llvm-mos\llvm-mos\bin/../mos-platform/commodore/lib\libcrt0.a(zero-zp-bss.c.obj):(.text)
    354e     354e       13     1                 __zero_zp_bss
    3561     3561       17     1         F:\Entwicklungsprojekte\Mega65\llvm-mos\llvm-mos\bin/../mos-platform/commodore/lib\libcrt0.a(copy-zp-data.c.obj):(.text)
    3561     3561       17     1                 __copy_zp_data
    3578     3578     1712     1         lto.tmp:(.text.main)
    3578     3578     1712     1                 main
    3750     3750        0     1                 errgetproc0
    3754     3754        0     1                 donegetproc0
    3d8a     3d8a        0     1                 hypreaddirloop1
    3da2     3da2        0     1                 errhypreaddir1
    3da4     3da4        0     1                 donehypreaddir1
    3e58     3e58        0     1                 errgetcurdrv2
    3e5c     3e5c        0     1                 donegetcurdrv2
    3e76     3e76        0     1                 errhypopendir3
    3e7a     3e7a        0     1                 donehypopendir3
    3f0d     3f0d        0     1                 errhypsetnam4
    3f11     3f11        0     1                 donehypsetnam4
    3f2a     3f2a        0     1                 errhyp1att5
    3f2e     3f2e        0     1                 donehyp1att5
    3fa1     3fa1        0     1                 errhyp0att6
    3fa5     3fa5        0     1                 donehyp0att6
    4463     4463        0     1                 errhypclosedir7
    4465     4465        0     1                 donehypclosedir7
    4c8a     4c8a       90     1         lto.tmp:(.text.ReadSector)
    4c8a     4c8a       90     1                 ReadSector
    4d1a     4d1a      16f     1         lto.tmp:(.text.ShowAccess)
    4d1a     4d1a      16f     1                 ShowAccess
    4e89     4e89       5d     1         lto.tmp:(.text.GetOneSector)
    4e89     4e89       5d     1                 GetOneSector
    4ee6     4ee6       e4     1         lto.tmp:(.text.PutOneSector)
    4ee6     4ee6       e4     1                 PutOneSector
    4fca     4fca       39     1         lto.tmp:(.text.GetBAM)
    4fca     4fca       39     1                 GetBAM
    5003     5003       60     1         lto.tmp:(.text.PutBAM)
    5003     5003       60     1                 PutBAM
    5063     5063      10c     1         lto.tmp:(.text.readblockchain)
    5063     5063      10c     1                 readblockchain
    516f     516f      250     1         lto.tmp:(.text.BAMSectorUpdate)
    516f     516f      250     1                 BAMSectorUpdate
    53bf     53bf      151     1         lto.tmp:(.text.findnextBAMtracksector)
    53bf     53bf      151     1                 findnextBAMtracksector
    5510     5510       77     1         lto.tmp:(.text.tracksectorstring)
    5510     5510       77     1                 tracksectorstring
    5587     5587       cd     1         lto.tmp:(.text.getdirententry)
    5587     5587       cd     1                 getdirententry
    5654     5654       8e     1         lto.tmp:(.text.getdirent)
    5654     5654       8e     1                 getdirent
    56e2     56e2      124     1         lto.tmp:(.text.cputln)
    56e2     56e2      124     1                 cputln
    5806     5806       b3     1         lto.tmp:(.text.csputdec)
    5806     5806       b3     1                 csputdec
    58b9     58b9       51     1         lto.tmp:(.text.asciitoscreencode_s)
    58b9     58b9       51     1                 asciitoscreencode_s
    590a     590a       5f     1         lto.tmp:(.text.clrhome)
    590a     590a       5f     1                 clrhome
    5969     5969        e     1         lto.tmp:(.text.msprintf)
    5969     5969        e     1                 msprintf
    5977     5977       2b     1         lto.tmp:(.text.mprintf)
    5977     5977       2b     1                 mprintf
    59a2     59a2       3d     1         lto.tmp:(.text.mhprintf)
    59a2     59a2       3d     1                 mhprintf
    59df     59df       3d     1         lto.tmp:(.text.mh4printf)
    59df     59df       3d     1                 mh4printf
    5a1c     5a1c       16     1         lto.tmp:(.text.mcputsxy)
    5a1c     5a1c       16     1                 mcputsxy
    5a32     5a32      18f     1         lto.tmp:(.text.mcbox)
    5a32     5a32      18f     1                 mcbox
    5bc1     5bc1      10b     1         lto.tmp:(.text.messagebox)
    5bc1     5bc1      10b     1                 messagebox
    5ccc     5ccc       bc     1         lto.tmp:(.text.progress)
    5ccc     5ccc       bc     1                 progress
    5d88     5d88       41     1         lto.tmp:(.text.shortcutprint)
    5d88     5d88       41     1                 shortcutprint
    5dc9     5dc9      356     1         lto.tmp:(.text.shortcuts)
    5dc9     5dc9      356     1                 shortcuts
    611f     611f       29     1         lto.tmp:(.text.cgetcalt)
    611f     611f       29     1                 cgetcalt
    6148     6148      17e     1         lto.tmp:(.text.UpdateSectors)
    6148     6148      17e     1                 UpdateSectors
    62c6     62c6        1     1         lto.tmp:(.text.escNOP)
    62c6     62c6        1     1                 escNOP
    62c7     62c7       14     1         lto.tmp:(.text.getscreenaddr)
    62c7     62c7       14     1                 getscreenaddr
    62db     62db        9     1         lto.tmp:(.text.cputc)
    62db     62db        9     1                 cputc
    62e4     62e4       a5     1         lto.tmp:(.text.cputcxy)
    62e4     62e4       a5     1                 cputcxy
    6389     6389       74     1         lto.tmp:(.text.cputhex)
    6389     6389       74     1                 cputhex
    63fd     63fd        7     1         lto.tmp:(.text.cputs)
    63fd     63fd        7     1                 cputs
    6404     6404       dd     1         lto.tmp:(.text.cputsxy)
    6404     6404       dd     1                 cputsxy
    64e1     64e1       aa     1         lto.tmp:(.text.fillrect)
    64e1     64e1       aa     1                 fillrect
    658b     658b        9     1         lto.tmp:(.text.cgetc)
    658b     658b        9     1                 cgetc
    6594     6594       27     1         lto.tmp:(.text.do_dma)
    6594     6594       27     1                 do_dma
    65bb     65bb       67     1         lto.tmp:(.text.lcopy)
    65bb     65bb       67     1                 lcopy
    6622     6622       50     1         lto.tmp:(.text.lfill)
    6622     6622       50     1                 lfill
    6672     6672       4e     1         lto.tmp:(.text.usleep)
    6672     6672       4e     1                 usleep
    66c0     66c0       38     1         lto.tmp:(.text.strcpy)
    66c0     66c0       38     1                 strcpy
    66f8     66f8       34     1         lto.tmp:(.text.strlen)
    66f8     66f8       34     1                 strlen
    672c     672c       13     1         lto.tmp:(.text.__ashlhi3)
    672c     672c       13     1                 __ashlhi3
    673f     673f       1b     1         lto.tmp:(.text.__mulqi3)
    673f     673f       1b     1                 __mulqi3
    675a     675a       32     1         lto.tmp:(.text.__mulhi3)
    675a     675a       32     1                 __mulhi3
    678c     678c       70     1         lto.tmp:(.text.__mulsi3)
    678c     678c       70     1                 __mulsi3
    67fc     67fc       82     1         lto.tmp:(.text.__udivmodqi4)
    67fc     67fc       82     1                 __udivmodqi4
    687e     687e       da     1         lto.tmp:(.text.__udivmodhi4)
    687e     687e       da     1                 __udivmodhi4
    6958     6958       2d     1         lto.tmp:(.text.memcpy)
    6958     6958       2d     1                 memcpy
    6985     6985       1f     1         lto.tmp:(.text.__memset)
    6985     6985       1f     1                 __memset
    69a4     69a4        0     1         __init_array_start = .
    69a4     69a4        0     1         __init_array_end = .
    69a4     69a4        0     1         __fini_array_start = .
    69a4     69a4        0     1         __fini_array_end = .
    69a4     69a4      533     1 .rodata
    69a4     69a4       14     1         lto.tmp:(.rodata.main)
    69b8     69b8      4a4     1         <internal>:(.rodata.str1.1)
    6e5c     6e5c        c     1         <internal>:(.rodata.cst4)
    6e68     6e68       50     1         lto.tmp:(.rodata..L__const.findnextBAMtracksector.strategy)
    6eb8     6eb8        5     1         lto.tmp:(.rodata..Lswitch.table.gettype)
    6ebd     6ebd        5     1         lto.tmp:(.rodata..Lswitch.table.gettype.21)
    6ec2     6ec2        5     1         lto.tmp:(.rodata..Lswitch.table.gettype.22)
    6ec7     6ec7       10     1         <internal>:(.rodata.cst16)
    6ed7     6ed7        0     1 .data
    6ed7     6ed7        0     1         __data_start = .
    6ed7     6ed7        0     1         __data_end = .
    6ed7     6ed7        0     1 __data_load_start = LOADADDR ( .data )
    6ed7     6ed7        0     1 __data_size = SIZEOF ( .data )
    6ed7     6ed7      7b3     1 .bss
    6ed7     6ed7        0     1         __bss_start = .
    6ed7     6ed7        1     1         lto.tmp:(.bss.fnamehi)
    6ed7     6ed7        1     1                 fnamehi
    6ed8     6ed8      492     1         lto.tmp:(.bss.filelist)
    6ed8     6ed8      492     1                 filelist
    736a     736a       22     1         lto.tmp:(.bss.diskname)
    736a     736a       22     1                 diskname
    738c     738c        1     1         lto.tmp:(.bss.g_curScreenH)
    738c     738c        1     1                 g_curScreenH
    738d     738d      2fd     1         lto.tmp:(.bss.escapeCode)
    738d     738d      2fd     1                 escapeCode
    768a     768a        0     1         __bss_end = .
    768a     768a        0     1 __bss_size = SIZEOF ( .bss )
    768a     768a       1f     1 .noinit
    768a     768a        1     1         F:\Entwicklungsprojekte\Mega65\llvm-mos\llvm-mos\bin/../mos-platform/commodore/lib\libcrt0.a(exit-return.c.obj):(.noinit)
    768b     768b       1e     1         lto.tmp:(.noinit..Lstatic_stack)
    76a9     76a9        0     1         __heap_start = .
    76a9     76a9        0     1 __stack = 0xd000
       0        0       79     1 .comment
       0        0       79     1         <internal>:(.comment)
       0        0      a50     4 .symtab
       0        0      a50     4         <internal>:(.symtab)
       0        0       68     1 .shstrtab
       0        0       68     1         <internal>:(.shstrtab)
       0        0      6cb     1 .strtab
       0        0      6cb     1         <internal>:(.strtab)
