     VMA      LMA     Size Align Out     In      Symbol
       0        0        0     1 __basic_zp_start = 0x0002
       0        0        0     1 __basic_zp_end = 0x0090
       0        0        0     1 __rc0 = __basic_zp_start
       0        0        0     1 __rc1 = __rc0 + 1
       0        0        0     1 PROVIDE ( __rc2 = __rc1 + 1 )
       0        0        0     1 __rc3 = __rc2 + 1
       0        0        0     1 PROVIDE ( __rc4 = __rc3 + 1 )
       0        0        0     1 __rc5 = __rc4 + 1
       0        0        0     1 PROVIDE ( __rc6 = __rc5 + 1 )
       0        0        0     1 __rc7 = __rc6 + 1
       0        0        0     1 PROVIDE ( __rc8 = __rc7 + 1 )
       0        0        0     1 __rc9 = __rc8 + 1
       0        0        0     1 PROVIDE ( __rc10 = __rc9 + 1 )
       0        0        0     1 __rc11 = __rc10 + 1
       0        0        0     1 PROVIDE ( __rc12 = __rc11 + 1 )
       0        0        0     1 __rc13 = __rc12 + 1
       0        0        0     1 PROVIDE ( __rc14 = __rc13 + 1 )
       0        0        0     1 __rc15 = __rc14 + 1
       0        0        0     1 PROVIDE ( __rc16 = __rc15 + 1 )
       0        0        0     1 __rc17 = __rc16 + 1
       0        0        0     1 PROVIDE ( __rc18 = __rc17 + 1 )
       0        0        0     1 __rc19 = __rc18 + 1
       0        0        0     1 PROVIDE ( __rc20 = __rc19 + 1 )
       0        0        0     1 __rc21 = __rc20 + 1
       0        0        0     1 PROVIDE ( __rc22 = __rc21 + 1 )
       0        0        0     1 __rc23 = __rc22 + 1
       0        0        0     1 PROVIDE ( __rc24 = __rc23 + 1 )
       0        0        0     1 __rc25 = __rc24 + 1
       0        0        0     1 PROVIDE ( __rc26 = __rc25 + 1 )
       0        0        0     1 __rc27 = __rc26 + 1
       0        0        0     1 PROVIDE ( __rc28 = __rc27 + 1 )
       0        0        0     1 __rc29 = __rc28 + 1
       0        0        0     1 PROVIDE ( __rc30 = __rc29 + 1 )
       0        0        0     1 __rc31 = __rc30 + 1
    2001     2001       16     1 .basic_header
    2001     2001       16     1         F:\Entwicklungsprojekte\Mega65\llvm-mos\llvm-mos\bin/../mos-platform/mega65/lib\basic-header.o:(.basic_header)
    2015     2015        0     1                 next_line
      22     2017        1     1 .zp.data
      22     2017        0     1         __zp_data_start = .
      22     2017        1     1         lto.tmp:(.zp.data.g_curTextColor)
      22     2017        1     1                 g_curTextColor
      23     2018        0     1 __zp_data_load_start = LOADADDR ( .zp.data )
      23     2018        0     1 __zp_data_size = SIZEOF ( .zp.data )
      23       23       4c     1 .zp.bss
      23       23        0     1         __zp_bss_start = .
      23       23        2     1         lto.tmp:(.zp.bss.BAMsector.0)
      23       23        2     1                 BAMsector.0
      25       25        2     1         lto.tmp:(.zp.bss.BAMsector.1)
      25       25        2     1                 BAMsector.1
      27       27        2     1         lto.tmp:(.zp.bss.worksector.0)
      27       27        2     1                 worksector.0
      29       29        2     1         lto.tmp:(.zp.bss.worksectorasBAM.0)
      29       29        2     1                 worksectorasBAM.0
      2b       2b        2     1         lto.tmp:(.zp.bss.direntryblock.0)
      2b       2b        2     1                 direntryblock.0
      2d       2d        2     1         lto.tmp:(.zp.bss.direntryblock.1)
      2d       2d        2     1                 direntryblock.1
      2f       2f       28     1         lto.tmp:(.zp.bss.s)
      2f       2f       28     1                 s
      57       57        1     1         lto.tmp:(.zp.bss.g_curScreenW)
      57       57        1     1                 g_curScreenW
      58       58        1     1         lto.tmp:(.zp.bss.g_curScreenH)
      58       58        1     1                 g_curScreenH
      59       59        1     1         lto.tmp:(.zp.bss.g_curX)
      59       59        1     1                 g_curX
      5a       5a        1     1         lto.tmp:(.zp.bss.g_curY)
      5a       5a        1     1                 g_curY
      5b       5b       14     1         lto.tmp:(.zp.bss.dmalist)
      5b       5b       14     1                 dmalist
      6f       6f        0     1 __zp_bss_size = SIZEOF ( .zp.bss )
      6f       6f       21     1 .zp
      6f       6f       21     1         lto.tmp:(.zp.noinit..Lzp_stack)
    2018     2018     41df     1 .text
    2018     2018        0     1         _init = .
    2018     2018        0     1         _start = .
    2018     2018        e     1         F:\Entwicklungsprojekte\Mega65\llvm-mos\llvm-mos\bin/../mos-platform/mega65/lib\unmap-basic.o:(.init.010)
    2026     2026        8     1         F:\Entwicklungsprojekte\Mega65\llvm-mos\llvm-mos\bin/../mos-platform/commodore/lib\libcrt0.a(init-stack.S.obj):(.init.100)
    2026     2026        0     1                 __do_init_stack
    202e     202e        3     1         F:\Entwicklungsprojekte\Mega65\llvm-mos\llvm-mos\bin/../mos-platform/commodore/lib\libcrt0.a(zero-bss.c.obj):(.init.200)
    202e     202e        0     1                 __do_zero_bss
    2031     2031        3     1         F:\Entwicklungsprojekte\Mega65\llvm-mos\llvm-mos\bin/../mos-platform/commodore/lib\libcrt0.a(zero-zp-bss.c.obj):(.init.200)
    2031     2031        0     1                 __do_zero_zp_bss
    2034     2034        3     1         F:\Entwicklungsprojekte\Mega65\llvm-mos\llvm-mos\bin/../mos-platform/commodore/lib\libcrt0.a(copy-zp-data.c.obj):(.init.200)
    2034     2034        0     1                 __do_copy_zp_data
    2037     2037        3     1         F:\Entwicklungsprojekte\Mega65\llvm-mos\llvm-mos\bin/../mos-platform/common/lib\crt0.o:(.call_main)
    203a     203a        3     1         F:\Entwicklungsprojekte\Mega65\llvm-mos\llvm-mos\bin/../mos-platform/commodore/lib\libcrt0.a(exit-return.c.obj):(.after_main)
    203a     203a        0     1                 __after_main
    203d     203d        0     1         _fini = .
    203d     203d        a     1         F:\Entwicklungsprojekte\Mega65\llvm-mos\llvm-mos\bin/../mos-platform/mega65/lib\unmap-basic.o:(.fini.990)
    2047     2047        1     1         F:\Entwicklungsprojekte\Mega65\llvm-mos\llvm-mos\bin/../mos-platform/common/lib\crt0.o:(.fini_rts)
    2048     2048       79     1         C:\Users\SUPERU~1\AppData\Local\Temp\memory_asm-858083.o:(.text)
    2048     2048        0     1                 fourbytes
    204c     204c        0     1                 lpstore
    2067     2067        0     1                 lprestore
    2082     2082        0     1                 lpoke
    20a3     20a3        0     1                 lpeek
    20c1     20c1        a     1         F:\Entwicklungsprojekte\Mega65\llvm-mos\llvm-mos\bin/../mos-platform/commodore/lib\libcrt0.a(exit-return.c.obj):(.text)
    20c1     20c1        a     1                 __exit_return
    20cb     20cb     146b     1         F:\Entwicklungsprojekte\Mega65\llvm-mos\llvm-mos\bin/../mos-platform/common/lib\libcrt.a(divmod-large.cc.obj):(.text)
    20cb     20cb      252     1                 __udivmodsi4
    231d     231d      5af     1                 __udivmoddi4
    28cc     28cc      399     1                 __divmodsi4
    2c65     2c65      8d1     1                 __divmoddi4
    3536     3536       13     1         F:\Entwicklungsprojekte\Mega65\llvm-mos\llvm-mos\bin/../mos-platform/commodore/lib\libcrt0.a(zero-bss.c.obj):(.text)
    3536     3536       13     1                 __zero_bss
    3549     3549       13     1         F:\Entwicklungsprojekte\Mega65\llvm-mos\llvm-mos\bin/../mos-platform/commodore/lib\libcrt0.a(zero-zp-bss.c.obj):(.text)
    3549     3549       13     1                 __zero_zp_bss
    355c     355c       17     1         F:\Entwicklungsprojekte\Mega65\llvm-mos\llvm-mos\bin/../mos-platform/commodore/lib\libcrt0.a(copy-zp-data.c.obj):(.text)
    355c     355c       17     1                 __copy_zp_data
    3573     3573     14dc     1         lto.tmp:(.text.main)
    3573     3573     14dc     1                 main
    3cf6     3cf6        0     1                 errgetcurdrv0
    3cfa     3cfa        0     1                 donegetcurdrv0
    3d15     3d15        0     1                 errhypopendir1
    3d19     3d19        0     1                 donehypopendir1
    3db1     3db1        0     1                 hypreaddirloop2
    3dc9     3dc9        0     1                 errhypreaddir2
    3dcb     3dcb        0     1                 donehypreaddir2
    45af     45af        0     1                 errhypclosedir3
    45b1     45b1        0     1                 donehypclosedir3
    467c     467c        0     1                 errhypsetnam4
    4680     4680        0     1                 donehypsetnam4
    4696     4696        0     1                 errhyp1att5
    469a     469a        0     1                 donehyp1att5
    46b4     46b4        0     1                 errhyp0att6
    46b8     46b8        0     1                 donehyp0att6
    4a4f     4a4f       47     1         lto.tmp:(.text.ReadSector)
    4a4f     4a4f       47     1                 ReadSector
    4a96     4a96      286     1         lto.tmp:(.text.ShowAccess)
    4a96     4a96      286     1                 ShowAccess
    4d1c     4d1c       93     1         lto.tmp:(.text.GetOneSector)
    4d1c     4d1c       93     1                 GetOneSector
    4daf     4daf       e6     1         lto.tmp:(.text.PutOneSector)
    4daf     4daf       e6     1                 PutOneSector
    4e95     4e95      250     1         lto.tmp:(.text.BAMSectorUpdate)
    4e95     4e95      250     1                 BAMSectorUpdate
    50e5     50e5      122     1         lto.tmp:(.text.readblockchain)
    50e5     50e5      122     1                 readblockchain
    5207     5207      1e9     1         lto.tmp:(.text.findnextBAMtracksector)
    5207     5207      1e9     1                 findnextBAMtracksector
    53f0     53f0      117     1         lto.tmp:(.text.getdirententry)
    53f0     53f0      117     1                 getdirententry
    5507     5507       97     1         lto.tmp:(.text.getdirent)
    5507     5507       97     1                 getdirent
    559e     559e      137     1         lto.tmp:(.text.cputln)
    559e     559e      137     1                 cputln
    56d5     56d5       b7     1         lto.tmp:(.text.csputdec)
    56d5     56d5       b7     1                 csputdec
    578c     578c       a5     1         lto.tmp:(.text.clrhome)
    578c     578c       a5     1                 clrhome
    5831     5831       52     1         lto.tmp:(.text.msprintf)
    5831     5831       52     1                 msprintf
    5883     5883       82     1         lto.tmp:(.text.mprintf)
    5883     5883       82     1                 mprintf
    5905     5905       54     1         lto.tmp:(.text.mcputsxy)
    5905     5905       54     1                 mcputsxy
    5959     5959      259     1         lto.tmp:(.text.mcbox)
    5959     5959      259     1                 mcbox
    5bb2     5bb2       96     1         lto.tmp:(.text.messagebox)
    5bb2     5bb2       96     1                 messagebox
    5c48     5c48        1     1         lto.tmp:(.text.escNOP)
    5c48     5c48        1     1                 escNOP
    5c49     5c49       ee     1         lto.tmp:(.text.cputcxy)
    5c49     5c49       ee     1                 cputcxy
    5d37     5d37       dd     1         lto.tmp:(.text.cputsxy)
    5d37     5d37       dd     1                 cputsxy
    5e14     5e14       8b     1         lto.tmp:(.text.lcopy)
    5e14     5e14       8b     1                 lcopy
    5e9f     5e9f       74     1         lto.tmp:(.text.lfill)
    5e9f     5e9f       74     1                 lfill
    5f13     5f13       38     1         lto.tmp:(.text.strcpy)
    5f13     5f13       38     1                 strcpy
    5f4b     5f4b       34     1         lto.tmp:(.text.strlen)
    5f4b     5f4b       34     1                 strlen
    5f7f     5f7f       13     1         lto.tmp:(.text.__ashlhi3)
    5f7f     5f7f       13     1                 __ashlhi3
    5f92     5f92       1b     1         lto.tmp:(.text.__mulqi3)
    5f92     5f92       1b     1                 __mulqi3
    5fad     5fad       32     1         lto.tmp:(.text.__mulhi3)
    5fad     5fad       32     1                 __mulhi3
    5fdf     5fdf       70     1         lto.tmp:(.text.__mulsi3)
    5fdf     5fdf       70     1                 __mulsi3
    604f     604f       82     1         lto.tmp:(.text.__udivmodqi4)
    604f     604f       82     1                 __udivmodqi4
    60d1     60d1       da     1         lto.tmp:(.text.__udivmodhi4)
    60d1     60d1       da     1                 __udivmodhi4
    61ab     61ab       2d     1         lto.tmp:(.text.memcpy)
    61ab     61ab       2d     1                 memcpy
    61d8     61d8       1f     1         lto.tmp:(.text.__memset)
    61d8     61d8       1f     1                 __memset
    61f7     61f7        0     1         __init_array_start = .
    61f7     61f7        0     1         __init_array_end = .
    61f7     61f7        0     1         __fini_array_start = .
    61f7     61f7        0     1         __fini_array_end = .
    61f7     61f7      236     1 .rodata
    61f7     61f7       44     1         lto.tmp:(.rodata.main)
    623b     623b      1da     1         <internal>:(.rodata.str1.1)
    6415     6415        5     1         lto.tmp:(.rodata..Lswitch.table.gettype)
    641a     641a        5     1         lto.tmp:(.rodata..Lswitch.table.gettype.16)
    641f     641f        5     1         lto.tmp:(.rodata..Lswitch.table.gettype.17)
    6424     6424        5     1         lto.tmp:(.rodata..Lswitch.table.asciitoscreencode_s)
    6429     6429        4     1         <internal>:(.rodata.cst4)
    642d     642d        0     1 .data
    642d     642d        0     1         __data_start = .
    642d     642d        0     1         __data_end = .
    642d     642d        0     1 __data_load_start = LOADADDR ( .data )
    642d     642d        0     1 __data_size = SIZEOF ( .data )
    642d     642d      790     1 .bss
    642d     642d        0     1         __bss_start = .
    642d     642d        1     1         lto.tmp:(.bss.fnamehi)
    642d     642d        1     1                 fnamehi
    642e     642e      492     1         lto.tmp:(.bss.filelist)
    642e     642e      492     1                 filelist
    68c0     68c0      2fd     1         lto.tmp:(.bss.escapeCode)
    68c0     68c0      2fd     1                 escapeCode
    6bbd     6bbd        0     1         __bss_end = .
    6bbd     6bbd        0     1 __bss_size = SIZEOF ( .bss )
    6bbd     6bbd        1     1 .noinit
    6bbd     6bbd        1     1         F:\Entwicklungsprojekte\Mega65\llvm-mos\llvm-mos\bin/../mos-platform/commodore/lib\libcrt0.a(exit-return.c.obj):(.noinit)
    6bbe     6bbe        0     1         __heap_start = .
    6bbe     6bbe        0     1 __stack = 0xd000
       0        0       79     1 .comment
       0        0       79     1         <internal>:(.comment)
       0        0      930     4 .symtab
       0        0      930     4         <internal>:(.symtab)
       0        0       68     1 .shstrtab
       0        0       68     1         <internal>:(.shstrtab)
       0        0      62e     1 .strtab
       0        0      62e     1         <internal>:(.strtab)
