     VMA      LMA     Size Align Out     In      Symbol
       0        0        0     1 __basic_zp_start = 0x0002
       0        0        0     1 __basic_zp_end = 0x0090
       0        0        0     1 __rc0 = __basic_zp_start
       0        0        0     1 __rc1 = __rc0 + 1
       0        0        0     1 PROVIDE ( __rc2 = __rc1 + 1 )
       0        0        0     1 __rc3 = __rc2 + 1
       0        0        0     1 PROVIDE ( __rc4 = __rc3 + 1 )
       0        0        0     1 __rc5 = __rc4 + 1
       0        0        0     1 PROVIDE ( __rc6 = __rc5 + 1 )
       0        0        0     1 __rc7 = __rc6 + 1
       0        0        0     1 PROVIDE ( __rc8 = __rc7 + 1 )
       0        0        0     1 __rc9 = __rc8 + 1
       0        0        0     1 PROVIDE ( __rc10 = __rc9 + 1 )
       0        0        0     1 __rc11 = __rc10 + 1
       0        0        0     1 PROVIDE ( __rc12 = __rc11 + 1 )
       0        0        0     1 __rc13 = __rc12 + 1
       0        0        0     1 PROVIDE ( __rc14 = __rc13 + 1 )
       0        0        0     1 __rc15 = __rc14 + 1
       0        0        0     1 PROVIDE ( __rc16 = __rc15 + 1 )
       0        0        0     1 __rc17 = __rc16 + 1
       0        0        0     1 PROVIDE ( __rc18 = __rc17 + 1 )
       0        0        0     1 __rc19 = __rc18 + 1
       0        0        0     1 PROVIDE ( __rc20 = __rc19 + 1 )
       0        0        0     1 __rc21 = __rc20 + 1
       0        0        0     1 PROVIDE ( __rc22 = __rc21 + 1 )
       0        0        0     1 __rc23 = __rc22 + 1
       0        0        0     1 PROVIDE ( __rc24 = __rc23 + 1 )
       0        0        0     1 __rc25 = __rc24 + 1
       0        0        0     1 PROVIDE ( __rc26 = __rc25 + 1 )
       0        0        0     1 __rc27 = __rc26 + 1
       0        0        0     1 PROVIDE ( __rc28 = __rc27 + 1 )
       0        0        0     1 __rc29 = __rc28 + 1
       0        0        0     1 PROVIDE ( __rc30 = __rc29 + 1 )
       0        0        0     1 __rc31 = __rc30 + 1
    2001     2001       16     1 .basic_header
    2001     2001       16     1         F:\Entwicklungsprojekte\Mega65\llvm-mos\llvm-mos\bin/../mos-platform/mega65/lib\basic-header.o:(.basic_header)
    2015     2015        0     1                 next_line
      22     2017        6     1 .zp.data
      22     2017        0     1         __zp_data_start = .
      22     2017        6     1         emumidnightmega.prg.lto.o:(.zp.data)
      27     201c        1     1                 g_curTextColor
      28     201d        0     1 __zp_data_load_start = LOADADDR ( .zp.data )
      28     201d        0     1 __zp_data_size = SIZEOF ( .zp.data )
      28       28       41     1 .zp.bss
      28       28        0     1         __zp_bss_start = .
      28       28       41     1         emumidnightmega.prg.lto.o:(.zp.bss)
      28       28       28     1                 s
      50       50        1     1                 option.0
      51       51        1     1                 g_curScreenW
      52       52        1     1                 g_curScreenH
      53       53        1     1                 g_curX
      54       54        1     1                 g_curY
      55       55       14     1                 dmalist
      69       69        0     1 __zp_bss_size = SIZEOF ( .zp.bss )
      69       69       27     1 .zp
      69       69       27     1         emumidnightmega.prg.lto.o:(.zp.noinit)
    201d     201d     4949     1 .text
    201d     201d        0     1         _init = .
    201d     201d        0     1         _start = .
    201d     201d        e     1         F:\Entwicklungsprojekte\Mega65\llvm-mos\llvm-mos\bin/../mos-platform/mega65/lib\unmap-basic.o:(.init.010)
    202b     202b        8     1         F:\Entwicklungsprojekte\Mega65\llvm-mos\llvm-mos\bin/../mos-platform/mega65/lib\libcrt0.a(init-stack.S.obj):(.init.100)
    202b     202b        0     1                 __do_init_stack
    2033     2033        3     1         F:\Entwicklungsprojekte\Mega65\llvm-mos\llvm-mos\bin/../mos-platform/mega65/lib\libcrt0.a(zero-bss.c.obj):(.init.200)
    2033     2033        0     1                 __do_zero_bss
    2036     2036        3     1         F:\Entwicklungsprojekte\Mega65\llvm-mos\llvm-mos\bin/../mos-platform/mega65/lib\libcrt0.a(zero-zp-bss.c.obj):(.init.200)
    2036     2036        0     1                 __do_zero_zp_bss
    2039     2039        3     1         F:\Entwicklungsprojekte\Mega65\llvm-mos\llvm-mos\bin/../mos-platform/mega65/lib\libcrt0.a(copy-zp-data.c.obj):(.init.200)
    2039     2039        0     1                 __do_copy_zp_data
    203c     203c        5     1         emumidnightmega.prg.lto.o:(.init.250)
    203c     203c        0     1                 shift
    2041     2041        3     1         F:\Entwicklungsprojekte\Mega65\llvm-mos\llvm-mos\bin/../mos-platform/common/lib\crt0.o:(.call_main)
    2044     2044        3     1         F:\Entwicklungsprojekte\Mega65\llvm-mos\llvm-mos\bin/../mos-platform/mega65/lib\libcrt0.a(exit-return.c.obj):(.after_main)
    2044     2044        0     1                 __after_main
    2047     2047        0     1         _fini = .
    2047     2047        a     1         F:\Entwicklungsprojekte\Mega65\llvm-mos\llvm-mos\bin/../mos-platform/mega65/lib\unmap-basic.o:(.fini.990)
    2051     2051        1     1         F:\Entwicklungsprojekte\Mega65\llvm-mos\llvm-mos\bin/../mos-platform/common/lib\crt0.o:(.fini_rts)
    2052     2052       79     1         C:\Users\SUPERU~1\AppData\Local\Temp\memory_asm-20a9ef.o:(.text)
    2052     2052        0     1                 fourbytes
    2056     2056        0     1                 lpstore
    2071     2071        0     1                 lprestore
    208c     208c        0     1                 lpoke
    20ad     20ad        0     1                 lpeek
    20cb     20cb        a     1         F:\Entwicklungsprojekte\Mega65\llvm-mos\llvm-mos\bin/../mos-platform/mega65/lib\libcrt0.a(exit-return.c.obj):(.text.__exit_return)
    20cb     20cb        a     1                 __exit_return
    20d5     20d5       13     1         F:\Entwicklungsprojekte\Mega65\llvm-mos\llvm-mos\bin/../mos-platform/mega65/lib\libcrt0.a(zero-bss.c.obj):(.text.__zero_bss)
    20d5     20d5       13     1                 __zero_bss
    20e8     20e8       13     1         F:\Entwicklungsprojekte\Mega65\llvm-mos\llvm-mos\bin/../mos-platform/mega65/lib\libcrt0.a(zero-zp-bss.c.obj):(.text.__zero_zp_bss)
    20e8     20e8       13     1                 __zero_zp_bss
    20fb     20fb       17     1         F:\Entwicklungsprojekte\Mega65\llvm-mos\llvm-mos\bin/../mos-platform/mega65/lib\libcrt0.a(copy-zp-data.c.obj):(.text.__copy_zp_data)
    20fb     20fb       17     1                 __copy_zp_data
    2112     2112     21be     1         emumidnightmega.prg.lto.o:(.text.main)
    2112     2112     21be     1                 main
    3c6f     3c6f        0     1                 errhyp1att0
    3c73     3c73        0     1                 donehyp1att0
    3e6e     3e6e        0     1                 errhypchdir1
    3e72     3e72        0     1                 donehypchdir1
    3ec7     3ec7        0     1                 errhypchdir2
    3ecb     3ecb        0     1                 donehypchdir2
    40bc     40bc        0     1                 errhyp0att3
    40c0     40c0        0     1                 donehyp0att3
    42b0     42b0        0     1                 errhypd81detach4
    42b4     42b4        0     1                 donehypd81detach4
    42d0     42d0       32     1         emumidnightmega.prg.lto.o:(.text.hyppo_setname)
    42d0     42d0       32     1                 hyppo_setname
    42fc     42fc        0     1                 errhypsetnam5
    4300     4300        0     1                 donehypsetnam5
    4302     4302       63     1         emumidnightmega.prg.lto.o:(.text.getsfn)
    4302     4302       63     1                 getsfn
    4365     4365       83     1         emumidnightmega.prg.lto.o:(.text.ReadSector)
    4365     4365       83     1                 ReadSector
    43e8     43e8      170     1         emumidnightmega.prg.lto.o:(.text.ShowAccess)
    43e8     43e8      170     1                 ShowAccess
    4558     4558       7e     1         emumidnightmega.prg.lto.o:(.text.GetOneSector)
    4558     4558       7e     1                 GetOneSector
    45d6     45d6       fb     1         emumidnightmega.prg.lto.o:(.text.PutOneSector)
    45d6     45d6       fb     1                 PutOneSector
    46d1     46d1       39     1         emumidnightmega.prg.lto.o:(.text.GetBAM)
    46d1     46d1       39     1                 GetBAM
    470a     470a       60     1         emumidnightmega.prg.lto.o:(.text.PutBAM)
    470a     470a       60     1                 PutBAM
    476a     476a       fb     1         emumidnightmega.prg.lto.o:(.text.readblockchain)
    476a     476a       fb     1                 readblockchain
    4865     4865      302     1         emumidnightmega.prg.lto.o:(.text.BAMSectorUpdate)
    4865     4865      302     1                 BAMSectorUpdate
    4b67     4b67      1a0     1         emumidnightmega.prg.lto.o:(.text.isallocatedBAMtracksector)
    4b67     4b67      1a0     1                 isallocatedBAMtracksector
    4d07     4d07      119     1         emumidnightmega.prg.lto.o:(.text.findnextBAMtracksector)
    4d07     4d07      119     1                 findnextBAMtracksector
    4e20     4e20       77     1         emumidnightmega.prg.lto.o:(.text.tracksectorstring)
    4e20     4e20       77     1                 tracksectorstring
    4e97     4e97       e3     1         emumidnightmega.prg.lto.o:(.text.getdirententry)
    4e97     4e97       e3     1                 getdirententry
    4f7a     4f7a       14     1         emumidnightmega.prg.lto.o:(.text.strcopy)
    4f7a     4f7a       14     1                 strcopy
    4f8e     4f8e       c6     1         emumidnightmega.prg.lto.o:(.text.csputdec)
    4f8e     4f8e       c6     1                 csputdec
    5054     5054       51     1         emumidnightmega.prg.lto.o:(.text.asciitoscreencode_s)
    5054     5054       51     1                 asciitoscreencode_s
    50a5     50a5       5e     1         emumidnightmega.prg.lto.o:(.text.clrhome)
    50a5     50a5       5e     1                 clrhome
    5103     5103        e     1         emumidnightmega.prg.lto.o:(.text.msprintf)
    5103     5103        e     1                 msprintf
    5111     5111       16     1         emumidnightmega.prg.lto.o:(.text.mcputsxy)
    5111     5111       16     1                 mcputsxy
    5127     5127      18b     1         emumidnightmega.prg.lto.o:(.text.mcbox)
    5127     5127      18b     1                 mcbox
    52b2     52b2       f5     1         emumidnightmega.prg.lto.o:(.text.messagebox)
    52b2     52b2       f5     1                 messagebox
    53a7     53a7       db     1         emumidnightmega.prg.lto.o:(.text.progress)
    53a7     53a7       db     1                 progress
    5482     5482       41     1         emumidnightmega.prg.lto.o:(.text.shortcutprint)
    5482     5482       41     1                 shortcutprint
    54c3     54c3      38a     1         emumidnightmega.prg.lto.o:(.text.shortcuts)
    54c3     54c3      38a     1                 shortcuts
    584d     584d       9a     1         emumidnightmega.prg.lto.o:(.text.optionstring)
    584d     584d       9a     1                 optionstring
    58e7     58e7      5db     1         emumidnightmega.prg.lto.o:(.text.UpdateSectors)
    58e7     58e7      5db     1                 UpdateSectors
    59cc     59cc        0     1                 errgetproc6
    59d0     59d0        0     1                 donegetproc6
    5c97     5c97        0     1                 errgetcurdrv7
    5c9b     5c9b        0     1                 donegetcurdrv7
    5cb4     5cb4        0     1                 errhypopendir8
    5cb8     5cb8        0     1                 donehypopendir8
    5d50     5d50        0     1                 hypreaddirloop9
    5d68     5d68        0     1                 errhypreaddir9
    5d6a     5d6a        0     1                 donehypreaddir9
    5eb6     5eb6        0     1                 errhypclosedir10
    5eb8     5eb8        0     1                 donehypclosedir10
    5ec2     5ec2       46     1         emumidnightmega.prg.lto.o:(.text.Deselect)
    5ec2     5ec2       46     1                 Deselect
    5f08     5f08      17c     1         emumidnightmega.prg.lto.o:(.text.sizeselectcurrentifnone)
    5f08     5f08      17c     1                 sizeselectcurrentifnone
    6084     6084       46     1         emumidnightmega.prg.lto.o:(.text.sidbong)
    6084     6084       46     1                 sidbong
    60ca     60ca        1     1         emumidnightmega.prg.lto.o:(.text.escNOP)
    60ca     60ca        1     1                 escNOP
    60cb     60cb        9     1         emumidnightmega.prg.lto.o:(.text.cputc)
    60cb     60cb        9     1                 cputc
    60d4     60d4       a1     1         emumidnightmega.prg.lto.o:(.text.cputcxy)
    60d4     60d4       a1     1                 cputcxy
    6175     6175        7     1         emumidnightmega.prg.lto.o:(.text.cputs)
    6175     6175        7     1                 cputs
    617c     617c       db     1         emumidnightmega.prg.lto.o:(.text.cputsxy)
    617c     617c       db     1                 cputsxy
    6257     6257       aa     1         emumidnightmega.prg.lto.o:(.text.fillrect)
    6257     6257       aa     1                 fillrect
    6301     6301        9     1         emumidnightmega.prg.lto.o:(.text.cgetc)
    6301     6301        9     1                 cgetc
    630a     630a       27     1         emumidnightmega.prg.lto.o:(.text.do_dma)
    630a     630a       27     1                 do_dma
    6331     6331       67     1         emumidnightmega.prg.lto.o:(.text.lcopy)
    6331     6331       67     1                 lcopy
    6398     6398       50     1         emumidnightmega.prg.lto.o:(.text.lfill)
    6398     6398       50     1                 lfill
    63e8     63e8       5c     1         emumidnightmega.prg.lto.o:(.text.usleep)
    63e8     63e8       5c     1                 usleep
    6444     6444       3e     1         emumidnightmega.prg.lto.o:(.text.strcpy)
    6444     6444       3e     1                 strcpy
    6482     6482       3c     1         emumidnightmega.prg.lto.o:(.text.strlen)
    6482     6482       3c     1                 strlen
    64be     64be        b     1         emumidnightmega.prg.lto.o:(.text.__ashlqi3)
    64be     64be        b     1                 __ashlqi3
    64c9     64c9       13     1         emumidnightmega.prg.lto.o:(.text.__ashlhi3)
    64c9     64c9       13     1                 __ashlhi3
    64dc     64dc       32     1         emumidnightmega.prg.lto.o:(.text.__mulhi3)
    64dc     64dc       32     1                 __mulhi3
    650e     650e       c1     1         emumidnightmega.prg.lto.o:(.text.__udivhi3)
    650e     650e       c1     1                 __udivhi3
    65cf     65cf       45     1         emumidnightmega.prg.lto.o:(.text.__umodqi3)
    65cf     65cf       45     1                 __umodqi3
    6614     6614       70     1         emumidnightmega.prg.lto.o:(.text.__udivmodqi4)
    6614     6614       70     1                 __udivmodqi4
    6684     6684       dc     1         emumidnightmega.prg.lto.o:(.text.__udivmodhi4)
    6684     6684       dc     1                 __udivmodhi4
    6760     6760       2c     1         emumidnightmega.prg.lto.o:(.text.memcpy)
    6760     6760       2c     1                 memcpy
    678c     678c       20     1         emumidnightmega.prg.lto.o:(.text.__memset)
    678c     678c       20     1                 __memset
    67ac     67ac      1ba     1         emumidnightmega.prg.lto.o:(.text.__udivmodsi4)
    67ac     67ac      1ba     1                 __udivmodsi4
    6966     6966        0     1         __init_array_start = .
    6966     6966        0     1         __init_array_end = .
    6966     6966        0     1         __fini_array_start = .
    6966     6966        0     1         __fini_array_end = .
    6966     6966      a59     1 .rodata
    6966     6966       70     1         emumidnightmega.prg.lto.o:(.rodata.main)
    69d6     69d6      98d     1         <internal>:(.rodata.str1.1)
    7363     7363        c     1         <internal>:(.rodata.cst4)
    736f     736f       50     1         emumidnightmega.prg.lto.o:(.rodata..L__const.findnextBAMtracksector.strategy)
    73bf     73bf        0     1 .data
    73bf     73bf        0     1         __data_start = .
    73bf     73bf        0     1         __data_end = .
    73bf     73bf        0     1 __data_load_start = LOADADDR ( .data )
    73bf     73bf        0     1 __data_size = SIZEOF ( .data )
    73bf     73bf      400     1 .bss
    73bf     73bf        0     1         __bss_start = .
    73bf     73bf        1     1         emumidnightmega.prg.lto.o:(.bss.fnamehi)
    73bf     73bf        1     1                 fnamehi
    73c0     73c0       e0     1         emumidnightmega.prg.lto.o:(.bss.direntflags)
    73c0     73c0       e0     1                 direntflags
    74a0     74a0       22     1         emumidnightmega.prg.lto.o:(.bss.diskname)
    74a0     74a0       22     1                 diskname
    74c2     74c2      2fd     1         emumidnightmega.prg.lto.o:(.bss.escapeCode)
    74c2     74c2      2fd     1                 escapeCode
    77bf     77bf        0     1         __bss_end = .
    77bf     77bf        0     1 __bss_size = SIZEOF ( .bss )
    77bf     77bf       10     1 .noinit
    77bf     77bf        1     1         F:\Entwicklungsprojekte\Mega65\llvm-mos\llvm-mos\bin/../mos-platform/mega65/lib\libcrt0.a(exit-return.c.obj):(.noinit..Lstatic_stack)
    77c0     77c0        f     1         emumidnightmega.prg.lto.o:(.noinit..Lstatic_stack)
    77cf     77cf        0     1         __heap_start = ALIGN ( . , 2 )
    77cf     77cf        0     1 __stack = 0xd000
       0        0       7c     1 .comment
       0        0       7c     1         <internal>:(.comment)
       0        0     1000     4 .symtab
       0        0     1000     4         <internal>:(.symtab)
       0        0       68     1 .shstrtab
       0        0       68     1         <internal>:(.shstrtab)
       0        0      9ae     1 .strtab
       0        0      9ae     1         <internal>:(.strtab)
