     VMA      LMA     Size Align Out     In      Symbol
       0        0        0     1 __basic_zp_start = 0x0002
       0        0        0     1 __basic_zp_end = 0x0090
       0        0        0     1 __rc0 = __basic_zp_start
       0        0        0     1 __rc1 = __rc0 + 1
       0        0        0     1 PROVIDE ( __rc2 = __rc1 + 1 )
       0        0        0     1 __rc3 = __rc2 + 1
       0        0        0     1 PROVIDE ( __rc4 = __rc3 + 1 )
       0        0        0     1 __rc5 = __rc4 + 1
       0        0        0     1 PROVIDE ( __rc6 = __rc5 + 1 )
       0        0        0     1 __rc7 = __rc6 + 1
       0        0        0     1 PROVIDE ( __rc8 = __rc7 + 1 )
       0        0        0     1 __rc9 = __rc8 + 1
       0        0        0     1 PROVIDE ( __rc10 = __rc9 + 1 )
       0        0        0     1 __rc11 = __rc10 + 1
       0        0        0     1 PROVIDE ( __rc12 = __rc11 + 1 )
       0        0        0     1 __rc13 = __rc12 + 1
       0        0        0     1 PROVIDE ( __rc14 = __rc13 + 1 )
       0        0        0     1 __rc15 = __rc14 + 1
       0        0        0     1 PROVIDE ( __rc16 = __rc15 + 1 )
       0        0        0     1 __rc17 = __rc16 + 1
       0        0        0     1 PROVIDE ( __rc18 = __rc17 + 1 )
       0        0        0     1 __rc19 = __rc18 + 1
       0        0        0     1 PROVIDE ( __rc20 = __rc19 + 1 )
       0        0        0     1 __rc21 = __rc20 + 1
       0        0        0     1 PROVIDE ( __rc22 = __rc21 + 1 )
       0        0        0     1 __rc23 = __rc22 + 1
       0        0        0     1 PROVIDE ( __rc24 = __rc23 + 1 )
       0        0        0     1 __rc25 = __rc24 + 1
       0        0        0     1 PROVIDE ( __rc26 = __rc25 + 1 )
       0        0        0     1 __rc27 = __rc26 + 1
       0        0        0     1 PROVIDE ( __rc28 = __rc27 + 1 )
       0        0        0     1 __rc29 = __rc28 + 1
       0        0        0     1 PROVIDE ( __rc30 = __rc29 + 1 )
       0        0        0     1 __rc31 = __rc30 + 1
    2001     2001       16     1 .basic_header
    2001     2001       16     1         F:\Entwicklungsprojekte\Mega65\llvm-mos\llvm-mos\bin/../mos-platform/mega65/lib\basic-header.o:(.basic_header)
    2015     2015        0     1                 next_line
      22     2017        6     1 .zp.data
      22     2017        0     1         __zp_data_start = .
      22     2017        5     1         lto.tmp:(.zp.rodata..Lswitch.table.asciitoscreencode_s)
      27     201c        1     1         lto.tmp:(.zp.data.g_curTextColor)
      27     201c        1     1                 g_curTextColor
      28     201d        0     1 __zp_data_load_start = LOADADDR ( .zp.data )
      28     201d        0     1 __zp_data_size = SIZEOF ( .zp.data )
      28       28       45     1 .zp.bss
      28       28        0     1         __zp_bss_start = .
      28       28        1     1         lto.tmp:(.zp.bss.fnamehi)
      28       28        1     1                 fnamehi
      29       29        4     1         lto.tmp:(.zp.bss.ptrMiniOffs)
      29       29        4     1                 ptrMiniOffs
      2d       2d       28     1         lto.tmp:(.zp.bss.s)
      2d       2d       28     1                 s
      55       55        1     1         lto.tmp:(.zp.bss.g_curScreenW)
      55       55        1     1                 g_curScreenW
      56       56        1     1         lto.tmp:(.zp.bss.g_curScreenH)
      56       56        1     1                 g_curScreenH
      57       57        1     1         lto.tmp:(.zp.bss.g_curX)
      57       57        1     1                 g_curX
      58       58        1     1         lto.tmp:(.zp.bss.g_curY)
      58       58        1     1                 g_curY
      59       59       14     1         lto.tmp:(.zp.bss.dmalist)
      59       59       14     1                 dmalist
      6d       6d        0     1 __zp_bss_size = SIZEOF ( .zp.bss )
      6d       6d       23     1 .zp
      6d       6d       23     1         lto.tmp:(.zp.noinit..Lzp_stack)
    201d     201d     3336     1 .text
    201d     201d        0     1         _init = .
    201d     201d        0     1         _start = .
    201d     201d        e     1         F:\Entwicklungsprojekte\Mega65\llvm-mos\llvm-mos\bin/../mos-platform/mega65/lib\unmap-basic.o:(.init.010)
    202b     202b        8     1         F:\Entwicklungsprojekte\Mega65\llvm-mos\llvm-mos\bin/../mos-platform/commodore/lib\libcrt0.a(init-stack.S.obj):(.init.100)
    202b     202b        0     1                 __do_init_stack
    2033     2033        3     1         F:\Entwicklungsprojekte\Mega65\llvm-mos\llvm-mos\bin/../mos-platform/commodore/lib\libcrt0.a(zero-bss.c.obj):(.init.200)
    2033     2033        0     1                 __do_zero_bss
    2036     2036        3     1         F:\Entwicklungsprojekte\Mega65\llvm-mos\llvm-mos\bin/../mos-platform/commodore/lib\libcrt0.a(zero-zp-bss.c.obj):(.init.200)
    2036     2036        0     1                 __do_zero_zp_bss
    2039     2039        3     1         F:\Entwicklungsprojekte\Mega65\llvm-mos\llvm-mos\bin/../mos-platform/commodore/lib\libcrt0.a(copy-zp-data.c.obj):(.init.200)
    2039     2039        0     1                 __do_copy_zp_data
    203c     203c        3     1         F:\Entwicklungsprojekte\Mega65\llvm-mos\llvm-mos\bin/../mos-platform/common/lib\crt0.o:(.call_main)
    203f     203f        3     1         F:\Entwicklungsprojekte\Mega65\llvm-mos\llvm-mos\bin/../mos-platform/commodore/lib\libcrt0.a(exit-return.c.obj):(.after_main)
    203f     203f        0     1                 __after_main
    2042     2042        0     1         _fini = .
    2042     2042        a     1         F:\Entwicklungsprojekte\Mega65\llvm-mos\llvm-mos\bin/../mos-platform/mega65/lib\unmap-basic.o:(.fini.990)
    204c     204c        1     1         F:\Entwicklungsprojekte\Mega65\llvm-mos\llvm-mos\bin/../mos-platform/common/lib\crt0.o:(.fini_rts)
    204d     204d       79     1         C:\Users\SUPERU~1\AppData\Local\Temp\memory_asm-28374b.o:(.text)
    204d     204d        0     1                 fourbytes
    2051     2051        0     1                 lpstore
    206c     206c        0     1                 lprestore
    2087     2087        0     1                 lpoke
    20a8     20a8        0     1                 lpeek
    20c6     20c6        a     1         F:\Entwicklungsprojekte\Mega65\llvm-mos\llvm-mos\bin/../mos-platform/commodore/lib\libcrt0.a(exit-return.c.obj):(.text)
    20c6     20c6        a     1                 __exit_return
    20d0     20d0     146b     1         F:\Entwicklungsprojekte\Mega65\llvm-mos\llvm-mos\bin/../mos-platform/common/lib\libcrt.a(divmod-large.cc.obj):(.text)
    20d0     20d0      252     1                 __udivmodsi4
    2322     2322      5af     1                 __udivmoddi4
    28d1     28d1      399     1                 __divmodsi4
    2c6a     2c6a      8d1     1                 __divmoddi4
    353b     353b       13     1         F:\Entwicklungsprojekte\Mega65\llvm-mos\llvm-mos\bin/../mos-platform/commodore/lib\libcrt0.a(zero-bss.c.obj):(.text)
    353b     353b       13     1                 __zero_bss
    354e     354e       13     1         F:\Entwicklungsprojekte\Mega65\llvm-mos\llvm-mos\bin/../mos-platform/commodore/lib\libcrt0.a(zero-zp-bss.c.obj):(.text)
    354e     354e       13     1                 __zero_zp_bss
    3561     3561       17     1         F:\Entwicklungsprojekte\Mega65\llvm-mos\llvm-mos\bin/../mos-platform/commodore/lib\libcrt0.a(copy-zp-data.c.obj):(.text)
    3561     3561       17     1                 __copy_zp_data
    3578     3578      e82     1         lto.tmp:(.text.main)
    3578     3578      e82     1                 main
    39c4     39c4        0     1                 errgetcurdrv0
    39c8     39c8        0     1                 donegetcurdrv0
    39e3     39e3        0     1                 errhypopendir1
    39e7     39e7        0     1                 donehypopendir1
    3a83     3a83        0     1                 hypreaddirloop2
    3a9b     3a9b        0     1                 errhypreaddir2
    3a9d     3a9d        0     1                 donehypreaddir2
    3d4f     3d4f        0     1                 errhypclosedir3
    3d51     3d51        0     1                 donehypclosedir3
    3e95     3e95        0     1                 errhypsetnam4
    3e99     3e99        0     1                 donehypsetnam4
    3eab     3eab        0     1                 errhyp1att5
    3eaf     3eaf        0     1                 donehyp1att5
    4178     4178        0     1                 wait026
    418d     418d        0     1                 succeed026
    41a4     41a4        0     1                 upper026
    41ab     41ab        0     1                 endsub026
    41b3     41b3        0     1                 err026
    41b5     41b5        0     1                 end026
    4294     4294        0     1                 wait037
    42a9     42a9        0     1                 succeed037
    42af     42af        0     1                 endsub037
    42b6     42b6        0     1                 err037
    42b8     42b8        0     1                 end037
    43fa     43fa       de     1         lto.tmp:(.text.GetWholeSector)
    43fa     43fa       de     1                 GetWholeSector
    4421     4421        0     1                 wait028
    4436     4436        0     1                 succeed028
    444d     444d        0     1                 upper028
    4454     4454        0     1                 endsub028
    445c     445c        0     1                 err028
    445e     445e        0     1                 end028
    44d8     44d8      17b     1         lto.tmp:(.text.getdirententry)
    44d8     44d8      17b     1                 getdirententry
    4653     4653      1bd     1         lto.tmp:(.text.getdirent)
    4653     4653      1bd     1                 getdirent
    4810     4810      137     1         lto.tmp:(.text.cputln)
    4810     4810      137     1                 cputln
    4947     4947       51     1         lto.tmp:(.text.msprintf)
    4947     4947       51     1                 msprintf
    4998     4998      100     1         lto.tmp:(.text.mprintf)
    4998     4998      100     1                 mprintf
    4a98     4a98      25a     1         lto.tmp:(.text.mcbox)
    4a98     4a98      25a     1                 mcbox
    4cf2     4cf2       92     1         lto.tmp:(.text.messagebox)
    4cf2     4cf2       92     1                 messagebox
    4d84     4d84        1     1         lto.tmp:(.text.escNOP)
    4d84     4d84        1     1                 escNOP
    4d85     4d85       a1     1         lto.tmp:(.text.clrscr)
    4d85     4d85       a1     1                 clrscr
    4e26     4e26       ee     1         lto.tmp:(.text.cputcxy)
    4e26     4e26       ee     1                 cputcxy
    4f14     4f14       df     1         lto.tmp:(.text.cputsxy)
    4f14     4f14       df     1                 cputsxy
    4ff3     4ff3       d2     1         lto.tmp:(.text.lcopy)
    4ff3     4ff3       d2     1                 lcopy
    50c5     50c5       88     1         lto.tmp:(.text.lfill)
    50c5     50c5       88     1                 lfill
    514d     514d       2f     1         lto.tmp:(.text.memcmp)
    514d     514d       2f     1                 memcmp
    517c     517c       2d     1         lto.tmp:(.text.memcpy)
    517c     517c       2d     1                 memcpy
    51a9     51a9       1f     1         lto.tmp:(.text.__memset)
    51a9     51a9       1f     1                 __memset
    51c8     51c8       38     1         lto.tmp:(.text.strcpy)
    51c8     51c8       38     1                 strcpy
    5200     5200       34     1         lto.tmp:(.text.strlen)
    5200     5200       34     1                 strlen
    5234     5234       13     1         lto.tmp:(.text.__ashlhi3)
    5234     5234       13     1                 __ashlhi3
    5247     5247       32     1         lto.tmp:(.text.__mulhi3)
    5247     5247       32     1                 __mulhi3
    5279     5279       da     1         lto.tmp:(.text.__udivmodhi4)
    5279     5279       da     1                 __udivmodhi4
    5353     5353        0     1         __init_array_start = .
    5353     5353        0     1         __init_array_end = .
    5353     5353        0     1         __fini_array_start = .
    5353     5353        0     1         __fini_array_end = .
    5353     5353       db     1 .rodata
    5353     5353        1     1         F:\Entwicklungsprojekte\Mega65\llvm-mos\llvm-mos\bin/../mos-platform/common/lib\libcrt.a(const.S.obj):(.rodata)
    5353     5353        0     1                 __set_v
    5354     5354       ca     1         <internal>:(.rodata.str1.1)
    541e     541e       10     1         <internal>:(.rodata.cst16)
    542e     542e        0     1 .data
    542e     542e        0     1         __data_start = .
    542e     542e        0     1         __data_end = .
    542e     542e        0     1 __data_load_start = LOADADDR ( .data )
    542e     542e        0     1 __data_size = SIZEOF ( .data )
    542e     542e      7e1     1 .bss
    542e     542e        0     1         __bss_start = .
    542e     542e        1     1         lto.tmp:(.bss.offsCurrIdx)
    542e     542e        1     1                 offsCurrIdx
    542f     542f        1     1         lto.tmp:(.bss.flagCurrSec)
    542f     542f        1     1                 flagCurrSec
    5430     5430        4     1         lto.tmp:(.bss.BAMsector)
    5430     5430        4     1                 BAMsector
    5434     5434        4     1         lto.tmp:(.bss.worksector)
    5434     5434        4     1                 worksector
    5438     5438        2     1         lto.tmp:(.bss.worksectorasBAM.0)
    5438     5438        2     1                 worksectorasBAM.0
    543a     543a        2     1         lto.tmp:(.bss.direntryblock.0)
    543a     543a        2     1                 direntryblock.0
    543c     543c        1     1         lto.tmp:(.bss.BAMside)
    543c     543c        1     1                 BAMside
    543d     543d      492     1         lto.tmp:(.bss.filelist)
    543d     543d      492     1                 filelist
    58cf     58cf       41     1         lto.tmp:(.bss.curfile)
    58cf     58cf       41     1                 curfile
    5910     5910        1     1         lto.tmp:(.bss.testtrack)
    5910     5910        1     1                 testtrack
    5911     5911        1     1         lto.tmp:(.bss.testsector)
    5911     5911        1     1                 testsector
    5912     5912      2fd     1         lto.tmp:(.bss.escapeCode)
    5912     5912      2fd     1                 escapeCode
    5c0f     5c0f        0     1         __bss_end = .
    5c0f     5c0f        0     1 __bss_size = SIZEOF ( .bss )
    5c0f     5c0f        1     1 .noinit
    5c0f     5c0f        1     1         F:\Entwicklungsprojekte\Mega65\llvm-mos\llvm-mos\bin/../mos-platform/commodore/lib\libcrt0.a(exit-return.c.obj):(.noinit)
    5c10     5c10        0     1         __heap_start = .
    5c10     5c10        0     1 __stack = 0xd000
       0        0       79     1 .comment
       0        0       79     1         <internal>:(.comment)
       0        0      9e0     4 .symtab
       0        0      9e0     4         <internal>:(.symtab)
       0        0       68     1 .shstrtab
       0        0       68     1         <internal>:(.shstrtab)
       0        0      658     1 .strtab
       0        0      658     1         <internal>:(.strtab)
