     VMA      LMA     Size Align Out     In      Symbol
       0        0        0     1 __basic_zp_start = 0x0002
       0        0        0     1 __basic_zp_end = 0x0090
       0        0        0     1 __rc0 = __basic_zp_start
       0        0        0     1 __rc1 = __rc0 + 1
       0        0        0     1 PROVIDE ( __rc2 = __rc1 + 1 )
       0        0        0     1 __rc3 = __rc2 + 1
       0        0        0     1 PROVIDE ( __rc4 = __rc3 + 1 )
       0        0        0     1 __rc5 = __rc4 + 1
       0        0        0     1 PROVIDE ( __rc6 = __rc5 + 1 )
       0        0        0     1 __rc7 = __rc6 + 1
       0        0        0     1 PROVIDE ( __rc8 = __rc7 + 1 )
       0        0        0     1 __rc9 = __rc8 + 1
       0        0        0     1 PROVIDE ( __rc10 = __rc9 + 1 )
       0        0        0     1 __rc11 = __rc10 + 1
       0        0        0     1 PROVIDE ( __rc12 = __rc11 + 1 )
       0        0        0     1 __rc13 = __rc12 + 1
       0        0        0     1 PROVIDE ( __rc14 = __rc13 + 1 )
       0        0        0     1 __rc15 = __rc14 + 1
       0        0        0     1 PROVIDE ( __rc16 = __rc15 + 1 )
       0        0        0     1 __rc17 = __rc16 + 1
       0        0        0     1 PROVIDE ( __rc18 = __rc17 + 1 )
       0        0        0     1 __rc19 = __rc18 + 1
       0        0        0     1 PROVIDE ( __rc20 = __rc19 + 1 )
       0        0        0     1 __rc21 = __rc20 + 1
       0        0        0     1 PROVIDE ( __rc22 = __rc21 + 1 )
       0        0        0     1 __rc23 = __rc22 + 1
       0        0        0     1 PROVIDE ( __rc24 = __rc23 + 1 )
       0        0        0     1 __rc25 = __rc24 + 1
       0        0        0     1 PROVIDE ( __rc26 = __rc25 + 1 )
       0        0        0     1 __rc27 = __rc26 + 1
       0        0        0     1 PROVIDE ( __rc28 = __rc27 + 1 )
       0        0        0     1 __rc29 = __rc28 + 1
       0        0        0     1 PROVIDE ( __rc30 = __rc29 + 1 )
       0        0        0     1 __rc31 = __rc30 + 1
    2001     2001       16     1 .basic_header
    2001     2001       16     1         F:\Entwicklungsprojekte\Mega65\llvm-mos\llvm-mos\bin/../mos-platform/mega65/lib\basic-header.o:(.basic_header)
    2015     2015        0     1                 next_line
      22     2017        6     1 .zp.data
      22     2017        0     1         __zp_data_start = .
      22     2017        6     1         romlister.prg.lto.o:(.zp.data)
      27     201c        1     1                 g_curTextColor
      28     201d        0     1 __zp_data_load_start = LOADADDR ( .zp.data )
      28     201d        0     1 __zp_data_size = SIZEOF ( .zp.data )
      28       28       18     1 .zp.bss
      28       28        0     1         __zp_bss_start = .
      28       28       18     1         romlister.prg.lto.o:(.zp.bss)
      28       28        1     1                 fnamehi
      29       29        1     1                 g_curScreenW
      2a       2a        1     1                 g_curX
      2b       2b        1     1                 g_curY
      2c       2c       14     1                 dmalist
      40       40        0     1 __zp_bss_size = SIZEOF ( .zp.bss )
      40       40        a     1 .zp
      40       40        a     1         romlister.prg.lto.o:(.zp.noinit)
    201d     201d      8d3     1 .text
    201d     201d        0     1         _init = .
    201d     201d        0     1         _start = .
    201d     201d        e     1         F:\Entwicklungsprojekte\Mega65\llvm-mos\llvm-mos\bin/../mos-platform/mega65/lib\unmap-basic.o:(.init.010)
    202b     202b        8     1         F:\Entwicklungsprojekte\Mega65\llvm-mos\llvm-mos\bin/../mos-platform/mega65/lib\libcrt0.a(init-stack.S.obj):(.init.100)
    202b     202b        0     1                 __do_init_stack
    2033     2033        3     1         F:\Entwicklungsprojekte\Mega65\llvm-mos\llvm-mos\bin/../mos-platform/mega65/lib\libcrt0.a(zero-bss.c.obj):(.init.200)
    2033     2033        0     1                 __do_zero_bss
    2036     2036        3     1         F:\Entwicklungsprojekte\Mega65\llvm-mos\llvm-mos\bin/../mos-platform/mega65/lib\libcrt0.a(zero-zp-bss.c.obj):(.init.200)
    2036     2036        0     1                 __do_zero_zp_bss
    2039     2039        3     1         F:\Entwicklungsprojekte\Mega65\llvm-mos\llvm-mos\bin/../mos-platform/mega65/lib\libcrt0.a(copy-zp-data.c.obj):(.init.200)
    2039     2039        0     1                 __do_copy_zp_data
    203c     203c        5     1         romlister.prg.lto.o:(.init.250)
    203c     203c        0     1                 shift
    2041     2041        3     1         F:\Entwicklungsprojekte\Mega65\llvm-mos\llvm-mos\bin/../mos-platform/common/lib\crt0.o:(.call_main)
    2044     2044        3     1         F:\Entwicklungsprojekte\Mega65\llvm-mos\llvm-mos\bin/../mos-platform/mega65/lib\libcrt0.a(exit-return.c.obj):(.after_main)
    2044     2044        0     1                 __after_main
    2047     2047        0     1         _fini = .
    2047     2047        a     1         F:\Entwicklungsprojekte\Mega65\llvm-mos\llvm-mos\bin/../mos-platform/mega65/lib\unmap-basic.o:(.fini.990)
    2051     2051        1     1         F:\Entwicklungsprojekte\Mega65\llvm-mos\llvm-mos\bin/../mos-platform/common/lib\crt0.o:(.fini_rts)
    2052     2052        a     1         F:\Entwicklungsprojekte\Mega65\llvm-mos\llvm-mos\bin/../mos-platform/mega65/lib\libcrt0.a(exit-return.c.obj):(.text.__exit_return)
    2052     2052        a     1                 __exit_return
    205c     205c       13     1         F:\Entwicklungsprojekte\Mega65\llvm-mos\llvm-mos\bin/../mos-platform/mega65/lib\libcrt0.a(zero-bss.c.obj):(.text.__zero_bss)
    205c     205c       13     1                 __zero_bss
    206f     206f       13     1         F:\Entwicklungsprojekte\Mega65\llvm-mos\llvm-mos\bin/../mos-platform/mega65/lib\libcrt0.a(zero-zp-bss.c.obj):(.text.__zero_zp_bss)
    206f     206f       13     1                 __zero_zp_bss
    2082     2082       17     1         F:\Entwicklungsprojekte\Mega65\llvm-mos\llvm-mos\bin/../mos-platform/mega65/lib\libcrt0.a(copy-zp-data.c.obj):(.text.__copy_zp_data)
    2082     2082       17     1                 __copy_zp_data
    2099     2099      355     1         romlister.prg.lto.o:(.text.main)
    2099     2099      355     1                 main
    221f     221f        0     1                 errhypsetnam0
    2223     2223        0     1                 donehypsetnam0
    2246     2246        0     1                 errhypfindfirst1
    2248     2248        0     1                 donehypfindfirst1
    2267     2267        0     1                 errhypopenfile2
    2269     2269        0     1                 donehypopenfile2
    2293     2293        0     1                 errhypreadfile3
    2297     2297        0     1                 donehypreadfile3
    22b6     22b6        0     1                 errhypclosefile4
    22ba     22ba        0     1                 donehypclosefile4
    23ee     23ee      12a     1         romlister.prg.lto.o:(.text.cputln)
    23ee     23ee      12a     1                 cputln
    2518     2518       51     1         romlister.prg.lto.o:(.text.asciitoscreencode_s)
    2518     2518       51     1                 asciitoscreencode_s
    2569     2569        e     1         romlister.prg.lto.o:(.text.mcputsxy)
    2569     2569        e     1                 mcputsxy
    2577     2577        1     1         romlister.prg.lto.o:(.text.escNOP)
    2577     2577        1     1                 escNOP
    2578     2578       18     1         romlister.prg.lto.o:(.text.getscreenaddr)
    2578     2578       18     1                 getscreenaddr
    2590     2590       c7     1         romlister.prg.lto.o:(.text.cputsxy)
    2590     2590       c7     1                 cputsxy
    2657     2657       27     1         romlister.prg.lto.o:(.text.do_dma)
    2657     2657       27     1                 do_dma
    267e     267e       67     1         romlister.prg.lto.o:(.text.lcopy)
    267e     267e       67     1                 lcopy
    26e5     26e5       50     1         romlister.prg.lto.o:(.text.lfill)
    26e5     26e5       50     1                 lfill
    2735     2735       19     1         romlister.prg.lto.o:(.text.strcpy)
    2735     2735       19     1                 strcpy
    274e     274e       35     1         romlister.prg.lto.o:(.text.strlen)
    274e     274e       35     1                 strlen
    2783     2783       13     1         romlister.prg.lto.o:(.text.__ashlhi3)
    2783     2783       13     1                 __ashlhi3
    2796     2796       32     1         romlister.prg.lto.o:(.text.__mulhi3)
    2796     2796       32     1                 __mulhi3
    27c8     27c8       dc     1         romlister.prg.lto.o:(.text.__udivmodhi4)
    27c8     27c8       dc     1                 __udivmodhi4
    28a4     28a4       2c     1         romlister.prg.lto.o:(.text.memcpy)
    28a4     28a4       2c     1                 memcpy
    28d0     28d0       20     1         romlister.prg.lto.o:(.text.__memset)
    28d0     28d0       20     1                 __memset
    28f0     28f0        0     1         __init_array_start = .
    28f0     28f0        0     1         __init_array_end = .
    28f0     28f0        0     1         __fini_array_start = .
    28f0     28f0        0     1         __fini_array_end = .
    28f0     28f0       85     1 .rodata
    28f0     28f0       85     1         <internal>:(.rodata.str1.1)
    2975     2975        0     1 .data
    2975     2975        0     1         __data_start = .
    2975     2975        0     1         __data_end = .
    2975     2975        0     1 __data_load_start = LOADADDR ( .data )
    2975     2975        0     1 __data_size = SIZEOF ( .data )
    2975     2975      2fe     1 .bss
    2975     2975        0     1         __bss_start = .
    2975     2975        1     1         romlister.prg.lto.o:(.bss.g_curScreenH)
    2975     2975        1     1                 g_curScreenH
    2976     2976      2fd     1         romlister.prg.lto.o:(.bss.escapeCode)
    2976     2976      2fd     1                 escapeCode
    2c73     2c73        0     1         __bss_end = .
    2c73     2c73        0     1 __bss_size = SIZEOF ( .bss )
    2c73     2c73        1     1 .noinit
    2c73     2c73        1     1         F:\Entwicklungsprojekte\Mega65\llvm-mos\llvm-mos\bin/../mos-platform/mega65/lib\libcrt0.a(exit-return.c.obj):(.noinit..Lstatic_stack)
    2c74     2c74        0     1         __heap_start = ALIGN ( . , 2 )
    2c74     2c74        0     1 __stack = 0xd000
       0        0       7c     1 .comment
       0        0       7c     1         <internal>:(.comment)
       0        0      c40     4 .symtab
       0        0      c40     4         <internal>:(.symtab)
       0        0       68     1 .shstrtab
       0        0       68     1         <internal>:(.shstrtab)
       0        0      708     1 .strtab
       0        0      708     1         <internal>:(.strtab)
