     VMA      LMA     Size Align Out     In      Symbol
       0        0        0     1 __basic_zp_start = 0x0002
       0        0        0     1 __basic_zp_end = 0x0090
       0        0        0     1 __rc0 = __basic_zp_start
       0        0        0     1 __rc1 = __rc0 + 1
       0        0        0     1 PROVIDE ( __rc2 = __rc1 + 1 )
       0        0        0     1 __rc3 = __rc2 + 1
       0        0        0     1 PROVIDE ( __rc4 = __rc3 + 1 )
       0        0        0     1 __rc5 = __rc4 + 1
       0        0        0     1 PROVIDE ( __rc6 = __rc5 + 1 )
       0        0        0     1 __rc7 = __rc6 + 1
       0        0        0     1 PROVIDE ( __rc8 = __rc7 + 1 )
       0        0        0     1 __rc9 = __rc8 + 1
       0        0        0     1 PROVIDE ( __rc10 = __rc9 + 1 )
       0        0        0     1 __rc11 = __rc10 + 1
       0        0        0     1 PROVIDE ( __rc12 = __rc11 + 1 )
       0        0        0     1 __rc13 = __rc12 + 1
       0        0        0     1 PROVIDE ( __rc14 = __rc13 + 1 )
       0        0        0     1 __rc15 = __rc14 + 1
       0        0        0     1 PROVIDE ( __rc16 = __rc15 + 1 )
       0        0        0     1 __rc17 = __rc16 + 1
       0        0        0     1 PROVIDE ( __rc18 = __rc17 + 1 )
       0        0        0     1 __rc19 = __rc18 + 1
       0        0        0     1 PROVIDE ( __rc20 = __rc19 + 1 )
       0        0        0     1 __rc21 = __rc20 + 1
       0        0        0     1 PROVIDE ( __rc22 = __rc21 + 1 )
       0        0        0     1 __rc23 = __rc22 + 1
       0        0        0     1 PROVIDE ( __rc24 = __rc23 + 1 )
       0        0        0     1 __rc25 = __rc24 + 1
       0        0        0     1 PROVIDE ( __rc26 = __rc25 + 1 )
       0        0        0     1 __rc27 = __rc26 + 1
       0        0        0     1 PROVIDE ( __rc28 = __rc27 + 1 )
       0        0        0     1 __rc29 = __rc28 + 1
       0        0        0     1 PROVIDE ( __rc30 = __rc29 + 1 )
       0        0        0     1 __rc31 = __rc30 + 1
    2001     2001       16     1 .basic_header
    2001     2001       16     1         F:\Entwicklungsprojekte\Mega65\llvm-mos\llvm-mos\bin/../mos-platform/mega65/lib\basic-header.o:(.basic_header)
    2015     2015        0     1                 next_line
      22     2017        1     1 .zp.data
      22     2017        0     1         __zp_data_start = .
      22     2017        1     1         lto.tmp:(.zp.data.g_curTextColor)
      22     2017        1     1                 g_curTextColor
      23     2018        0     1 __zp_data_load_start = LOADADDR ( .zp.data )
      23     2018        0     1 __zp_data_size = SIZEOF ( .zp.data )
      23       23       4c     1 .zp.bss
      23       23        0     1         __zp_bss_start = .
      23       23        2     1         lto.tmp:(.zp.bss.BAMsector.0)
      23       23        2     1                 BAMsector.0
      25       25        2     1         lto.tmp:(.zp.bss.BAMsector.1)
      25       25        2     1                 BAMsector.1
      27       27        2     1         lto.tmp:(.zp.bss.worksector.0)
      27       27        2     1                 worksector.0
      29       29        2     1         lto.tmp:(.zp.bss.worksectorasBAM.0)
      29       29        2     1                 worksectorasBAM.0
      2b       2b        2     1         lto.tmp:(.zp.bss.direntryblock.0)
      2b       2b        2     1                 direntryblock.0
      2d       2d        2     1         lto.tmp:(.zp.bss.direntryblock.1)
      2d       2d        2     1                 direntryblock.1
      2f       2f       28     1         lto.tmp:(.zp.bss.s)
      2f       2f       28     1                 s
      57       57        1     1         lto.tmp:(.zp.bss.g_curScreenW)
      57       57        1     1                 g_curScreenW
      58       58        1     1         lto.tmp:(.zp.bss.g_curScreenH)
      58       58        1     1                 g_curScreenH
      59       59        1     1         lto.tmp:(.zp.bss.g_curX)
      59       59        1     1                 g_curX
      5a       5a        1     1         lto.tmp:(.zp.bss.g_curY)
      5a       5a        1     1                 g_curY
      5b       5b       14     1         lto.tmp:(.zp.bss.dmalist)
      5b       5b       14     1                 dmalist
      6f       6f        0     1 __zp_bss_size = SIZEOF ( .zp.bss )
      6f       6f       21     1 .zp
      6f       6f       21     1         lto.tmp:(.zp.noinit..Lzp_stack)
    2018     2018     3db1     1 .text
    2018     2018        0     1         _init = .
    2018     2018        0     1         _start = .
    2018     2018        e     1         F:\Entwicklungsprojekte\Mega65\llvm-mos\llvm-mos\bin/../mos-platform/mega65/lib\unmap-basic.o:(.init.010)
    2026     2026        8     1         F:\Entwicklungsprojekte\Mega65\llvm-mos\llvm-mos\bin/../mos-platform/commodore/lib\libcrt0.a(init-stack.S.obj):(.init.100)
    2026     2026        0     1                 __do_init_stack
    202e     202e        3     1         F:\Entwicklungsprojekte\Mega65\llvm-mos\llvm-mos\bin/../mos-platform/commodore/lib\libcrt0.a(zero-bss.c.obj):(.init.200)
    202e     202e        0     1                 __do_zero_bss
    2031     2031        3     1         F:\Entwicklungsprojekte\Mega65\llvm-mos\llvm-mos\bin/../mos-platform/commodore/lib\libcrt0.a(zero-zp-bss.c.obj):(.init.200)
    2031     2031        0     1                 __do_zero_zp_bss
    2034     2034        3     1         F:\Entwicklungsprojekte\Mega65\llvm-mos\llvm-mos\bin/../mos-platform/commodore/lib\libcrt0.a(copy-zp-data.c.obj):(.init.200)
    2034     2034        0     1                 __do_copy_zp_data
    2037     2037        3     1         F:\Entwicklungsprojekte\Mega65\llvm-mos\llvm-mos\bin/../mos-platform/common/lib\crt0.o:(.call_main)
    203a     203a        3     1         F:\Entwicklungsprojekte\Mega65\llvm-mos\llvm-mos\bin/../mos-platform/commodore/lib\libcrt0.a(exit-return.c.obj):(.after_main)
    203a     203a        0     1                 __after_main
    203d     203d        0     1         _fini = .
    203d     203d        a     1         F:\Entwicklungsprojekte\Mega65\llvm-mos\llvm-mos\bin/../mos-platform/mega65/lib\unmap-basic.o:(.fini.990)
    2047     2047        1     1         F:\Entwicklungsprojekte\Mega65\llvm-mos\llvm-mos\bin/../mos-platform/common/lib\crt0.o:(.fini_rts)
    2048     2048       79     1         C:\Users\SUPERU~1\AppData\Local\Temp\memory_asm-0d3c0c.o:(.text)
    2048     2048        0     1                 fourbytes
    204c     204c        0     1                 lpstore
    2067     2067        0     1                 lprestore
    2082     2082        0     1                 lpoke
    20a3     20a3        0     1                 lpeek
    20c1     20c1        a     1         F:\Entwicklungsprojekte\Mega65\llvm-mos\llvm-mos\bin/../mos-platform/commodore/lib\libcrt0.a(exit-return.c.obj):(.text)
    20c1     20c1        a     1                 __exit_return
    20cb     20cb     146b     1         F:\Entwicklungsprojekte\Mega65\llvm-mos\llvm-mos\bin/../mos-platform/common/lib\libcrt.a(divmod-large.cc.obj):(.text)
    20cb     20cb      252     1                 __udivmodsi4
    231d     231d      5af     1                 __udivmoddi4
    28cc     28cc      399     1                 __divmodsi4
    2c65     2c65      8d1     1                 __divmoddi4
    3536     3536       13     1         F:\Entwicklungsprojekte\Mega65\llvm-mos\llvm-mos\bin/../mos-platform/commodore/lib\libcrt0.a(zero-bss.c.obj):(.text)
    3536     3536       13     1                 __zero_bss
    3549     3549       13     1         F:\Entwicklungsprojekte\Mega65\llvm-mos\llvm-mos\bin/../mos-platform/commodore/lib\libcrt0.a(zero-zp-bss.c.obj):(.text)
    3549     3549       13     1                 __zero_zp_bss
    355c     355c       17     1         F:\Entwicklungsprojekte\Mega65\llvm-mos\llvm-mos\bin/../mos-platform/commodore/lib\libcrt0.a(copy-zp-data.c.obj):(.text)
    355c     355c       17     1                 __copy_zp_data
    3573     3573     14c6     1         lto.tmp:(.text.main)
    3573     3573     14c6     1                 main
    3cfd     3cfd        0     1                 errgetcurdrv0
    3d01     3d01        0     1                 donegetcurdrv0
    3d1c     3d1c        0     1                 errhypopendir1
    3d20     3d20        0     1                 donehypopendir1
    3db8     3db8        0     1                 hypreaddirloop2
    3dd0     3dd0        0     1                 errhypreaddir2
    3dd2     3dd2        0     1                 donehypreaddir2
    4598     4598        0     1                 errhypclosedir3
    459a     459a        0     1                 donehypclosedir3
    465d     465d        0     1                 errhypsetnam4
    4661     4661        0     1                 donehypsetnam4
    4677     4677        0     1                 errhyp1att5
    467b     467b        0     1                 donehyp1att5
    4695     4695        0     1                 errhyp0att6
    4699     4699        0     1                 donehyp0att6
    4a39     4a39       47     1         lto.tmp:(.text.ReadSector)
    4a39     4a39       47     1                 ReadSector
    4a80     4a80       3e     1         lto.tmp:(.text.GetOneSector)
    4a80     4a80       3e     1                 GetOneSector
    4abe     4abe       87     1         lto.tmp:(.text.PutOneSector)
    4abe     4abe       87     1                 PutOneSector
    4b45     4b45      250     1         lto.tmp:(.text.BAMSectorUpdate)
    4b45     4b45      250     1                 BAMSectorUpdate
    4d95     4d95      122     1         lto.tmp:(.text.readblockchain)
    4d95     4d95      122     1                 readblockchain
    4eb7     4eb7      18d     1         lto.tmp:(.text.findnextBAMtracksector)
    4eb7     4eb7      18d     1                 findnextBAMtracksector
    5044     5044      117     1         lto.tmp:(.text.getdirententry)
    5044     5044      117     1                 getdirententry
    515b     515b       97     1         lto.tmp:(.text.getdirent)
    515b     515b       97     1                 getdirent
    51f2     51f2      137     1         lto.tmp:(.text.cputln)
    51f2     51f2      137     1                 cputln
    5329     5329       b7     1         lto.tmp:(.text.csputdec)
    5329     5329       b7     1                 csputdec
    53e0     53e0       a5     1         lto.tmp:(.text.clrhome)
    53e0     53e0       a5     1                 clrhome
    5485     5485       52     1         lto.tmp:(.text.msprintf)
    5485     5485       52     1                 msprintf
    54d7     54d7       82     1         lto.tmp:(.text.mprintf)
    54d7     54d7       82     1                 mprintf
    5559     5559       54     1         lto.tmp:(.text.mcputsxy)
    5559     5559       54     1                 mcputsxy
    55ad     55ad      259     1         lto.tmp:(.text.mcbox)
    55ad     55ad      259     1                 mcbox
    5806     5806       96     1         lto.tmp:(.text.messagebox)
    5806     5806       96     1                 messagebox
    589c     589c        1     1         lto.tmp:(.text.escNOP)
    589c     589c        1     1                 escNOP
    589d     589d       ee     1         lto.tmp:(.text.cputcxy)
    589d     589d       ee     1                 cputcxy
    598b     598b       dd     1         lto.tmp:(.text.cputsxy)
    598b     598b       dd     1                 cputsxy
    5a68     5a68       8b     1         lto.tmp:(.text.lcopy)
    5a68     5a68       8b     1                 lcopy
    5af3     5af3       74     1         lto.tmp:(.text.lfill)
    5af3     5af3       74     1                 lfill
    5b67     5b67       38     1         lto.tmp:(.text.strcpy)
    5b67     5b67       38     1                 strcpy
    5b9f     5b9f       34     1         lto.tmp:(.text.strlen)
    5b9f     5b9f       34     1                 strlen
    5bd3     5bd3       13     1         lto.tmp:(.text.__ashlhi3)
    5bd3     5bd3       13     1                 __ashlhi3
    5be6     5be6       1b     1         lto.tmp:(.text.__mulqi3)
    5be6     5be6       1b     1                 __mulqi3
    5c01     5c01       32     1         lto.tmp:(.text.__mulhi3)
    5c01     5c01       32     1                 __mulhi3
    5c33     5c33       70     1         lto.tmp:(.text.__mulsi3)
    5c33     5c33       70     1                 __mulsi3
    5ca3     5ca3       da     1         lto.tmp:(.text.__udivmodhi4)
    5ca3     5ca3       da     1                 __udivmodhi4
    5d7d     5d7d       2d     1         lto.tmp:(.text.memcpy)
    5d7d     5d7d       2d     1                 memcpy
    5daa     5daa       1f     1         lto.tmp:(.text.__memset)
    5daa     5daa       1f     1                 __memset
    5dc9     5dc9        0     1         __init_array_start = .
    5dc9     5dc9        0     1         __init_array_end = .
    5dc9     5dc9        0     1         __fini_array_start = .
    5dc9     5dc9        0     1         __fini_array_end = .
    5dc9     5dc9      20e     1 .rodata
    5dc9     5dc9       44     1         lto.tmp:(.rodata.main)
    5e0d     5e0d      1b2     1         <internal>:(.rodata.str1.1)
    5fbf     5fbf        5     1         lto.tmp:(.rodata..Lswitch.table.gettype)
    5fc4     5fc4        5     1         lto.tmp:(.rodata..Lswitch.table.gettype.13)
    5fc9     5fc9        5     1         lto.tmp:(.rodata..Lswitch.table.gettype.14)
    5fce     5fce        5     1         lto.tmp:(.rodata..Lswitch.table.asciitoscreencode_s)
    5fd3     5fd3        4     1         <internal>:(.rodata.cst4)
    5fd7     5fd7        0     1 .data
    5fd7     5fd7        0     1         __data_start = .
    5fd7     5fd7        0     1         __data_end = .
    5fd7     5fd7        0     1 __data_load_start = LOADADDR ( .data )
    5fd7     5fd7        0     1 __data_size = SIZEOF ( .data )
    5fd7     5fd7      790     1 .bss
    5fd7     5fd7        0     1         __bss_start = .
    5fd7     5fd7        1     1         lto.tmp:(.bss.fnamehi)
    5fd7     5fd7        1     1                 fnamehi
    5fd8     5fd8      492     1         lto.tmp:(.bss.filelist)
    5fd8     5fd8      492     1                 filelist
    646a     646a      2fd     1         lto.tmp:(.bss.escapeCode)
    646a     646a      2fd     1                 escapeCode
    6767     6767        0     1         __bss_end = .
    6767     6767        0     1 __bss_size = SIZEOF ( .bss )
    6767     6767        3     1 .noinit
    6767     6767        1     1         F:\Entwicklungsprojekte\Mega65\llvm-mos\llvm-mos\bin/../mos-platform/commodore/lib\libcrt0.a(exit-return.c.obj):(.noinit)
    6768     6768        2     1         lto.tmp:(.noinit..Lstatic_stack)
    676a     676a        0     1         __heap_start = .
    676a     676a        0     1 __stack = 0xd000
       0        0       79     1 .comment
       0        0       79     1         <internal>:(.comment)
       0        0      910     4 .symtab
       0        0      910     4         <internal>:(.symtab)
       0        0       68     1 .shstrtab
       0        0       68     1         <internal>:(.shstrtab)
       0        0      616     1 .strtab
       0        0      616     1         <internal>:(.strtab)
