     VMA      LMA     Size Align Out     In      Symbol
       0        0        0     1 __basic_zp_start = 0x0002
       0        0        0     1 __basic_zp_end = 0x0090
       0        0        0     1 __rc0 = __basic_zp_start
       0        0        0     1 __rc1 = __rc0 + 1
       0        0        0     1 PROVIDE ( __rc2 = __rc1 + 1 )
       0        0        0     1 __rc3 = __rc2 + 1
       0        0        0     1 PROVIDE ( __rc4 = __rc3 + 1 )
       0        0        0     1 __rc5 = __rc4 + 1
       0        0        0     1 PROVIDE ( __rc6 = __rc5 + 1 )
       0        0        0     1 __rc7 = __rc6 + 1
       0        0        0     1 PROVIDE ( __rc8 = __rc7 + 1 )
       0        0        0     1 __rc9 = __rc8 + 1
       0        0        0     1 PROVIDE ( __rc10 = __rc9 + 1 )
       0        0        0     1 __rc11 = __rc10 + 1
       0        0        0     1 PROVIDE ( __rc12 = __rc11 + 1 )
       0        0        0     1 __rc13 = __rc12 + 1
       0        0        0     1 PROVIDE ( __rc14 = __rc13 + 1 )
       0        0        0     1 __rc15 = __rc14 + 1
       0        0        0     1 PROVIDE ( __rc16 = __rc15 + 1 )
       0        0        0     1 __rc17 = __rc16 + 1
       0        0        0     1 PROVIDE ( __rc18 = __rc17 + 1 )
       0        0        0     1 __rc19 = __rc18 + 1
       0        0        0     1 PROVIDE ( __rc20 = __rc19 + 1 )
       0        0        0     1 __rc21 = __rc20 + 1
       0        0        0     1 PROVIDE ( __rc22 = __rc21 + 1 )
       0        0        0     1 __rc23 = __rc22 + 1
       0        0        0     1 PROVIDE ( __rc24 = __rc23 + 1 )
       0        0        0     1 __rc25 = __rc24 + 1
       0        0        0     1 PROVIDE ( __rc26 = __rc25 + 1 )
       0        0        0     1 __rc27 = __rc26 + 1
       0        0        0     1 PROVIDE ( __rc28 = __rc27 + 1 )
       0        0        0     1 __rc29 = __rc28 + 1
       0        0        0     1 PROVIDE ( __rc30 = __rc29 + 1 )
       0        0        0     1 __rc31 = __rc30 + 1
    2001     2001       16     1 .basic_header
    2001     2001       16     1         F:\Entwicklungsprojekte\Mega65\llvm-mos\llvm-mos\bin/../mos-platform/mega65/lib\basic-header.o:(.basic_header)
    2015     2015        0     1                 next_line
      22     2017       19     1 .zp.data
      22     2017        0     1         __zp_data_start = .
      22     2017        5     1         lto.tmp:(.zp.rodata..Lswitch.table.gettype)
      27     201c        5     1         lto.tmp:(.zp.rodata..Lswitch.table.gettype.38)
      2c     2021        5     1         lto.tmp:(.zp.rodata..Lswitch.table.gettype.39)
      31     2026        5     1         lto.tmp:(.zp.rodata..Lswitch.table.asciitoscreencode_s)
      36     202b        4     1         <internal>:(.zp.rodata.cst4)
      3a     202f        1     1         lto.tmp:(.zp.data.g_curTextColor)
      3a     202f        1     1                 g_curTextColor
      3b     2030        0     1 __zp_data_load_start = LOADADDR ( .zp.data )
      3b     2030        0     1 __zp_data_size = SIZEOF ( .zp.data )
      3b       3b       28     1 .zp.bss
      3b       3b        0     1         __zp_bss_start = .
      3b       3b        1     1         lto.tmp:(.zp.bss.fnamehi)
      3b       3b        1     1                 fnamehi
      3c       3c        4     1         lto.tmp:(.zp.bss.BAMsector)
      3c       3c        4     1                 BAMsector
      40       40        4     1         lto.tmp:(.zp.bss.worksector)
      40       40        4     1                 worksector
      44       44        2     1         lto.tmp:(.zp.bss.worksectorasBAM.0)
      44       44        2     1                 worksectorasBAM.0
      46       46        2     1         lto.tmp:(.zp.bss.direntryblock.0)
      46       46        2     1                 direntryblock.0
      48       48        2     1         lto.tmp:(.zp.bss.direntryblock.1)
      48       48        2     1                 direntryblock.1
      4a       4a        1     1         lto.tmp:(.zp.bss.workside)
      4a       4a        1     1                 workside
      4b       4b        1     1         lto.tmp:(.zp.bss.g_curScreenW)
      4b       4b        1     1                 g_curScreenW
      4c       4c        1     1         lto.tmp:(.zp.bss.g_curScreenH)
      4c       4c        1     1                 g_curScreenH
      4d       4d        1     1         lto.tmp:(.zp.bss.g_curX)
      4d       4d        1     1                 g_curX
      4e       4e        1     1         lto.tmp:(.zp.bss.g_curY)
      4e       4e        1     1                 g_curY
      4f       4f       14     1         lto.tmp:(.zp.bss.dmalist)
      4f       4f       14     1                 dmalist
      63       63        0     1 __zp_bss_size = SIZEOF ( .zp.bss )
      63       63       25     1 .zp
      63       63       25     1         lto.tmp:(.zp.noinit..Lzp_stack)
    2030     2030     3514     1 .text
    2030     2030        0     1         _init = .
    2030     2030        0     1         _start = .
    2030     2030        e     1         F:\Entwicklungsprojekte\Mega65\llvm-mos\llvm-mos\bin/../mos-platform/mega65/lib\unmap-basic.o:(.init.010)
    203e     203e        8     1         F:\Entwicklungsprojekte\Mega65\llvm-mos\llvm-mos\bin/../mos-platform/commodore/lib\libcrt0.a(init-stack.S.obj):(.init.100)
    203e     203e        0     1                 __do_init_stack
    2046     2046        3     1         F:\Entwicklungsprojekte\Mega65\llvm-mos\llvm-mos\bin/../mos-platform/commodore/lib\libcrt0.a(zero-bss.c.obj):(.init.200)
    2046     2046        0     1                 __do_zero_bss
    2049     2049        3     1         F:\Entwicklungsprojekte\Mega65\llvm-mos\llvm-mos\bin/../mos-platform/commodore/lib\libcrt0.a(zero-zp-bss.c.obj):(.init.200)
    2049     2049        0     1                 __do_zero_zp_bss
    204c     204c        3     1         F:\Entwicklungsprojekte\Mega65\llvm-mos\llvm-mos\bin/../mos-platform/commodore/lib\libcrt0.a(copy-zp-data.c.obj):(.init.200)
    204c     204c        0     1                 __do_copy_zp_data
    204f     204f        3     1         F:\Entwicklungsprojekte\Mega65\llvm-mos\llvm-mos\bin/../mos-platform/common/lib\crt0.o:(.call_main)
    2052     2052        3     1         F:\Entwicklungsprojekte\Mega65\llvm-mos\llvm-mos\bin/../mos-platform/commodore/lib\libcrt0.a(exit-return.c.obj):(.after_main)
    2052     2052        0     1                 __after_main
    2055     2055        0     1         _fini = .
    2055     2055        a     1         F:\Entwicklungsprojekte\Mega65\llvm-mos\llvm-mos\bin/../mos-platform/mega65/lib\unmap-basic.o:(.fini.990)
    205f     205f        1     1         F:\Entwicklungsprojekte\Mega65\llvm-mos\llvm-mos\bin/../mos-platform/common/lib\crt0.o:(.fini_rts)
    2060     2060       79     1         C:\Users\SUPERU~1\AppData\Local\Temp\memory_asm-844c88.o:(.text)
    2060     2060        0     1                 fourbytes
    2064     2064        0     1                 lpstore
    207f     207f        0     1                 lprestore
    209a     209a        0     1                 lpoke
    20bb     20bb        0     1                 lpeek
    20d9     20d9        a     1         F:\Entwicklungsprojekte\Mega65\llvm-mos\llvm-mos\bin/../mos-platform/commodore/lib\libcrt0.a(exit-return.c.obj):(.text)
    20d9     20d9        a     1                 __exit_return
    20e3     20e3     146b     1         F:\Entwicklungsprojekte\Mega65\llvm-mos\llvm-mos\bin/../mos-platform/common/lib\libcrt.a(divmod-large.cc.obj):(.text)
    20e3     20e3      252     1                 __udivmodsi4
    2335     2335      5af     1                 __udivmoddi4
    28e4     28e4      399     1                 __divmodsi4
    2c7d     2c7d      8d1     1                 __divmoddi4
    354e     354e       13     1         F:\Entwicklungsprojekte\Mega65\llvm-mos\llvm-mos\bin/../mos-platform/commodore/lib\libcrt0.a(zero-bss.c.obj):(.text)
    354e     354e       13     1                 __zero_bss
    3561     3561       13     1         F:\Entwicklungsprojekte\Mega65\llvm-mos\llvm-mos\bin/../mos-platform/commodore/lib\libcrt0.a(zero-zp-bss.c.obj):(.text)
    3561     3561       13     1                 __zero_zp_bss
    3574     3574       17     1         F:\Entwicklungsprojekte\Mega65\llvm-mos\llvm-mos\bin/../mos-platform/commodore/lib\libcrt0.a(copy-zp-data.c.obj):(.text)
    3574     3574       17     1                 __copy_zp_data
    358b     358b      df5     1         lto.tmp:(.text.main)
    358b     358b      df5     1                 main
    3dc2     3dc2        0     1                 errgetcurdrv0
    3dc6     3dc6        0     1                 donegetcurdrv0
    3de1     3de1        0     1                 errhypopendir1
    3de5     3de5        0     1                 donehypopendir1
    3e7b     3e7b        0     1                 hypreaddirloop2
    3e93     3e93        0     1                 errhypreaddir2
    3e95     3e95        0     1                 donehypreaddir2
    4033     4033        0     1                 errhypclosedir3
    4035     4035        0     1                 donehypclosedir3
    40d3     40d3        0     1                 errhypsetnam4
    40d7     40d7        0     1                 donehypsetnam4
    40f8     40f8        0     1                 errhyp1att5
    40fc     40fc        0     1                 donehyp1att5
    4110     4110        0     1                 errhyp0att6
    4114     4114        0     1                 donehyp0att6
    4380     4380       47     1         lto.tmp:(.text.ReadSector)
    4380     4380       47     1                 ReadSector
    43c7     43c7       69     1         lto.tmp:(.text.GetWholeSector)
    43c7     43c7       69     1                 GetWholeSector
    4430     4430       9d     1         lto.tmp:(.text.PutWholeSector)
    4430     4430       9d     1                 PutWholeSector
    44cd     44cd      146     1         lto.tmp:(.text.readblockchain)
    44cd     44cd      146     1                 readblockchain
    4613     4613      28f     1         lto.tmp:(.text.findnextBAMtracksector)
    4613     4613      28f     1                 findnextBAMtracksector
    48a2     48a2       d6     1         lto.tmp:(.text.getdirententry)
    48a2     48a2       d6     1                 getdirententry
    4978     4978       7b     1         lto.tmp:(.text.getdirent)
    4978     4978       7b     1                 getdirent
    49f3     49f3      137     1         lto.tmp:(.text.cputln)
    49f3     49f3      137     1                 cputln
    4b2a     4b2a       b7     1         lto.tmp:(.text.csputdec)
    4b2a     4b2a       b7     1                 csputdec
    4be1     4be1       a5     1         lto.tmp:(.text.clrhome)
    4be1     4be1       a5     1                 clrhome
    4c86     4c86       51     1         lto.tmp:(.text.msprintf)
    4c86     4c86       51     1                 msprintf
    4cd7     4cd7       6e     1         lto.tmp:(.text.mprintf)
    4cd7     4cd7       6e     1                 mprintf
    4d45     4d45       54     1         lto.tmp:(.text.mcputsxy)
    4d45     4d45       54     1                 mcputsxy
    4d99     4d99      259     1         lto.tmp:(.text.mcbox)
    4d99     4d99      259     1                 mcbox
    4ff2     4ff2       95     1         lto.tmp:(.text.messagebox)
    4ff2     4ff2       95     1                 messagebox
    5087     5087        1     1         lto.tmp:(.text.escNOP)
    5087     5087        1     1                 escNOP
    5088     5088       ee     1         lto.tmp:(.text.cputcxy)
    5088     5088       ee     1                 cputcxy
    5176     5176       dd     1         lto.tmp:(.text.cputsxy)
    5176     5176       dd     1                 cputsxy
    5253     5253       8b     1         lto.tmp:(.text.lcopy)
    5253     5253       8b     1                 lcopy
    52de     52de       74     1         lto.tmp:(.text.lfill)
    52de     52de       74     1                 lfill
    5352     5352       38     1         lto.tmp:(.text.strcpy)
    5352     5352       38     1                 strcpy
    538a     538a       34     1         lto.tmp:(.text.strlen)
    538a     538a       34     1                 strlen
    53be     53be       13     1         lto.tmp:(.text.__ashlhi3)
    53be     53be       13     1                 __ashlhi3
    53d1     53d1       1b     1         lto.tmp:(.text.__mulqi3)
    53d1     53d1       1b     1                 __mulqi3
    53ec     53ec       32     1         lto.tmp:(.text.__mulhi3)
    53ec     53ec       32     1                 __mulhi3
    541e     541e       da     1         lto.tmp:(.text.__udivmodhi4)
    541e     541e       da     1                 __udivmodhi4
    54f8     54f8       2d     1         lto.tmp:(.text.memcpy)
    54f8     54f8       2d     1                 memcpy
    5525     5525       1f     1         lto.tmp:(.text.__memset)
    5525     5525       1f     1                 __memset
    5544     5544        0     1         __init_array_start = .
    5544     5544        0     1         __init_array_end = .
    5544     5544        0     1         __fini_array_start = .
    5544     5544        0     1         __fini_array_end = .
    5544     5544      13d     1 .rodata
    5544     5544       26     1         lto.tmp:(.rodata.main)
    556a     556a      117     1         <internal>:(.rodata.str1.1)
    5681     5681        0     1 .data
    5681     5681        0     1         __data_start = .
    5681     5681        0     1         __data_end = .
    5681     5681        0     1 __data_load_start = LOADADDR ( .data )
    5681     5681        0     1 __data_size = SIZEOF ( .data )
    5681     5681      7b7     1 .bss
    5681     5681        0     1         __bss_start = .
    5681     5681      492     1         lto.tmp:(.bss.filelist)
    5681     5681      492     1                 filelist
    5b13     5b13       28     1         lto.tmp:(.bss.s)
    5b13     5b13       28     1                 s
    5b3b     5b3b      2fd     1         lto.tmp:(.bss.escapeCode)
    5b3b     5b3b      2fd     1                 escapeCode
    5e38     5e38        0     1         __bss_end = .
    5e38     5e38        0     1 __bss_size = SIZEOF ( .bss )
    5e38     5e38        1     1 .noinit
    5e38     5e38        1     1         F:\Entwicklungsprojekte\Mega65\llvm-mos\llvm-mos\bin/../mos-platform/commodore/lib\libcrt0.a(exit-return.c.obj):(.noinit)
    5e39     5e39        0     1         __heap_start = .
    5e39     5e39        0     1 __stack = 0xd000
       0        0       79     1 .comment
       0        0       79     1         <internal>:(.comment)
       0        0      8f0     4 .symtab
       0        0      8f0     4         <internal>:(.symtab)
       0        0       68     1 .shstrtab
       0        0       68     1         <internal>:(.shstrtab)
       0        0      5fa     1 .strtab
       0        0      5fa     1         <internal>:(.strtab)
