     VMA      LMA     Size Align Out     In      Symbol
       0        0        0     1 __basic_zp_start = 0x0002
       0        0        0     1 __basic_zp_end = 0x0090
       0        0        0     1 __rc0 = __basic_zp_start
       0        0        0     1 __rc1 = __rc0 + 1
       0        0        0     1 PROVIDE ( __rc2 = __rc1 + 1 )
       0        0        0     1 __rc3 = __rc2 + 1
       0        0        0     1 PROVIDE ( __rc4 = __rc3 + 1 )
       0        0        0     1 __rc5 = __rc4 + 1
       0        0        0     1 PROVIDE ( __rc6 = __rc5 + 1 )
       0        0        0     1 __rc7 = __rc6 + 1
       0        0        0     1 PROVIDE ( __rc8 = __rc7 + 1 )
       0        0        0     1 __rc9 = __rc8 + 1
       0        0        0     1 PROVIDE ( __rc10 = __rc9 + 1 )
       0        0        0     1 __rc11 = __rc10 + 1
       0        0        0     1 PROVIDE ( __rc12 = __rc11 + 1 )
       0        0        0     1 __rc13 = __rc12 + 1
       0        0        0     1 PROVIDE ( __rc14 = __rc13 + 1 )
       0        0        0     1 __rc15 = __rc14 + 1
       0        0        0     1 PROVIDE ( __rc16 = __rc15 + 1 )
       0        0        0     1 __rc17 = __rc16 + 1
       0        0        0     1 PROVIDE ( __rc18 = __rc17 + 1 )
       0        0        0     1 __rc19 = __rc18 + 1
       0        0        0     1 PROVIDE ( __rc20 = __rc19 + 1 )
       0        0        0     1 __rc21 = __rc20 + 1
       0        0        0     1 PROVIDE ( __rc22 = __rc21 + 1 )
       0        0        0     1 __rc23 = __rc22 + 1
       0        0        0     1 PROVIDE ( __rc24 = __rc23 + 1 )
       0        0        0     1 __rc25 = __rc24 + 1
       0        0        0     1 PROVIDE ( __rc26 = __rc25 + 1 )
       0        0        0     1 __rc27 = __rc26 + 1
       0        0        0     1 PROVIDE ( __rc28 = __rc27 + 1 )
       0        0        0     1 __rc29 = __rc28 + 1
       0        0        0     1 PROVIDE ( __rc30 = __rc29 + 1 )
       0        0        0     1 __rc31 = __rc30 + 1
    2001     2001       16     1 .basic_header
    2001     2001       16     1         F:\Entwicklungsprojekte\Mega65\llvm-mos\llvm-mos\bin/../mos-platform/mega65/lib\basic-header.o:(.basic_header)
    2015     2015        0     1                 next_line
      22     2017       10     1 .zp.data
      22     2017        0     1         __zp_data_start = .
      22     2017       10     1         <internal>:(.zp.rodata.cst16)
      32     2027        0     1 __zp_data_load_start = LOADADDR ( .zp.data )
      32     2027        0     1 __zp_data_size = SIZEOF ( .zp.data )
      32       32       33     1 code
      32       32       33     1         C:\Users\SUPERU~1\AppData\Local\Temp\memory_asm-b63746.o:(code)
      32       32        0     1                 lpoke
      4d       4d        0     1                 lpeek
      65       65       19     1 .zp.bss
      65       65        0     1         __zp_bss_start = .
      65       65        1     1         lto.tmp:(.zp.bss.fnamehi)
      65       65        1     1                 fnamehi
      66       66        1     1         lto.tmp:(.zp.bss.g_curScreenW)
      66       66        1     1                 g_curScreenW
      67       67        1     1         lto.tmp:(.zp.bss.g_curScreenH)
      67       67        1     1                 g_curScreenH
      68       68        1     1         lto.tmp:(.zp.bss.g_curX)
      68       68        1     1                 g_curX
      69       69        1     1         lto.tmp:(.zp.bss.g_curY)
      69       69        1     1                 g_curY
      6a       6a       14     1         lto.tmp:(.zp.bss.dmalist)
      6a       6a       14     1                 dmalist
      7e       7e        0     1 __zp_bss_size = SIZEOF ( .zp.bss )
      7e       7e       28     1 .zp
      7e       7e       28     1         lto.tmp:(.zp.noinit..Lzp_stack)
    2027     2027     2095     1 .text
    2027     2027        0     1         _init = .
    2027     2027        0     1         _start = .
    2027     2027        e     1         F:\Entwicklungsprojekte\Mega65\llvm-mos\llvm-mos\bin/../mos-platform/mega65/lib\unmap-basic.o:(.init.010)
    2035     2035        8     1         F:\Entwicklungsprojekte\Mega65\llvm-mos\llvm-mos\bin/../mos-platform/commodore/lib\libcrt0.a(init-stack.S.obj):(.init.100)
    2035     2035        0     1                 __do_init_stack
    203d     203d        3     1         F:\Entwicklungsprojekte\Mega65\llvm-mos\llvm-mos\bin/../mos-platform/commodore/lib\libcrt0.a(zero-bss.c.obj):(.init.200)
    203d     203d        0     1                 __do_zero_bss
    2040     2040        3     1         F:\Entwicklungsprojekte\Mega65\llvm-mos\llvm-mos\bin/../mos-platform/commodore/lib\libcrt0.a(zero-zp-bss.c.obj):(.init.200)
    2040     2040        0     1                 __do_zero_zp_bss
    2043     2043        3     1         F:\Entwicklungsprojekte\Mega65\llvm-mos\llvm-mos\bin/../mos-platform/commodore/lib\libcrt0.a(copy-zp-data.c.obj):(.init.200)
    2043     2043        0     1                 __do_copy_zp_data
    2046     2046        3     1         F:\Entwicklungsprojekte\Mega65\llvm-mos\llvm-mos\bin/../mos-platform/common/lib\crt0.o:(.call_main)
    2049     2049        3     1         F:\Entwicklungsprojekte\Mega65\llvm-mos\llvm-mos\bin/../mos-platform/commodore/lib\libcrt0.a(exit-return.c.obj):(.after_main)
    2049     2049        0     1                 __after_main
    204c     204c        0     1         _fini = .
    204c     204c        a     1         F:\Entwicklungsprojekte\Mega65\llvm-mos\llvm-mos\bin/../mos-platform/mega65/lib\unmap-basic.o:(.fini.990)
    2056     2056        1     1         F:\Entwicklungsprojekte\Mega65\llvm-mos\llvm-mos\bin/../mos-platform/common/lib\crt0.o:(.fini_rts)
    2057     2057        a     1         F:\Entwicklungsprojekte\Mega65\llvm-mos\llvm-mos\bin/../mos-platform/commodore/lib\libcrt0.a(exit-return.c.obj):(.text)
    2057     2057        a     1                 __exit_return
    2061     2061     146b     1         F:\Entwicklungsprojekte\Mega65\llvm-mos\llvm-mos\bin/../mos-platform/common/lib\libcrt.a(divmod-large.cc.obj):(.text)
    2061     2061      252     1                 __udivmodsi4
    22b3     22b3      5af     1                 __udivmoddi4
    2862     2862      399     1                 __divmodsi4
    2bfb     2bfb      8d1     1                 __divmoddi4
    34cc     34cc       13     1         F:\Entwicklungsprojekte\Mega65\llvm-mos\llvm-mos\bin/../mos-platform/commodore/lib\libcrt0.a(zero-bss.c.obj):(.text)
    34cc     34cc       13     1                 __zero_bss
    34df     34df       13     1         F:\Entwicklungsprojekte\Mega65\llvm-mos\llvm-mos\bin/../mos-platform/commodore/lib\libcrt0.a(zero-zp-bss.c.obj):(.text)
    34df     34df       13     1                 __zero_zp_bss
    34f2     34f2       17     1         F:\Entwicklungsprojekte\Mega65\llvm-mos\llvm-mos\bin/../mos-platform/commodore/lib\libcrt0.a(copy-zp-data.c.obj):(.text)
    34f2     34f2       17     1                 __copy_zp_data
    3509     3509       d7     1         lto.tmp:(.text.mprintf)
    3509     3509       d7     1                 mprintf
    35e0     35e0      571     1         lto.tmp:(.text.main)
    35e0     35e0      571     1                 main
    36f9     36f9        0     1                 error04
    36fd     36fd        0     1                 done04
    3764     3764        0     1                 error06
    3768     3768        0     1                 done06
    381e     381e        0     1                 error07
    3822     3822        0     1                 done07
    3a01     3a01        0     1                 loop1
    3a19     3a19        0     1                 error09
    3a1b     3a1b        0     1                 done09
    3a4a     3a4a        0     1                 error08
    3a4c     3a4c        0     1                 done08
    3acd     3acd        0     1                 error03
    3ad1     3ad1        0     1                 done03
    3b00     3b00        0     1                 error02
    3b04     3b04        0     1                 done02
    3b51     3b51        1     1         lto.tmp:(.text.escNOP)
    3b51     3b51        1     1                 escNOP
    3b52     3b52       9f     1         lto.tmp:(.text.clrscr)
    3b52     3b52       9f     1                 clrscr
    3bf1     3bf1       e3     1         lto.tmp:(.text.cputc)
    3bf1     3bf1       e3     1                 cputc
    3cd4     3cd4       64     1         lto.tmp:(.text.cputhex)
    3cd4     3cd4       64     1                 cputhex
    3d38     3d38      15d     1         lto.tmp:(.text.cputsxy)
    3d38     3d38      15d     1                 cputsxy
    3e95     3e95       88     1         lto.tmp:(.text.lfill)
    3e95     3e95       88     1                 lfill
    3f1d     3f1d       2d     1         lto.tmp:(.text.memcpy)
    3f1d     3f1d       2d     1                 memcpy
    3f4a     3f4a       1f     1         lto.tmp:(.text.__memset)
    3f4a     3f4a       1f     1                 __memset
    3f69     3f69       34     1         lto.tmp:(.text.strlen)
    3f69     3f69       34     1                 strlen
    3f9d     3f9d       13     1         lto.tmp:(.text.__ashlhi3)
    3f9d     3f9d       13     1                 __ashlhi3
    3fb0     3fb0       32     1         lto.tmp:(.text.__mulhi3)
    3fb0     3fb0       32     1                 __mulhi3
    3fe2     3fe2       da     1         lto.tmp:(.text.__udivmodhi4)
    3fe2     3fe2       da     1                 __udivmodhi4
    40bc     40bc        0     1         __init_array_start = .
    40bc     40bc        0     1         __init_array_end = .
    40bc     40bc        0     1         __fini_array_start = .
    40bc     40bc        0     1         __fini_array_end = .
    40bc     40bc       cb     1 .rodata
    40bc     40bc        2     1         lto.tmp:(.rodata.readdir_dirent)
    40bc     40bc        2     1                 readdir_dirent
    40be     40be       c9     1         <internal>:(.rodata.str1.1)
    4187     4187        2     1 .data
    4187     4187        0     1         __data_start = .
    4187     4187        2     1         lto.tmp:(.data.HTRAP00asm)
    4187     4187        2     1                 HTRAP00asm
    4189     4189        0     1         __data_end = .
    4189     4189        0     1 __data_load_start = LOADADDR ( .data )
    4189     4189        0     1 __data_size = SIZEOF ( .data )
    4189     4189      2fd     1 .bss
    4189     4189        0     1         __bss_start = .
    4189     4189      2fd     1         lto.tmp:(.bss.escapeCode)
    4189     4189      2fd     1                 escapeCode
    4486     4486        0     1         __bss_end = .
    4486     4486        0     1 __bss_size = SIZEOF ( .bss )
    4486     4486        1     1 .noinit
    4486     4486        1     1         F:\Entwicklungsprojekte\Mega65\llvm-mos\llvm-mos\bin/../mos-platform/commodore/lib\libcrt0.a(exit-return.c.obj):(.noinit)
    4487     4487        0     1         __heap_start = .
    4487     4487        0     1 __stack = 0xd000
       0        0       79     1 .comment
       0        0       79     1         <internal>:(.comment)
       0        0      750     4 .symtab
       0        0      750     4         <internal>:(.symtab)
       0        0       6d     1 .shstrtab
       0        0       6d     1         <internal>:(.shstrtab)
       0        0      46f     1 .strtab
       0        0      46f     1         <internal>:(.strtab)
