     VMA      LMA     Size Align Out     In      Symbol
       0        0        0     1 __basic_zp_start = 0x0002
       0        0        0     1 __basic_zp_end = 0x0090
       0        0        0     1 __rc0 = __basic_zp_start
       0        0        0     1 __rc1 = __rc0 + 1
       0        0        0     1 PROVIDE ( __rc2 = __rc1 + 1 )
       0        0        0     1 __rc3 = __rc2 + 1
       0        0        0     1 PROVIDE ( __rc4 = __rc3 + 1 )
       0        0        0     1 __rc5 = __rc4 + 1
       0        0        0     1 PROVIDE ( __rc6 = __rc5 + 1 )
       0        0        0     1 __rc7 = __rc6 + 1
       0        0        0     1 PROVIDE ( __rc8 = __rc7 + 1 )
       0        0        0     1 __rc9 = __rc8 + 1
       0        0        0     1 PROVIDE ( __rc10 = __rc9 + 1 )
       0        0        0     1 __rc11 = __rc10 + 1
       0        0        0     1 PROVIDE ( __rc12 = __rc11 + 1 )
       0        0        0     1 __rc13 = __rc12 + 1
       0        0        0     1 PROVIDE ( __rc14 = __rc13 + 1 )
       0        0        0     1 __rc15 = __rc14 + 1
       0        0        0     1 PROVIDE ( __rc16 = __rc15 + 1 )
       0        0        0     1 __rc17 = __rc16 + 1
       0        0        0     1 PROVIDE ( __rc18 = __rc17 + 1 )
       0        0        0     1 __rc19 = __rc18 + 1
       0        0        0     1 PROVIDE ( __rc20 = __rc19 + 1 )
       0        0        0     1 __rc21 = __rc20 + 1
       0        0        0     1 PROVIDE ( __rc22 = __rc21 + 1 )
       0        0        0     1 __rc23 = __rc22 + 1
       0        0        0     1 PROVIDE ( __rc24 = __rc23 + 1 )
       0        0        0     1 __rc25 = __rc24 + 1
       0        0        0     1 PROVIDE ( __rc26 = __rc25 + 1 )
       0        0        0     1 __rc27 = __rc26 + 1
       0        0        0     1 PROVIDE ( __rc28 = __rc27 + 1 )
       0        0        0     1 __rc29 = __rc28 + 1
       0        0        0     1 PROVIDE ( __rc30 = __rc29 + 1 )
       0        0        0     1 __rc31 = __rc30 + 1
    2001     2001       16     1 .basic_header
    2001     2001       16     1         F:\Entwicklungsprojekte\Mega65\llvm-mos\llvm-mos\bin/../mos-platform/mega65/lib\basic-header.o:(.basic_header)
    2015     2015        0     1                 next_line
      22     2017        6     1 .zp.data
      22     2017        0     1         __zp_data_start = .
      22     2017        5     1         lto.tmp:(.zp.rodata..Lswitch.table.asciitoscreencode)
      27     201c        1     1         lto.tmp:(.zp.data.g_curTextColor)
      27     201c        1     1                 g_curTextColor
      28     201d        0     1 __zp_data_load_start = LOADADDR ( .zp.data )
      28     201d        0     1 __zp_data_size = SIZEOF ( .zp.data )
      28       28       3f     1 .zp.bss
      28       28        0     1         __zp_bss_start = .
      28       28       28     1         lto.tmp:(.zp.bss.s)
      28       28       28     1                 s
      50       50        1     1         lto.tmp:(.zp.bss.g_curScreenW)
      50       50        1     1                 g_curScreenW
      51       51        1     1         lto.tmp:(.zp.bss.g_curX)
      51       51        1     1                 g_curX
      52       52        1     1         lto.tmp:(.zp.bss.g_curY)
      52       52        1     1                 g_curY
      53       53       14     1         lto.tmp:(.zp.bss.dmalist)
      53       53       14     1                 dmalist
      67       67        0     1 __zp_bss_size = SIZEOF ( .zp.bss )
      67       67       29     1 .zp
      67       67       29     1         lto.tmp:(.zp.noinit..Lzp_stack)
    201d     201d     4ba8     1 .text
    201d     201d        0     1         _init = .
    201d     201d        0     1         _start = .
    201d     201d        e     1         F:\Entwicklungsprojekte\Mega65\llvm-mos\llvm-mos\bin/../mos-platform/mega65/lib\unmap-basic.o:(.init.010)
    202b     202b        8     1         F:\Entwicklungsprojekte\Mega65\llvm-mos\llvm-mos\bin/../mos-platform/commodore/lib\libcrt0.a(init-stack.S.obj):(.init.100)
    202b     202b        0     1                 __do_init_stack
    2033     2033        3     1         F:\Entwicklungsprojekte\Mega65\llvm-mos\llvm-mos\bin/../mos-platform/commodore/lib\libcrt0.a(zero-bss.c.obj):(.init.200)
    2033     2033        0     1                 __do_zero_bss
    2036     2036        3     1         F:\Entwicklungsprojekte\Mega65\llvm-mos\llvm-mos\bin/../mos-platform/commodore/lib\libcrt0.a(zero-zp-bss.c.obj):(.init.200)
    2036     2036        0     1                 __do_zero_zp_bss
    2039     2039        3     1         F:\Entwicklungsprojekte\Mega65\llvm-mos\llvm-mos\bin/../mos-platform/commodore/lib\libcrt0.a(copy-zp-data.c.obj):(.init.200)
    2039     2039        0     1                 __do_copy_zp_data
    203c     203c        3     1         F:\Entwicklungsprojekte\Mega65\llvm-mos\llvm-mos\bin/../mos-platform/common/lib\crt0.o:(.call_main)
    203f     203f        3     1         F:\Entwicklungsprojekte\Mega65\llvm-mos\llvm-mos\bin/../mos-platform/commodore/lib\libcrt0.a(exit-return.c.obj):(.after_main)
    203f     203f        0     1                 __after_main
    2042     2042        0     1         _fini = .
    2042     2042        a     1         F:\Entwicklungsprojekte\Mega65\llvm-mos\llvm-mos\bin/../mos-platform/mega65/lib\unmap-basic.o:(.fini.990)
    204c     204c        1     1         F:\Entwicklungsprojekte\Mega65\llvm-mos\llvm-mos\bin/../mos-platform/common/lib\crt0.o:(.fini_rts)
    204d     204d       79     1         C:\Users\SUPERU~1\AppData\Local\Temp\memory_asm-effde4.o:(.text)
    204d     204d        0     1                 fourbytes
    2051     2051        0     1                 lpstore
    206c     206c        0     1                 lprestore
    2087     2087        0     1                 lpoke
    20a8     20a8        0     1                 lpeek
    20c6     20c6        a     1         F:\Entwicklungsprojekte\Mega65\llvm-mos\llvm-mos\bin/../mos-platform/commodore/lib\libcrt0.a(exit-return.c.obj):(.text)
    20c6     20c6        a     1                 __exit_return
    20d0     20d0     146b     1         F:\Entwicklungsprojekte\Mega65\llvm-mos\llvm-mos\bin/../mos-platform/common/lib\libcrt.a(divmod-large.cc.obj):(.text)
    20d0     20d0      252     1                 __udivmodsi4
    2322     2322      5af     1                 __udivmoddi4
    28d1     28d1      399     1                 __divmodsi4
    2c6a     2c6a      8d1     1                 __divmoddi4
    353b     353b       13     1         F:\Entwicklungsprojekte\Mega65\llvm-mos\llvm-mos\bin/../mos-platform/commodore/lib\libcrt0.a(zero-bss.c.obj):(.text)
    353b     353b       13     1                 __zero_bss
    354e     354e       13     1         F:\Entwicklungsprojekte\Mega65\llvm-mos\llvm-mos\bin/../mos-platform/commodore/lib\libcrt0.a(zero-zp-bss.c.obj):(.text)
    354e     354e       13     1                 __zero_zp_bss
    3561     3561       17     1         F:\Entwicklungsprojekte\Mega65\llvm-mos\llvm-mos\bin/../mos-platform/commodore/lib\libcrt0.a(copy-zp-data.c.obj):(.text)
    3561     3561       17     1                 __copy_zp_data
    3578     3578     167e     1         lto.tmp:(.text.main)
    3578     3578     167e     1                 main
    4096     4096        0     1                 errhyp1att0
    409a     409a        0     1                 donehyp1att0
    40c9     40c9        0     1                 errhypchdir1
    40cd     40cd        0     1                 donehypchdir1
    4390     4390        0     1                 errhyp0att2
    4394     4394        0     1                 donehyp0att2
    4bf6     4bf6       32     1         lto.tmp:(.text.hyppo_setname)
    4bf6     4bf6       32     1                 hyppo_setname
    4c22     4c22        0     1                 errhypsetnam3
    4c26     4c26        0     1                 donehypsetnam3
    4c28     4c28       63     1         lto.tmp:(.text.getsfn)
    4c28     4c28       63     1                 getsfn
    4c8b     4c8b       90     1         lto.tmp:(.text.ReadSector)
    4c8b     4c8b       90     1                 ReadSector
    4d1b     4d1b      16f     1         lto.tmp:(.text.ShowAccess)
    4d1b     4d1b      16f     1                 ShowAccess
    4e8a     4e8a       5d     1         lto.tmp:(.text.GetOneSector)
    4e8a     4e8a       5d     1                 GetOneSector
    4ee7     4ee7       e4     1         lto.tmp:(.text.PutOneSector)
    4ee7     4ee7       e4     1                 PutOneSector
    4fcb     4fcb       39     1         lto.tmp:(.text.GetBAM)
    4fcb     4fcb       39     1                 GetBAM
    5004     5004       60     1         lto.tmp:(.text.PutBAM)
    5004     5004       60     1                 PutBAM
    5064     5064      10c     1         lto.tmp:(.text.readblockchain)
    5064     5064      10c     1                 readblockchain
    5170     5170      250     1         lto.tmp:(.text.BAMSectorUpdate)
    5170     5170      250     1                 BAMSectorUpdate
    53c0     53c0      151     1         lto.tmp:(.text.findnextBAMtracksector)
    53c0     53c0      151     1                 findnextBAMtracksector
    5511     5511       77     1         lto.tmp:(.text.tracksectorstring)
    5511     5511       77     1                 tracksectorstring
    5588     5588       cd     1         lto.tmp:(.text.getdirententry)
    5588     5588       cd     1                 getdirententry
    5655     5655       8e     1         lto.tmp:(.text.getdirent)
    5655     5655       8e     1                 getdirent
    56e3     56e3       13     1         lto.tmp:(.text.strcopy)
    56e3     56e3       13     1                 strcopy
    56f6     56f6      124     1         lto.tmp:(.text.cputln)
    56f6     56f6      124     1                 cputln
    581a     581a       b3     1         lto.tmp:(.text.csputdec)
    581a     581a       b3     1                 csputdec
    58cd     58cd       51     1         lto.tmp:(.text.asciitoscreencode_s)
    58cd     58cd       51     1                 asciitoscreencode_s
    591e     591e       5f     1         lto.tmp:(.text.clrhome)
    591e     591e       5f     1                 clrhome
    597d     597d        e     1         lto.tmp:(.text.msprintf)
    597d     597d        e     1                 msprintf
    598b     598b       2b     1         lto.tmp:(.text.mprintf)
    598b     598b       2b     1                 mprintf
    59b6     59b6       3d     1         lto.tmp:(.text.mhprintf)
    59b6     59b6       3d     1                 mhprintf
    59f3     59f3       16     1         lto.tmp:(.text.mcputsxy)
    59f3     59f3       16     1                 mcputsxy
    5a09     5a09      18f     1         lto.tmp:(.text.mcbox)
    5a09     5a09      18f     1                 mcbox
    5b98     5b98      10b     1         lto.tmp:(.text.messagebox)
    5b98     5b98      10b     1                 messagebox
    5ca3     5ca3       bc     1         lto.tmp:(.text.progress)
    5ca3     5ca3       bc     1                 progress
    5d5f     5d5f       4d     1         lto.tmp:(.text.shortcutprint)
    5d5f     5d5f       4d     1                 shortcutprint
    5dac     5dac      356     1         lto.tmp:(.text.shortcuts)
    5dac     5dac      356     1                 shortcuts
    6102     6102      3e5     1         lto.tmp:(.text.UpdateSectors)
    6102     6102      3e5     1                 UpdateSectors
    618c     618c        0     1                 errgetproc4
    6190     6190        0     1                 donegetproc4
    621f     621f        0     1                 errgetcurdrv5
    6223     6223        0     1                 donegetcurdrv5
    623c     623c        0     1                 errhypopendir6
    6240     6240        0     1                 donehypopendir6
    6332     6332        0     1                 hypreaddirloop7
    634a     634a        0     1                 errhypreaddir7
    634c     634c        0     1                 donehypreaddir7
    64a0     64a0        0     1                 errhypclosedir8
    64a2     64a2        0     1                 donehypclosedir8
    64e7     64e7        1     1         lto.tmp:(.text.escNOP)
    64e7     64e7        1     1                 escNOP
    64e8     64e8       14     1         lto.tmp:(.text.getscreenaddr)
    64e8     64e8       14     1                 getscreenaddr
    64fc     64fc        9     1         lto.tmp:(.text.cputc)
    64fc     64fc        9     1                 cputc
    6505     6505       a5     1         lto.tmp:(.text.cputcxy)
    6505     6505       a5     1                 cputcxy
    65aa     65aa       74     1         lto.tmp:(.text.cputhex)
    65aa     65aa       74     1                 cputhex
    661e     661e        7     1         lto.tmp:(.text.cputs)
    661e     661e        7     1                 cputs
    6625     6625       dd     1         lto.tmp:(.text.cputsxy)
    6625     6625       dd     1                 cputsxy
    6702     6702       aa     1         lto.tmp:(.text.fillrect)
    6702     6702       aa     1                 fillrect
    67ac     67ac        9     1         lto.tmp:(.text.cgetc)
    67ac     67ac        9     1                 cgetc
    67b5     67b5       27     1         lto.tmp:(.text.do_dma)
    67b5     67b5       27     1                 do_dma
    67dc     67dc       67     1         lto.tmp:(.text.lcopy)
    67dc     67dc       67     1                 lcopy
    6843     6843       50     1         lto.tmp:(.text.lfill)
    6843     6843       50     1                 lfill
    6893     6893       4e     1         lto.tmp:(.text.usleep)
    6893     6893       4e     1                 usleep
    68e1     68e1       38     1         lto.tmp:(.text.strcpy)
    68e1     68e1       38     1                 strcpy
    6919     6919       34     1         lto.tmp:(.text.strlen)
    6919     6919       34     1                 strlen
    694d     694d       13     1         lto.tmp:(.text.__ashlhi3)
    694d     694d       13     1                 __ashlhi3
    6960     6960       1b     1         lto.tmp:(.text.__mulqi3)
    6960     6960       1b     1                 __mulqi3
    697b     697b       32     1         lto.tmp:(.text.__mulhi3)
    697b     697b       32     1                 __mulhi3
    69ad     69ad       70     1         lto.tmp:(.text.__mulsi3)
    69ad     69ad       70     1                 __mulsi3
    6a1d     6a1d       82     1         lto.tmp:(.text.__udivmodqi4)
    6a1d     6a1d       82     1                 __udivmodqi4
    6a9f     6a9f       da     1         lto.tmp:(.text.__udivmodhi4)
    6a9f     6a9f       da     1                 __udivmodhi4
    6b79     6b79       2d     1         lto.tmp:(.text.memcpy)
    6b79     6b79       2d     1                 memcpy
    6ba6     6ba6       1f     1         lto.tmp:(.text.__memset)
    6ba6     6ba6       1f     1                 __memset
    6bc5     6bc5        0     1         __init_array_start = .
    6bc5     6bc5        0     1         __init_array_end = .
    6bc5     6bc5        0     1         __fini_array_start = .
    6bc5     6bc5        0     1         __fini_array_end = .
    6bc5     6bc5      55b     1 .rodata
    6bc5     6bc5       1e     1         lto.tmp:(.rodata.main)
    6be3     6be3      4d1     1         <internal>:(.rodata.str1.1)
    70b4     70b4        c     1         <internal>:(.rodata.cst4)
    70c0     70c0       50     1         lto.tmp:(.rodata..L__const.findnextBAMtracksector.strategy)
    7110     7110       10     1         <internal>:(.rodata.cst16)
    7120     7120        0     1 .data
    7120     7120        0     1         __data_start = .
    7120     7120        0     1         __data_end = .
    7120     7120        0     1 __data_load_start = LOADADDR ( .data )
    7120     7120        0     1 __data_size = SIZEOF ( .data )
    7120     7120      321     1 .bss
    7120     7120        0     1         __bss_start = .
    7120     7120        1     1         lto.tmp:(.bss.fnamehi)
    7120     7120        1     1                 fnamehi
    7121     7121       22     1         lto.tmp:(.bss.diskname)
    7121     7121       22     1                 diskname
    7143     7143        1     1         lto.tmp:(.bss.g_curScreenH)
    7143     7143        1     1                 g_curScreenH
    7144     7144      2fd     1         lto.tmp:(.bss.escapeCode)
    7144     7144      2fd     1                 escapeCode
    7441     7441        0     1         __bss_end = .
    7441     7441        0     1 __bss_size = SIZEOF ( .bss )
    7441     7441       18     1 .noinit
    7441     7441        1     1         F:\Entwicklungsprojekte\Mega65\llvm-mos\llvm-mos\bin/../mos-platform/commodore/lib\libcrt0.a(exit-return.c.obj):(.noinit)
    7442     7442       17     1         lto.tmp:(.noinit..Lstatic_stack)
    7459     7459        0     1         __heap_start = .
    7459     7459        0     1 __stack = 0xd000
       0        0       79     1 .comment
       0        0       79     1         <internal>:(.comment)
       0        0      a70     4 .symtab
       0        0      a70     4         <internal>:(.symtab)
       0        0       68     1 .shstrtab
       0        0       68     1         <internal>:(.shstrtab)
       0        0      6e7     1 .strtab
       0        0      6e7     1         <internal>:(.strtab)
