     VMA      LMA     Size Align Out     In      Symbol
       0        0        0     1 __basic_zp_start = 0x0002
       0        0        0     1 __basic_zp_end = 0x0090
       0        0        0     1 __rc0 = __basic_zp_start
       0        0        0     1 __rc1 = __rc0 + 1
       0        0        0     1 PROVIDE ( __rc2 = __rc1 + 1 )
       0        0        0     1 __rc3 = __rc2 + 1
       0        0        0     1 PROVIDE ( __rc4 = __rc3 + 1 )
       0        0        0     1 __rc5 = __rc4 + 1
       0        0        0     1 PROVIDE ( __rc6 = __rc5 + 1 )
       0        0        0     1 __rc7 = __rc6 + 1
       0        0        0     1 PROVIDE ( __rc8 = __rc7 + 1 )
       0        0        0     1 __rc9 = __rc8 + 1
       0        0        0     1 PROVIDE ( __rc10 = __rc9 + 1 )
       0        0        0     1 __rc11 = __rc10 + 1
       0        0        0     1 PROVIDE ( __rc12 = __rc11 + 1 )
       0        0        0     1 __rc13 = __rc12 + 1
       0        0        0     1 PROVIDE ( __rc14 = __rc13 + 1 )
       0        0        0     1 __rc15 = __rc14 + 1
       0        0        0     1 PROVIDE ( __rc16 = __rc15 + 1 )
       0        0        0     1 __rc17 = __rc16 + 1
       0        0        0     1 PROVIDE ( __rc18 = __rc17 + 1 )
       0        0        0     1 __rc19 = __rc18 + 1
       0        0        0     1 PROVIDE ( __rc20 = __rc19 + 1 )
       0        0        0     1 __rc21 = __rc20 + 1
       0        0        0     1 PROVIDE ( __rc22 = __rc21 + 1 )
       0        0        0     1 __rc23 = __rc22 + 1
       0        0        0     1 PROVIDE ( __rc24 = __rc23 + 1 )
       0        0        0     1 __rc25 = __rc24 + 1
       0        0        0     1 PROVIDE ( __rc26 = __rc25 + 1 )
       0        0        0     1 __rc27 = __rc26 + 1
       0        0        0     1 PROVIDE ( __rc28 = __rc27 + 1 )
       0        0        0     1 __rc29 = __rc28 + 1
       0        0        0     1 PROVIDE ( __rc30 = __rc29 + 1 )
       0        0        0     1 __rc31 = __rc30 + 1
    2001     2001       16     1 .basic_header
    2001     2001       16     1         F:\Entwicklungsprojekte\Mega65\llvm-mos\llvm-mos\bin/../mos-platform/mega65/lib\basic-header.o:(.basic_header)
    2015     2015        0     1                 next_line
      22     2017       14     1 .zp.data
      22     2017        0     1         __zp_data_start = .
      22     2017        5     1         lto.tmp:(.zp.rodata..Lswitch.table.gettype)
      27     201c        5     1         lto.tmp:(.zp.rodata..Lswitch.table.gettype.16)
      2c     2021        5     1         lto.tmp:(.zp.rodata..Lswitch.table.gettype.17)
      31     2026        4     1         <internal>:(.zp.rodata.cst4)
      35     202a        1     1         lto.tmp:(.zp.data.g_curTextColor)
      35     202a        1     1                 g_curTextColor
      36     202b        0     1 __zp_data_load_start = LOADADDR ( .zp.data )
      36     202b        0     1 __zp_data_size = SIZEOF ( .zp.data )
      36       36       36     1 .zp.bss
      36       36        0     1         __zp_bss_start = .
      36       36        1     1         lto.tmp:(.zp.bss.fnamehi)
      36       36        1     1                 fnamehi
      37       37        2     1         lto.tmp:(.zp.bss.BAMsector.0)
      37       37        2     1                 BAMsector.0
      39       39        2     1         lto.tmp:(.zp.bss.BAMsector.1)
      39       39        2     1                 BAMsector.1
      3b       3b        2     1         lto.tmp:(.zp.bss.worksector.0)
      3b       3b        2     1                 worksector.0
      3d       3d        2     1         lto.tmp:(.zp.bss.worksectorasBAM.0)
      3d       3d        2     1                 worksectorasBAM.0
      3f       3f        2     1         lto.tmp:(.zp.bss.direntryblock.0)
      3f       3f        2     1                 direntryblock.0
      41       41        2     1         lto.tmp:(.zp.bss.direntryblock.1)
      41       41        2     1                 direntryblock.1
      43       43       11     1         lto.tmp:(.zp.bss.dosfilename)
      43       43       11     1                 dosfilename
      54       54        1     1         lto.tmp:(.zp.bss.g_curScreenW)
      54       54        1     1                 g_curScreenW
      55       55        1     1         lto.tmp:(.zp.bss.g_curScreenH)
      55       55        1     1                 g_curScreenH
      56       56        1     1         lto.tmp:(.zp.bss.g_curX)
      56       56        1     1                 g_curX
      57       57        1     1         lto.tmp:(.zp.bss.g_curY)
      57       57        1     1                 g_curY
      58       58       14     1         lto.tmp:(.zp.bss.dmalist)
      58       58       14     1                 dmalist
      6c       6c        0     1 __zp_bss_size = SIZEOF ( .zp.bss )
      6c       6c       24     1 .zp
      6c       6c       24     1         lto.tmp:(.zp.noinit..Lzp_stack)
    202b     202b     4706     1 .text
    202b     202b        0     1         _init = .
    202b     202b        0     1         _start = .
    202b     202b        e     1         F:\Entwicklungsprojekte\Mega65\llvm-mos\llvm-mos\bin/../mos-platform/mega65/lib\unmap-basic.o:(.init.010)
    2039     2039        8     1         F:\Entwicklungsprojekte\Mega65\llvm-mos\llvm-mos\bin/../mos-platform/commodore/lib\libcrt0.a(init-stack.S.obj):(.init.100)
    2039     2039        0     1                 __do_init_stack
    2041     2041        3     1         F:\Entwicklungsprojekte\Mega65\llvm-mos\llvm-mos\bin/../mos-platform/commodore/lib\libcrt0.a(zero-bss.c.obj):(.init.200)
    2041     2041        0     1                 __do_zero_bss
    2044     2044        3     1         F:\Entwicklungsprojekte\Mega65\llvm-mos\llvm-mos\bin/../mos-platform/commodore/lib\libcrt0.a(zero-zp-bss.c.obj):(.init.200)
    2044     2044        0     1                 __do_zero_zp_bss
    2047     2047        3     1         F:\Entwicklungsprojekte\Mega65\llvm-mos\llvm-mos\bin/../mos-platform/commodore/lib\libcrt0.a(copy-zp-data.c.obj):(.init.200)
    2047     2047        0     1                 __do_copy_zp_data
    204a     204a        3     1         F:\Entwicklungsprojekte\Mega65\llvm-mos\llvm-mos\bin/../mos-platform/common/lib\crt0.o:(.call_main)
    204d     204d        3     1         F:\Entwicklungsprojekte\Mega65\llvm-mos\llvm-mos\bin/../mos-platform/commodore/lib\libcrt0.a(exit-return.c.obj):(.after_main)
    204d     204d        0     1                 __after_main
    2050     2050        0     1         _fini = .
    2050     2050        a     1         F:\Entwicklungsprojekte\Mega65\llvm-mos\llvm-mos\bin/../mos-platform/mega65/lib\unmap-basic.o:(.fini.990)
    205a     205a        1     1         F:\Entwicklungsprojekte\Mega65\llvm-mos\llvm-mos\bin/../mos-platform/common/lib\crt0.o:(.fini_rts)
    205b     205b       79     1         C:\Users\SUPERU~1\AppData\Local\Temp\memory_asm-f4750f.o:(.text)
    205b     205b        0     1                 fourbytes
    205f     205f        0     1                 lpstore
    207a     207a        0     1                 lprestore
    2095     2095        0     1                 lpoke
    20b6     20b6        0     1                 lpeek
    20d4     20d4        a     1         F:\Entwicklungsprojekte\Mega65\llvm-mos\llvm-mos\bin/../mos-platform/commodore/lib\libcrt0.a(exit-return.c.obj):(.text)
    20d4     20d4        a     1                 __exit_return
    20de     20de     146b     1         F:\Entwicklungsprojekte\Mega65\llvm-mos\llvm-mos\bin/../mos-platform/common/lib\libcrt.a(divmod-large.cc.obj):(.text)
    20de     20de      252     1                 __udivmodsi4
    2330     2330      5af     1                 __udivmoddi4
    28df     28df      399     1                 __divmodsi4
    2c78     2c78      8d1     1                 __divmoddi4
    3549     3549       13     1         F:\Entwicklungsprojekte\Mega65\llvm-mos\llvm-mos\bin/../mos-platform/commodore/lib\libcrt0.a(zero-bss.c.obj):(.text)
    3549     3549       13     1                 __zero_bss
    355c     355c       13     1         F:\Entwicklungsprojekte\Mega65\llvm-mos\llvm-mos\bin/../mos-platform/commodore/lib\libcrt0.a(zero-zp-bss.c.obj):(.text)
    355c     355c       13     1                 __zero_zp_bss
    356f     356f       17     1         F:\Entwicklungsprojekte\Mega65\llvm-mos\llvm-mos\bin/../mos-platform/commodore/lib\libcrt0.a(copy-zp-data.c.obj):(.text)
    356f     356f       17     1                 __copy_zp_data
    3586     3586     1854     1         lto.tmp:(.text.main)
    3586     3586     1854     1                 main
    41c3     41c3        0     1                 hypreaddirloop0
    41db     41db        0     1                 errhypreaddir0
    41dd     41dd        0     1                 donehypreaddir0
    424f     424f        0     1                 errgetcurdrv1
    4253     4253        0     1                 donegetcurdrv1
    426b     426b        0     1                 errhypopendir2
    426f     426f        0     1                 donehypopendir2
    4339     4339        0     1                 errhypsetnam3
    433d     433d        0     1                 donehypsetnam3
    4353     4353        0     1                 errhyp1att4
    4357     4357        0     1                 donehyp1att4
    4381     4381        0     1                 errhyp0att5
    4385     4385        0     1                 donehyp0att5
    4b2a     4b2a        0     1                 errhypclosedir6
    4b2c     4b2c        0     1                 donehypclosedir6
    4dda     4dda       47     1         lto.tmp:(.text.ReadSector)
    4dda     4dda       47     1                 ReadSector
    4e21     4e21      29c     1         lto.tmp:(.text.ShowAccess)
    4e21     4e21      29c     1                 ShowAccess
    50bd     50bd       93     1         lto.tmp:(.text.GetOneSector)
    50bd     50bd       93     1                 GetOneSector
    5150     5150       e6     1         lto.tmp:(.text.PutOneSector)
    5150     5150       e6     1                 PutOneSector
    5236     5236       3b     1         lto.tmp:(.text.GetBAM)
    5236     5236       3b     1                 GetBAM
    5271     5271       2f     1         lto.tmp:(.text.PutBAM)
    5271     5271       2f     1                 PutBAM
    52a0     52a0      12c     1         lto.tmp:(.text.readblockchain)
    52a0     52a0      12c     1                 readblockchain
    53cc     53cc      23c     1         lto.tmp:(.text.BAMSectorUpdate)
    53cc     53cc      23c     1                 BAMSectorUpdate
    5608     5608       f7     1         lto.tmp:(.text.findnextBAMtracksector)
    5608     5608       f7     1                 findnextBAMtracksector
    56ff     56ff      117     1         lto.tmp:(.text.getdirententry)
    56ff     56ff      117     1                 getdirententry
    5816     5816       97     1         lto.tmp:(.text.getdirent)
    5816     5816       97     1                 getdirent
    58ad     58ad      137     1         lto.tmp:(.text.cputln)
    58ad     58ad      137     1                 cputln
    59e4     59e4       b7     1         lto.tmp:(.text.csputdec)
    59e4     59e4       b7     1                 csputdec
    5a9b     5a9b       4a     1         lto.tmp:(.text.asciitoscreencode_s)
    5a9b     5a9b       4a     1                 asciitoscreencode_s
    5ae5     5ae5       a5     1         lto.tmp:(.text.clrhome)
    5ae5     5ae5       a5     1                 clrhome
    5b8a     5b8a       2f     1         lto.tmp:(.text.mprintf)
    5b8a     5b8a       2f     1                 mprintf
    5bb9     5bb9      259     1         lto.tmp:(.text.mcbox)
    5bb9     5bb9      259     1                 mcbox
    5e12     5e12      1e2     1         lto.tmp:(.text.messagebox)
    5e12     5e12      1e2     1                 messagebox
    5ff4     5ff4      18e     1         lto.tmp:(.text.UpdateSectors)
    5ff4     5ff4      18e     1                 UpdateSectors
    6182     6182        1     1         lto.tmp:(.text.escNOP)
    6182     6182        1     1                 escNOP
    6183     6183       ee     1         lto.tmp:(.text.cputcxy)
    6183     6183       ee     1                 cputcxy
    6271     6271       dd     1         lto.tmp:(.text.cputsxy)
    6271     6271       dd     1                 cputsxy
    634e     634e       8b     1         lto.tmp:(.text.lcopy)
    634e     634e       8b     1                 lcopy
    63d9     63d9       74     1         lto.tmp:(.text.lfill)
    63d9     63d9       74     1                 lfill
    644d     644d       38     1         lto.tmp:(.text.strcpy)
    644d     644d       38     1                 strcpy
    6485     6485       34     1         lto.tmp:(.text.strlen)
    6485     6485       34     1                 strlen
    64b9     64b9       13     1         lto.tmp:(.text.__ashlhi3)
    64b9     64b9       13     1                 __ashlhi3
    64cc     64cc       1b     1         lto.tmp:(.text.__mulqi3)
    64cc     64cc       1b     1                 __mulqi3
    64e7     64e7       32     1         lto.tmp:(.text.__mulhi3)
    64e7     64e7       32     1                 __mulhi3
    6519     6519       70     1         lto.tmp:(.text.__mulsi3)
    6519     6519       70     1                 __mulsi3
    6589     6589       82     1         lto.tmp:(.text.__udivmodqi4)
    6589     6589       82     1                 __udivmodqi4
    660b     660b       da     1         lto.tmp:(.text.__udivmodhi4)
    660b     660b       da     1                 __udivmodhi4
    66e5     66e5       2d     1         lto.tmp:(.text.memcpy)
    66e5     66e5       2d     1                 memcpy
    6712     6712       1f     1         lto.tmp:(.text.__memset)
    6712     6712       1f     1                 __memset
    6731     6731        0     1         __init_array_start = .
    6731     6731        0     1         __init_array_end = .
    6731     6731        0     1         __fini_array_start = .
    6731     6731        0     1         __fini_array_end = .
    6731     6731      2c9     1 .rodata
    6731     6731       44     1         lto.tmp:(.rodata.main)
    6775     6775      280     1         <internal>:(.rodata.str1.1)
    69f5     69f5        5     1         lto.tmp:(.rodata..Lswitch.table.asciitoscreencode_s)
    69fa     69fa        0     1 .data
    69fa     69fa        0     1         __data_start = .
    69fa     69fa        0     1         __data_end = .
    69fa     69fa        0     1 __data_load_start = LOADADDR ( .data )
    69fa     69fa        0     1 __data_size = SIZEOF ( .data )
    69fa     69fa      7b7     1 .bss
    69fa     69fa        0     1         __bss_start = .
    69fa     69fa      492     1         lto.tmp:(.bss.filelist)
    69fa     69fa      492     1                 filelist
    6e8c     6e8c       28     1         lto.tmp:(.bss.s)
    6e8c     6e8c       28     1                 s
    6eb4     6eb4      2fd     1         lto.tmp:(.bss.escapeCode)
    6eb4     6eb4      2fd     1                 escapeCode
    71b1     71b1        0     1         __bss_end = .
    71b1     71b1        0     1 __bss_size = SIZEOF ( .bss )
    71b1     71b1        1     1 .noinit
    71b1     71b1        1     1         F:\Entwicklungsprojekte\Mega65\llvm-mos\llvm-mos\bin/../mos-platform/commodore/lib\libcrt0.a(exit-return.c.obj):(.noinit)
    71b2     71b2        0     1         __heap_start = .
    71b2     71b2        0     1 __stack = 0xd000
       0        0       79     1 .comment
       0        0       79     1         <internal>:(.comment)
       0        0      960     4 .symtab
       0        0      960     4         <internal>:(.symtab)
       0        0       68     1 .shstrtab
       0        0       68     1         <internal>:(.shstrtab)
       0        0      658     1 .strtab
       0        0      658     1         <internal>:(.strtab)
