     VMA      LMA     Size Align Out     In      Symbol
       0        0        0     1 __basic_zp_start = 0x0002
       0        0        0     1 __basic_zp_end = 0x0090
       0        0        0     1 __rc0 = __basic_zp_start
       0        0        0     1 __rc1 = __rc0 + 1
       0        0        0     1 PROVIDE(__rc2 = __rc1 + 1)
       0        0        0     1 __rc3 = __rc2 + 1
       0        0        0     1 PROVIDE(__rc4 = __rc3 + 1)
       0        0        0     1 __rc5 = __rc4 + 1
       0        0        0     1 PROVIDE(__rc6 = __rc5 + 1)
       0        0        0     1 __rc7 = __rc6 + 1
       0        0        0     1 PROVIDE(__rc8 = __rc7 + 1)
       0        0        0     1 __rc9 = __rc8 + 1
       0        0        0     1 PROVIDE(__rc10 = __rc9 + 1)
       0        0        0     1 __rc11 = __rc10 + 1
       0        0        0     1 PROVIDE(__rc12 = __rc11 + 1)
       0        0        0     1 __rc13 = __rc12 + 1
       0        0        0     1 PROVIDE(__rc14 = __rc13 + 1)
       0        0        0     1 __rc15 = __rc14 + 1
       0        0        0     1 PROVIDE(__rc16 = __rc15 + 1)
       0        0        0     1 __rc17 = __rc16 + 1
       0        0        0     1 PROVIDE(__rc18 = __rc17 + 1)
       0        0        0     1 __rc19 = __rc18 + 1
       0        0        0     1 PROVIDE(__rc20 = __rc19 + 1)
       0        0        0     1 __rc21 = __rc20 + 1
       0        0        0     1 PROVIDE(__rc22 = __rc21 + 1)
       0        0        0     1 __rc23 = __rc22 + 1
       0        0        0     1 PROVIDE(__rc24 = __rc23 + 1)
       0        0        0     1 __rc25 = __rc24 + 1
       0        0        0     1 PROVIDE(__rc26 = __rc25 + 1)
       0        0        0     1 __rc27 = __rc26 + 1
       0        0        0     1 PROVIDE(__rc28 = __rc27 + 1)
       0        0        0     1 __rc29 = __rc28 + 1
       0        0        0     1 PROVIDE(__rc30 = __rc29 + 1)
       0        0        0     1 __rc31 = __rc30 + 1
    2001     2001       16     1 .basic_header
    2001     2001       16     1         F:\Entwicklungsprojekte\Mega65\llvm-mos\llvm-mos\bin/../mos-platform/mega65/lib\basic-header.o:(.basic_header)
    2015     2015        0     1                 next_line
      22     2017        a     1 .zp.data
      22     2017        0     1         __zp_data_start = .
      22     2017        a     1         midnightmega.prg.lto.o:(.zp.data)
      27     201c        4     1                 midnight
      2b     2020        1     1                 g_curTextColor
      2c     2021        0     1 __zp_data_load_start = LOADADDR(.zp.data)
      2c     2021        0     1 __zp_data_size = SIZEOF(.zp.data)
      2c       2c       1c     1 .zp.bss
      2c       2c        0     1         __zp_bss_start = .
      2c       2c       1c     1         midnightmega.prg.lto.o:(.zp.bss)
      2c       2c        1     1                 lastdrive
      2d       2d        1     1                 prevtrack
      2e       2e        1     1                 lastdoublesector
      2f       2f        1     1                 option.0
      30       30        1     1                 g_curScreenW
      31       31        1     1                 g_curScreenH
      32       32        1     1                 g_curX
      33       33        1     1                 g_curY
      34       34       14     1                 dmalist
      48       48        0     1 __zp_bss_size = SIZEOF(.zp.bss)
      48       48       48     1 .zp
      48       48       48     1         midnightmega.prg.lto.o:(.zp.noinit)
    2021     2021     72ad     1 .text
    2021     2021        0     1         _init = .
    2021     2021        0     1         _start = .
    2021     2021        e     1         F:\Entwicklungsprojekte\Mega65\llvm-mos\llvm-mos\bin/../mos-platform/mega65/lib\unmap-basic.o:(.init.010)
    202f     202f        8     1         F:\Entwicklungsprojekte\Mega65\llvm-mos\llvm-mos\bin/../mos-platform/mega65/lib\libcrt0.a(init-stack.S.obj):(.init.100)
    202f     202f        0     1                 __do_init_stack
    2037     2037        3     1         F:\Entwicklungsprojekte\Mega65\llvm-mos\llvm-mos\bin/../mos-platform/mega65/lib\libcrt0.a(zero-bss.c.obj):(.init.200)
    2037     2037        0     1                 __do_zero_bss
    203a     203a        3     1         F:\Entwicklungsprojekte\Mega65\llvm-mos\llvm-mos\bin/../mos-platform/mega65/lib\libcrt0.a(zero-zp-bss.c.obj):(.init.200)
    203a     203a        0     1                 __do_zero_zp_bss
    203d     203d        3     1         F:\Entwicklungsprojekte\Mega65\llvm-mos\llvm-mos\bin/../mos-platform/mega65/lib\libcrt0.a(copy-zp-data.c.obj):(.init.200)
    203d     203d        0     1                 __do_copy_zp_data
    2040     2040        5     1         midnightmega.prg.lto.o:(.init.250)
    2040     2040        0     1                 shift
    2045     2045        3     1         F:\Entwicklungsprojekte\Mega65\llvm-mos\llvm-mos\bin/../mos-platform/common/lib\crt0.o:(.call_main)
    2048     2048        3     1         F:\Entwicklungsprojekte\Mega65\llvm-mos\llvm-mos\bin/../mos-platform/mega65/lib\libcrt0.a(exit-custom.S.obj):(.after_main)
    2048     2048        0     1                 __after_main
    204b     204b        0     1         _fini = .
    204b     204b        a     1         F:\Entwicklungsprojekte\Mega65\llvm-mos\llvm-mos\bin/../mos-platform/mega65/lib\unmap-basic.o:(.fini.990)
    2055     2055        1     1         F:\Entwicklungsprojekte\Mega65\llvm-mos\llvm-mos\bin/../mos-platform/common/lib\crt0.o:(.fini_rts)
    2056     2056       79     1         C:\Users\SUPERU~1\AppData\Local\Temp\memory_asm-1593ad.o:(.text)
    2056     2056        0     1                 fourbytes
    205a     205a        0     1                 lpstore
    2075     2075        0     1                 lprestore
    2090     2090        0     1                 lpoke
    20b1     20b1        0     1                 lpeek
    20cf     20cf       13     1         F:\Entwicklungsprojekte\Mega65\llvm-mos\llvm-mos\bin/../mos-platform/mega65/lib\libcrt0.a(zero-bss.c.obj):(.text.__zero_bss)
    20cf     20cf       13     1                 __zero_bss
    20e2     20e2       13     1         F:\Entwicklungsprojekte\Mega65\llvm-mos\llvm-mos\bin/../mos-platform/mega65/lib\libcrt0.a(zero-zp-bss.c.obj):(.text.__zero_zp_bss)
    20e2     20e2       13     1                 __zero_zp_bss
    20f5     20f5       17     1         F:\Entwicklungsprojekte\Mega65\llvm-mos\llvm-mos\bin/../mos-platform/mega65/lib\libcrt0.a(copy-zp-data.c.obj):(.text.__copy_zp_data)
    20f5     20f5       17     1                 __copy_zp_data
    210c     210c       92     1         midnightmega.prg.lto.o:(.text.main)
    210c     210c       92     1                 main
    219e     219e       32     1         midnightmega.prg.lto.o:(.text.hyppo_setname)
    219e     219e       32     1                 hyppo_setname
    21ca     21ca        0     1                 errhypsetnam0
    21ce     21ce        0     1                 donehypsetnam0
    21d0     21d0       63     1         midnightmega.prg.lto.o:(.text.getsfn)
    21d0     21d0       63     1                 getsfn
    2233     2233      179     1         midnightmega.prg.lto.o:(.text.ShowAccess)
    2233     2233      179     1                 ShowAccess
    23ac     23ac       df     1         midnightmega.prg.lto.o:(.text.ReadSector)
    23ac     23ac       df     1                 ReadSector
    248b     248b       b3     1         midnightmega.prg.lto.o:(.text.WriteSector)
    248b     248b       b3     1                 WriteSector
    253e     253e       47     1         midnightmega.prg.lto.o:(.text.GetOneSector)
    253e     253e       47     1                 GetOneSector
    2585     2585       a1     1         midnightmega.prg.lto.o:(.text.PutWholeSector)
    2585     2585       a1     1                 PutWholeSector
    2626     2626       5d     1         midnightmega.prg.lto.o:(.text.PutOneSector)
    2626     2626       5d     1                 PutOneSector
    2683     2683       39     1         midnightmega.prg.lto.o:(.text.GetBAM)
    2683     2683       39     1                 GetBAM
    26bc     26bc       70     1         midnightmega.prg.lto.o:(.text.PutBAM)
    26bc     26bc       70     1                 PutBAM
    272c     272c      10b     1         midnightmega.prg.lto.o:(.text.readblockchain)
    272c     272c      10b     1                 readblockchain
    2837     2837      302     1         midnightmega.prg.lto.o:(.text.BAMSectorUpdate)
    2837     2837      302     1                 BAMSectorUpdate
    2b39     2b39       98     1         midnightmega.prg.lto.o:(.text.BAMSectorsFreeBlocks)
    2b39     2b39       98     1                 BAMSectorsFreeBlocks
    2bd1     2bd1      167     1         midnightmega.prg.lto.o:(.text.FreeTracks)
    2bd1     2bd1      167     1                 FreeTracks
    2d38     2d38      1f8     1         midnightmega.prg.lto.o:(.text.FormatPartition)
    2d38     2d38      1f8     1                 FormatPartition
    2f30     2f30      1a0     1         midnightmega.prg.lto.o:(.text.isallocatedBAMtracksector)
    2f30     2f30      1a0     1                 isallocatedBAMtracksector
    30d0     30d0      15e     1         midnightmega.prg.lto.o:(.text.findnextBAMtracksector)
    30d0     30d0      15e     1                 findnextBAMtracksector
    322e     322e      263     1         midnightmega.prg.lto.o:(.text.writeblockchain)
    322e     322e      263     1                 writeblockchain
    3491     3491       c8     1         midnightmega.prg.lto.o:(.text.deleteblockchain)
    3491     3491       c8     1                 deleteblockchain
    3559     3559       8c     1         midnightmega.prg.lto.o:(.text.tracksectorstring)
    3559     3559       8c     1                 tracksectorstring
    35e5     35e5      10f     1         midnightmega.prg.lto.o:(.text.getdirententry)
    35e5     35e5      10f     1                 getdirententry
    36f4     36f4      46d     1         midnightmega.prg.lto.o:(.text.writenewdirententry)
    36f4     36f4      46d     1                 writenewdirententry
    3b61     3b61      30b     1         midnightmega.prg.lto.o:(.text.deletedirententry)
    3b61     3b61      30b     1                 deletedirententry
    3e6c     3e6c      260     1         midnightmega.prg.lto.o:(.text.swapdirententry)
    3e6c     3e6c      260     1                 swapdirententry
    40cc     40cc       d8     1         midnightmega.prg.lto.o:(.text.rewritedirent)
    40cc     40cc       d8     1                 rewritedirent
    41a4     41a4       16     1         midnightmega.prg.lto.o:(.text.strcopy)
    41a4     41a4       16     1                 strcopy
    41ba     41ba       31     1         midnightmega.prg.lto.o:(.text.strmakefilename)
    41ba     41ba       31     1                 strmakefilename
    41eb     41eb       c6     1         midnightmega.prg.lto.o:(.text.csputdec)
    41eb     41eb       c6     1                 csputdec
    42b1     42b1       25     1         midnightmega.prg.lto.o:(.text.asciitoscreencode)
    42b1     42b1       25     1                 asciitoscreencode
    42d6     42d6       35     1         midnightmega.prg.lto.o:(.text.asciitoscreencode_s)
    42d6     42d6       35     1                 asciitoscreencode_s
    430b     430b       5e     1         midnightmega.prg.lto.o:(.text.clrhome)
    430b     430b       5e     1                 clrhome
    4369     4369        e     1         midnightmega.prg.lto.o:(.text.msprintf)
    4369     4369        e     1                 msprintf
    4377     4377       2b     1         midnightmega.prg.lto.o:(.text.mprintf)
    4377     4377       2b     1                 mprintf
    43a2     43a2       16     1         midnightmega.prg.lto.o:(.text.mcputsxy)
    43a2     43a2       16     1                 mcputsxy
    43b8     43b8      18b     1         midnightmega.prg.lto.o:(.text.mcbox)
    43b8     43b8      18b     1                 mcbox
    4543     4543      1ae     1         midnightmega.prg.lto.o:(.text.messagebox)
    4543     4543      1ae     1                 messagebox
    46f1     46f1       b2     1         midnightmega.prg.lto.o:(.text.progress)
    46f1     46f1       b2     1                 progress
    47a3     47a3       fe     1         midnightmega.prg.lto.o:(.text.inputbox)
    47a3     47a3       fe     1                 inputbox
    48a1     48a1       4b     1         midnightmega.prg.lto.o:(.text.Deselect)
    48a1     48a1       4b     1                 Deselect
    48ec     48ec       41     1         midnightmega.prg.lto.o:(.text.shortcutprint)
    48ec     48ec       41     1                 shortcutprint
    492d     492d      61d     1         midnightmega.prg.lto.o:(.text.shortcuts)
    492d     492d      61d     1                 shortcuts
    4f4a     4f4a       9f     1         midnightmega.prg.lto.o:(.text.optionstring)
    4f4a     4f4a       9f     1                 optionstring
    4fe9     4fe9      615     1         midnightmega.prg.lto.o:(.text.UpdateSectors)
    4fe9     4fe9      615     1                 UpdateSectors
    50d3     50d3        0     1                 errgetproc1
    50d7     50d7        0     1                 donegetproc1
    5211     5211        0     1                 errgetcurdrv2
    5215     5215        0     1                 donegetcurdrv2
    522e     522e        0     1                 errhypopendir3
    5232     5232        0     1                 donehypopendir3
    52ff     52ff        0     1                 hypreaddirloop4
    5317     5317        0     1                 errhypreaddir4
    5319     5319        0     1                 donehypreaddir4
    557d     557d        0     1                 errhypclosedir5
    557f     557f        0     1                 donehypclosedir5
    55fe     55fe      19f     1         midnightmega.prg.lto.o:(.text.sizeselectcurrentifnone)
    55fe     55fe      19f     1                 sizeselectcurrentifnone
    579d     579d     2e73     1         midnightmega.prg.lto.o:(.text.navi)
    579d     579d     2e73     1                 navi
    65b4     65b4        0     1                 errhypfindfirst6
    65b6     65b6        0     1                 donehypfindfirst6
    65d5     65d5        0     1                 errhypopenfile7
    65d7     65d7        0     1                 donehypopenfile7
    6601     6601        0     1                 errhypreadfile8
    6605     6605        0     1                 donehypreadfile8
    6624     6624        0     1                 errhypclosefile9
    6628     6628        0     1                 donehypclosefile9
    76a6     76a6        0     1                 errhypd81dosattach10
    76aa     76aa        0     1                 donehypd81dosattach10
    7c7d     7c7d        0     1                 errhypfindfirst11
    7c7f     7c7f        0     1                 donehypfindfirst11
    7da3     7da3        0     1                 errhypfindfirst12
    7da5     7da5        0     1                 donehypfindfirst12
    7de6     7de6        0     1                 errhyprmfile13
    7dea     7dea        0     1                 donehyprmfile13
    7dfa     7dfa        0     1                 errhypclosedir14
    7dfc     7dfc        0     1                 donehypclosedir14
    7e84     7e84        0     1                 errhyprmfile15
    7e88     7e88        0     1                 donehyprmfile15
    7e98     7e98        0     1                 errhypclosedir16
    7e9a     7e9a        0     1                 donehypclosedir16
    80a9     80a9        0     1                 errhypchdir17
    80ad     80ad        0     1                 donehypchdir17
    8249     8249        0     1                 errhypchdir18
    824d     824d        0     1                 donehypchdir18
    8370     8370        0     1                 errhyp1att19
    8374     8374        0     1                 donehyp1att19
    8578     8578        0     1                 errhyp0att20
    857c     857c        0     1                 donehyp0att20
    85e7     85e7        0     1                 errhypd81dosattach21
    85eb     85eb        0     1                 donehypd81dosattach21
    85fd     85fd        0     1                 errhypd81dosattach22
    8601     8601        0     1                 donehypd81dosattach22
    8610     8610       74     1         midnightmega.prg.lto.o:(.text.blockreadbyte)
    8610     8610       74     1                 blockreadbyte
    8684     8684      269     1         midnightmega.prg.lto.o:(.text.text)
    8684     8684      269     1                 text
    88ed     88ed       46     1         midnightmega.prg.lto.o:(.text.sidbong)
    88ed     88ed       46     1                 sidbong
    8933     8933        b     1         midnightmega.prg.lto.o:(.text.flushkeybuf)
    8933     8933        b     1                 flushkeybuf
    893e     893e       17     1         midnightmega.prg.lto.o:(.text.petsciitoscreencode)
    893e     893e       17     1                 petsciitoscreencode
    8955     8955        9     1         midnightmega.prg.lto.o:(.text.cputc)
    8955     8955        9     1                 cputc
    895e     895e       a1     1         midnightmega.prg.lto.o:(.text.cputcxy)
    895e     895e       a1     1                 cputcxy
    89ff     89ff        7     1         midnightmega.prg.lto.o:(.text.cputs)
    89ff     89ff        7     1                 cputs
    8a06     8a06       db     1         midnightmega.prg.lto.o:(.text.cputsxy)
    8a06     8a06       db     1                 cputsxy
    8ae1     8ae1       aa     1         midnightmega.prg.lto.o:(.text.fillrect)
    8ae1     8ae1       aa     1                 fillrect
    8b8b     8b8b        9     1         midnightmega.prg.lto.o:(.text.cgetc)
    8b8b     8b8b        9     1                 cgetc
    8b94     8b94       27     1         midnightmega.prg.lto.o:(.text.do_dma)
    8b94     8b94       27     1                 do_dma
    8bbb     8bbb       67     1         midnightmega.prg.lto.o:(.text.lcopy)
    8bbb     8bbb       67     1                 lcopy
    8c22     8c22       50     1         midnightmega.prg.lto.o:(.text.lfill)
    8c22     8c22       50     1                 lfill
    8c72     8c72       5c     1         midnightmega.prg.lto.o:(.text.usleep)
    8c72     8c72       5c     1                 usleep
    8cce     8cce        5     1         midnightmega.prg.lto.o:(.text.exit)
    8cce     8cce        5     1                 exit
    8cd3     8cd3       d9     1         midnightmega.prg.lto.o:(.text.atoi)
    8cd3     8cd3       d9     1                 atoi
    8dac     8dac       3e     1         midnightmega.prg.lto.o:(.text.strcpy)
    8dac     8dac       3e     1                 strcpy
    8dea     8dea       3c     1         midnightmega.prg.lto.o:(.text.strlen)
    8dea     8dea       3c     1                 strlen
    8e26     8e26        b     1         midnightmega.prg.lto.o:(.text.__ashlqi3)
    8e26     8e26        b     1                 __ashlqi3
    8e31     8e31       13     1         midnightmega.prg.lto.o:(.text.__ashlhi3)
    8e31     8e31       13     1                 __ashlhi3
    8e44     8e44       32     1         midnightmega.prg.lto.o:(.text.__mulhi3)
    8e44     8e44       32     1                 __mulhi3
    8e76     8e76       c1     1         midnightmega.prg.lto.o:(.text.__udivhi3)
    8e76     8e76       c1     1                 __udivhi3
    8f37     8f37       45     1         midnightmega.prg.lto.o:(.text.__umodqi3)
    8f37     8f37       45     1                 __umodqi3
    8f7c     8f7c       70     1         midnightmega.prg.lto.o:(.text.__udivmodqi4)
    8f7c     8f7c       70     1                 __udivmodqi4
    8fec     8fec       dc     1         midnightmega.prg.lto.o:(.text.__udivmodhi4)
    8fec     8fec       dc     1                 __udivmodhi4
    90c8     90c8      1ba     1         midnightmega.prg.lto.o:(.text.__udivmodsi4)
    90c8     90c8      1ba     1                 __udivmodsi4
    9282     9282       2c     1         midnightmega.prg.lto.o:(.text.memcpy)
    9282     9282       2c     1                 memcpy
    92ae     92ae       20     1         midnightmega.prg.lto.o:(.text.__memset)
    92ae     92ae       20     1                 __memset
    92ce     92ce        0     1         __init_array_start = .
    92ce     92ce        0     1         __init_array_end = .
    92ce     92ce        0     1         __fini_array_start = .
    92ce     92ce        0     1         __fini_array_end = .
    92ce     92ce      c62     1 .rodata
    92ce     92ce       7e     1         midnightmega.prg.lto.o:(.rodata.navi)
    934c     934c       16     1         midnightmega.prg.lto.o:(.rodata.text)
    9362     9362      b66     1         <internal>:(.rodata.str1.1)
    9ec8     9ec8        8     1         <internal>:(.rodata.cst4)
    9ed0     9ed0       50     1         midnightmega.prg.lto.o:(.rodata..L__const.findnextBAMtracksector.strategy)
    9f20     9f20       10     1         <internal>:(.rodata.cst16)
    9f30     9f30        0     1 .data
    9f30     9f30        0     1         __data_start = .
    9f30     9f30        0     1         __data_end = .
    9f30     9f30        0     1 __data_load_start = LOADADDR(.data)
    9f30     9f30        0     1 __data_size = SIZEOF(.data)
    9f30     9f30      2c4     1 .bss
    9f30     9f30        0     1         __bss_start = .
    9f30     9f30        1     1         midnightmega.prg.lto.o:(.bss.fnamehi.2)
    9f30     9f30        1     1                 fnamehi.2
    9f31     9f31       20     1         midnightmega.prg.lto.o:(.bss.direntryblock2)
    9f31     9f31       20     1                 direntryblock2
    9f51     9f51       50     1         midnightmega.prg.lto.o:(.bss.s)
    9f51     9f51       50     1                 s
    9fa1     9fa1      1f0     1         midnightmega.prg.lto.o:(.bss.direntflags)
    9fa1     9fa1      1f0     1                 direntflags
    a191     a191        1     1         midnightmega.prg.lto.o:(.bss.legacyHDOSstate)
    a191     a191        1     1                 legacyHDOSstate
    a192     a192       22     1         midnightmega.prg.lto.o:(.bss.disknames)
    a192     a192       22     1                 disknames
    a1b4     a1b4       40     1         midnightmega.prg.lto.o:(.bss.lfnname)
    a1b4     a1b4       40     1                 lfnname
    a1f4     a1f4        0     1         __bss_end = .
    a1f4     a1f4        0     1 __bss_size = SIZEOF(.bss)
    a1f4     a1f4       1e     1 .noinit
    a1f4     a1f4       1e     1         midnightmega.prg.lto.o:(.noinit..Lstatic_stack)
    a212     a212        0     1         __heap_start = ALIGN(., 2)
    a212     a212        0     1 __stack = 0xd000
       0        0       cc     1 .comment
       0        0       cc     1         <internal>:(.comment)
       0        0     1310     4 .symtab
       0        0     1310     4         <internal>:(.symtab)
       0        0       68     1 .shstrtab
       0        0       68     1         <internal>:(.shstrtab)
       0        0      cb9     1 .strtab
       0        0      cb9     1         <internal>:(.strtab)
