     VMA      LMA     Size Align Out     In      Symbol
       0        0        0     1 __basic_zp_start = 0x0002
       0        0        0     1 __basic_zp_end = 0x0090
       0        0        0     1 __rc0 = __basic_zp_start
       0        0        0     1 __rc1 = __rc0 + 1
       0        0        0     1 PROVIDE ( __rc2 = __rc1 + 1 )
       0        0        0     1 __rc3 = __rc2 + 1
       0        0        0     1 PROVIDE ( __rc4 = __rc3 + 1 )
       0        0        0     1 __rc5 = __rc4 + 1
       0        0        0     1 PROVIDE ( __rc6 = __rc5 + 1 )
       0        0        0     1 __rc7 = __rc6 + 1
       0        0        0     1 PROVIDE ( __rc8 = __rc7 + 1 )
       0        0        0     1 __rc9 = __rc8 + 1
       0        0        0     1 PROVIDE ( __rc10 = __rc9 + 1 )
       0        0        0     1 __rc11 = __rc10 + 1
       0        0        0     1 PROVIDE ( __rc12 = __rc11 + 1 )
       0        0        0     1 __rc13 = __rc12 + 1
       0        0        0     1 PROVIDE ( __rc14 = __rc13 + 1 )
       0        0        0     1 __rc15 = __rc14 + 1
       0        0        0     1 PROVIDE ( __rc16 = __rc15 + 1 )
       0        0        0     1 __rc17 = __rc16 + 1
       0        0        0     1 PROVIDE ( __rc18 = __rc17 + 1 )
       0        0        0     1 __rc19 = __rc18 + 1
       0        0        0     1 PROVIDE ( __rc20 = __rc19 + 1 )
       0        0        0     1 __rc21 = __rc20 + 1
       0        0        0     1 PROVIDE ( __rc22 = __rc21 + 1 )
       0        0        0     1 __rc23 = __rc22 + 1
       0        0        0     1 PROVIDE ( __rc24 = __rc23 + 1 )
       0        0        0     1 __rc25 = __rc24 + 1
       0        0        0     1 PROVIDE ( __rc26 = __rc25 + 1 )
       0        0        0     1 __rc27 = __rc26 + 1
       0        0        0     1 PROVIDE ( __rc28 = __rc27 + 1 )
       0        0        0     1 __rc29 = __rc28 + 1
       0        0        0     1 PROVIDE ( __rc30 = __rc29 + 1 )
       0        0        0     1 __rc31 = __rc30 + 1
    2001     2001       16     1 .basic_header
    2001     2001       16     1         F:\Entwicklungsprojekte\Mega65\llvm-mos\llvm-mos\bin/../mos-platform/mega65/lib\basic-header.o:(.basic_header)
    2015     2015        0     1                 next_line
      22     2017        6     1 .zp.data
      22     2017        0     1         __zp_data_start = .
      22     2017        6     1         emumidnightmega.prg.lto.o:(.zp.data)
      27     201c        1     1                 g_curTextColor
      28     201d        0     1 __zp_data_load_start = LOADADDR ( .zp.data )
      28     201d        0     1 __zp_data_size = SIZEOF ( .zp.data )
      28       28       41     1 .zp.bss
      28       28        0     1         __zp_bss_start = .
      28       28       41     1         emumidnightmega.prg.lto.o:(.zp.bss)
      28       28       28     1                 s
      50       50        1     1                 option.0
      51       51        1     1                 g_curScreenW
      52       52        1     1                 g_curScreenH
      53       53        1     1                 g_curX
      54       54        1     1                 g_curY
      55       55       14     1                 dmalist
      69       69        0     1 __zp_bss_size = SIZEOF ( .zp.bss )
      69       69       27     1 .zp
      69       69       27     1         emumidnightmega.prg.lto.o:(.zp.noinit)
    201d     201d     465c     1 .text
    201d     201d        0     1         _init = .
    201d     201d        0     1         _start = .
    201d     201d        e     1         F:\Entwicklungsprojekte\Mega65\llvm-mos\llvm-mos\bin/../mos-platform/mega65/lib\unmap-basic.o:(.init.010)
    202b     202b        8     1         F:\Entwicklungsprojekte\Mega65\llvm-mos\llvm-mos\bin/../mos-platform/mega65/lib\libcrt0.a(init-stack.S.obj):(.init.100)
    202b     202b        0     1                 __do_init_stack
    2033     2033        3     1         F:\Entwicklungsprojekte\Mega65\llvm-mos\llvm-mos\bin/../mos-platform/mega65/lib\libcrt0.a(zero-bss.c.obj):(.init.200)
    2033     2033        0     1                 __do_zero_bss
    2036     2036        3     1         F:\Entwicklungsprojekte\Mega65\llvm-mos\llvm-mos\bin/../mos-platform/mega65/lib\libcrt0.a(zero-zp-bss.c.obj):(.init.200)
    2036     2036        0     1                 __do_zero_zp_bss
    2039     2039        3     1         F:\Entwicklungsprojekte\Mega65\llvm-mos\llvm-mos\bin/../mos-platform/mega65/lib\libcrt0.a(copy-zp-data.c.obj):(.init.200)
    2039     2039        0     1                 __do_copy_zp_data
    203c     203c        5     1         emumidnightmega.prg.lto.o:(.init.250)
    203c     203c        0     1                 shift
    2041     2041        3     1         F:\Entwicklungsprojekte\Mega65\llvm-mos\llvm-mos\bin/../mos-platform/common/lib\crt0.o:(.call_main)
    2044     2044        3     1         F:\Entwicklungsprojekte\Mega65\llvm-mos\llvm-mos\bin/../mos-platform/mega65/lib\libcrt0.a(exit-return.c.obj):(.after_main)
    2044     2044        0     1                 __after_main
    2047     2047        0     1         _fini = .
    2047     2047        a     1         F:\Entwicklungsprojekte\Mega65\llvm-mos\llvm-mos\bin/../mos-platform/mega65/lib\unmap-basic.o:(.fini.990)
    2051     2051        1     1         F:\Entwicklungsprojekte\Mega65\llvm-mos\llvm-mos\bin/../mos-platform/common/lib\crt0.o:(.fini_rts)
    2052     2052       79     1         C:\Users\SUPERU~1\AppData\Local\Temp\memory_asm-6d431f.o:(.text)
    2052     2052        0     1                 fourbytes
    2056     2056        0     1                 lpstore
    2071     2071        0     1                 lprestore
    208c     208c        0     1                 lpoke
    20ad     20ad        0     1                 lpeek
    20cb     20cb        a     1         F:\Entwicklungsprojekte\Mega65\llvm-mos\llvm-mos\bin/../mos-platform/mega65/lib\libcrt0.a(exit-return.c.obj):(.text.__exit_return)
    20cb     20cb        a     1                 __exit_return
    20d5     20d5       13     1         F:\Entwicklungsprojekte\Mega65\llvm-mos\llvm-mos\bin/../mos-platform/mega65/lib\libcrt0.a(zero-bss.c.obj):(.text.__zero_bss)
    20d5     20d5       13     1                 __zero_bss
    20e8     20e8       13     1         F:\Entwicklungsprojekte\Mega65\llvm-mos\llvm-mos\bin/../mos-platform/mega65/lib\libcrt0.a(zero-zp-bss.c.obj):(.text.__zero_zp_bss)
    20e8     20e8       13     1                 __zero_zp_bss
    20fb     20fb       17     1         F:\Entwicklungsprojekte\Mega65\llvm-mos\llvm-mos\bin/../mos-platform/mega65/lib\libcrt0.a(copy-zp-data.c.obj):(.text.__copy_zp_data)
    20fb     20fb       17     1                 __copy_zp_data
    2112     2112     20b0     1         emumidnightmega.prg.lto.o:(.text.main)
    2112     2112     20b0     1                 main
    3c1b     3c1b        0     1                 errhyp1att0
    3c1f     3c1f        0     1                 donehyp1att0
    3e1a     3e1a        0     1                 errhypchdir1
    3e1e     3e1e        0     1                 donehypchdir1
    3e73     3e73        0     1                 errhypchdir2
    3e77     3e77        0     1                 donehypchdir2
    4064     4064        0     1                 errhyp0att3
    4068     4068        0     1                 donehyp0att3
    41c2     41c2       32     1         emumidnightmega.prg.lto.o:(.text.hyppo_setname)
    41c2     41c2       32     1                 hyppo_setname
    41ee     41ee        0     1                 errhypsetnam4
    41f2     41f2        0     1                 donehypsetnam4
    41f4     41f4       63     1         emumidnightmega.prg.lto.o:(.text.getsfn)
    41f4     41f4       63     1                 getsfn
    4257     4257       7b     1         emumidnightmega.prg.lto.o:(.text.ReadSector)
    4257     4257       7b     1                 ReadSector
    42d2     42d2      170     1         emumidnightmega.prg.lto.o:(.text.ShowAccess)
    42d2     42d2      170     1                 ShowAccess
    4442     4442       7e     1         emumidnightmega.prg.lto.o:(.text.GetOneSector)
    4442     4442       7e     1                 GetOneSector
    44c0     44c0       f2     1         emumidnightmega.prg.lto.o:(.text.PutOneSector)
    44c0     44c0       f2     1                 PutOneSector
    45b2     45b2       39     1         emumidnightmega.prg.lto.o:(.text.GetBAM)
    45b2     45b2       39     1                 GetBAM
    45eb     45eb       60     1         emumidnightmega.prg.lto.o:(.text.PutBAM)
    45eb     45eb       60     1                 PutBAM
    464b     464b       fb     1         emumidnightmega.prg.lto.o:(.text.readblockchain)
    464b     464b       fb     1                 readblockchain
    4746     4746      302     1         emumidnightmega.prg.lto.o:(.text.BAMSectorUpdate)
    4746     4746      302     1                 BAMSectorUpdate
    4a48     4a48      119     1         emumidnightmega.prg.lto.o:(.text.findnextBAMtracksector)
    4a48     4a48      119     1                 findnextBAMtracksector
    4b61     4b61       77     1         emumidnightmega.prg.lto.o:(.text.tracksectorstring)
    4b61     4b61       77     1                 tracksectorstring
    4bd8     4bd8       e3     1         emumidnightmega.prg.lto.o:(.text.getdirententry)
    4bd8     4bd8       e3     1                 getdirententry
    4cbb     4cbb       14     1         emumidnightmega.prg.lto.o:(.text.strcopy)
    4cbb     4cbb       14     1                 strcopy
    4ccf     4ccf       c6     1         emumidnightmega.prg.lto.o:(.text.csputdec)
    4ccf     4ccf       c6     1                 csputdec
    4d95     4d95       51     1         emumidnightmega.prg.lto.o:(.text.asciitoscreencode_s)
    4d95     4d95       51     1                 asciitoscreencode_s
    4de6     4de6       5e     1         emumidnightmega.prg.lto.o:(.text.clrhome)
    4de6     4de6       5e     1                 clrhome
    4e44     4e44        e     1         emumidnightmega.prg.lto.o:(.text.msprintf)
    4e44     4e44        e     1                 msprintf
    4e52     4e52       16     1         emumidnightmega.prg.lto.o:(.text.mcputsxy)
    4e52     4e52       16     1                 mcputsxy
    4e68     4e68      18b     1         emumidnightmega.prg.lto.o:(.text.mcbox)
    4e68     4e68      18b     1                 mcbox
    4ff3     4ff3       f3     1         emumidnightmega.prg.lto.o:(.text.messagebox)
    4ff3     4ff3       f3     1                 messagebox
    50e6     50e6       db     1         emumidnightmega.prg.lto.o:(.text.progress)
    50e6     50e6       db     1                 progress
    51c1     51c1       41     1         emumidnightmega.prg.lto.o:(.text.shortcutprint)
    51c1     51c1       41     1                 shortcutprint
    5202     5202      38a     1         emumidnightmega.prg.lto.o:(.text.shortcuts)
    5202     5202      38a     1                 shortcuts
    558c     558c       9a     1         emumidnightmega.prg.lto.o:(.text.optionstring)
    558c     558c       9a     1                 optionstring
    5626     5626      5af     1         emumidnightmega.prg.lto.o:(.text.UpdateSectors)
    5626     5626      5af     1                 UpdateSectors
    5747     5747        0     1                 errgetcurdrv5
    574b     574b        0     1                 donegetcurdrv5
    5764     5764        0     1                 errhypopendir6
    5768     5768        0     1                 donehypopendir6
    5802     5802        0     1                 hypreaddirloop7
    581a     581a        0     1                 errhypreaddir7
    581c     581c        0     1                 donehypreaddir7
    593c     593c        0     1                 errgetproc8
    5940     5940        0     1                 donegetproc8
    5b8a     5b8a        0     1                 errhypclosedir9
    5b8c     5b8c        0     1                 donehypclosedir9
    5bd5     5bd5       46     1         emumidnightmega.prg.lto.o:(.text.Deselect)
    5bd5     5bd5       46     1                 Deselect
    5c1b     5c1b      17c     1         emumidnightmega.prg.lto.o:(.text.sizeselectcurrentifnone)
    5c1b     5c1b      17c     1                 sizeselectcurrentifnone
    5d97     5d97       46     1         emumidnightmega.prg.lto.o:(.text.sidbong)
    5d97     5d97       46     1                 sidbong
    5ddd     5ddd        1     1         emumidnightmega.prg.lto.o:(.text.escNOP)
    5ddd     5ddd        1     1                 escNOP
    5dde     5dde        9     1         emumidnightmega.prg.lto.o:(.text.cputc)
    5dde     5dde        9     1                 cputc
    5de7     5de7       a1     1         emumidnightmega.prg.lto.o:(.text.cputcxy)
    5de7     5de7       a1     1                 cputcxy
    5e88     5e88        7     1         emumidnightmega.prg.lto.o:(.text.cputs)
    5e88     5e88        7     1                 cputs
    5e8f     5e8f       db     1         emumidnightmega.prg.lto.o:(.text.cputsxy)
    5e8f     5e8f       db     1                 cputsxy
    5f6a     5f6a       aa     1         emumidnightmega.prg.lto.o:(.text.fillrect)
    5f6a     5f6a       aa     1                 fillrect
    6014     6014        9     1         emumidnightmega.prg.lto.o:(.text.cgetc)
    6014     6014        9     1                 cgetc
    601d     601d       27     1         emumidnightmega.prg.lto.o:(.text.do_dma)
    601d     601d       27     1                 do_dma
    6044     6044       67     1         emumidnightmega.prg.lto.o:(.text.lcopy)
    6044     6044       67     1                 lcopy
    60ab     60ab       50     1         emumidnightmega.prg.lto.o:(.text.lfill)
    60ab     60ab       50     1                 lfill
    60fb     60fb       5c     1         emumidnightmega.prg.lto.o:(.text.usleep)
    60fb     60fb       5c     1                 usleep
    6157     6157       3e     1         emumidnightmega.prg.lto.o:(.text.strcpy)
    6157     6157       3e     1                 strcpy
    6195     6195       3c     1         emumidnightmega.prg.lto.o:(.text.strlen)
    6195     6195       3c     1                 strlen
    61d1     61d1        b     1         emumidnightmega.prg.lto.o:(.text.__ashlqi3)
    61d1     61d1        b     1                 __ashlqi3
    61dc     61dc       13     1         emumidnightmega.prg.lto.o:(.text.__ashlhi3)
    61dc     61dc       13     1                 __ashlhi3
    61ef     61ef       32     1         emumidnightmega.prg.lto.o:(.text.__mulhi3)
    61ef     61ef       32     1                 __mulhi3
    6221     6221       c1     1         emumidnightmega.prg.lto.o:(.text.__udivhi3)
    6221     6221       c1     1                 __udivhi3
    62e2     62e2       45     1         emumidnightmega.prg.lto.o:(.text.__umodqi3)
    62e2     62e2       45     1                 __umodqi3
    6327     6327       70     1         emumidnightmega.prg.lto.o:(.text.__udivmodqi4)
    6327     6327       70     1                 __udivmodqi4
    6397     6397       dc     1         emumidnightmega.prg.lto.o:(.text.__udivmodhi4)
    6397     6397       dc     1                 __udivmodhi4
    6473     6473       2c     1         emumidnightmega.prg.lto.o:(.text.memcpy)
    6473     6473       2c     1                 memcpy
    649f     649f       20     1         emumidnightmega.prg.lto.o:(.text.__memset)
    649f     649f       20     1                 __memset
    64bf     64bf      1ba     1         emumidnightmega.prg.lto.o:(.text.__udivmodsi4)
    64bf     64bf      1ba     1                 __udivmodsi4
    6679     6679        0     1         __init_array_start = .
    6679     6679        0     1         __init_array_end = .
    6679     6679        0     1         __fini_array_start = .
    6679     6679        0     1         __fini_array_end = .
    6679     6679      9e8     1 .rodata
    6679     6679       70     1         emumidnightmega.prg.lto.o:(.rodata.main)
    66e9     66e9      91c     1         <internal>:(.rodata.str1.1)
    7005     7005        c     1         <internal>:(.rodata.cst4)
    7011     7011       50     1         emumidnightmega.prg.lto.o:(.rodata..L__const.findnextBAMtracksector.strategy)
    7061     7061        0     1 .data
    7061     7061        0     1         __data_start = .
    7061     7061        0     1         __data_end = .
    7061     7061        0     1 __data_load_start = LOADADDR ( .data )
    7061     7061        0     1 __data_size = SIZEOF ( .data )
    7061     7061      400     1 .bss
    7061     7061        0     1         __bss_start = .
    7061     7061        1     1         emumidnightmega.prg.lto.o:(.bss.fnamehi)
    7061     7061        1     1                 fnamehi
    7062     7062       e0     1         emumidnightmega.prg.lto.o:(.bss.direntflags)
    7062     7062       e0     1                 direntflags
    7142     7142       22     1         emumidnightmega.prg.lto.o:(.bss.diskname)
    7142     7142       22     1                 diskname
    7164     7164      2fd     1         emumidnightmega.prg.lto.o:(.bss.escapeCode)
    7164     7164      2fd     1                 escapeCode
    7461     7461        0     1         __bss_end = .
    7461     7461        0     1 __bss_size = SIZEOF ( .bss )
    7461     7461       10     1 .noinit
    7461     7461        1     1         F:\Entwicklungsprojekte\Mega65\llvm-mos\llvm-mos\bin/../mos-platform/mega65/lib\libcrt0.a(exit-return.c.obj):(.noinit..Lstatic_stack)
    7462     7462        f     1         emumidnightmega.prg.lto.o:(.noinit..Lstatic_stack)
    7471     7471        0     1         __heap_start = ALIGN ( . , 2 )
    7471     7471        0     1 __stack = 0xd000
       0        0       7c     1 .comment
       0        0       7c     1         <internal>:(.comment)
       0        0      fd0     4 .symtab
       0        0      fd0     4         <internal>:(.symtab)
       0        0       68     1 .shstrtab
       0        0       68     1         <internal>:(.shstrtab)
       0        0      96f     1 .strtab
       0        0      96f     1         <internal>:(.strtab)
