     VMA      LMA     Size Align Out     In      Symbol
       0        0        0     1 __basic_zp_start = 0x0002
       0        0        0     1 __basic_zp_end = 0x0090
       0        0        0     1 __rc0 = __basic_zp_start
       0        0        0     1 __rc1 = __rc0 + 1
       0        0        0     1 PROVIDE ( __rc2 = __rc1 + 1 )
       0        0        0     1 __rc3 = __rc2 + 1
       0        0        0     1 PROVIDE ( __rc4 = __rc3 + 1 )
       0        0        0     1 __rc5 = __rc4 + 1
       0        0        0     1 PROVIDE ( __rc6 = __rc5 + 1 )
       0        0        0     1 __rc7 = __rc6 + 1
       0        0        0     1 PROVIDE ( __rc8 = __rc7 + 1 )
       0        0        0     1 __rc9 = __rc8 + 1
       0        0        0     1 PROVIDE ( __rc10 = __rc9 + 1 )
       0        0        0     1 __rc11 = __rc10 + 1
       0        0        0     1 PROVIDE ( __rc12 = __rc11 + 1 )
       0        0        0     1 __rc13 = __rc12 + 1
       0        0        0     1 PROVIDE ( __rc14 = __rc13 + 1 )
       0        0        0     1 __rc15 = __rc14 + 1
       0        0        0     1 PROVIDE ( __rc16 = __rc15 + 1 )
       0        0        0     1 __rc17 = __rc16 + 1
       0        0        0     1 PROVIDE ( __rc18 = __rc17 + 1 )
       0        0        0     1 __rc19 = __rc18 + 1
       0        0        0     1 PROVIDE ( __rc20 = __rc19 + 1 )
       0        0        0     1 __rc21 = __rc20 + 1
       0        0        0     1 PROVIDE ( __rc22 = __rc21 + 1 )
       0        0        0     1 __rc23 = __rc22 + 1
       0        0        0     1 PROVIDE ( __rc24 = __rc23 + 1 )
       0        0        0     1 __rc25 = __rc24 + 1
       0        0        0     1 PROVIDE ( __rc26 = __rc25 + 1 )
       0        0        0     1 __rc27 = __rc26 + 1
       0        0        0     1 PROVIDE ( __rc28 = __rc27 + 1 )
       0        0        0     1 __rc29 = __rc28 + 1
       0        0        0     1 PROVIDE ( __rc30 = __rc29 + 1 )
       0        0        0     1 __rc31 = __rc30 + 1
    2001     2001       16     1 .basic_header
    2001     2001       16     1         F:\Entwicklungsprojekte\Mega65\llvm-mos\llvm-mos\bin/../mos-platform/mega65/lib\basic-header.o:(.basic_header)
    2015     2015        0     1                 next_line
      22     2017        a     1 .zp.data
      22     2017        0     1         __zp_data_start = .
      22     2017        5     1         lto.tmp:(.zp.rodata..Lswitch.table.asciitoscreencode)
      27     201c        4     1         <internal>:(.zp.rodata.cst4)
      2b     2020        1     1         lto.tmp:(.zp.data.g_curTextColor)
      2b     2020        1     1                 g_curTextColor
      2c     2021        0     1 __zp_data_load_start = LOADADDR ( .zp.data )
      2c     2021        0     1 __zp_data_size = SIZEOF ( .zp.data )
      2c       2c       41     1 .zp.bss
      2c       2c        0     1         __zp_bss_start = .
      2c       2c       28     1         lto.tmp:(.zp.bss.s)
      2c       2c       28     1                 s
      54       54        1     1         lto.tmp:(.zp.bss.option.0)
      54       54        1     1                 option.0
      55       55        1     1         lto.tmp:(.zp.bss.g_curScreenW)
      55       55        1     1                 g_curScreenW
      56       56        1     1         lto.tmp:(.zp.bss.g_curScreenH)
      56       56        1     1                 g_curScreenH
      57       57        1     1         lto.tmp:(.zp.bss.g_curX)
      57       57        1     1                 g_curX
      58       58        1     1         lto.tmp:(.zp.bss.g_curY)
      58       58        1     1                 g_curY
      59       59       14     1         lto.tmp:(.zp.bss.dmalist)
      59       59       14     1                 dmalist
      6d       6d        0     1 __zp_bss_size = SIZEOF ( .zp.bss )
      6d       6d       23     1 .zp
      6d       6d       23     1         lto.tmp:(.zp.noinit..Lzp_stack)
    2021     2021     5768     1 .text
    2021     2021        0     1         _init = .
    2021     2021        0     1         _start = .
    2021     2021        e     1         F:\Entwicklungsprojekte\Mega65\llvm-mos\llvm-mos\bin/../mos-platform/mega65/lib\unmap-basic.o:(.init.010)
    202f     202f        8     1         F:\Entwicklungsprojekte\Mega65\llvm-mos\llvm-mos\bin/../mos-platform/commodore/lib\libcrt0.a(init-stack.S.obj):(.init.100)
    202f     202f        0     1                 __do_init_stack
    2037     2037        3     1         F:\Entwicklungsprojekte\Mega65\llvm-mos\llvm-mos\bin/../mos-platform/commodore/lib\libcrt0.a(zero-bss.c.obj):(.init.200)
    2037     2037        0     1                 __do_zero_bss
    203a     203a        3     1         F:\Entwicklungsprojekte\Mega65\llvm-mos\llvm-mos\bin/../mos-platform/commodore/lib\libcrt0.a(zero-zp-bss.c.obj):(.init.200)
    203a     203a        0     1                 __do_zero_zp_bss
    203d     203d        3     1         F:\Entwicklungsprojekte\Mega65\llvm-mos\llvm-mos\bin/../mos-platform/commodore/lib\libcrt0.a(copy-zp-data.c.obj):(.init.200)
    203d     203d        0     1                 __do_copy_zp_data
    2040     2040        3     1         F:\Entwicklungsprojekte\Mega65\llvm-mos\llvm-mos\bin/../mos-platform/common/lib\crt0.o:(.call_main)
    2043     2043        3     1         F:\Entwicklungsprojekte\Mega65\llvm-mos\llvm-mos\bin/../mos-platform/commodore/lib\libcrt0.a(exit-return.c.obj):(.after_main)
    2043     2043        0     1                 __after_main
    2046     2046        0     1         _fini = .
    2046     2046        a     1         F:\Entwicklungsprojekte\Mega65\llvm-mos\llvm-mos\bin/../mos-platform/mega65/lib\unmap-basic.o:(.fini.990)
    2050     2050        1     1         F:\Entwicklungsprojekte\Mega65\llvm-mos\llvm-mos\bin/../mos-platform/common/lib\crt0.o:(.fini_rts)
    2051     2051       79     1         C:\Users\SUPERU~1\AppData\Local\Temp\memory_asm-70ade3.o:(.text)
    2051     2051        0     1                 fourbytes
    2055     2055        0     1                 lpstore
    2070     2070        0     1                 lprestore
    208b     208b        0     1                 lpoke
    20ac     20ac        0     1                 lpeek
    20ca     20ca        a     1         F:\Entwicklungsprojekte\Mega65\llvm-mos\llvm-mos\bin/../mos-platform/commodore/lib\libcrt0.a(exit-return.c.obj):(.text)
    20ca     20ca        a     1                 __exit_return
    20d4     20d4     146b     1         F:\Entwicklungsprojekte\Mega65\llvm-mos\llvm-mos\bin/../mos-platform/common/lib\libcrt.a(divmod-large.cc.obj):(.text)
    20d4     20d4      252     1                 __udivmodsi4
    2326     2326      5af     1                 __udivmoddi4
    28d5     28d5      399     1                 __divmodsi4
    2c6e     2c6e      8d1     1                 __divmoddi4
    353f     353f       13     1         F:\Entwicklungsprojekte\Mega65\llvm-mos\llvm-mos\bin/../mos-platform/commodore/lib\libcrt0.a(zero-bss.c.obj):(.text)
    353f     353f       13     1                 __zero_bss
    3552     3552       13     1         F:\Entwicklungsprojekte\Mega65\llvm-mos\llvm-mos\bin/../mos-platform/commodore/lib\libcrt0.a(zero-zp-bss.c.obj):(.text)
    3552     3552       13     1                 __zero_zp_bss
    3565     3565       17     1         F:\Entwicklungsprojekte\Mega65\llvm-mos\llvm-mos\bin/../mos-platform/commodore/lib\libcrt0.a(copy-zp-data.c.obj):(.text)
    3565     3565       17     1                 __copy_zp_data
    357c     357c     20dc     1         lto.tmp:(.text.main)
    357c     357c     20dc     1                 main
    4492     4492        0     1                 errhyp1att0
    4496     4496        0     1                 donehyp1att0
    4a99     4a99        0     1                 errhypchdir1
    4a9d     4a9d        0     1                 donehypchdir1
    4af2     4af2        0     1                 errhypchdir2
    4af6     4af6        0     1                 donehypchdir2
    5334     5334        0     1                 errhyp0att3
    5338     5338        0     1                 donehyp0att3
    5658     5658       32     1         lto.tmp:(.text.hyppo_setname)
    5658     5658       32     1                 hyppo_setname
    5684     5684        0     1                 errhypsetnam4
    5688     5688        0     1                 donehypsetnam4
    568a     568a       63     1         lto.tmp:(.text.getsfn)
    568a     568a       63     1                 getsfn
    56ed     56ed       59     1         lto.tmp:(.text.ReadSector)
    56ed     56ed       59     1                 ReadSector
    5746     5746      177     1         lto.tmp:(.text.ShowAccess)
    5746     5746      177     1                 ShowAccess
    58bd     58bd       7c     1         lto.tmp:(.text.GetOneSector)
    58bd     58bd       7c     1                 GetOneSector
    5939     5939       d1     1         lto.tmp:(.text.PutOneSector)
    5939     5939       d1     1                 PutOneSector
    5a0a     5a0a       39     1         lto.tmp:(.text.GetBAM)
    5a0a     5a0a       39     1                 GetBAM
    5a43     5a43       60     1         lto.tmp:(.text.PutBAM)
    5a43     5a43       60     1                 PutBAM
    5aa3     5aa3       fc     1         lto.tmp:(.text.readblockchain)
    5aa3     5aa3       fc     1                 readblockchain
    5b9f     5b9f      250     1         lto.tmp:(.text.BAMSectorUpdate)
    5b9f     5b9f      250     1                 BAMSectorUpdate
    5def     5def      151     1         lto.tmp:(.text.findnextBAMtracksector)
    5def     5def      151     1                 findnextBAMtracksector
    5f40     5f40       77     1         lto.tmp:(.text.tracksectorstring)
    5f40     5f40       77     1                 tracksectorstring
    5fb7     5fb7       d7     1         lto.tmp:(.text.getdirententry)
    5fb7     5fb7       d7     1                 getdirententry
    608e     608e       14     1         lto.tmp:(.text.strcopy)
    608e     608e       14     1                 strcopy
    60a2     60a2       b3     1         lto.tmp:(.text.csputdec)
    60a2     60a2       b3     1                 csputdec
    6155     6155       51     1         lto.tmp:(.text.asciitoscreencode_s)
    6155     6155       51     1                 asciitoscreencode_s
    61a6     61a6       5e     1         lto.tmp:(.text.clrhome)
    61a6     61a6       5e     1                 clrhome
    6204     6204        e     1         lto.tmp:(.text.msprintf)
    6204     6204        e     1                 msprintf
    6212     6212       16     1         lto.tmp:(.text.mcputsxy)
    6212     6212       16     1                 mcputsxy
    6228     6228      18a     1         lto.tmp:(.text.mcbox)
    6228     6228      18a     1                 mcbox
    63b2     63b2       f3     1         lto.tmp:(.text.messagebox)
    63b2     63b2       f3     1                 messagebox
    64a5     64a5       d8     1         lto.tmp:(.text.progress)
    64a5     64a5       d8     1                 progress
    657d     657d       41     1         lto.tmp:(.text.shortcutprint)
    657d     657d       41     1                 shortcutprint
    65be     65be      389     1         lto.tmp:(.text.shortcuts)
    65be     65be      389     1                 shortcuts
    6947     6947       a4     1         lto.tmp:(.text.optionstring)
    6947     6947       a4     1                 optionstring
    69eb     69eb      4d0     1         lto.tmp:(.text.UpdateSectors)
    69eb     69eb      4d0     1                 UpdateSectors
    6ac5     6ac5        0     1                 errgetcurdrv5
    6ac9     6ac9        0     1                 donegetcurdrv5
    6ae2     6ae2        0     1                 errhypopendir6
    6ae6     6ae6        0     1                 donehypopendir6
    6b39     6b39        0     1                 hypreaddirloop7
    6b51     6b51        0     1                 errhypreaddir7
    6b53     6b53        0     1                 donehypreaddir7
    6c59     6c59        0     1                 errgetproc8
    6c5d     6c5d        0     1                 donegetproc8
    6e74     6e74        0     1                 errhypclosedir9
    6e76     6e76        0     1                 donehypclosedir9
    6ebb     6ebb       2c     1         lto.tmp:(.text.Deselect)
    6ebb     6ebb       2c     1                 Deselect
    6ee7     6ee7      13d     1         lto.tmp:(.text.sizeselectcurrentifnone)
    6ee7     6ee7      13d     1                 sizeselectcurrentifnone
    7024     7024       46     1         lto.tmp:(.text.sidbong)
    7024     7024       46     1                 sidbong
    706a     706a        1     1         lto.tmp:(.text.escNOP)
    706a     706a        1     1                 escNOP
    706b     706b        9     1         lto.tmp:(.text.cputc)
    706b     706b        9     1                 cputc
    7074     7074       a5     1         lto.tmp:(.text.cputcxy)
    7074     7074       a5     1                 cputcxy
    7119     7119        7     1         lto.tmp:(.text.cputs)
    7119     7119        7     1                 cputs
    7120     7120       dd     1         lto.tmp:(.text.cputsxy)
    7120     7120       dd     1                 cputsxy
    71fd     71fd       aa     1         lto.tmp:(.text.fillrect)
    71fd     71fd       aa     1                 fillrect
    72a7     72a7        9     1         lto.tmp:(.text.cgetc)
    72a7     72a7        9     1                 cgetc
    72b0     72b0       27     1         lto.tmp:(.text.do_dma)
    72b0     72b0       27     1                 do_dma
    72d7     72d7       67     1         lto.tmp:(.text.lcopy)
    72d7     72d7       67     1                 lcopy
    733e     733e       50     1         lto.tmp:(.text.lfill)
    733e     733e       50     1                 lfill
    738e     738e       4e     1         lto.tmp:(.text.usleep)
    738e     738e       4e     1                 usleep
    73dc     73dc       38     1         lto.tmp:(.text.strcpy)
    73dc     73dc       38     1                 strcpy
    7414     7414       34     1         lto.tmp:(.text.strlen)
    7414     7414       34     1                 strlen
    7448     7448        9     1         lto.tmp:(.text.__ashlqi3)
    7448     7448        9     1                 __ashlqi3
    7451     7451       13     1         lto.tmp:(.text.__ashlhi3)
    7451     7451       13     1                 __ashlhi3
    7464     7464       1b     1         lto.tmp:(.text.__mulqi3)
    7464     7464       1b     1                 __mulqi3
    747f     747f       32     1         lto.tmp:(.text.__mulhi3)
    747f     747f       32     1                 __mulhi3
    74b1     74b1       70     1         lto.tmp:(.text.__mulsi3)
    74b1     74b1       70     1                 __mulsi3
    7521     7521       c0     1         lto.tmp:(.text.__udivhi3)
    7521     7521       c0     1                 __udivhi3
    75e1     75e1       82     1         lto.tmp:(.text.__udivmodqi4)
    75e1     75e1       82     1                 __udivmodqi4
    7663     7663       da     1         lto.tmp:(.text.__udivmodhi4)
    7663     7663       da     1                 __udivmodhi4
    773d     773d       2d     1         lto.tmp:(.text.memcpy)
    773d     773d       2d     1                 memcpy
    776a     776a       1f     1         lto.tmp:(.text.__memset)
    776a     776a       1f     1                 __memset
    7789     7789        0     1         __init_array_start = .
    7789     7789        0     1         __init_array_end = .
    7789     7789        0     1         __fini_array_start = .
    7789     7789        0     1         __fini_array_end = .
    7789     7789      9ca     1 .rodata
    7789     7789       70     1         lto.tmp:(.rodata.main)
    77f9     77f9      902     1         <internal>:(.rodata.str1.1)
    80fb     80fb        8     1         <internal>:(.rodata.cst4)
    8103     8103       50     1         lto.tmp:(.rodata..L__const.findnextBAMtracksector.strategy)
    8153     8153        0     1 .data
    8153     8153        0     1         __data_start = .
    8153     8153        0     1         __data_end = .
    8153     8153        0     1 __data_load_start = LOADADDR ( .data )
    8153     8153        0     1 __data_size = SIZEOF ( .data )
    8153     8153      400     1 .bss
    8153     8153        0     1         __bss_start = .
    8153     8153        1     1         lto.tmp:(.bss.fnamehi)
    8153     8153        1     1                 fnamehi
    8154     8154       e0     1         lto.tmp:(.bss.direntflags)
    8154     8154       e0     1                 direntflags
    8234     8234       22     1         lto.tmp:(.bss.diskname)
    8234     8234       22     1                 diskname
    8256     8256      2fd     1         lto.tmp:(.bss.escapeCode)
    8256     8256      2fd     1                 escapeCode
    8553     8553        0     1         __bss_end = .
    8553     8553        0     1 __bss_size = SIZEOF ( .bss )
    8553     8553        b     1 .noinit
    8553     8553        1     1         F:\Entwicklungsprojekte\Mega65\llvm-mos\llvm-mos\bin/../mos-platform/commodore/lib\libcrt0.a(exit-return.c.obj):(.noinit)
    8554     8554        a     1         lto.tmp:(.noinit..Lstatic_stack)
    855e     855e        0     1         __heap_start = .
    855e     855e        0     1 __stack = 0xd000
       0        0       79     1 .comment
       0        0       79     1         <internal>:(.comment)
       0        0      aa0     4 .symtab
       0        0      aa0     4         <internal>:(.symtab)
       0        0       68     1 .shstrtab
       0        0       68     1         <internal>:(.shstrtab)
       0        0      71f     1 .strtab
       0        0      71f     1         <internal>:(.strtab)
