     VMA      LMA     Size Align Out     In      Symbol
       0        0        0     1 __basic_zp_start = 0x0002
       0        0        0     1 __basic_zp_end = 0x0090
       0        0        0     1 __rc0 = __basic_zp_start
       0        0        0     1 __rc1 = __rc0 + 1
       0        0        0     1 PROVIDE(__rc2 = __rc1 + 1)
       0        0        0     1 __rc3 = __rc2 + 1
       0        0        0     1 PROVIDE(__rc4 = __rc3 + 1)
       0        0        0     1 __rc5 = __rc4 + 1
       0        0        0     1 PROVIDE(__rc6 = __rc5 + 1)
       0        0        0     1 __rc7 = __rc6 + 1
       0        0        0     1 PROVIDE(__rc8 = __rc7 + 1)
       0        0        0     1 __rc9 = __rc8 + 1
       0        0        0     1 PROVIDE(__rc10 = __rc9 + 1)
       0        0        0     1 __rc11 = __rc10 + 1
       0        0        0     1 PROVIDE(__rc12 = __rc11 + 1)
       0        0        0     1 __rc13 = __rc12 + 1
       0        0        0     1 PROVIDE(__rc14 = __rc13 + 1)
       0        0        0     1 __rc15 = __rc14 + 1
       0        0        0     1 PROVIDE(__rc16 = __rc15 + 1)
       0        0        0     1 __rc17 = __rc16 + 1
       0        0        0     1 PROVIDE(__rc18 = __rc17 + 1)
       0        0        0     1 __rc19 = __rc18 + 1
       0        0        0     1 PROVIDE(__rc20 = __rc19 + 1)
       0        0        0     1 __rc21 = __rc20 + 1
       0        0        0     1 PROVIDE(__rc22 = __rc21 + 1)
       0        0        0     1 __rc23 = __rc22 + 1
       0        0        0     1 PROVIDE(__rc24 = __rc23 + 1)
       0        0        0     1 __rc25 = __rc24 + 1
       0        0        0     1 PROVIDE(__rc26 = __rc25 + 1)
       0        0        0     1 __rc27 = __rc26 + 1
       0        0        0     1 PROVIDE(__rc28 = __rc27 + 1)
       0        0        0     1 __rc29 = __rc28 + 1
       0        0        0     1 PROVIDE(__rc30 = __rc29 + 1)
       0        0        0     1 __rc31 = __rc30 + 1
    2001     2001       16     1 .basic_header
    2001     2001       16     1         F:\Entwicklungsprojekte\Mega65\llvm-mos\llvm-mos\bin/../mos-platform/mega65/lib\basic-header.o:(.basic_header)
    2015     2015        0     1                 next_line
      22     2017        a     1 .zp.data
      22     2017        0     1         __zp_data_start = .
      22     2017        a     1         midnightmega.prg.lto.o:(.zp.data)
      27     201c        4     1                 midnight
      2b     2020        1     1                 g_curTextColor
      2c     2021        0     1 __zp_data_load_start = LOADADDR(.zp.data)
      2c     2021        0     1 __zp_data_size = SIZEOF(.zp.data)
      2c       2c       1c     1 .zp.bss
      2c       2c        0     1         __zp_bss_start = .
      2c       2c       1c     1         midnightmega.prg.lto.o:(.zp.bss)
      2c       2c        1     1                 lastdrive
      2d       2d        1     1                 prevtrack
      2e       2e        1     1                 lastdoublesector
      2f       2f        1     1                 option.0
      30       30        1     1                 g_curScreenW
      31       31        1     1                 g_curScreenH
      32       32        1     1                 g_curX
      33       33        1     1                 g_curY
      34       34       14     1                 dmalist
      48       48        0     1 __zp_bss_size = SIZEOF(.zp.bss)
      48       48       48     1 .zp
      48       48       48     1         midnightmega.prg.lto.o:(.zp.noinit)
    2021     2021     72a8     1 .text
    2021     2021        0     1         _init = .
    2021     2021        0     1         _start = .
    2021     2021        e     1         F:\Entwicklungsprojekte\Mega65\llvm-mos\llvm-mos\bin/../mos-platform/mega65/lib\unmap-basic.o:(.init.010)
    202f     202f        8     1         F:\Entwicklungsprojekte\Mega65\llvm-mos\llvm-mos\bin/../mos-platform/mega65/lib\libcrt0.a(init-stack.S.obj):(.init.100)
    202f     202f        0     1                 __do_init_stack
    2037     2037        3     1         F:\Entwicklungsprojekte\Mega65\llvm-mos\llvm-mos\bin/../mos-platform/mega65/lib\libcrt0.a(zero-bss.c.obj):(.init.200)
    2037     2037        0     1                 __do_zero_bss
    203a     203a        3     1         F:\Entwicklungsprojekte\Mega65\llvm-mos\llvm-mos\bin/../mos-platform/mega65/lib\libcrt0.a(zero-zp-bss.c.obj):(.init.200)
    203a     203a        0     1                 __do_zero_zp_bss
    203d     203d        3     1         F:\Entwicklungsprojekte\Mega65\llvm-mos\llvm-mos\bin/../mos-platform/mega65/lib\libcrt0.a(copy-zp-data.c.obj):(.init.200)
    203d     203d        0     1                 __do_copy_zp_data
    2040     2040        5     1         midnightmega.prg.lto.o:(.init.250)
    2040     2040        0     1                 shift
    2045     2045        3     1         F:\Entwicklungsprojekte\Mega65\llvm-mos\llvm-mos\bin/../mos-platform/common/lib\crt0.o:(.call_main)
    2048     2048        3     1         F:\Entwicklungsprojekte\Mega65\llvm-mos\llvm-mos\bin/../mos-platform/mega65/lib\libcrt0.a(exit-custom.S.obj):(.after_main)
    2048     2048        0     1                 __after_main
    204b     204b        0     1         _fini = .
    204b     204b        a     1         F:\Entwicklungsprojekte\Mega65\llvm-mos\llvm-mos\bin/../mos-platform/mega65/lib\unmap-basic.o:(.fini.990)
    2055     2055        1     1         F:\Entwicklungsprojekte\Mega65\llvm-mos\llvm-mos\bin/../mos-platform/common/lib\crt0.o:(.fini_rts)
    2056     2056       79     1         C:\Users\SUPERU~1\AppData\Local\Temp\memory_asm-bcf4a4.o:(.text)
    2056     2056        0     1                 fourbytes
    205a     205a        0     1                 lpstore
    2075     2075        0     1                 lprestore
    2090     2090        0     1                 lpoke
    20b1     20b1        0     1                 lpeek
    20cf     20cf       13     1         F:\Entwicklungsprojekte\Mega65\llvm-mos\llvm-mos\bin/../mos-platform/mega65/lib\libcrt0.a(zero-bss.c.obj):(.text.__zero_bss)
    20cf     20cf       13     1                 __zero_bss
    20e2     20e2       13     1         F:\Entwicklungsprojekte\Mega65\llvm-mos\llvm-mos\bin/../mos-platform/mega65/lib\libcrt0.a(zero-zp-bss.c.obj):(.text.__zero_zp_bss)
    20e2     20e2       13     1                 __zero_zp_bss
    20f5     20f5       17     1         F:\Entwicklungsprojekte\Mega65\llvm-mos\llvm-mos\bin/../mos-platform/mega65/lib\libcrt0.a(copy-zp-data.c.obj):(.text.__copy_zp_data)
    20f5     20f5       17     1                 __copy_zp_data
    210c     210c       92     1         midnightmega.prg.lto.o:(.text.main)
    210c     210c       92     1                 main
    219e     219e       32     1         midnightmega.prg.lto.o:(.text.hyppo_setname)
    219e     219e       32     1                 hyppo_setname
    21ca     21ca        0     1                 errhypsetnam0
    21ce     21ce        0     1                 donehypsetnam0
    21d0     21d0       63     1         midnightmega.prg.lto.o:(.text.getsfn)
    21d0     21d0       63     1                 getsfn
    2233     2233      179     1         midnightmega.prg.lto.o:(.text.ShowAccess)
    2233     2233      179     1                 ShowAccess
    23ac     23ac       df     1         midnightmega.prg.lto.o:(.text.ReadSector)
    23ac     23ac       df     1                 ReadSector
    248b     248b       b3     1         midnightmega.prg.lto.o:(.text.WriteSector)
    248b     248b       b3     1                 WriteSector
    253e     253e       47     1         midnightmega.prg.lto.o:(.text.GetOneSector)
    253e     253e       47     1                 GetOneSector
    2585     2585       a1     1         midnightmega.prg.lto.o:(.text.PutWholeSector)
    2585     2585       a1     1                 PutWholeSector
    2626     2626       5d     1         midnightmega.prg.lto.o:(.text.PutOneSector)
    2626     2626       5d     1                 PutOneSector
    2683     2683       39     1         midnightmega.prg.lto.o:(.text.GetBAM)
    2683     2683       39     1                 GetBAM
    26bc     26bc       70     1         midnightmega.prg.lto.o:(.text.PutBAM)
    26bc     26bc       70     1                 PutBAM
    272c     272c      10b     1         midnightmega.prg.lto.o:(.text.readblockchain)
    272c     272c      10b     1                 readblockchain
    2837     2837      302     1         midnightmega.prg.lto.o:(.text.BAMSectorUpdate)
    2837     2837      302     1                 BAMSectorUpdate
    2b39     2b39       98     1         midnightmega.prg.lto.o:(.text.BAMSectorsFreeBlocks)
    2b39     2b39       98     1                 BAMSectorsFreeBlocks
    2bd1     2bd1      167     1         midnightmega.prg.lto.o:(.text.FreeTracks)
    2bd1     2bd1      167     1                 FreeTracks
    2d38     2d38      1f8     1         midnightmega.prg.lto.o:(.text.FormatPartition)
    2d38     2d38      1f8     1                 FormatPartition
    2f30     2f30      1a0     1         midnightmega.prg.lto.o:(.text.isallocatedBAMtracksector)
    2f30     2f30      1a0     1                 isallocatedBAMtracksector
    30d0     30d0      15e     1         midnightmega.prg.lto.o:(.text.findnextBAMtracksector)
    30d0     30d0      15e     1                 findnextBAMtracksector
    322e     322e      263     1         midnightmega.prg.lto.o:(.text.writeblockchain)
    322e     322e      263     1                 writeblockchain
    3491     3491       c8     1         midnightmega.prg.lto.o:(.text.deleteblockchain)
    3491     3491       c8     1                 deleteblockchain
    3559     3559       8c     1         midnightmega.prg.lto.o:(.text.tracksectorstring)
    3559     3559       8c     1                 tracksectorstring
    35e5     35e5      10f     1         midnightmega.prg.lto.o:(.text.getdirententry)
    35e5     35e5      10f     1                 getdirententry
    36f4     36f4      46d     1         midnightmega.prg.lto.o:(.text.writenewdirententry)
    36f4     36f4      46d     1                 writenewdirententry
    3b61     3b61      30b     1         midnightmega.prg.lto.o:(.text.deletedirententry)
    3b61     3b61      30b     1                 deletedirententry
    3e6c     3e6c      260     1         midnightmega.prg.lto.o:(.text.swapdirententry)
    3e6c     3e6c      260     1                 swapdirententry
    40cc     40cc       d8     1         midnightmega.prg.lto.o:(.text.rewritedirent)
    40cc     40cc       d8     1                 rewritedirent
    41a4     41a4       16     1         midnightmega.prg.lto.o:(.text.strcopy)
    41a4     41a4       16     1                 strcopy
    41ba     41ba       31     1         midnightmega.prg.lto.o:(.text.strmakefilename)
    41ba     41ba       31     1                 strmakefilename
    41eb     41eb       c6     1         midnightmega.prg.lto.o:(.text.csputdec)
    41eb     41eb       c6     1                 csputdec
    42b1     42b1       25     1         midnightmega.prg.lto.o:(.text.asciitoscreencode)
    42b1     42b1       25     1                 asciitoscreencode
    42d6     42d6       35     1         midnightmega.prg.lto.o:(.text.asciitoscreencode_s)
    42d6     42d6       35     1                 asciitoscreencode_s
    430b     430b       5e     1         midnightmega.prg.lto.o:(.text.clrhome)
    430b     430b       5e     1                 clrhome
    4369     4369        e     1         midnightmega.prg.lto.o:(.text.msprintf)
    4369     4369        e     1                 msprintf
    4377     4377       2b     1         midnightmega.prg.lto.o:(.text.mprintf)
    4377     4377       2b     1                 mprintf
    43a2     43a2       16     1         midnightmega.prg.lto.o:(.text.mcputsxy)
    43a2     43a2       16     1                 mcputsxy
    43b8     43b8      18b     1         midnightmega.prg.lto.o:(.text.mcbox)
    43b8     43b8      18b     1                 mcbox
    4543     4543      1ae     1         midnightmega.prg.lto.o:(.text.messagebox)
    4543     4543      1ae     1                 messagebox
    46f1     46f1       b2     1         midnightmega.prg.lto.o:(.text.progress)
    46f1     46f1       b2     1                 progress
    47a3     47a3       fe     1         midnightmega.prg.lto.o:(.text.inputbox)
    47a3     47a3       fe     1                 inputbox
    48a1     48a1       4b     1         midnightmega.prg.lto.o:(.text.Deselect)
    48a1     48a1       4b     1                 Deselect
    48ec     48ec       41     1         midnightmega.prg.lto.o:(.text.shortcutprint)
    48ec     48ec       41     1                 shortcutprint
    492d     492d      61d     1         midnightmega.prg.lto.o:(.text.shortcuts)
    492d     492d      61d     1                 shortcuts
    4f4a     4f4a       9f     1         midnightmega.prg.lto.o:(.text.optionstring)
    4f4a     4f4a       9f     1                 optionstring
    4fe9     4fe9      615     1         midnightmega.prg.lto.o:(.text.UpdateSectors)
    4fe9     4fe9      615     1                 UpdateSectors
    50d3     50d3        0     1                 errgetproc1
    50d7     50d7        0     1                 donegetproc1
    5211     5211        0     1                 errgetcurdrv2
    5215     5215        0     1                 donegetcurdrv2
    522e     522e        0     1                 errhypopendir3
    5232     5232        0     1                 donehypopendir3
    52ff     52ff        0     1                 hypreaddirloop4
    5317     5317        0     1                 errhypreaddir4
    5319     5319        0     1                 donehypreaddir4
    557d     557d        0     1                 errhypclosedir5
    557f     557f        0     1                 donehypclosedir5
    55fe     55fe      19f     1         midnightmega.prg.lto.o:(.text.sizeselectcurrentifnone)
    55fe     55fe      19f     1                 sizeselectcurrentifnone
    579d     579d     2e6e     1         midnightmega.prg.lto.o:(.text.navi)
    579d     579d     2e6e     1                 navi
    65a6     65a6        0     1                 errhypfindfirst6
    65a8     65a8        0     1                 donehypfindfirst6
    65c7     65c7        0     1                 errhypopenfile7
    65c9     65c9        0     1                 donehypopenfile7
    65f3     65f3        0     1                 errhypreadfile8
    65f7     65f7        0     1                 donehypreadfile8
    6616     6616        0     1                 errhypclosefile9
    661a     661a        0     1                 donehypclosefile9
    7698     7698        0     1                 errhypd81dosattach10
    769c     769c        0     1                 donehypd81dosattach10
    7c6e     7c6e        0     1                 errhypfindfirst11
    7c70     7c70        0     1                 donehypfindfirst11
    7d94     7d94        0     1                 errhypfindfirst12
    7d96     7d96        0     1                 donehypfindfirst12
    7dd7     7dd7        0     1                 errhyprmfile13
    7ddb     7ddb        0     1                 donehyprmfile13
    7deb     7deb        0     1                 errhypclosedir14
    7ded     7ded        0     1                 donehypclosedir14
    7e75     7e75        0     1                 errhyprmfile15
    7e79     7e79        0     1                 donehyprmfile15
    7e89     7e89        0     1                 errhypclosedir16
    7e8b     7e8b        0     1                 donehypclosedir16
    809a     809a        0     1                 errhypchdir17
    809e     809e        0     1                 donehypchdir17
    8244     8244        0     1                 errhypchdir18
    8248     8248        0     1                 donehypchdir18
    836b     836b        0     1                 errhyp1att19
    836f     836f        0     1                 donehyp1att19
    8573     8573        0     1                 errhyp0att20
    8577     8577        0     1                 donehyp0att20
    85e2     85e2        0     1                 errhypd81dosattach21
    85e6     85e6        0     1                 donehypd81dosattach21
    85f8     85f8        0     1                 errhypd81dosattach22
    85fc     85fc        0     1                 donehypd81dosattach22
    860b     860b       74     1         midnightmega.prg.lto.o:(.text.blockreadbyte)
    860b     860b       74     1                 blockreadbyte
    867f     867f      269     1         midnightmega.prg.lto.o:(.text.text)
    867f     867f      269     1                 text
    88e8     88e8       46     1         midnightmega.prg.lto.o:(.text.sidbong)
    88e8     88e8       46     1                 sidbong
    892e     892e        b     1         midnightmega.prg.lto.o:(.text.flushkeybuf)
    892e     892e        b     1                 flushkeybuf
    8939     8939       17     1         midnightmega.prg.lto.o:(.text.petsciitoscreencode)
    8939     8939       17     1                 petsciitoscreencode
    8950     8950        9     1         midnightmega.prg.lto.o:(.text.cputc)
    8950     8950        9     1                 cputc
    8959     8959       a1     1         midnightmega.prg.lto.o:(.text.cputcxy)
    8959     8959       a1     1                 cputcxy
    89fa     89fa        7     1         midnightmega.prg.lto.o:(.text.cputs)
    89fa     89fa        7     1                 cputs
    8a01     8a01       db     1         midnightmega.prg.lto.o:(.text.cputsxy)
    8a01     8a01       db     1                 cputsxy
    8adc     8adc       aa     1         midnightmega.prg.lto.o:(.text.fillrect)
    8adc     8adc       aa     1                 fillrect
    8b86     8b86        9     1         midnightmega.prg.lto.o:(.text.cgetc)
    8b86     8b86        9     1                 cgetc
    8b8f     8b8f       27     1         midnightmega.prg.lto.o:(.text.do_dma)
    8b8f     8b8f       27     1                 do_dma
    8bb6     8bb6       67     1         midnightmega.prg.lto.o:(.text.lcopy)
    8bb6     8bb6       67     1                 lcopy
    8c1d     8c1d       50     1         midnightmega.prg.lto.o:(.text.lfill)
    8c1d     8c1d       50     1                 lfill
    8c6d     8c6d       5c     1         midnightmega.prg.lto.o:(.text.usleep)
    8c6d     8c6d       5c     1                 usleep
    8cc9     8cc9        5     1         midnightmega.prg.lto.o:(.text.exit)
    8cc9     8cc9        5     1                 exit
    8cce     8cce       d9     1         midnightmega.prg.lto.o:(.text.atoi)
    8cce     8cce       d9     1                 atoi
    8da7     8da7       3e     1         midnightmega.prg.lto.o:(.text.strcpy)
    8da7     8da7       3e     1                 strcpy
    8de5     8de5       3c     1         midnightmega.prg.lto.o:(.text.strlen)
    8de5     8de5       3c     1                 strlen
    8e21     8e21        b     1         midnightmega.prg.lto.o:(.text.__ashlqi3)
    8e21     8e21        b     1                 __ashlqi3
    8e2c     8e2c       13     1         midnightmega.prg.lto.o:(.text.__ashlhi3)
    8e2c     8e2c       13     1                 __ashlhi3
    8e3f     8e3f       32     1         midnightmega.prg.lto.o:(.text.__mulhi3)
    8e3f     8e3f       32     1                 __mulhi3
    8e71     8e71       c1     1         midnightmega.prg.lto.o:(.text.__udivhi3)
    8e71     8e71       c1     1                 __udivhi3
    8f32     8f32       45     1         midnightmega.prg.lto.o:(.text.__umodqi3)
    8f32     8f32       45     1                 __umodqi3
    8f77     8f77       70     1         midnightmega.prg.lto.o:(.text.__udivmodqi4)
    8f77     8f77       70     1                 __udivmodqi4
    8fe7     8fe7       dc     1         midnightmega.prg.lto.o:(.text.__udivmodhi4)
    8fe7     8fe7       dc     1                 __udivmodhi4
    90c3     90c3      1ba     1         midnightmega.prg.lto.o:(.text.__udivmodsi4)
    90c3     90c3      1ba     1                 __udivmodsi4
    927d     927d       2c     1         midnightmega.prg.lto.o:(.text.memcpy)
    927d     927d       2c     1                 memcpy
    92a9     92a9       20     1         midnightmega.prg.lto.o:(.text.__memset)
    92a9     92a9       20     1                 __memset
    92c9     92c9        0     1         __init_array_start = .
    92c9     92c9        0     1         __init_array_end = .
    92c9     92c9        0     1         __fini_array_start = .
    92c9     92c9        0     1         __fini_array_end = .
    92c9     92c9      c62     1 .rodata
    92c9     92c9       7e     1         midnightmega.prg.lto.o:(.rodata.navi)
    9347     9347       16     1         midnightmega.prg.lto.o:(.rodata.text)
    935d     935d      b66     1         <internal>:(.rodata.str1.1)
    9ec3     9ec3        8     1         <internal>:(.rodata.cst4)
    9ecb     9ecb       50     1         midnightmega.prg.lto.o:(.rodata..L__const.findnextBAMtracksector.strategy)
    9f1b     9f1b       10     1         <internal>:(.rodata.cst16)
    9f2b     9f2b        0     1 .data
    9f2b     9f2b        0     1         __data_start = .
    9f2b     9f2b        0     1         __data_end = .
    9f2b     9f2b        0     1 __data_load_start = LOADADDR(.data)
    9f2b     9f2b        0     1 __data_size = SIZEOF(.data)
    9f2b     9f2b      2c4     1 .bss
    9f2b     9f2b        0     1         __bss_start = .
    9f2b     9f2b        1     1         midnightmega.prg.lto.o:(.bss.fnamehi.2)
    9f2b     9f2b        1     1                 fnamehi.2
    9f2c     9f2c       20     1         midnightmega.prg.lto.o:(.bss.direntryblock2)
    9f2c     9f2c       20     1                 direntryblock2
    9f4c     9f4c       50     1         midnightmega.prg.lto.o:(.bss.s)
    9f4c     9f4c       50     1                 s
    9f9c     9f9c      1f0     1         midnightmega.prg.lto.o:(.bss.direntflags)
    9f9c     9f9c      1f0     1                 direntflags
    a18c     a18c        1     1         midnightmega.prg.lto.o:(.bss.legacyHDOSstate)
    a18c     a18c        1     1                 legacyHDOSstate
    a18d     a18d       22     1         midnightmega.prg.lto.o:(.bss.disknames)
    a18d     a18d       22     1                 disknames
    a1af     a1af       40     1         midnightmega.prg.lto.o:(.bss.lfnname)
    a1af     a1af       40     1                 lfnname
    a1ef     a1ef        0     1         __bss_end = .
    a1ef     a1ef        0     1 __bss_size = SIZEOF(.bss)
    a1ef     a1ef       1e     1 .noinit
    a1ef     a1ef       1e     1         midnightmega.prg.lto.o:(.noinit..Lstatic_stack)
    a20d     a20d        0     1         __heap_start = ALIGN(., 2)
    a20d     a20d        0     1 __stack = 0xd000
       0        0       cc     1 .comment
       0        0       cc     1         <internal>:(.comment)
       0        0     1310     4 .symtab
       0        0     1310     4         <internal>:(.symtab)
       0        0       68     1 .shstrtab
       0        0       68     1         <internal>:(.shstrtab)
       0        0      cb9     1 .strtab
       0        0      cb9     1         <internal>:(.strtab)
