     VMA      LMA     Size Align Out     In      Symbol
       0        0        0     1 __basic_zp_start = 0x0002
       0        0        0     1 __basic_zp_end = 0x0090
       0        0        0     1 __rc0 = __basic_zp_start
       0        0        0     1 __rc1 = __rc0 + 1
       0        0        0     1 PROVIDE ( __rc2 = __rc1 + 1 )
       0        0        0     1 __rc3 = __rc2 + 1
       0        0        0     1 PROVIDE ( __rc4 = __rc3 + 1 )
       0        0        0     1 __rc5 = __rc4 + 1
       0        0        0     1 PROVIDE ( __rc6 = __rc5 + 1 )
       0        0        0     1 __rc7 = __rc6 + 1
       0        0        0     1 PROVIDE ( __rc8 = __rc7 + 1 )
       0        0        0     1 __rc9 = __rc8 + 1
       0        0        0     1 PROVIDE ( __rc10 = __rc9 + 1 )
       0        0        0     1 __rc11 = __rc10 + 1
       0        0        0     1 PROVIDE ( __rc12 = __rc11 + 1 )
       0        0        0     1 __rc13 = __rc12 + 1
       0        0        0     1 PROVIDE ( __rc14 = __rc13 + 1 )
       0        0        0     1 __rc15 = __rc14 + 1
       0        0        0     1 PROVIDE ( __rc16 = __rc15 + 1 )
       0        0        0     1 __rc17 = __rc16 + 1
       0        0        0     1 PROVIDE ( __rc18 = __rc17 + 1 )
       0        0        0     1 __rc19 = __rc18 + 1
       0        0        0     1 PROVIDE ( __rc20 = __rc19 + 1 )
       0        0        0     1 __rc21 = __rc20 + 1
       0        0        0     1 PROVIDE ( __rc22 = __rc21 + 1 )
       0        0        0     1 __rc23 = __rc22 + 1
       0        0        0     1 PROVIDE ( __rc24 = __rc23 + 1 )
       0        0        0     1 __rc25 = __rc24 + 1
       0        0        0     1 PROVIDE ( __rc26 = __rc25 + 1 )
       0        0        0     1 __rc27 = __rc26 + 1
       0        0        0     1 PROVIDE ( __rc28 = __rc27 + 1 )
       0        0        0     1 __rc29 = __rc28 + 1
       0        0        0     1 PROVIDE ( __rc30 = __rc29 + 1 )
       0        0        0     1 __rc31 = __rc30 + 1
    2001     2001       16     1 .basic_header
    2001     2001       16     1         F:\Entwicklungsprojekte\Mega65\llvm-mos\llvm-mos\bin/../mos-platform/mega65/lib\basic-header.o:(.basic_header)
    2015     2015        0     1                 next_line
      22     2017        6     1 .zp.data
      22     2017        0     1         __zp_data_start = .
      22     2017        5     1         lto.tmp:(.zp.rodata..Lswitch.table.asciitoscreencode)
      27     201c        1     1         lto.tmp:(.zp.data.g_curTextColor)
      27     201c        1     1                 g_curTextColor
      28     201d        0     1 __zp_data_load_start = LOADADDR ( .zp.data )
      28     201d        0     1 __zp_data_size = SIZEOF ( .zp.data )
      28       28       3f     1 .zp.bss
      28       28        0     1         __zp_bss_start = .
      28       28       28     1         lto.tmp:(.zp.bss.s)
      28       28       28     1                 s
      50       50        1     1         lto.tmp:(.zp.bss.g_curScreenW)
      50       50        1     1                 g_curScreenW
      51       51        1     1         lto.tmp:(.zp.bss.g_curX)
      51       51        1     1                 g_curX
      52       52        1     1         lto.tmp:(.zp.bss.g_curY)
      52       52        1     1                 g_curY
      53       53       14     1         lto.tmp:(.zp.bss.dmalist)
      53       53       14     1                 dmalist
      67       67        0     1 __zp_bss_size = SIZEOF ( .zp.bss )
      67       67       29     1 .zp
      67       67       29     1         lto.tmp:(.zp.noinit..Lzp_stack)
    201d     201d     4baf     1 .text
    201d     201d        0     1         _init = .
    201d     201d        0     1         _start = .
    201d     201d        e     1         F:\Entwicklungsprojekte\Mega65\llvm-mos\llvm-mos\bin/../mos-platform/mega65/lib\unmap-basic.o:(.init.010)
    202b     202b        8     1         F:\Entwicklungsprojekte\Mega65\llvm-mos\llvm-mos\bin/../mos-platform/commodore/lib\libcrt0.a(init-stack.S.obj):(.init.100)
    202b     202b        0     1                 __do_init_stack
    2033     2033        3     1         F:\Entwicklungsprojekte\Mega65\llvm-mos\llvm-mos\bin/../mos-platform/commodore/lib\libcrt0.a(zero-bss.c.obj):(.init.200)
    2033     2033        0     1                 __do_zero_bss
    2036     2036        3     1         F:\Entwicklungsprojekte\Mega65\llvm-mos\llvm-mos\bin/../mos-platform/commodore/lib\libcrt0.a(zero-zp-bss.c.obj):(.init.200)
    2036     2036        0     1                 __do_zero_zp_bss
    2039     2039        3     1         F:\Entwicklungsprojekte\Mega65\llvm-mos\llvm-mos\bin/../mos-platform/commodore/lib\libcrt0.a(copy-zp-data.c.obj):(.init.200)
    2039     2039        0     1                 __do_copy_zp_data
    203c     203c        3     1         F:\Entwicklungsprojekte\Mega65\llvm-mos\llvm-mos\bin/../mos-platform/common/lib\crt0.o:(.call_main)
    203f     203f        3     1         F:\Entwicklungsprojekte\Mega65\llvm-mos\llvm-mos\bin/../mos-platform/commodore/lib\libcrt0.a(exit-return.c.obj):(.after_main)
    203f     203f        0     1                 __after_main
    2042     2042        0     1         _fini = .
    2042     2042        a     1         F:\Entwicklungsprojekte\Mega65\llvm-mos\llvm-mos\bin/../mos-platform/mega65/lib\unmap-basic.o:(.fini.990)
    204c     204c        1     1         F:\Entwicklungsprojekte\Mega65\llvm-mos\llvm-mos\bin/../mos-platform/common/lib\crt0.o:(.fini_rts)
    204d     204d       79     1         C:\Users\SUPERU~1\AppData\Local\Temp\memory_asm-ec9912.o:(.text)
    204d     204d        0     1                 fourbytes
    2051     2051        0     1                 lpstore
    206c     206c        0     1                 lprestore
    2087     2087        0     1                 lpoke
    20a8     20a8        0     1                 lpeek
    20c6     20c6        a     1         F:\Entwicklungsprojekte\Mega65\llvm-mos\llvm-mos\bin/../mos-platform/commodore/lib\libcrt0.a(exit-return.c.obj):(.text)
    20c6     20c6        a     1                 __exit_return
    20d0     20d0     146b     1         F:\Entwicklungsprojekte\Mega65\llvm-mos\llvm-mos\bin/../mos-platform/common/lib\libcrt.a(divmod-large.cc.obj):(.text)
    20d0     20d0      252     1                 __udivmodsi4
    2322     2322      5af     1                 __udivmoddi4
    28d1     28d1      399     1                 __divmodsi4
    2c6a     2c6a      8d1     1                 __divmoddi4
    353b     353b       13     1         F:\Entwicklungsprojekte\Mega65\llvm-mos\llvm-mos\bin/../mos-platform/commodore/lib\libcrt0.a(zero-bss.c.obj):(.text)
    353b     353b       13     1                 __zero_bss
    354e     354e       13     1         F:\Entwicklungsprojekte\Mega65\llvm-mos\llvm-mos\bin/../mos-platform/commodore/lib\libcrt0.a(zero-zp-bss.c.obj):(.text)
    354e     354e       13     1                 __zero_zp_bss
    3561     3561       17     1         F:\Entwicklungsprojekte\Mega65\llvm-mos\llvm-mos\bin/../mos-platform/commodore/lib\libcrt0.a(copy-zp-data.c.obj):(.text)
    3561     3561       17     1                 __copy_zp_data
    3578     3578     16ac     1         lto.tmp:(.text.main)
    3578     3578     16ac     1                 main
    3f40     3f40        0     1                 errhyp1att0
    3f44     3f44        0     1                 donehyp1att0
    403b     403b        0     1                 errhypchdir1
    403f     403f        0     1                 donehypchdir1
    42a0     42a0        0     1                 errhyp0att2
    42a4     42a4        0     1                 donehyp0att2
    4c24     4c24       32     1         lto.tmp:(.text.hyppo_setname)
    4c24     4c24       32     1                 hyppo_setname
    4c50     4c50        0     1                 errhypsetnam3
    4c54     4c54        0     1                 donehypsetnam3
    4c56     4c56       63     1         lto.tmp:(.text.getsfn)
    4c56     4c56       63     1                 getsfn
    4cb9     4cb9       90     1         lto.tmp:(.text.ReadSector)
    4cb9     4cb9       90     1                 ReadSector
    4d49     4d49      16f     1         lto.tmp:(.text.ShowAccess)
    4d49     4d49      16f     1                 ShowAccess
    4eb8     4eb8       5d     1         lto.tmp:(.text.GetOneSector)
    4eb8     4eb8       5d     1                 GetOneSector
    4f15     4f15       e4     1         lto.tmp:(.text.PutOneSector)
    4f15     4f15       e4     1                 PutOneSector
    4ff9     4ff9       39     1         lto.tmp:(.text.GetBAM)
    4ff9     4ff9       39     1                 GetBAM
    5032     5032       60     1         lto.tmp:(.text.PutBAM)
    5032     5032       60     1                 PutBAM
    5092     5092      10c     1         lto.tmp:(.text.readblockchain)
    5092     5092      10c     1                 readblockchain
    519e     519e      250     1         lto.tmp:(.text.BAMSectorUpdate)
    519e     519e      250     1                 BAMSectorUpdate
    53ee     53ee      151     1         lto.tmp:(.text.findnextBAMtracksector)
    53ee     53ee      151     1                 findnextBAMtracksector
    553f     553f       77     1         lto.tmp:(.text.tracksectorstring)
    553f     553f       77     1                 tracksectorstring
    55b6     55b6       cd     1         lto.tmp:(.text.getdirententry)
    55b6     55b6       cd     1                 getdirententry
    5683     5683       13     1         lto.tmp:(.text.strcopy)
    5683     5683       13     1                 strcopy
    5696     5696      124     1         lto.tmp:(.text.cputln)
    5696     5696      124     1                 cputln
    57ba     57ba       b3     1         lto.tmp:(.text.csputdec)
    57ba     57ba       b3     1                 csputdec
    586d     586d       51     1         lto.tmp:(.text.asciitoscreencode_s)
    586d     586d       51     1                 asciitoscreencode_s
    58be     58be       5f     1         lto.tmp:(.text.clrhome)
    58be     58be       5f     1                 clrhome
    591d     591d        e     1         lto.tmp:(.text.msprintf)
    591d     591d        e     1                 msprintf
    592b     592b       2b     1         lto.tmp:(.text.mprintf)
    592b     592b       2b     1                 mprintf
    5956     5956       3d     1         lto.tmp:(.text.mhprintf)
    5956     5956       3d     1                 mhprintf
    5993     5993       16     1         lto.tmp:(.text.mcputsxy)
    5993     5993       16     1                 mcputsxy
    59a9     59a9      18f     1         lto.tmp:(.text.mcbox)
    59a9     59a9      18f     1                 mcbox
    5b38     5b38      10b     1         lto.tmp:(.text.messagebox)
    5b38     5b38      10b     1                 messagebox
    5c43     5c43       af     1         lto.tmp:(.text.progress)
    5c43     5c43       af     1                 progress
    5cf2     5cf2       4d     1         lto.tmp:(.text.shortcutprint)
    5cf2     5cf2       4d     1                 shortcutprint
    5d3f     5d3f      356     1         lto.tmp:(.text.shortcuts)
    5d3f     5d3f      356     1                 shortcuts
    6095     6095      459     1         lto.tmp:(.text.UpdateSectors)
    6095     6095      459     1                 UpdateSectors
    611f     611f        0     1                 errgetproc4
    6123     6123        0     1                 donegetproc4
    61af     61af        0     1                 errgetcurdrv5
    61b3     61b3        0     1                 donegetcurdrv5
    61cc     61cc        0     1                 errhypopendir6
    61d0     61d0        0     1                 donehypopendir6
    6223     6223        0     1                 hypreaddirloop7
    623b     623b        0     1                 errhypreaddir7
    623d     623d        0     1                 donehypreaddir7
    64a7     64a7        0     1                 errhypclosedir8
    64a9     64a9        0     1                 donehypclosedir8
    64ee     64ee        1     1         lto.tmp:(.text.escNOP)
    64ee     64ee        1     1                 escNOP
    64ef     64ef       14     1         lto.tmp:(.text.getscreenaddr)
    64ef     64ef       14     1                 getscreenaddr
    6503     6503        9     1         lto.tmp:(.text.cputc)
    6503     6503        9     1                 cputc
    650c     650c       a5     1         lto.tmp:(.text.cputcxy)
    650c     650c       a5     1                 cputcxy
    65b1     65b1       74     1         lto.tmp:(.text.cputhex)
    65b1     65b1       74     1                 cputhex
    6625     6625        7     1         lto.tmp:(.text.cputs)
    6625     6625        7     1                 cputs
    662c     662c       dd     1         lto.tmp:(.text.cputsxy)
    662c     662c       dd     1                 cputsxy
    6709     6709       aa     1         lto.tmp:(.text.fillrect)
    6709     6709       aa     1                 fillrect
    67b3     67b3        9     1         lto.tmp:(.text.cgetc)
    67b3     67b3        9     1                 cgetc
    67bc     67bc       27     1         lto.tmp:(.text.do_dma)
    67bc     67bc       27     1                 do_dma
    67e3     67e3       67     1         lto.tmp:(.text.lcopy)
    67e3     67e3       67     1                 lcopy
    684a     684a       50     1         lto.tmp:(.text.lfill)
    684a     684a       50     1                 lfill
    689a     689a       4e     1         lto.tmp:(.text.usleep)
    689a     689a       4e     1                 usleep
    68e8     68e8       38     1         lto.tmp:(.text.strcpy)
    68e8     68e8       38     1                 strcpy
    6920     6920       34     1         lto.tmp:(.text.strlen)
    6920     6920       34     1                 strlen
    6954     6954       13     1         lto.tmp:(.text.__ashlhi3)
    6954     6954       13     1                 __ashlhi3
    6967     6967       1b     1         lto.tmp:(.text.__mulqi3)
    6967     6967       1b     1                 __mulqi3
    6982     6982       32     1         lto.tmp:(.text.__mulhi3)
    6982     6982       32     1                 __mulhi3
    69b4     69b4       70     1         lto.tmp:(.text.__mulsi3)
    69b4     69b4       70     1                 __mulsi3
    6a24     6a24       82     1         lto.tmp:(.text.__udivmodqi4)
    6a24     6a24       82     1                 __udivmodqi4
    6aa6     6aa6       da     1         lto.tmp:(.text.__udivmodhi4)
    6aa6     6aa6       da     1                 __udivmodhi4
    6b80     6b80       2d     1         lto.tmp:(.text.memcpy)
    6b80     6b80       2d     1                 memcpy
    6bad     6bad       1f     1         lto.tmp:(.text.__memset)
    6bad     6bad       1f     1                 __memset
    6bcc     6bcc        0     1         __init_array_start = .
    6bcc     6bcc        0     1         __init_array_end = .
    6bcc     6bcc        0     1         __fini_array_start = .
    6bcc     6bcc        0     1         __fini_array_end = .
    6bcc     6bcc      5ba     1 .rodata
    6bcc     6bcc       1e     1         lto.tmp:(.rodata.main)
    6bea     6bea      530     1         <internal>:(.rodata.str1.1)
    711a     711a        c     1         <internal>:(.rodata.cst4)
    7126     7126       50     1         lto.tmp:(.rodata..L__const.findnextBAMtracksector.strategy)
    7176     7176       10     1         <internal>:(.rodata.cst16)
    7186     7186        0     1 .data
    7186     7186        0     1         __data_start = .
    7186     7186        0     1         __data_end = .
    7186     7186        0     1 __data_load_start = LOADADDR ( .data )
    7186     7186        0     1 __data_size = SIZEOF ( .data )
    7186     7186      321     1 .bss
    7186     7186        0     1         __bss_start = .
    7186     7186        1     1         lto.tmp:(.bss.fnamehi)
    7186     7186        1     1                 fnamehi
    7187     7187       22     1         lto.tmp:(.bss.diskname)
    7187     7187       22     1                 diskname
    71a9     71a9        1     1         lto.tmp:(.bss.g_curScreenH)
    71a9     71a9        1     1                 g_curScreenH
    71aa     71aa      2fd     1         lto.tmp:(.bss.escapeCode)
    71aa     71aa      2fd     1                 escapeCode
    74a7     74a7        0     1         __bss_end = .
    74a7     74a7        0     1 __bss_size = SIZEOF ( .bss )
    74a7     74a7       17     1 .noinit
    74a7     74a7        1     1         F:\Entwicklungsprojekte\Mega65\llvm-mos\llvm-mos\bin/../mos-platform/commodore/lib\libcrt0.a(exit-return.c.obj):(.noinit)
    74a8     74a8       16     1         lto.tmp:(.noinit..Lstatic_stack)
    74be     74be        0     1         __heap_start = .
    74be     74be        0     1 __stack = 0xd000
       0        0       79     1 .comment
       0        0       79     1         <internal>:(.comment)
       0        0      a60     4 .symtab
       0        0      a60     4         <internal>:(.symtab)
       0        0       68     1 .shstrtab
       0        0       68     1         <internal>:(.shstrtab)
       0        0      6dd     1 .strtab
       0        0      6dd     1         <internal>:(.strtab)
