     VMA      LMA     Size Align Out     In      Symbol
       0        0        0     1 __basic_zp_start = 0x0002
       0        0        0     1 __basic_zp_end = 0x0090
       0        0        0     1 __rc0 = __basic_zp_start
       0        0        0     1 __rc1 = __rc0 + 1
       0        0        0     1 PROVIDE(__rc2 = __rc1 + 1)
       0        0        0     1 __rc3 = __rc2 + 1
       0        0        0     1 PROVIDE(__rc4 = __rc3 + 1)
       0        0        0     1 __rc5 = __rc4 + 1
       0        0        0     1 PROVIDE(__rc6 = __rc5 + 1)
       0        0        0     1 __rc7 = __rc6 + 1
       0        0        0     1 PROVIDE(__rc8 = __rc7 + 1)
       0        0        0     1 __rc9 = __rc8 + 1
       0        0        0     1 PROVIDE(__rc10 = __rc9 + 1)
       0        0        0     1 __rc11 = __rc10 + 1
       0        0        0     1 PROVIDE(__rc12 = __rc11 + 1)
       0        0        0     1 __rc13 = __rc12 + 1
       0        0        0     1 PROVIDE(__rc14 = __rc13 + 1)
       0        0        0     1 __rc15 = __rc14 + 1
       0        0        0     1 PROVIDE(__rc16 = __rc15 + 1)
       0        0        0     1 __rc17 = __rc16 + 1
       0        0        0     1 PROVIDE(__rc18 = __rc17 + 1)
       0        0        0     1 __rc19 = __rc18 + 1
       0        0        0     1 PROVIDE(__rc20 = __rc19 + 1)
       0        0        0     1 __rc21 = __rc20 + 1
       0        0        0     1 PROVIDE(__rc22 = __rc21 + 1)
       0        0        0     1 __rc23 = __rc22 + 1
       0        0        0     1 PROVIDE(__rc24 = __rc23 + 1)
       0        0        0     1 __rc25 = __rc24 + 1
       0        0        0     1 PROVIDE(__rc26 = __rc25 + 1)
       0        0        0     1 __rc27 = __rc26 + 1
       0        0        0     1 PROVIDE(__rc28 = __rc27 + 1)
       0        0        0     1 __rc29 = __rc28 + 1
       0        0        0     1 PROVIDE(__rc30 = __rc29 + 1)
       0        0        0     1 __rc31 = __rc30 + 1
    2001     2001       16     1 .basic_header
    2001     2001       16     1         F:\Entwicklungsprojekte\Mega65\llvm-mos\llvm-mos\bin/../mos-platform/mega65/lib\basic-header.o:(.basic_header)
    2015     2015        0     1                 next_line
      22     2017        a     1 .zp.data
      22     2017        0     1         __zp_data_start = .
      22     2017        a     1         midnightmega.prg.lto.o:(.zp.data)
      27     201c        4     1                 midnight
      2b     2020        1     1                 g_curTextColor
      2c     2021        0     1 __zp_data_load_start = LOADADDR(.zp.data)
      2c     2021        0     1 __zp_data_size = SIZEOF(.zp.data)
      2c       2c       1c     1 .zp.bss
      2c       2c        0     1         __zp_bss_start = .
      2c       2c       1c     1         midnightmega.prg.lto.o:(.zp.bss)
      2c       2c        1     1                 lastdrive
      2d       2d        1     1                 prevtrack
      2e       2e        1     1                 lastdoublesector
      2f       2f        1     1                 option.0
      30       30        1     1                 g_curScreenW
      31       31        1     1                 g_curScreenH
      32       32        1     1                 g_curX
      33       33        1     1                 g_curY
      34       34       14     1                 dmalist
      48       48        0     1 __zp_bss_size = SIZEOF(.zp.bss)
      48       48       48     1 .zp
      48       48       48     1         midnightmega.prg.lto.o:(.zp.noinit)
    2021     2021     62b9     1 .text
    2021     2021        0     1         _init = .
    2021     2021        0     1         _start = .
    2021     2021        e     1         F:\Entwicklungsprojekte\Mega65\llvm-mos\llvm-mos\bin/../mos-platform/mega65/lib\unmap-basic.o:(.init.010)
    202f     202f        8     1         F:\Entwicklungsprojekte\Mega65\llvm-mos\llvm-mos\bin/../mos-platform/mega65/lib\libcrt0.a(init-stack.S.obj):(.init.100)
    202f     202f        0     1                 __do_init_stack
    2037     2037        3     1         F:\Entwicklungsprojekte\Mega65\llvm-mos\llvm-mos\bin/../mos-platform/mega65/lib\libcrt0.a(zero-bss.c.obj):(.init.200)
    2037     2037        0     1                 __do_zero_bss
    203a     203a        3     1         F:\Entwicklungsprojekte\Mega65\llvm-mos\llvm-mos\bin/../mos-platform/mega65/lib\libcrt0.a(zero-zp-bss.c.obj):(.init.200)
    203a     203a        0     1                 __do_zero_zp_bss
    203d     203d        3     1         F:\Entwicklungsprojekte\Mega65\llvm-mos\llvm-mos\bin/../mos-platform/mega65/lib\libcrt0.a(copy-zp-data.c.obj):(.init.200)
    203d     203d        0     1                 __do_copy_zp_data
    2040     2040        5     1         midnightmega.prg.lto.o:(.init.250)
    2040     2040        0     1                 shift
    2045     2045        3     1         F:\Entwicklungsprojekte\Mega65\llvm-mos\llvm-mos\bin/../mos-platform/common/lib\crt0.o:(.call_main)
    2048     2048        3     1         F:\Entwicklungsprojekte\Mega65\llvm-mos\llvm-mos\bin/../mos-platform/mega65/lib\libcrt0.a(exit-custom.S.obj):(.after_main)
    2048     2048        0     1                 __after_main
    204b     204b        0     1         _fini = .
    204b     204b        a     1         F:\Entwicklungsprojekte\Mega65\llvm-mos\llvm-mos\bin/../mos-platform/mega65/lib\unmap-basic.o:(.fini.990)
    2055     2055        1     1         F:\Entwicklungsprojekte\Mega65\llvm-mos\llvm-mos\bin/../mos-platform/common/lib\crt0.o:(.fini_rts)
    2056     2056       79     1         C:\Users\SUPERU~1\AppData\Local\Temp\memory_asm-612b05.o:(.text)
    2056     2056        0     1                 fourbytes
    205a     205a        0     1                 lpstore
    2075     2075        0     1                 lprestore
    2090     2090        0     1                 lpoke
    20b1     20b1        0     1                 lpeek
    20cf     20cf       13     1         F:\Entwicklungsprojekte\Mega65\llvm-mos\llvm-mos\bin/../mos-platform/mega65/lib\libcrt0.a(zero-bss.c.obj):(.text.__zero_bss)
    20cf     20cf       13     1                 __zero_bss
    20e2     20e2       13     1         F:\Entwicklungsprojekte\Mega65\llvm-mos\llvm-mos\bin/../mos-platform/mega65/lib\libcrt0.a(zero-zp-bss.c.obj):(.text.__zero_zp_bss)
    20e2     20e2       13     1                 __zero_zp_bss
    20f5     20f5       17     1         F:\Entwicklungsprojekte\Mega65\llvm-mos\llvm-mos\bin/../mos-platform/mega65/lib\libcrt0.a(copy-zp-data.c.obj):(.text.__copy_zp_data)
    20f5     20f5       17     1                 __copy_zp_data
    210c     210c       92     1         midnightmega.prg.lto.o:(.text.main)
    210c     210c       92     1                 main
    219e     219e       32     1         midnightmega.prg.lto.o:(.text.hyppo_setname)
    219e     219e       32     1                 hyppo_setname
    21ca     21ca        0     1                 errhypsetnam0
    21ce     21ce        0     1                 donehypsetnam0
    21d0     21d0       63     1         midnightmega.prg.lto.o:(.text.getsfn)
    21d0     21d0       63     1                 getsfn
    2233     2233      166     1         midnightmega.prg.lto.o:(.text.ShowAccess)
    2233     2233      166     1                 ShowAccess
    2399     2399       d2     1         midnightmega.prg.lto.o:(.text.ReadSector)
    2399     2399       d2     1                 ReadSector
    246b     246b       9f     1         midnightmega.prg.lto.o:(.text.WriteSector)
    246b     246b       9f     1                 WriteSector
    250a     250a       43     1         midnightmega.prg.lto.o:(.text.GetOneSector)
    250a     250a       43     1                 GetOneSector
    254d     254d       84     1         midnightmega.prg.lto.o:(.text.PutWholeSector)
    254d     254d       84     1                 PutWholeSector
    25d1     25d1       51     1         midnightmega.prg.lto.o:(.text.PutOneSector)
    25d1     25d1       51     1                 PutOneSector
    2622     2622       39     1         midnightmega.prg.lto.o:(.text.GetBAM)
    2622     2622       39     1                 GetBAM
    265b     265b       60     1         midnightmega.prg.lto.o:(.text.PutBAM)
    265b     265b       60     1                 PutBAM
    26bb     26bb       9a     1         midnightmega.prg.lto.o:(.text.readblockchain)
    26bb     26bb       9a     1                 readblockchain
    2755     2755      302     1         midnightmega.prg.lto.o:(.text.BAMSectorUpdate)
    2755     2755      302     1                 BAMSectorUpdate
    2a57     2a57       98     1         midnightmega.prg.lto.o:(.text.BAMSectorsFreeBlocks)
    2a57     2a57       98     1                 BAMSectorsFreeBlocks
    2aef     2aef      12c     1         midnightmega.prg.lto.o:(.text.FreeTracks)
    2aef     2aef      12c     1                 FreeTracks
    2c1b     2c1b      1fd     1         midnightmega.prg.lto.o:(.text.FormatPartition)
    2c1b     2c1b      1fd     1                 FormatPartition
    2e18     2e18      1a0     1         midnightmega.prg.lto.o:(.text.isallocatedBAMtracksector)
    2e18     2e18      1a0     1                 isallocatedBAMtracksector
    2fb8     2fb8      15e     1         midnightmega.prg.lto.o:(.text.findnextBAMtracksector)
    2fb8     2fb8      15e     1                 findnextBAMtracksector
    3116     3116       8c     1         midnightmega.prg.lto.o:(.text.tracksectorstring)
    3116     3116       8c     1                 tracksectorstring
    31a2     31a2       e2     1         midnightmega.prg.lto.o:(.text.getdirententry)
    31a2     31a2       e2     1                 getdirententry
    3284     3284      39c     1         midnightmega.prg.lto.o:(.text.writenewdirententry)
    3284     3284      39c     1                 writenewdirententry
    3620     3620      2ff     1         midnightmega.prg.lto.o:(.text.deletedirententry)
    3620     3620      2ff     1                 deletedirententry
    391f     391f       16     1         midnightmega.prg.lto.o:(.text.strcopy)
    391f     391f       16     1                 strcopy
    3935     3935       31     1         midnightmega.prg.lto.o:(.text.strmakefilename)
    3935     3935       31     1                 strmakefilename
    3966     3966       c6     1         midnightmega.prg.lto.o:(.text.csputdec)
    3966     3966       c6     1                 csputdec
    3a2c     3a2c       51     1         midnightmega.prg.lto.o:(.text.asciitoscreencode_s)
    3a2c     3a2c       51     1                 asciitoscreencode_s
    3a7d     3a7d       5e     1         midnightmega.prg.lto.o:(.text.clrhome)
    3a7d     3a7d       5e     1                 clrhome
    3adb     3adb        e     1         midnightmega.prg.lto.o:(.text.msprintf)
    3adb     3adb        e     1                 msprintf
    3ae9     3ae9       2b     1         midnightmega.prg.lto.o:(.text.mprintf)
    3ae9     3ae9       2b     1                 mprintf
    3b14     3b14       16     1         midnightmega.prg.lto.o:(.text.mcputsxy)
    3b14     3b14       16     1                 mcputsxy
    3b2a     3b2a      18b     1         midnightmega.prg.lto.o:(.text.mcbox)
    3b2a     3b2a      18b     1                 mcbox
    3cb5     3cb5      1a8     1         midnightmega.prg.lto.o:(.text.messagebox)
    3cb5     3cb5      1a8     1                 messagebox
    3e5d     3e5d       b0     1         midnightmega.prg.lto.o:(.text.progress)
    3e5d     3e5d       b0     1                 progress
    3f0d     3f0d      10a     1         midnightmega.prg.lto.o:(.text.inputbox)
    3f0d     3f0d      10a     1                 inputbox
    4017     4017       41     1         midnightmega.prg.lto.o:(.text.shortcutprint)
    4017     4017       41     1                 shortcutprint
    4058     4058      4ad     1         midnightmega.prg.lto.o:(.text.shortcuts)
    4058     4058      4ad     1                 shortcuts
    4505     4505       9f     1         midnightmega.prg.lto.o:(.text.optionstring)
    4505     4505       9f     1                 optionstring
    45a4     45a4      5f8     1         midnightmega.prg.lto.o:(.text.UpdateSectors)
    45a4     45a4      5f8     1                 UpdateSectors
    4685     4685        0     1                 errgetproc1
    4689     4689        0     1                 donegetproc1
    47b9     47b9        0     1                 errgetcurdrv2
    47bd     47bd        0     1                 donegetcurdrv2
    47d6     47d6        0     1                 errhypopendir3
    47da     47da        0     1                 donehypopendir3
    4882     4882        0     1                 hypreaddirloop4
    489a     489a        0     1                 errhypreaddir4
    489c     489c        0     1                 donehypreaddir4
    4b18     4b18        0     1                 errhypclosedir5
    4b1a     4b1a        0     1                 donehypclosedir5
    4b9c     4b9c       46     1         midnightmega.prg.lto.o:(.text.Deselect)
    4b9c     4b9c       46     1                 Deselect
    4be2     4be2      164     1         midnightmega.prg.lto.o:(.text.sizeselectcurrentifnone)
    4be2     4be2      164     1                 sizeselectcurrentifnone
    4d46     4d46     28d6     1         midnightmega.prg.lto.o:(.text.navi)
    4d46     4d46     28d6     1                 navi
    62eb     62eb        0     1                 errhypfindfirst6
    62ed     62ed        0     1                 donehypfindfirst6
    67a5     67a5        0     1                 errhyprmfile7
    67a9     67a9        0     1                 donehyprmfile7
    67b9     67b9        0     1                 errhypclosedir8
    67bb     67bb        0     1                 donehypclosedir8
    686b     686b        0     1                 errhypd81dosattach9
    686f     686f        0     1                 donehypd81dosattach9
    6a29     6a29        0     1                 errhypfindfirst10
    6a2b     6a2b        0     1                 donehypfindfirst10
    6a4a     6a4a        0     1                 errhypopenfile11
    6a4c     6a4c        0     1                 donehypopenfile11
    6a76     6a76        0     1                 errhypreadfile12
    6a7a     6a7a        0     1                 donehypreadfile12
    6a99     6a99        0     1                 errhypclosefile13
    6a9d     6a9d        0     1                 donehypclosefile13
    6b71     6b71        0     1                 errhypfindfirst14
    6b73     6b73        0     1                 donehypfindfirst14
    6c49     6c49        0     1                 errhypchdir15
    6c4d     6c4d        0     1                 donehypchdir15
    6c94     6c94        0     1                 errhyprmfile16
    6c98     6c98        0     1                 donehyprmfile16
    6ca8     6ca8        0     1                 errhypclosedir17
    6caa     6caa        0     1                 donehypclosedir17
    6d0b     6d0b        0     1                 errhypchdir18
    6d0f     6d0f        0     1                 donehypchdir18
    6f98     6f98        0     1                 errhyp1att19
    6f9c     6f9c        0     1                 donehyp1att19
    6fb9     6fb9        0     1                 errhyp0att20
    6fbd     6fbd        0     1                 donehyp0att20
    7170     7170        0     1                 errhypd81dosattach21
    7174     7174        0     1                 donehypd81dosattach21
    72cc     72cc        0     1                 errhypd81dosattach22
    72d0     72d0        0     1                 donehypd81dosattach22
    761c     761c       74     1         midnightmega.prg.lto.o:(.text.blockreadbyte)
    761c     761c       74     1                 blockreadbyte
    7690     7690      269     1         midnightmega.prg.lto.o:(.text.text)
    7690     7690      269     1                 text
    78f9     78f9       46     1         midnightmega.prg.lto.o:(.text.sidbong)
    78f9     78f9       46     1                 sidbong
    793f     793f        b     1         midnightmega.prg.lto.o:(.text.flushkeybuf)
    793f     793f        b     1                 flushkeybuf
    794a     794a       17     1         midnightmega.prg.lto.o:(.text.petsciitoscreencode)
    794a     794a       17     1                 petsciitoscreencode
    7961     7961        9     1         midnightmega.prg.lto.o:(.text.cputc)
    7961     7961        9     1                 cputc
    796a     796a       a1     1         midnightmega.prg.lto.o:(.text.cputcxy)
    796a     796a       a1     1                 cputcxy
    7a0b     7a0b        7     1         midnightmega.prg.lto.o:(.text.cputs)
    7a0b     7a0b        7     1                 cputs
    7a12     7a12       db     1         midnightmega.prg.lto.o:(.text.cputsxy)
    7a12     7a12       db     1                 cputsxy
    7aed     7aed       aa     1         midnightmega.prg.lto.o:(.text.fillrect)
    7aed     7aed       aa     1                 fillrect
    7b97     7b97        9     1         midnightmega.prg.lto.o:(.text.cgetc)
    7b97     7b97        9     1                 cgetc
    7ba0     7ba0       27     1         midnightmega.prg.lto.o:(.text.do_dma)
    7ba0     7ba0       27     1                 do_dma
    7bc7     7bc7       67     1         midnightmega.prg.lto.o:(.text.lcopy)
    7bc7     7bc7       67     1                 lcopy
    7c2e     7c2e       50     1         midnightmega.prg.lto.o:(.text.lfill)
    7c2e     7c2e       50     1                 lfill
    7c7e     7c7e       5c     1         midnightmega.prg.lto.o:(.text.usleep)
    7c7e     7c7e       5c     1                 usleep
    7cda     7cda        5     1         midnightmega.prg.lto.o:(.text.exit)
    7cda     7cda        5     1                 exit
    7cdf     7cdf       d9     1         midnightmega.prg.lto.o:(.text.atoi)
    7cdf     7cdf       d9     1                 atoi
    7db8     7db8       3e     1         midnightmega.prg.lto.o:(.text.strcpy)
    7db8     7db8       3e     1                 strcpy
    7df6     7df6       3c     1         midnightmega.prg.lto.o:(.text.strlen)
    7df6     7df6       3c     1                 strlen
    7e32     7e32        b     1         midnightmega.prg.lto.o:(.text.__ashlqi3)
    7e32     7e32        b     1                 __ashlqi3
    7e3d     7e3d       13     1         midnightmega.prg.lto.o:(.text.__ashlhi3)
    7e3d     7e3d       13     1                 __ashlhi3
    7e50     7e50       32     1         midnightmega.prg.lto.o:(.text.__mulhi3)
    7e50     7e50       32     1                 __mulhi3
    7e82     7e82       c1     1         midnightmega.prg.lto.o:(.text.__udivhi3)
    7e82     7e82       c1     1                 __udivhi3
    7f43     7f43       45     1         midnightmega.prg.lto.o:(.text.__umodqi3)
    7f43     7f43       45     1                 __umodqi3
    7f88     7f88       70     1         midnightmega.prg.lto.o:(.text.__udivmodqi4)
    7f88     7f88       70     1                 __udivmodqi4
    7ff8     7ff8       dc     1         midnightmega.prg.lto.o:(.text.__udivmodhi4)
    7ff8     7ff8       dc     1                 __udivmodhi4
    80d4     80d4      1ba     1         midnightmega.prg.lto.o:(.text.__udivmodsi4)
    80d4     80d4      1ba     1                 __udivmodsi4
    828e     828e       2c     1         midnightmega.prg.lto.o:(.text.memcpy)
    828e     828e       2c     1                 memcpy
    82ba     82ba       20     1         midnightmega.prg.lto.o:(.text.__memset)
    82ba     82ba       20     1                 __memset
    82da     82da        0     1         __init_array_start = .
    82da     82da        0     1         __init_array_end = .
    82da     82da        0     1         __fini_array_start = .
    82da     82da        0     1         __fini_array_end = .
    82da     82da      ae5     1 .rodata
    82da     82da       70     1         midnightmega.prg.lto.o:(.rodata.navi)
    834a     834a       16     1         midnightmega.prg.lto.o:(.rodata.text)
    8360     8360      9f7     1         <internal>:(.rodata.str1.1)
    8d57     8d57        8     1         <internal>:(.rodata.cst4)
    8d5f     8d5f       50     1         midnightmega.prg.lto.o:(.rodata..L__const.findnextBAMtracksector.strategy)
    8daf     8daf       10     1         <internal>:(.rodata.cst16)
    8dbf     8dbf        0     1 .data
    8dbf     8dbf        0     1         __data_start = .
    8dbf     8dbf        0     1         __data_end = .
    8dbf     8dbf        0     1 __data_load_start = LOADADDR(.data)
    8dbf     8dbf        0     1 __data_size = SIZEOF(.data)
    8dbf     8dbf      1b4     1 .bss
    8dbf     8dbf        0     1         __bss_start = .
    8dbf     8dbf        1     1         midnightmega.prg.lto.o:(.bss.fnamehi.2)
    8dbf     8dbf        1     1                 fnamehi.2
    8dc0     8dc0       20     1         midnightmega.prg.lto.o:(.bss.direntryblock2)
    8dc0     8dc0       20     1                 direntryblock2
    8de0     8de0       50     1         midnightmega.prg.lto.o:(.bss.s)
    8de0     8de0       50     1                 s
    8e30     8e30       e0     1         midnightmega.prg.lto.o:(.bss.direntflags)
    8e30     8e30       e0     1                 direntflags
    8f10     8f10       22     1         midnightmega.prg.lto.o:(.bss.disknames)
    8f10     8f10       22     1                 disknames
    8f32     8f32        1     1         midnightmega.prg.lto.o:(.bss.legacyHDOSstate)
    8f32     8f32        1     1                 legacyHDOSstate
    8f33     8f33       40     1         midnightmega.prg.lto.o:(.bss.lfnname)
    8f33     8f33       40     1                 lfnname
    8f73     8f73        0     1         __bss_end = .
    8f73     8f73        0     1 __bss_size = SIZEOF(.bss)
    8f73     8f73        8     1 .noinit
    8f73     8f73        8     1         midnightmega.prg.lto.o:(.noinit..Lstatic_stack)
    8f7b     8f7b        0     1         __heap_start = ALIGN(., 2)
    8f7b     8f7b        0     1 __stack = 0xd000
       0        0       cc     1 .comment
       0        0       cc     1         <internal>:(.comment)
       0        0     12c0     4 .symtab
       0        0     12c0     4         <internal>:(.symtab)
       0        0       68     1 .shstrtab
       0        0       68     1         <internal>:(.shstrtab)
       0        0      c68     1 .strtab
       0        0      c68     1         <internal>:(.strtab)
