     VMA      LMA     Size Align Out     In      Symbol
       0        0        0     1 __basic_zp_start = 0x0002
       0        0        0     1 __basic_zp_end = 0x0090
       0        0        0     1 __rc0 = __basic_zp_start
       0        0        0     1 __rc1 = __rc0 + 1
       0        0        0     1 PROVIDE ( __rc2 = __rc1 + 1 )
       0        0        0     1 __rc3 = __rc2 + 1
       0        0        0     1 PROVIDE ( __rc4 = __rc3 + 1 )
       0        0        0     1 __rc5 = __rc4 + 1
       0        0        0     1 PROVIDE ( __rc6 = __rc5 + 1 )
       0        0        0     1 __rc7 = __rc6 + 1
       0        0        0     1 PROVIDE ( __rc8 = __rc7 + 1 )
       0        0        0     1 __rc9 = __rc8 + 1
       0        0        0     1 PROVIDE ( __rc10 = __rc9 + 1 )
       0        0        0     1 __rc11 = __rc10 + 1
       0        0        0     1 PROVIDE ( __rc12 = __rc11 + 1 )
       0        0        0     1 __rc13 = __rc12 + 1
       0        0        0     1 PROVIDE ( __rc14 = __rc13 + 1 )
       0        0        0     1 __rc15 = __rc14 + 1
       0        0        0     1 PROVIDE ( __rc16 = __rc15 + 1 )
       0        0        0     1 __rc17 = __rc16 + 1
       0        0        0     1 PROVIDE ( __rc18 = __rc17 + 1 )
       0        0        0     1 __rc19 = __rc18 + 1
       0        0        0     1 PROVIDE ( __rc20 = __rc19 + 1 )
       0        0        0     1 __rc21 = __rc20 + 1
       0        0        0     1 PROVIDE ( __rc22 = __rc21 + 1 )
       0        0        0     1 __rc23 = __rc22 + 1
       0        0        0     1 PROVIDE ( __rc24 = __rc23 + 1 )
       0        0        0     1 __rc25 = __rc24 + 1
       0        0        0     1 PROVIDE ( __rc26 = __rc25 + 1 )
       0        0        0     1 __rc27 = __rc26 + 1
       0        0        0     1 PROVIDE ( __rc28 = __rc27 + 1 )
       0        0        0     1 __rc29 = __rc28 + 1
       0        0        0     1 PROVIDE ( __rc30 = __rc29 + 1 )
       0        0        0     1 __rc31 = __rc30 + 1
    2001     2001       16     1 .basic_header
    2001     2001       16     1         F:\Entwicklungsprojekte\Mega65\llvm-mos\llvm-mos\bin/../mos-platform/mega65/lib\basic-header.o:(.basic_header)
    2015     2015        0     1                 next_line
      22     2017        a     1 .zp.data
      22     2017        0     1         __zp_data_start = .
      22     2017        a     1         midnightmega.prg.lto.o:(.zp.data)
      27     201c        4     1                 midnight
      2b     2020        1     1                 g_curTextColor
      2c     2021        0     1 __zp_data_load_start = LOADADDR ( .zp.data )
      2c     2021        0     1 __zp_data_size = SIZEOF ( .zp.data )
      2c       2c       1a     1 .zp.bss
      2c       2c        0     1         __zp_bss_start = .
      2c       2c       1a     1         midnightmega.prg.lto.o:(.zp.bss)
      2c       2c        1     1                 fnamehi
      2d       2d        1     1                 option.0
      2e       2e        1     1                 g_curScreenW
      2f       2f        1     1                 g_curScreenH
      30       30        1     1                 g_curX
      31       31        1     1                 g_curY
      32       32       14     1                 dmalist
      46       46        0     1 __zp_bss_size = SIZEOF ( .zp.bss )
      46       46       3d     1 .zp
      46       46       3d     1         midnightmega.prg.lto.o:(.zp.noinit)
    2021     2021     4ba0     1 .text
    2021     2021        0     1         _init = .
    2021     2021        0     1         _start = .
    2021     2021        e     1         F:\Entwicklungsprojekte\Mega65\llvm-mos\llvm-mos\bin/../mos-platform/mega65/lib\unmap-basic.o:(.init.010)
    202f     202f        8     1         F:\Entwicklungsprojekte\Mega65\llvm-mos\llvm-mos\bin/../mos-platform/mega65/lib\libcrt0.a(init-stack.S.obj):(.init.100)
    202f     202f        0     1                 __do_init_stack
    2037     2037        3     1         F:\Entwicklungsprojekte\Mega65\llvm-mos\llvm-mos\bin/../mos-platform/mega65/lib\libcrt0.a(zero-bss.c.obj):(.init.200)
    2037     2037        0     1                 __do_zero_bss
    203a     203a        3     1         F:\Entwicklungsprojekte\Mega65\llvm-mos\llvm-mos\bin/../mos-platform/mega65/lib\libcrt0.a(zero-zp-bss.c.obj):(.init.200)
    203a     203a        0     1                 __do_zero_zp_bss
    203d     203d        3     1         F:\Entwicklungsprojekte\Mega65\llvm-mos\llvm-mos\bin/../mos-platform/mega65/lib\libcrt0.a(copy-zp-data.c.obj):(.init.200)
    203d     203d        0     1                 __do_copy_zp_data
    2040     2040        5     1         midnightmega.prg.lto.o:(.init.250)
    2040     2040        0     1                 shift
    2045     2045        3     1         F:\Entwicklungsprojekte\Mega65\llvm-mos\llvm-mos\bin/../mos-platform/common/lib\crt0.o:(.call_main)
    2048     2048        3     1         F:\Entwicklungsprojekte\Mega65\llvm-mos\llvm-mos\bin/../mos-platform/mega65/lib\libcrt0.a(exit-return.c.obj):(.after_main)
    2048     2048        0     1                 __after_main
    204b     204b        0     1         _fini = .
    204b     204b        a     1         F:\Entwicklungsprojekte\Mega65\llvm-mos\llvm-mos\bin/../mos-platform/mega65/lib\unmap-basic.o:(.fini.990)
    2055     2055        1     1         F:\Entwicklungsprojekte\Mega65\llvm-mos\llvm-mos\bin/../mos-platform/common/lib\crt0.o:(.fini_rts)
    2056     2056       79     1         C:\Users\SUPERU~1\AppData\Local\Temp\memory_asm-5dae46.o:(.text)
    2056     2056        0     1                 fourbytes
    205a     205a        0     1                 lpstore
    2075     2075        0     1                 lprestore
    2090     2090        0     1                 lpoke
    20b1     20b1        0     1                 lpeek
    20cf     20cf        a     1         F:\Entwicklungsprojekte\Mega65\llvm-mos\llvm-mos\bin/../mos-platform/mega65/lib\libcrt0.a(exit-return.c.obj):(.text.__exit_return)
    20cf     20cf        a     1                 __exit_return
    20d9     20d9       13     1         F:\Entwicklungsprojekte\Mega65\llvm-mos\llvm-mos\bin/../mos-platform/mega65/lib\libcrt0.a(zero-bss.c.obj):(.text.__zero_bss)
    20d9     20d9       13     1                 __zero_bss
    20ec     20ec       13     1         F:\Entwicklungsprojekte\Mega65\llvm-mos\llvm-mos\bin/../mos-platform/mega65/lib\libcrt0.a(zero-zp-bss.c.obj):(.text.__zero_zp_bss)
    20ec     20ec       13     1                 __zero_zp_bss
    20ff     20ff       17     1         F:\Entwicklungsprojekte\Mega65\llvm-mos\llvm-mos\bin/../mos-platform/mega65/lib\libcrt0.a(copy-zp-data.c.obj):(.text.__copy_zp_data)
    20ff     20ff       17     1                 __copy_zp_data
    2116     2116     23ef     1         midnightmega.prg.lto.o:(.text.main)
    2116     2116     23ef     1                 main
    3c8b     3c8b        0     1                 errhyp1att0
    3c8f     3c8f        0     1                 donehyp1att0
    3ee5     3ee5        0     1                 errhypchdir1
    3ee9     3ee9        0     1                 donehypchdir1
    3f40     3f40        0     1                 errhypchdir2
    3f44     3f44        0     1                 donehypchdir2
    422c     422c        0     1                 errhyp0att3
    4230     4230        0     1                 donehyp0att3
    4447     4447        0     1                 errhypd81detach4
    444b     444b        0     1                 donehypd81detach4
    4505     4505       30     1         midnightmega.prg.lto.o:(.text.hyppo_setname)
    4505     4505       30     1                 hyppo_setname
    452f     452f        0     1                 errhypsetnam5
    4533     4533        0     1                 donehypsetnam5
    4535     4535       63     1         midnightmega.prg.lto.o:(.text.getsfn)
    4535     4535       63     1                 getsfn
    4598     4598      175     1         midnightmega.prg.lto.o:(.text.ShowAccess)
    4598     4598      175     1                 ShowAccess
    470d     470d       9e     1         midnightmega.prg.lto.o:(.text.ReadSector)
    470d     470d       9e     1                 ReadSector
    47ab     47ab       9d     1         midnightmega.prg.lto.o:(.text.WriteSector)
    47ab     47ab       9d     1                 WriteSector
    4848     4848       43     1         midnightmega.prg.lto.o:(.text.GetOneSector)
    4848     4848       43     1                 GetOneSector
    488b     488b       51     1         midnightmega.prg.lto.o:(.text.PutOneSector)
    488b     488b       51     1                 PutOneSector
    48dc     48dc       39     1         midnightmega.prg.lto.o:(.text.GetBAM)
    48dc     48dc       39     1                 GetBAM
    4915     4915       5c     1         midnightmega.prg.lto.o:(.text.PutBAM)
    4915     4915       5c     1                 PutBAM
    4971     4971       9a     1         midnightmega.prg.lto.o:(.text.readblockchain)
    4971     4971       9a     1                 readblockchain
    4a0b     4a0b      302     1         midnightmega.prg.lto.o:(.text.BAMSectorUpdate)
    4a0b     4a0b      302     1                 BAMSectorUpdate
    4d0d     4d0d      1a0     1         midnightmega.prg.lto.o:(.text.isallocatedBAMtracksector)
    4d0d     4d0d      1a0     1                 isallocatedBAMtracksector
    4ead     4ead      119     1         midnightmega.prg.lto.o:(.text.findnextBAMtracksector)
    4ead     4ead      119     1                 findnextBAMtracksector
    4fc6     4fc6       8c     1         midnightmega.prg.lto.o:(.text.tracksectorstring)
    4fc6     4fc6       8c     1                 tracksectorstring
    5052     5052       e0     1         midnightmega.prg.lto.o:(.text.getdirententry)
    5052     5052       e0     1                 getdirententry
    5132     5132       14     1         midnightmega.prg.lto.o:(.text.strcopy)
    5132     5132       14     1                 strcopy
    5146     5146       c6     1         midnightmega.prg.lto.o:(.text.csputdec)
    5146     5146       c6     1                 csputdec
    520c     520c       51     1         midnightmega.prg.lto.o:(.text.asciitoscreencode_s)
    520c     520c       51     1                 asciitoscreencode_s
    525d     525d       5e     1         midnightmega.prg.lto.o:(.text.clrhome)
    525d     525d       5e     1                 clrhome
    52bb     52bb        e     1         midnightmega.prg.lto.o:(.text.msprintf)
    52bb     52bb        e     1                 msprintf
    52c9     52c9       16     1         midnightmega.prg.lto.o:(.text.mcputsxy)
    52c9     52c9       16     1                 mcputsxy
    52df     52df      18b     1         midnightmega.prg.lto.o:(.text.mcbox)
    52df     52df      18b     1                 mcbox
    546a     546a      15b     1         midnightmega.prg.lto.o:(.text.messagebox)
    546a     546a      15b     1                 messagebox
    55c5     55c5       c0     1         midnightmega.prg.lto.o:(.text.progress)
    55c5     55c5       c0     1                 progress
    5685     5685       41     1         midnightmega.prg.lto.o:(.text.shortcutprint)
    5685     5685       41     1                 shortcutprint
    56c6     56c6      388     1         midnightmega.prg.lto.o:(.text.shortcuts)
    56c6     56c6      388     1                 shortcuts
    5a4e     5a4e       9f     1         midnightmega.prg.lto.o:(.text.optionstring)
    5a4e     5a4e       9f     1                 optionstring
    5aed     5aed      665     1         midnightmega.prg.lto.o:(.text.UpdateSectors)
    5aed     5aed      665     1                 UpdateSectors
    5be9     5be9        0     1                 errgetproc6
    5bed     5bed        0     1                 donegetproc6
    5d27     5d27        0     1                 errgetcurdrv7
    5d2b     5d2b        0     1                 donegetcurdrv7
    5d44     5d44        0     1                 errhypopendir8
    5d48     5d48        0     1                 donehypopendir8
    5dee     5dee        0     1                 hypreaddirloop9
    5e06     5e06        0     1                 errhypreaddir9
    5e08     5e08        0     1                 donehypreaddir9
    60cc     60cc        0     1                 errhypclosedir10
    60ce     60ce        0     1                 donehypclosedir10
    6152     6152       46     1         midnightmega.prg.lto.o:(.text.Deselect)
    6152     6152       46     1                 Deselect
    6198     6198      147     1         midnightmega.prg.lto.o:(.text.sizeselectcurrentifnone)
    6198     6198      147     1                 sizeselectcurrentifnone
    62df     62df       46     1         midnightmega.prg.lto.o:(.text.sidbong)
    62df     62df       46     1                 sidbong
    6325     6325        1     1         midnightmega.prg.lto.o:(.text.escNOP)
    6325     6325        1     1                 escNOP
    6326     6326        9     1         midnightmega.prg.lto.o:(.text.cputc)
    6326     6326        9     1                 cputc
    632f     632f       a1     1         midnightmega.prg.lto.o:(.text.cputcxy)
    632f     632f       a1     1                 cputcxy
    63d0     63d0        7     1         midnightmega.prg.lto.o:(.text.cputs)
    63d0     63d0        7     1                 cputs
    63d7     63d7       db     1         midnightmega.prg.lto.o:(.text.cputsxy)
    63d7     63d7       db     1                 cputsxy
    64b2     64b2       aa     1         midnightmega.prg.lto.o:(.text.fillrect)
    64b2     64b2       aa     1                 fillrect
    655c     655c        9     1         midnightmega.prg.lto.o:(.text.cgetc)
    655c     655c        9     1                 cgetc
    6565     6565       27     1         midnightmega.prg.lto.o:(.text.do_dma)
    6565     6565       27     1                 do_dma
    658c     658c       67     1         midnightmega.prg.lto.o:(.text.lcopy)
    658c     658c       67     1                 lcopy
    65f3     65f3       50     1         midnightmega.prg.lto.o:(.text.lfill)
    65f3     65f3       50     1                 lfill
    6643     6643       5c     1         midnightmega.prg.lto.o:(.text.usleep)
    6643     6643       5c     1                 usleep
    669f     669f       3e     1         midnightmega.prg.lto.o:(.text.strcpy)
    669f     669f       3e     1                 strcpy
    66dd     66dd       3c     1         midnightmega.prg.lto.o:(.text.strlen)
    66dd     66dd       3c     1                 strlen
    6719     6719        b     1         midnightmega.prg.lto.o:(.text.__ashlqi3)
    6719     6719        b     1                 __ashlqi3
    6724     6724       13     1         midnightmega.prg.lto.o:(.text.__ashlhi3)
    6724     6724       13     1                 __ashlhi3
    6737     6737       32     1         midnightmega.prg.lto.o:(.text.__mulhi3)
    6737     6737       32     1                 __mulhi3
    6769     6769       c1     1         midnightmega.prg.lto.o:(.text.__udivhi3)
    6769     6769       c1     1                 __udivhi3
    682a     682a       45     1         midnightmega.prg.lto.o:(.text.__umodqi3)
    682a     682a       45     1                 __umodqi3
    686f     686f       70     1         midnightmega.prg.lto.o:(.text.__udivmodqi4)
    686f     686f       70     1                 __udivmodqi4
    68df     68df       dc     1         midnightmega.prg.lto.o:(.text.__udivmodhi4)
    68df     68df       dc     1                 __udivmodhi4
    69bb     69bb       2c     1         midnightmega.prg.lto.o:(.text.memcpy)
    69bb     69bb       2c     1                 memcpy
    69e7     69e7       20     1         midnightmega.prg.lto.o:(.text.__memset)
    69e7     69e7       20     1                 __memset
    6a07     6a07      1ba     1         midnightmega.prg.lto.o:(.text.__udivmodsi4)
    6a07     6a07      1ba     1                 __udivmodsi4
    6bc1     6bc1        0     1         __init_array_start = .
    6bc1     6bc1        0     1         __init_array_end = .
    6bc1     6bc1        0     1         __fini_array_start = .
    6bc1     6bc1        0     1         __fini_array_end = .
    6bc1     6bc1      a79     1 .rodata
    6bc1     6bc1       70     1         midnightmega.prg.lto.o:(.rodata.main)
    6c31     6c31      9a1     1         <internal>:(.rodata.str1.1)
    75d2     75d2        8     1         <internal>:(.rodata.cst4)
    75da     75da       50     1         midnightmega.prg.lto.o:(.rodata..L__const.findnextBAMtracksector.strategy)
    762a     762a       10     1         <internal>:(.rodata.cst16)
    763a     763a        0     1 .data
    763a     763a        0     1         __data_start = .
    763a     763a        0     1         __data_end = .
    763a     763a        0     1 __data_load_start = LOADADDR ( .data )
    763a     763a        0     1 __data_size = SIZEOF ( .data )
    763a     763a      4b0     1 .bss
    763a     763a        0     1         __bss_start = .
    763a     763a       21     1         midnightmega.prg.lto.o:(.bss.direntryblock2)
    763a     763a       21     1                 direntryblock2
    765b     765b       50     1         midnightmega.prg.lto.o:(.bss.s)
    765b     765b       50     1                 s
    76ab     76ab       e0     1         midnightmega.prg.lto.o:(.bss.direntflags)
    76ab     76ab       e0     1                 direntflags
    778b     778b       22     1         midnightmega.prg.lto.o:(.bss.diskname)
    778b     778b       22     1                 diskname
    77ad     77ad       40     1         midnightmega.prg.lto.o:(.bss.lfnname)
    77ad     77ad       40     1                 lfnname
    77ed     77ed      2fd     1         midnightmega.prg.lto.o:(.bss.escapeCode)
    77ed     77ed      2fd     1                 escapeCode
    7aea     7aea        0     1         __bss_end = .
    7aea     7aea        0     1 __bss_size = SIZEOF ( .bss )
    7aea     7aea        1     1 .noinit
    7aea     7aea        1     1         F:\Entwicklungsprojekte\Mega65\llvm-mos\llvm-mos\bin/../mos-platform/mega65/lib\libcrt0.a(exit-return.c.obj):(.noinit..Lstatic_stack)
    7aeb     7aeb        0     1         __heap_start = ALIGN ( . , 2 )
    7aeb     7aeb        0     1 __stack = 0xd000
       0        0       7c     1 .comment
       0        0       7c     1         <internal>:(.comment)
       0        0     1050     4 .symtab
       0        0     1050     4         <internal>:(.symtab)
       0        0       68     1 .shstrtab
       0        0       68     1         <internal>:(.shstrtab)
       0        0      9e3     1 .strtab
       0        0      9e3     1         <internal>:(.strtab)
