     VMA      LMA     Size Align Out     In      Symbol
       0        0        0     1 __basic_zp_start = 0x0002
       0        0        0     1 __basic_zp_end = 0x0090
       0        0        0     1 __rc0 = __basic_zp_start
       0        0        0     1 __rc1 = __rc0 + 1
       0        0        0     1 PROVIDE ( __rc2 = __rc1 + 1 )
       0        0        0     1 __rc3 = __rc2 + 1
       0        0        0     1 PROVIDE ( __rc4 = __rc3 + 1 )
       0        0        0     1 __rc5 = __rc4 + 1
       0        0        0     1 PROVIDE ( __rc6 = __rc5 + 1 )
       0        0        0     1 __rc7 = __rc6 + 1
       0        0        0     1 PROVIDE ( __rc8 = __rc7 + 1 )
       0        0        0     1 __rc9 = __rc8 + 1
       0        0        0     1 PROVIDE ( __rc10 = __rc9 + 1 )
       0        0        0     1 __rc11 = __rc10 + 1
       0        0        0     1 PROVIDE ( __rc12 = __rc11 + 1 )
       0        0        0     1 __rc13 = __rc12 + 1
       0        0        0     1 PROVIDE ( __rc14 = __rc13 + 1 )
       0        0        0     1 __rc15 = __rc14 + 1
       0        0        0     1 PROVIDE ( __rc16 = __rc15 + 1 )
       0        0        0     1 __rc17 = __rc16 + 1
       0        0        0     1 PROVIDE ( __rc18 = __rc17 + 1 )
       0        0        0     1 __rc19 = __rc18 + 1
       0        0        0     1 PROVIDE ( __rc20 = __rc19 + 1 )
       0        0        0     1 __rc21 = __rc20 + 1
       0        0        0     1 PROVIDE ( __rc22 = __rc21 + 1 )
       0        0        0     1 __rc23 = __rc22 + 1
       0        0        0     1 PROVIDE ( __rc24 = __rc23 + 1 )
       0        0        0     1 __rc25 = __rc24 + 1
       0        0        0     1 PROVIDE ( __rc26 = __rc25 + 1 )
       0        0        0     1 __rc27 = __rc26 + 1
       0        0        0     1 PROVIDE ( __rc28 = __rc27 + 1 )
       0        0        0     1 __rc29 = __rc28 + 1
       0        0        0     1 PROVIDE ( __rc30 = __rc29 + 1 )
       0        0        0     1 __rc31 = __rc30 + 1
    2001     2001       16     1 .basic_header
    2001     2001       16     1         F:\Entwicklungsprojekte\Mega65\llvm-mos\llvm-mos\bin/../mos-platform/mega65/lib\basic-header.o:(.basic_header)
    2015     2015        0     1                 next_line
      22     2017        6     1 .zp.data
      22     2017        0     1         __zp_data_start = .
      22     2017        5     1         lto.tmp:(.zp.rodata..Lswitch.table.asciitoscreencode_s)
      27     201c        1     1         lto.tmp:(.zp.data.g_curTextColor)
      27     201c        1     1                 g_curTextColor
      28     201d        0     1 __zp_data_load_start = LOADADDR ( .zp.data )
      28     201d        0     1 __zp_data_size = SIZEOF ( .zp.data )
      28       28       45     1 .zp.bss
      28       28        0     1         __zp_bss_start = .
      28       28        1     1         lto.tmp:(.zp.bss.fnamehi)
      28       28        1     1                 fnamehi
      29       29        2     1         lto.tmp:(.zp.bss.worksectorasBAM.0)
      29       29        2     1                 worksectorasBAM.0
      2b       2b        1     1         lto.tmp:(.zp.bss.BAMside)
      2b       2b        1     1                 BAMside
      2c       2c       28     1         lto.tmp:(.zp.bss.s)
      2c       2c       28     1                 s
      54       54        1     1         lto.tmp:(.zp.bss.testsector)
      54       54        1     1                 testsector
      55       55        1     1         lto.tmp:(.zp.bss.g_curScreenW)
      55       55        1     1                 g_curScreenW
      56       56        1     1         lto.tmp:(.zp.bss.g_curScreenH)
      56       56        1     1                 g_curScreenH
      57       57        1     1         lto.tmp:(.zp.bss.g_curX)
      57       57        1     1                 g_curX
      58       58        1     1         lto.tmp:(.zp.bss.g_curY)
      58       58        1     1                 g_curY
      59       59       14     1         lto.tmp:(.zp.bss.dmalist)
      59       59       14     1                 dmalist
      6d       6d        0     1 __zp_bss_size = SIZEOF ( .zp.bss )
      6d       6d       23     1 .zp
      6d       6d       23     1         lto.tmp:(.zp.noinit..Lzp_stack)
    201d     201d     328b     1 .text
    201d     201d        0     1         _init = .
    201d     201d        0     1         _start = .
    201d     201d        e     1         F:\Entwicklungsprojekte\Mega65\llvm-mos\llvm-mos\bin/../mos-platform/mega65/lib\unmap-basic.o:(.init.010)
    202b     202b        8     1         F:\Entwicklungsprojekte\Mega65\llvm-mos\llvm-mos\bin/../mos-platform/commodore/lib\libcrt0.a(init-stack.S.obj):(.init.100)
    202b     202b        0     1                 __do_init_stack
    2033     2033        3     1         F:\Entwicklungsprojekte\Mega65\llvm-mos\llvm-mos\bin/../mos-platform/commodore/lib\libcrt0.a(zero-bss.c.obj):(.init.200)
    2033     2033        0     1                 __do_zero_bss
    2036     2036        3     1         F:\Entwicklungsprojekte\Mega65\llvm-mos\llvm-mos\bin/../mos-platform/commodore/lib\libcrt0.a(zero-zp-bss.c.obj):(.init.200)
    2036     2036        0     1                 __do_zero_zp_bss
    2039     2039        3     1         F:\Entwicklungsprojekte\Mega65\llvm-mos\llvm-mos\bin/../mos-platform/commodore/lib\libcrt0.a(copy-zp-data.c.obj):(.init.200)
    2039     2039        0     1                 __do_copy_zp_data
    203c     203c        3     1         F:\Entwicklungsprojekte\Mega65\llvm-mos\llvm-mos\bin/../mos-platform/common/lib\crt0.o:(.call_main)
    203f     203f        3     1         F:\Entwicklungsprojekte\Mega65\llvm-mos\llvm-mos\bin/../mos-platform/commodore/lib\libcrt0.a(exit-return.c.obj):(.after_main)
    203f     203f        0     1                 __after_main
    2042     2042        0     1         _fini = .
    2042     2042        a     1         F:\Entwicklungsprojekte\Mega65\llvm-mos\llvm-mos\bin/../mos-platform/mega65/lib\unmap-basic.o:(.fini.990)
    204c     204c        1     1         F:\Entwicklungsprojekte\Mega65\llvm-mos\llvm-mos\bin/../mos-platform/common/lib\crt0.o:(.fini_rts)
    204d     204d       79     1         C:\Users\SUPERU~1\AppData\Local\Temp\memory_asm-ed721f.o:(.text)
    204d     204d        0     1                 fourbytes
    2051     2051        0     1                 lpstore
    206c     206c        0     1                 lprestore
    2087     2087        0     1                 lpoke
    20a8     20a8        0     1                 lpeek
    20c6     20c6        a     1         F:\Entwicklungsprojekte\Mega65\llvm-mos\llvm-mos\bin/../mos-platform/commodore/lib\libcrt0.a(exit-return.c.obj):(.text)
    20c6     20c6        a     1                 __exit_return
    20d0     20d0     146b     1         F:\Entwicklungsprojekte\Mega65\llvm-mos\llvm-mos\bin/../mos-platform/common/lib\libcrt.a(divmod-large.cc.obj):(.text)
    20d0     20d0      252     1                 __udivmodsi4
    2322     2322      5af     1                 __udivmoddi4
    28d1     28d1      399     1                 __divmodsi4
    2c6a     2c6a      8d1     1                 __divmoddi4
    353b     353b       13     1         F:\Entwicklungsprojekte\Mega65\llvm-mos\llvm-mos\bin/../mos-platform/commodore/lib\libcrt0.a(zero-bss.c.obj):(.text)
    353b     353b       13     1                 __zero_bss
    354e     354e       13     1         F:\Entwicklungsprojekte\Mega65\llvm-mos\llvm-mos\bin/../mos-platform/commodore/lib\libcrt0.a(zero-zp-bss.c.obj):(.text)
    354e     354e       13     1                 __zero_zp_bss
    3561     3561       17     1         F:\Entwicklungsprojekte\Mega65\llvm-mos\llvm-mos\bin/../mos-platform/commodore/lib\libcrt0.a(copy-zp-data.c.obj):(.text)
    3561     3561       17     1                 __copy_zp_data
    3578     3578      e11     1         lto.tmp:(.text.main)
    3578     3578      e11     1                 main
    39c4     39c4        0     1                 errgetcurdrv0
    39c8     39c8        0     1                 donegetcurdrv0
    39e3     39e3        0     1                 errhypopendir1
    39e7     39e7        0     1                 donehypopendir1
    3a83     3a83        0     1                 hypreaddirloop2
    3a9b     3a9b        0     1                 errhypreaddir2
    3a9d     3a9d        0     1                 donehypreaddir2
    3d3e     3d3e        0     1                 errhypclosedir3
    3d40     3d40        0     1                 donehypclosedir3
    3e84     3e84        0     1                 errhypsetnam4
    3e88     3e88        0     1                 donehypsetnam4
    3e9a     3e9a        0     1                 errhyp1att5
    3e9e     3e9e        0     1                 donehyp1att5
    416f     416f        0     1                 wait026
    4184     4184        0     1                 succeed026
    4197     4197        0     1                 upper026
    419a     419a        0     1                 endsub026
    41a2     41a2        0     1                 err026
    41a4     41a4        0     1                 end026
    4216     4216        0     1                 wait037
    422b     422b        0     1                 succeed037
    4231     4231        0     1                 endsub037
    4238     4238        0     1                 err037
    423a     423a        0     1                 end037
    4389     4389       d6     1         lto.tmp:(.text.GetWholeSector)
    4389     4389       d6     1                 GetWholeSector
    43b0     43b0        0     1                 wait028
    43c5     43c5        0     1                 succeed028
    43d8     43d8        0     1                 upper028
    43db     43db        0     1                 endsub028
    43e3     43e3        0     1                 err028
    43e5     43e5        0     1                 end028
    445f     445f      16b     1         lto.tmp:(.text.getdirententry)
    445f     445f      16b     1                 getdirententry
    45ca     45ca      19b     1         lto.tmp:(.text.getdirent)
    45ca     45ca      19b     1                 getdirent
    4765     4765      137     1         lto.tmp:(.text.cputln)
    4765     4765      137     1                 cputln
    489c     489c       51     1         lto.tmp:(.text.msprintf)
    489c     489c       51     1                 msprintf
    48ed     48ed      100     1         lto.tmp:(.text.mprintf)
    48ed     48ed      100     1                 mprintf
    49ed     49ed      25a     1         lto.tmp:(.text.mcbox)
    49ed     49ed      25a     1                 mcbox
    4c47     4c47       92     1         lto.tmp:(.text.messagebox)
    4c47     4c47       92     1                 messagebox
    4cd9     4cd9        1     1         lto.tmp:(.text.escNOP)
    4cd9     4cd9        1     1                 escNOP
    4cda     4cda       a1     1         lto.tmp:(.text.clrscr)
    4cda     4cda       a1     1                 clrscr
    4d7b     4d7b       ee     1         lto.tmp:(.text.cputcxy)
    4d7b     4d7b       ee     1                 cputcxy
    4e69     4e69       df     1         lto.tmp:(.text.cputsxy)
    4e69     4e69       df     1                 cputsxy
    4f48     4f48       d2     1         lto.tmp:(.text.lcopy)
    4f48     4f48       d2     1                 lcopy
    501a     501a       88     1         lto.tmp:(.text.lfill)
    501a     501a       88     1                 lfill
    50a2     50a2       2f     1         lto.tmp:(.text.memcmp)
    50a2     50a2       2f     1                 memcmp
    50d1     50d1       2d     1         lto.tmp:(.text.memcpy)
    50d1     50d1       2d     1                 memcpy
    50fe     50fe       1f     1         lto.tmp:(.text.__memset)
    50fe     50fe       1f     1                 __memset
    511d     511d       38     1         lto.tmp:(.text.strcpy)
    511d     511d       38     1                 strcpy
    5155     5155       34     1         lto.tmp:(.text.strlen)
    5155     5155       34     1                 strlen
    5189     5189       13     1         lto.tmp:(.text.__ashlhi3)
    5189     5189       13     1                 __ashlhi3
    519c     519c       32     1         lto.tmp:(.text.__mulhi3)
    519c     519c       32     1                 __mulhi3
    51ce     51ce       da     1         lto.tmp:(.text.__udivmodhi4)
    51ce     51ce       da     1                 __udivmodhi4
    52a8     52a8        0     1         __init_array_start = .
    52a8     52a8        0     1         __init_array_end = .
    52a8     52a8        0     1         __fini_array_start = .
    52a8     52a8        0     1         __fini_array_end = .
    52a8     52a8       db     1 .rodata
    52a8     52a8        1     1         F:\Entwicklungsprojekte\Mega65\llvm-mos\llvm-mos\bin/../mos-platform/common/lib\libcrt.a(const.S.obj):(.rodata)
    52a8     52a8        0     1                 __set_v
    52a9     52a9       ca     1         <internal>:(.rodata.str1.1)
    5373     5373       10     1         <internal>:(.rodata.cst16)
    5383     5383        0     1 .data
    5383     5383        0     1         __data_start = .
    5383     5383        0     1         __data_end = .
    5383     5383        0     1 __data_load_start = LOADADDR ( .data )
    5383     5383        0     1 __data_size = SIZEOF ( .data )
    5383     5383      7dd     1 .bss
    5383     5383        0     1         __bss_start = .
    5383     5383        1     1         lto.tmp:(.bss.offsCurrIdx)
    5383     5383        1     1                 offsCurrIdx
    5384     5384        1     1         lto.tmp:(.bss.flagCurrSec)
    5384     5384        1     1                 flagCurrSec
    5385     5385        4     1         lto.tmp:(.bss.BAMsector)
    5385     5385        4     1                 BAMsector
    5389     5389        4     1         lto.tmp:(.bss.worksector)
    5389     5389        4     1                 worksector
    538d     538d        2     1         lto.tmp:(.bss.direntryblock.0)
    538d     538d        2     1                 direntryblock.0
    538f     538f      492     1         lto.tmp:(.bss.filelist)
    538f     538f      492     1                 filelist
    5821     5821       41     1         lto.tmp:(.bss.curfile)
    5821     5821       41     1                 curfile
    5862     5862        1     1         lto.tmp:(.bss.testtrack)
    5862     5862        1     1                 testtrack
    5863     5863      2fd     1         lto.tmp:(.bss.escapeCode)
    5863     5863      2fd     1                 escapeCode
    5b60     5b60        0     1         __bss_end = .
    5b60     5b60        0     1 __bss_size = SIZEOF ( .bss )
    5b60     5b60        1     1 .noinit
    5b60     5b60        1     1         F:\Entwicklungsprojekte\Mega65\llvm-mos\llvm-mos\bin/../mos-platform/commodore/lib\libcrt0.a(exit-return.c.obj):(.noinit)
    5b61     5b61        0     1         __heap_start = .
    5b61     5b61        0     1 __stack = 0xd000
       0        0       79     1 .comment
       0        0       79     1         <internal>:(.comment)
       0        0      9d0     4 .symtab
       0        0      9d0     4         <internal>:(.symtab)
       0        0       68     1 .shstrtab
       0        0       68     1         <internal>:(.shstrtab)
       0        0      64c     1 .strtab
       0        0      64c     1         <internal>:(.strtab)
