     VMA      LMA     Size Align Out     In      Symbol
       0        0        0     1 __basic_zp_start = 0x0002
       0        0        0     1 __basic_zp_end = 0x0090
       0        0        0     1 __rc0 = __basic_zp_start
       0        0        0     1 __rc1 = __rc0 + 1
       0        0        0     1 PROVIDE(__rc2 = __rc1 + 1)
       0        0        0     1 __rc3 = __rc2 + 1
       0        0        0     1 PROVIDE(__rc4 = __rc3 + 1)
       0        0        0     1 __rc5 = __rc4 + 1
       0        0        0     1 PROVIDE(__rc6 = __rc5 + 1)
       0        0        0     1 __rc7 = __rc6 + 1
       0        0        0     1 PROVIDE(__rc8 = __rc7 + 1)
       0        0        0     1 __rc9 = __rc8 + 1
       0        0        0     1 PROVIDE(__rc10 = __rc9 + 1)
       0        0        0     1 __rc11 = __rc10 + 1
       0        0        0     1 PROVIDE(__rc12 = __rc11 + 1)
       0        0        0     1 __rc13 = __rc12 + 1
       0        0        0     1 PROVIDE(__rc14 = __rc13 + 1)
       0        0        0     1 __rc15 = __rc14 + 1
       0        0        0     1 PROVIDE(__rc16 = __rc15 + 1)
       0        0        0     1 __rc17 = __rc16 + 1
       0        0        0     1 PROVIDE(__rc18 = __rc17 + 1)
       0        0        0     1 __rc19 = __rc18 + 1
       0        0        0     1 PROVIDE(__rc20 = __rc19 + 1)
       0        0        0     1 __rc21 = __rc20 + 1
       0        0        0     1 PROVIDE(__rc22 = __rc21 + 1)
       0        0        0     1 __rc23 = __rc22 + 1
       0        0        0     1 PROVIDE(__rc24 = __rc23 + 1)
       0        0        0     1 __rc25 = __rc24 + 1
       0        0        0     1 PROVIDE(__rc26 = __rc25 + 1)
       0        0        0     1 __rc27 = __rc26 + 1
       0        0        0     1 PROVIDE(__rc28 = __rc27 + 1)
       0        0        0     1 __rc29 = __rc28 + 1
       0        0        0     1 PROVIDE(__rc30 = __rc29 + 1)
       0        0        0     1 __rc31 = __rc30 + 1
    2001     2001       16     1 .basic_header
    2001     2001       16     1         F:\Entwicklungsprojekte\Mega65\llvm-mos\llvm-mos\bin/../mos-platform/mega65/lib\basic-header.o:(.basic_header)
    2015     2015        0     1                 next_line
      22     2017        6     1 .zp.data
      22     2017        0     1         __zp_data_start = .
      22     2017        6     1         romlister.prg.lto.o:(.zp.data)
      27     201c        1     1                 g_curTextColor
      28     201d        0     1 __zp_data_load_start = LOADADDR(.zp.data)
      28     201d        0     1 __zp_data_size = SIZEOF(.zp.data)
      28       28       17     1 .zp.bss
      28       28        0     1         __zp_bss_start = .
      28       28       17     1         romlister.prg.lto.o:(.zp.bss)
      28       28        1     1                 g_curScreenW
      29       29        1     1                 g_curX
      2a       2a        1     1                 g_curY
      2b       2b       14     1                 dmalist
      3f       3f        0     1 __zp_bss_size = SIZEOF(.zp.bss)
      3f       3f        a     1 .zp
      3f       3f        a     1         romlister.prg.lto.o:(.zp.noinit)
    201d     201d      8d0     1 .text
    201d     201d        0     1         _init = .
    201d     201d        0     1         _start = .
    201d     201d        e     1         F:\Entwicklungsprojekte\Mega65\llvm-mos\llvm-mos\bin/../mos-platform/mega65/lib\unmap-basic.o:(.init.010)
    202b     202b        8     1         F:\Entwicklungsprojekte\Mega65\llvm-mos\llvm-mos\bin/../mos-platform/mega65/lib\libcrt0.a(init-stack.S.obj):(.init.100)
    202b     202b        0     1                 __do_init_stack
    2033     2033        3     1         F:\Entwicklungsprojekte\Mega65\llvm-mos\llvm-mos\bin/../mos-platform/mega65/lib\libcrt0.a(zero-bss.c.obj):(.init.200)
    2033     2033        0     1                 __do_zero_bss
    2036     2036        3     1         F:\Entwicklungsprojekte\Mega65\llvm-mos\llvm-mos\bin/../mos-platform/mega65/lib\libcrt0.a(zero-zp-bss.c.obj):(.init.200)
    2036     2036        0     1                 __do_zero_zp_bss
    2039     2039        3     1         F:\Entwicklungsprojekte\Mega65\llvm-mos\llvm-mos\bin/../mos-platform/mega65/lib\libcrt0.a(copy-zp-data.c.obj):(.init.200)
    2039     2039        0     1                 __do_copy_zp_data
    203c     203c        5     1         romlister.prg.lto.o:(.init.250)
    203c     203c        0     1                 shift
    2041     2041        3     1         F:\Entwicklungsprojekte\Mega65\llvm-mos\llvm-mos\bin/../mos-platform/common/lib\crt0.o:(.call_main)
    2044     2044        3     1         F:\Entwicklungsprojekte\Mega65\llvm-mos\llvm-mos\bin/../mos-platform/mega65/lib\libcrt0.a(exit-custom.S.obj):(.after_main)
    2044     2044        0     1                 __after_main
    2047     2047        0     1         _fini = .
    2047     2047        a     1         F:\Entwicklungsprojekte\Mega65\llvm-mos\llvm-mos\bin/../mos-platform/mega65/lib\unmap-basic.o:(.fini.990)
    2051     2051        1     1         F:\Entwicklungsprojekte\Mega65\llvm-mos\llvm-mos\bin/../mos-platform/common/lib\crt0.o:(.fini_rts)
    2052     2052       13     1         F:\Entwicklungsprojekte\Mega65\llvm-mos\llvm-mos\bin/../mos-platform/mega65/lib\libcrt0.a(zero-bss.c.obj):(.text.__zero_bss)
    2052     2052       13     1                 __zero_bss
    2065     2065       13     1         F:\Entwicklungsprojekte\Mega65\llvm-mos\llvm-mos\bin/../mos-platform/mega65/lib\libcrt0.a(zero-zp-bss.c.obj):(.text.__zero_zp_bss)
    2065     2065       13     1                 __zero_zp_bss
    2078     2078       17     1         F:\Entwicklungsprojekte\Mega65\llvm-mos\llvm-mos\bin/../mos-platform/mega65/lib\libcrt0.a(copy-zp-data.c.obj):(.text.__copy_zp_data)
    2078     2078       17     1                 __copy_zp_data
    208f     208f      357     1         romlister.prg.lto.o:(.text.main)
    208f     208f      357     1                 main
    2217     2217        0     1                 errhypsetnam0
    221b     221b        0     1                 donehypsetnam0
    223e     223e        0     1                 errhypfindfirst1
    2240     2240        0     1                 donehypfindfirst1
    225f     225f        0     1                 errhypopenfile2
    2261     2261        0     1                 donehypopenfile2
    228b     228b        0     1                 errhypreadfile3
    228f     228f        0     1                 donehypreadfile3
    22ae     22ae        0     1                 errhypclosefile4
    22b2     22b2        0     1                 donehypclosefile4
    23e6     23e6      12a     1         romlister.prg.lto.o:(.text.cputln)
    23e6     23e6      12a     1                 cputln
    2510     2510       51     1         romlister.prg.lto.o:(.text.asciitoscreencode_s)
    2510     2510       51     1                 asciitoscreencode_s
    2561     2561        e     1         romlister.prg.lto.o:(.text.mcputsxy)
    2561     2561        e     1                 mcputsxy
    256f     256f        1     1         romlister.prg.lto.o:(.text.escNOP)
    256f     256f        1     1                 escNOP
    2570     2570       18     1         romlister.prg.lto.o:(.text.getscreenaddr)
    2570     2570       18     1                 getscreenaddr
    2588     2588       c7     1         romlister.prg.lto.o:(.text.cputsxy)
    2588     2588       c7     1                 cputsxy
    264f     264f       27     1         romlister.prg.lto.o:(.text.do_dma)
    264f     264f       27     1                 do_dma
    2676     2676       67     1         romlister.prg.lto.o:(.text.lcopy)
    2676     2676       67     1                 lcopy
    26dd     26dd       50     1         romlister.prg.lto.o:(.text.lfill)
    26dd     26dd       50     1                 lfill
    272d     272d        5     1         romlister.prg.lto.o:(.text.exit)
    272d     272d        5     1                 exit
    2732     2732       19     1         romlister.prg.lto.o:(.text.strcpy)
    2732     2732       19     1                 strcpy
    274b     274b       35     1         romlister.prg.lto.o:(.text.strlen)
    274b     274b       35     1                 strlen
    2780     2780       13     1         romlister.prg.lto.o:(.text.__ashlhi3)
    2780     2780       13     1                 __ashlhi3
    2793     2793       32     1         romlister.prg.lto.o:(.text.__mulhi3)
    2793     2793       32     1                 __mulhi3
    27c5     27c5       dc     1         romlister.prg.lto.o:(.text.__udivmodhi4)
    27c5     27c5       dc     1                 __udivmodhi4
    28a1     28a1       2c     1         romlister.prg.lto.o:(.text.memcpy)
    28a1     28a1       2c     1                 memcpy
    28cd     28cd       20     1         romlister.prg.lto.o:(.text.__memset)
    28cd     28cd       20     1                 __memset
    28ed     28ed        0     1         __init_array_start = .
    28ed     28ed        0     1         __init_array_end = .
    28ed     28ed        0     1         __fini_array_start = .
    28ed     28ed        0     1         __fini_array_end = .
    28ed     28ed       85     1 .rodata
    28ed     28ed       85     1         <internal>:(.rodata.str1.1)
    2972     2972        1     1 .data
    2972     2972        0     1         __data_start = .
    2972     2972        1     1         romlister.prg.lto.o:(.data)
    2972     2972        1     1                 fnamehi
    2973     2973        0     1         __data_end = .
    2973     2973        0     1 __data_load_start = LOADADDR(.data)
    2973     2973        0     1 __data_size = SIZEOF(.data)
    2973     2973      2fe     1 .bss
    2973     2973        0     1         __bss_start = .
    2973     2973        1     1         romlister.prg.lto.o:(.bss.g_curScreenH)
    2973     2973        1     1                 g_curScreenH
    2974     2974      2fd     1         romlister.prg.lto.o:(.bss.escapeCode)
    2974     2974      2fd     1                 escapeCode
    2c71     2c71        0     1         __bss_end = .
    2c71     2c71        0     1 __bss_size = SIZEOF(.bss)
    2c71     2c71        0     1 .noinit
    2c71     2c71        0     1         __heap_start = ALIGN(., 2)
    2c71     2c71        0     1 __stack = 0xd000
       0        0       cc     1 .comment
       0        0       cc     1         <internal>:(.comment)
       0        0      c20     4 .symtab
       0        0      c20     4         <internal>:(.symtab)
       0        0       68     1 .shstrtab
       0        0       68     1         <internal>:(.shstrtab)
       0        0      6ea     1 .strtab
       0        0      6ea     1         <internal>:(.strtab)
