     VMA      LMA     Size Align Out     In      Symbol
       0        0        0     1 __basic_zp_start = 0x0002
       0        0        0     1 __basic_zp_end = 0x0090
       0        0        0     1 __rc0 = __basic_zp_start
       0        0        0     1 __rc1 = __rc0 + 1
       0        0        0     1 PROVIDE(__rc2 = __rc1 + 1)
       0        0        0     1 __rc3 = __rc2 + 1
       0        0        0     1 PROVIDE(__rc4 = __rc3 + 1)
       0        0        0     1 __rc5 = __rc4 + 1
       0        0        0     1 PROVIDE(__rc6 = __rc5 + 1)
       0        0        0     1 __rc7 = __rc6 + 1
       0        0        0     1 PROVIDE(__rc8 = __rc7 + 1)
       0        0        0     1 __rc9 = __rc8 + 1
       0        0        0     1 PROVIDE(__rc10 = __rc9 + 1)
       0        0        0     1 __rc11 = __rc10 + 1
       0        0        0     1 PROVIDE(__rc12 = __rc11 + 1)
       0        0        0     1 __rc13 = __rc12 + 1
       0        0        0     1 PROVIDE(__rc14 = __rc13 + 1)
       0        0        0     1 __rc15 = __rc14 + 1
       0        0        0     1 PROVIDE(__rc16 = __rc15 + 1)
       0        0        0     1 __rc17 = __rc16 + 1
       0        0        0     1 PROVIDE(__rc18 = __rc17 + 1)
       0        0        0     1 __rc19 = __rc18 + 1
       0        0        0     1 PROVIDE(__rc20 = __rc19 + 1)
       0        0        0     1 __rc21 = __rc20 + 1
       0        0        0     1 PROVIDE(__rc22 = __rc21 + 1)
       0        0        0     1 __rc23 = __rc22 + 1
       0        0        0     1 PROVIDE(__rc24 = __rc23 + 1)
       0        0        0     1 __rc25 = __rc24 + 1
       0        0        0     1 PROVIDE(__rc26 = __rc25 + 1)
       0        0        0     1 __rc27 = __rc26 + 1
       0        0        0     1 PROVIDE(__rc28 = __rc27 + 1)
       0        0        0     1 __rc29 = __rc28 + 1
       0        0        0     1 PROVIDE(__rc30 = __rc29 + 1)
       0        0        0     1 __rc31 = __rc30 + 1
    2001     2001       16     1 .basic_header
    2001     2001       16     1         F:\Entwicklungsprojekte\Mega65\llvm-mos\llvm-mos\bin/../mos-platform/mega65/lib\basic-header.o:(.basic_header)
    2015     2015        0     1                 next_line
      22     2017        5     1 .zp.data
      22     2017        0     1         __zp_data_start = .
      22     2017        5     1         romlister.prg.lto.o:(.zp.data)
      27     201c        0     1 __zp_data_load_start = LOADADDR(.zp.data)
      27     201c        0     1 __zp_data_size = SIZEOF(.zp.data)
      27       27       19     1 .zp.bss
      27       27        0     1         __zp_bss_start = .
      27       27       19     1         romlister.prg.lto.o:(.zp.bss)
      27       27        1     1                 fnamehi
      28       28        1     1                 g_curScreenW
      29       29        1     1                 g_curTextColor
      2a       2a        1     1                 g_curX
      2b       2b        1     1                 g_curY
      2c       2c       14     1                 dmalist
      40       40        0     1 __zp_bss_size = SIZEOF(.zp.bss)
      40       40       22     1 .zp
      40       40       22     1         romlister.prg.lto.o:(.zp.noinit)
    201c     201c      bdf     1 .text
    201c     201c        0     1         _init = .
    201c     201c        0     1         _start = .
    201c     201c        e     1         F:\Entwicklungsprojekte\Mega65\llvm-mos\llvm-mos\bin/../mos-platform/mega65/lib\unmap-basic.o:(.init.010)
    202a     202a        8     1         F:\Entwicklungsprojekte\Mega65\llvm-mos\llvm-mos\bin/../mos-platform/mega65/lib\libcrt0.a(init-stack.S.obj):(.init.100)
    202a     202a        0     1                 __do_init_stack
    2032     2032        3     1         F:\Entwicklungsprojekte\Mega65\llvm-mos\llvm-mos\bin/../mos-platform/mega65/lib\libcrt0.a(zero-bss.c.obj):(.init.200)
    2032     2032        0     1                 __do_zero_bss
    2035     2035        3     1         F:\Entwicklungsprojekte\Mega65\llvm-mos\llvm-mos\bin/../mos-platform/mega65/lib\libcrt0.a(zero-zp-bss.c.obj):(.init.200)
    2035     2035        0     1                 __do_zero_zp_bss
    2038     2038        3     1         F:\Entwicklungsprojekte\Mega65\llvm-mos\llvm-mos\bin/../mos-platform/mega65/lib\libcrt0.a(copy-zp-data.c.obj):(.init.200)
    2038     2038        0     1                 __do_copy_zp_data
    203b     203b        5     1         romlister.prg.lto.o:(.init.250)
    203b     203b        0     1                 shift
    2040     2040        3     1         F:\Entwicklungsprojekte\Mega65\llvm-mos\llvm-mos\bin/../mos-platform/common/lib\crt0.o:(.call_main)
    2043     2043        3     1         F:\Entwicklungsprojekte\Mega65\llvm-mos\llvm-mos\bin/../mos-platform/mega65/lib\libcrt0.a(exit-custom.S.obj):(.after_main)
    2043     2043        0     1                 __after_main
    2046     2046        0     1         _fini = .
    2046     2046        a     1         F:\Entwicklungsprojekte\Mega65\llvm-mos\llvm-mos\bin/../mos-platform/mega65/lib\unmap-basic.o:(.fini.990)
    2050     2050        1     1         F:\Entwicklungsprojekte\Mega65\llvm-mos\llvm-mos\bin/../mos-platform/common/lib\crt0.o:(.fini_rts)
    2051     2051       13     1         F:\Entwicklungsprojekte\Mega65\llvm-mos\llvm-mos\bin/../mos-platform/mega65/lib\libcrt0.a(zero-bss.c.obj):(.text.__zero_bss)
    2051     2051       13     1                 __zero_bss
    2064     2064       13     1         F:\Entwicklungsprojekte\Mega65\llvm-mos\llvm-mos\bin/../mos-platform/mega65/lib\libcrt0.a(zero-zp-bss.c.obj):(.text.__zero_zp_bss)
    2064     2064       13     1                 __zero_zp_bss
    2077     2077       17     1         F:\Entwicklungsprojekte\Mega65\llvm-mos\llvm-mos\bin/../mos-platform/mega65/lib\libcrt0.a(copy-zp-data.c.obj):(.text.__copy_zp_data)
    2077     2077       17     1                 __copy_zp_data
    208e     208e      3bc     1         romlister.prg.lto.o:(.text.main)
    208e     208e      3bc     1                 main
    2192     2192        0     1                 errmajhyp
    2196     2196        0     1                 donemajhyp
    21b9     21b9        0     1                 errminhyp
    21bd     21bd        0     1                 doneminhyp
    21e0     21e0        0     1                 errmajdos
    21e4     21e4        0     1                 donemajdos
    2208     2208        0     1                 errmindos
    220c     220c        0     1                 donemindos
    2277     2277        0     1                 errhypsetnam0
    227b     227b        0     1                 donehypsetnam0
    229e     229e        0     1                 errhypfindfirst1
    22a0     22a0        0     1                 donehypfindfirst1
    22bf     22bf        0     1                 errhypopenfile2
    22c1     22c1        0     1                 donehypopenfile2
    22eb     22eb        0     1                 errhypreadfile3
    22ef     22ef        0     1                 donehypreadfile3
    230e     230e        0     1                 errhypclosefile4
    2312     2312        0     1                 donehypclosefile4
    244a     244a      12a     1         romlister.prg.lto.o:(.text.cputln)
    244a     244a      12a     1                 cputln
    2574     2574       51     1         romlister.prg.lto.o:(.text.asciitoscreencode_s)
    2574     2574       51     1                 asciitoscreencode_s
    25c5     25c5       cd     1         romlister.prg.lto.o:(.text.mprintf)
    25c5     25c5       cd     1                 mprintf
    2692     2692       16     1         romlister.prg.lto.o:(.text.mcputsxy)
    2692     2692       16     1                 mcputsxy
    26a8     26a8       18     1         romlister.prg.lto.o:(.text.getscreenaddr)
    26a8     26a8       18     1                 getscreenaddr
    26c0     26c0        7     1         romlister.prg.lto.o:(.text.cputs)
    26c0     26c0        7     1                 cputs
    26c7     26c7       d5     1         romlister.prg.lto.o:(.text.cputsxy)
    26c7     26c7       d5     1                 cputsxy
    279c     279c       27     1         romlister.prg.lto.o:(.text.do_dma)
    279c     279c       27     1                 do_dma
    27c3     27c3       67     1         romlister.prg.lto.o:(.text.lcopy)
    27c3     27c3       67     1                 lcopy
    282a     282a       50     1         romlister.prg.lto.o:(.text.lfill)
    282a     282a       50     1                 lfill
    287a     287a        5     1         romlister.prg.lto.o:(.text.exit)
    287a     287a        5     1                 exit
    287f     287f       19     1         romlister.prg.lto.o:(.text.strcpy)
    287f     287f       19     1                 strcpy
    2898     2898       3c     1         romlister.prg.lto.o:(.text.strlen)
    2898     2898       3c     1                 strlen
    28d4     28d4       13     1         romlister.prg.lto.o:(.text.__ashlhi3)
    28d4     28d4       13     1                 __ashlhi3
    28e7     28e7       32     1         romlister.prg.lto.o:(.text.__mulhi3)
    28e7     28e7       32     1                 __mulhi3
    2919     2919       dc     1         romlister.prg.lto.o:(.text.__udivmodhi4)
    2919     2919       dc     1                 __udivmodhi4
    29f5     29f5      1ba     1         romlister.prg.lto.o:(.text.__udivmodsi4)
    29f5     29f5      1ba     1                 __udivmodsi4
    2baf     2baf       2c     1         romlister.prg.lto.o:(.text.memcpy)
    2baf     2baf       2c     1                 memcpy
    2bdb     2bdb       20     1         romlister.prg.lto.o:(.text.__memset)
    2bdb     2bdb       20     1                 __memset
    2bfb     2bfb        0     1         __init_array_start = .
    2bfb     2bfb        0     1         __init_array_end = .
    2bfb     2bfb        0     1         __fini_array_start = .
    2bfb     2bfb        0     1         __fini_array_end = .
    2bfb     2bfb       a1     1 .rodata
    2bfb     2bfb       a1     1         <internal>:(.rodata.str1.1)
    2c9c     2c9c        0     1 .data
    2c9c     2c9c        0     1         __data_start = .
    2c9c     2c9c        0     1         __data_end = .
    2c9c     2c9c        0     1 __data_load_start = LOADADDR(.data)
    2c9c     2c9c        0     1 __data_size = SIZEOF(.data)
    2c9c     2c9c        1     1 .bss
    2c9c     2c9c        0     1         __bss_start = .
    2c9c     2c9c        1     1         romlister.prg.lto.o:(.bss.g_curScreenH)
    2c9c     2c9c        1     1                 g_curScreenH
    2c9d     2c9d        0     1         __bss_end = .
    2c9d     2c9d        0     1 __bss_size = SIZEOF(.bss)
    2c9d     2c9d        0     1 .noinit
    2c9d     2c9d        0     1         __heap_start = ALIGN(., 2)
    2c9d     2c9d        0     1 __stack = 0xd000
       0        0       cc     1 .comment
       0        0       cc     1         <internal>:(.comment)
       0        0      cb0     4 .symtab
       0        0      cb0     4         <internal>:(.symtab)
       0        0       68     1 .shstrtab
       0        0       68     1         <internal>:(.shstrtab)
       0        0      747     1 .strtab
       0        0      747     1         <internal>:(.strtab)
