     VMA      LMA     Size Align Out     In      Symbol
       0        0        0     1 __basic_zp_start = 0x0002
       0        0        0     1 __basic_zp_end = 0x0090
       0        0        0     1 __rc0 = __basic_zp_start
       0        0        0     1 __rc1 = __rc0 + 1
       0        0        0     1 PROVIDE(__rc2 = __rc1 + 1)
       0        0        0     1 __rc3 = __rc2 + 1
       0        0        0     1 PROVIDE(__rc4 = __rc3 + 1)
       0        0        0     1 __rc5 = __rc4 + 1
       0        0        0     1 PROVIDE(__rc6 = __rc5 + 1)
       0        0        0     1 __rc7 = __rc6 + 1
       0        0        0     1 PROVIDE(__rc8 = __rc7 + 1)
       0        0        0     1 __rc9 = __rc8 + 1
       0        0        0     1 PROVIDE(__rc10 = __rc9 + 1)
       0        0        0     1 __rc11 = __rc10 + 1
       0        0        0     1 PROVIDE(__rc12 = __rc11 + 1)
       0        0        0     1 __rc13 = __rc12 + 1
       0        0        0     1 PROVIDE(__rc14 = __rc13 + 1)
       0        0        0     1 __rc15 = __rc14 + 1
       0        0        0     1 PROVIDE(__rc16 = __rc15 + 1)
       0        0        0     1 __rc17 = __rc16 + 1
       0        0        0     1 PROVIDE(__rc18 = __rc17 + 1)
       0        0        0     1 __rc19 = __rc18 + 1
       0        0        0     1 PROVIDE(__rc20 = __rc19 + 1)
       0        0        0     1 __rc21 = __rc20 + 1
       0        0        0     1 PROVIDE(__rc22 = __rc21 + 1)
       0        0        0     1 __rc23 = __rc22 + 1
       0        0        0     1 PROVIDE(__rc24 = __rc23 + 1)
       0        0        0     1 __rc25 = __rc24 + 1
       0        0        0     1 PROVIDE(__rc26 = __rc25 + 1)
       0        0        0     1 __rc27 = __rc26 + 1
       0        0        0     1 PROVIDE(__rc28 = __rc27 + 1)
       0        0        0     1 __rc29 = __rc28 + 1
       0        0        0     1 PROVIDE(__rc30 = __rc29 + 1)
       0        0        0     1 __rc31 = __rc30 + 1
    2001     2001       16     1 .basic_header
    2001     2001       16     1         F:\Entwicklungsprojekte\Mega65\llvm-mos\llvm-mos\bin/../mos-platform/mega65/lib\basic-header.o:(.basic_header)
    2015     2015        0     1                 next_line
      22     2017        5     1 .zp.data
      22     2017        0     1         __zp_data_start = .
      22     2017        5     1         romlister.prg.lto.o:(.zp.data)
      27     201c        0     1 __zp_data_load_start = LOADADDR(.zp.data)
      27     201c        0     1 __zp_data_size = SIZEOF(.zp.data)
      27       27       19     1 .zp.bss
      27       27        0     1         __zp_bss_start = .
      27       27       19     1         romlister.prg.lto.o:(.zp.bss)
      27       27        1     1                 fnamehi
      28       28        1     1                 g_curScreenW
      29       29        1     1                 g_curTextColor
      2a       2a        1     1                 g_curX
      2b       2b        1     1                 g_curY
      2c       2c       14     1                 dmalist
      40       40        0     1 __zp_bss_size = SIZEOF(.zp.bss)
      40       40       22     1 .zp
      40       40       22     1         romlister.prg.lto.o:(.zp.noinit)
    201c     201c      b9d     1 .text
    201c     201c        0     1         _init = .
    201c     201c        0     1         _start = .
    201c     201c        e     1         F:\Entwicklungsprojekte\Mega65\llvm-mos\llvm-mos\bin/../mos-platform/mega65/lib\unmap-basic.o:(.init.010)
    202a     202a        8     1         F:\Entwicklungsprojekte\Mega65\llvm-mos\llvm-mos\bin/../mos-platform/mega65/lib\libcrt0.a(init-stack.S.obj):(.init.100)
    202a     202a        0     1                 __do_init_stack
    2032     2032        3     1         F:\Entwicklungsprojekte\Mega65\llvm-mos\llvm-mos\bin/../mos-platform/mega65/lib\libcrt0.a(zero-bss.c.obj):(.init.200)
    2032     2032        0     1                 __do_zero_bss
    2035     2035        3     1         F:\Entwicklungsprojekte\Mega65\llvm-mos\llvm-mos\bin/../mos-platform/mega65/lib\libcrt0.a(zero-zp-bss.c.obj):(.init.200)
    2035     2035        0     1                 __do_zero_zp_bss
    2038     2038        3     1         F:\Entwicklungsprojekte\Mega65\llvm-mos\llvm-mos\bin/../mos-platform/mega65/lib\libcrt0.a(copy-zp-data.c.obj):(.init.200)
    2038     2038        0     1                 __do_copy_zp_data
    203b     203b        5     1         romlister.prg.lto.o:(.init.250)
    203b     203b        0     1                 shift
    2040     2040        3     1         F:\Entwicklungsprojekte\Mega65\llvm-mos\llvm-mos\bin/../mos-platform/common/lib\crt0.o:(.call_main)
    2043     2043        3     1         F:\Entwicklungsprojekte\Mega65\llvm-mos\llvm-mos\bin/../mos-platform/mega65/lib\libcrt0.a(exit-custom.S.obj):(.after_main)
    2043     2043        0     1                 __after_main
    2046     2046        0     1         _fini = .
    2046     2046        a     1         F:\Entwicklungsprojekte\Mega65\llvm-mos\llvm-mos\bin/../mos-platform/mega65/lib\unmap-basic.o:(.fini.990)
    2050     2050        1     1         F:\Entwicklungsprojekte\Mega65\llvm-mos\llvm-mos\bin/../mos-platform/common/lib\crt0.o:(.fini_rts)
    2051     2051       13     1         F:\Entwicklungsprojekte\Mega65\llvm-mos\llvm-mos\bin/../mos-platform/mega65/lib\libcrt0.a(zero-bss.c.obj):(.text.__zero_bss)
    2051     2051       13     1                 __zero_bss
    2064     2064       13     1         F:\Entwicklungsprojekte\Mega65\llvm-mos\llvm-mos\bin/../mos-platform/mega65/lib\libcrt0.a(zero-zp-bss.c.obj):(.text.__zero_zp_bss)
    2064     2064       13     1                 __zero_zp_bss
    2077     2077       17     1         F:\Entwicklungsprojekte\Mega65\llvm-mos\llvm-mos\bin/../mos-platform/mega65/lib\libcrt0.a(copy-zp-data.c.obj):(.text.__copy_zp_data)
    2077     2077       17     1                 __copy_zp_data
    208e     208e      37a     1         romlister.prg.lto.o:(.text.main)
    208e     208e      37a     1                 main
    2235     2235        0     1                 errhypsetnam0
    2239     2239        0     1                 donehypsetnam0
    225c     225c        0     1                 errhypfindfirst1
    225e     225e        0     1                 donehypfindfirst1
    227d     227d        0     1                 errhypopenfile2
    227f     227f        0     1                 donehypopenfile2
    22a9     22a9        0     1                 errhypreadfile3
    22ad     22ad        0     1                 donehypreadfile3
    22cc     22cc        0     1                 errhypclosefile4
    22d0     22d0        0     1                 donehypclosefile4
    2408     2408      12a     1         romlister.prg.lto.o:(.text.cputln)
    2408     2408      12a     1                 cputln
    2532     2532       51     1         romlister.prg.lto.o:(.text.asciitoscreencode_s)
    2532     2532       51     1                 asciitoscreencode_s
    2583     2583       cd     1         romlister.prg.lto.o:(.text.mprintf)
    2583     2583       cd     1                 mprintf
    2650     2650       16     1         romlister.prg.lto.o:(.text.mcputsxy)
    2650     2650       16     1                 mcputsxy
    2666     2666       18     1         romlister.prg.lto.o:(.text.getscreenaddr)
    2666     2666       18     1                 getscreenaddr
    267e     267e        7     1         romlister.prg.lto.o:(.text.cputs)
    267e     267e        7     1                 cputs
    2685     2685       d5     1         romlister.prg.lto.o:(.text.cputsxy)
    2685     2685       d5     1                 cputsxy
    275a     275a       27     1         romlister.prg.lto.o:(.text.do_dma)
    275a     275a       27     1                 do_dma
    2781     2781       67     1         romlister.prg.lto.o:(.text.lcopy)
    2781     2781       67     1                 lcopy
    27e8     27e8       50     1         romlister.prg.lto.o:(.text.lfill)
    27e8     27e8       50     1                 lfill
    2838     2838        5     1         romlister.prg.lto.o:(.text.exit)
    2838     2838        5     1                 exit
    283d     283d       19     1         romlister.prg.lto.o:(.text.strcpy)
    283d     283d       19     1                 strcpy
    2856     2856       3c     1         romlister.prg.lto.o:(.text.strlen)
    2856     2856       3c     1                 strlen
    2892     2892       13     1         romlister.prg.lto.o:(.text.__ashlhi3)
    2892     2892       13     1                 __ashlhi3
    28a5     28a5       32     1         romlister.prg.lto.o:(.text.__mulhi3)
    28a5     28a5       32     1                 __mulhi3
    28d7     28d7       dc     1         romlister.prg.lto.o:(.text.__udivmodhi4)
    28d7     28d7       dc     1                 __udivmodhi4
    29b3     29b3      1ba     1         romlister.prg.lto.o:(.text.__udivmodsi4)
    29b3     29b3      1ba     1                 __udivmodsi4
    2b6d     2b6d       2c     1         romlister.prg.lto.o:(.text.memcpy)
    2b6d     2b6d       2c     1                 memcpy
    2b99     2b99       20     1         romlister.prg.lto.o:(.text.__memset)
    2b99     2b99       20     1                 __memset
    2bb9     2bb9        0     1         __init_array_start = .
    2bb9     2bb9        0     1         __init_array_end = .
    2bb9     2bb9        0     1         __fini_array_start = .
    2bb9     2bb9        0     1         __fini_array_end = .
    2bb9     2bb9       a1     1 .rodata
    2bb9     2bb9       a1     1         <internal>:(.rodata.str1.1)
    2c5a     2c5a        0     1 .data
    2c5a     2c5a        0     1         __data_start = .
    2c5a     2c5a        0     1         __data_end = .
    2c5a     2c5a        0     1 __data_load_start = LOADADDR(.data)
    2c5a     2c5a        0     1 __data_size = SIZEOF(.data)
    2c5a     2c5a        1     1 .bss
    2c5a     2c5a        0     1         __bss_start = .
    2c5a     2c5a        1     1         romlister.prg.lto.o:(.bss.g_curScreenH)
    2c5a     2c5a        1     1                 g_curScreenH
    2c5b     2c5b        0     1         __bss_end = .
    2c5b     2c5b        0     1 __bss_size = SIZEOF(.bss)
    2c5b     2c5b        0     1 .noinit
    2c5b     2c5b        0     1         __heap_start = ALIGN(., 2)
    2c5b     2c5b        0     1 __stack = 0xd000
       0        0       cc     1 .comment
       0        0       cc     1         <internal>:(.comment)
       0        0      c30     4 .symtab
       0        0      c30     4         <internal>:(.symtab)
       0        0       68     1 .shstrtab
       0        0       68     1         <internal>:(.shstrtab)
       0        0      6f3     1 .strtab
       0        0      6f3     1         <internal>:(.strtab)
