###############################################################################
#                                                                             #
# Calypsi linker for 6502                                        version 5.13 #
#                                                       29/Nov/2025  19:46:33 #
# Command line: -o romlister.prg --list-file=romlister.lst --output-format    #
#               prg --core 45gs02 --target=mega65                             #
#               F:\Entwicklungsprojekte\github-nobru\midnightmega\calypsi\romlister.o #
#                                                                             #
#               F:\Entwicklungsprojekte\github-nobru\midnightmega\calypsi\hyppo.o #
#                                                                             #
#               F:\Entwicklungsprojekte\github-nobru\midnightmega\calypsi\fileio.o #
#                                                                             #
#               F:\Entwicklungsprojekte\github-nobru\midnightmega\calypsi\filekernel.o #
#                                                                             #
#               F:\Entwicklungsprojekte\github-nobru\midnightmega\calypsi\conioextensions.o #
#                                                                             #
#               F:\Entwicklungsprojekte\github-nobru\midnightmega\calypsi\romlist.o #
#                                                                             #
#               F:\Entwicklungsprojekte\github-nobru\midnightmega\calypsi\conio.o #
#                                                                             #
#               F:\Entwicklungsprojekte\github-nobru\midnightmega\mega65-libc\src\memory.o #
#                                                                             #
#               F:\Entwicklungsprojekte\github-nobru\midnightmega\mega65-libc\src\hal.o #
#               mega65-midnightmega.scm                                       #
#                                                                             #
###############################################################################

####################
#                  #
# Memories summary #
#                  #
####################

Name               Range             Size     Used     Checksum  Largest unallocated
------------------------------------------------------------------------------------
zeroPage           00000002-0000007f 0000007e  44.4%   none      00000046
stackPage          00001600-000016ff 00000100   0.0%   none      00000100
program            00002001-0000cfff 0000afff  12.4%   none      none
  > program-nobits 00003434-000035e1 000001ae 100.0%   none      00009a1e


####################
#                  #
# Sections summary #
#                  #
####################

Name            Range              Size     Memory         Fragments
--------------------------------------------------------------------
registers       00000002-00000039  00000038 zeroPage       1
programStart    00002001-0000200d  0000000d program        1
startup         0000200e-0000203b  0000002e program        4
cdata           0000203c-00002048  0000000d program        3
data_init_table 00002049-00002052  0000000a program        1
cdata           00002053-000020e8  00000096 program        8
code            000020e9-0000342c  00001344 program        130
data            0000342d-00003433  00000007 program        3
zdata           00003434-000034e2  000000af program-nobits 12
cstack          000034e3-000035e1  000000ff program-nobits 1


###################
#                 #
# Placement rules #
#                 #
###################

Name               Address range     Key
----------------------------------------------------------------------
program            00002001-0000cfff 
  > (programStart 00002001)
  > (startup 0000200e)
  program-bits     00002001-0000cfff DATA
    > data
  program-nobits   00002001-0000cfff BSS
    > zdata
    > cstack
  program-text     00002001-0000cfff TEXT
    > code
  program-const    00002001-0000cfff RODATA
    > data_init_table and cdata
stackPage          00001600-000016ff 
  stackPage-bits   00001600-000016ff DATA
    > data
  stackPage-nobits 00001600-000016ff BSS
    > zdata
    > cstack
zeroPage           00000002-0000007f ZPage
  > (registers 00000002)
  zeroPage-nobits  00000002-0000007f ZPage and BSS
    > 

Name   Size     Align
----------------------
cstack 000000ff no

################
#              #
# Object files #
#              #
################

Unit Filename                                                                    Archive
-----------------------------------------------------------------------------------------------------
  0  F:\Entwicklungsprojekte\github-nobru\midnightmega\calypsi\romlister.o       -
          >  cdata 00000037
          >  code  00000091
  1  F:\Entwicklungsprojekte\github-nobru\midnightmega\calypsi\hyppo.o           -
          >  cdata 00000002
          >  code  00000093
          >  zdata 00000001
  2  F:\Entwicklungsprojekte\github-nobru\midnightmega\calypsi\fileio.o          -
          >  data 00000004
  4  F:\Entwicklungsprojekte\github-nobru\midnightmega\calypsi\conioextensions.o -
          >  code  0000052c
          >  data  00000002
          >  zdata 00000050
  5  F:\Entwicklungsprojekte\github-nobru\midnightmega\calypsi\romlist.o         -
          >  cdata 0000006a
          >  code  0000013f
  6  F:\Entwicklungsprojekte\github-nobru\midnightmega\calypsi\conio.o           -
          >  code  00000564
          >  data  00000001
          >  zdata 00000004
  7  F:\Entwicklungsprojekte\github-nobru\midnightmega\mega65-libc\src\memory.o  -
          >  code  000001fc
          >  zdata 00000015
  8  F:\Entwicklungsprojekte\github-nobru\midnightmega\mega65-libc\src\hal.o     -
          >  code 00000030
 11  commodore-startup.o                                                         sdk-45gs02-mega65.a
          # picked based on cstartup=mega65 (default for MEGA65 board support)
          >  code         00000001
          >  programStart 0000000d
          >  startup      0000002e
          >  zdata        00000001
 13  pseudoRegisters.o                                                           clib-45gs02-mega65.a
          >  registers 00000038
 14  exit.o                                                                      clib-45gs02-mega65.a
          # picked based on exit=stdexit (built-in default)
          >  code 00000057
 16  controlFlow.o                                                               clib-45gs02-mega65.a
          >  code 00000003
 17  atexit.o                                                                    clib-45gs02-mega65.a
          >  zdata 00000042
 18  enter.o                                                                     clib-45gs02-mega65.a
          >  code 0000004d
 19  exitC99.o                                                                   clib-45gs02-mega65.a
          >  code 00000004
 20  stub_exit.o                                                                 sdk-45gs02-mega65.a
          # picked based on cstartup=mega65 (default for MEGA65 board support)
          >  code 00000005
 23  integer.o                                                                   clib-45gs02-mega65.a
          >  code 000001ac
 24  stack.o                                                                     clib-45gs02-mega65.a
          >  code 0000002b
 25  lib_strlen.o                                                                clib-45gs02-mega65.a
          >  code 00000020
 26  spill.o                                                                     clib-45gs02-mega65.a
          >  code 00000057
 28  lib_strcpy.o                                                                clib-45gs02-mega65.a
          >  code 00000027
 30  streamlist.o                                                                clib-45gs02-mega65.a
          >  zdata 00000002
 31  initialize.o                                                                clib-45gs02-mega65.a
          # picked based on initialize=normal (built-in default)
          >  code 00000097
 33  memset_far.o                                                                clib-45gs02-mega65.a
          >  code 0000002b
 34  memcpy_far.o                                                                clib-45gs02-mega65.a
          >  code 0000003d

###################
#                 #
# Cross reference #
#                 #
###################

_Zp in section 'registers'
 placed at address 00000002-00000039 of size 00000038
(pseudoRegisters.o (from clib-45gs02-mega65.a) unit 13 section index 2)
    Defines:
        _Zp = 00000002
        _Vsp = 00000032
        _Vfp = 00000034
        _Temp = 00000036
        _MapShadow = 00000038
    Referenced from:
        main (F:\Entwicklungsprojekte\github-nobru\midnightmega\calypsi\romlister.o unit 0 section index 2)
        (F:\Entwicklungsprojekte\github-nobru\midnightmega\calypsi\romlister.o unit 0 section index 3)
        hyppo_setname (F:\Entwicklungsprojekte\github-nobru\midnightmega\calypsi\hyppo.o unit 1 section index 10)
        (F:\Entwicklungsprojekte\github-nobru\midnightmega\calypsi\hyppo.o unit 1 section index 45)
        cputln (F:\Entwicklungsprojekte\github-nobru\midnightmega\calypsi\conioextensions.o unit 4 section index 9)
        csputdec (F:\Entwicklungsprojekte\github-nobru\midnightmega\calypsi\conioextensions.o unit 4 section index 12)
        asciitoscreencode_s (F:\Entwicklungsprojekte\github-nobru\midnightmega\calypsi\conioextensions.o unit 4 section index 14)
        mprintf (F:\Entwicklungsprojekte\github-nobru\midnightmega\calypsi\conioextensions.o unit 4 section index 19)
        ... 97 more

__program_root_section in section 'programStart'
 placed at address 00002001-0000200d of size 0000000d
(commodore-startup.o (from sdk-45gs02-mega65.a) unit 11 section index 3)
    Defines:
        __program_root_section = 00002001

__program_start in section 'startup'
 placed at address 0000200e of size 00000000
(commodore-startup.o (from sdk-45gs02-mega65.a) unit 11 section index 4)
    Defines:
        __program_start = 0000200e

Section 'startup'  placed at address 0000200e-00002018 of size 0000000b
(commodore-startup.o (from sdk-45gs02-mega65.a) unit 11 section index 6)
    References:
        .sectionEnd(cstack)
        _Vsp in (pseudoRegisters.o (from clib-45gs02-mega65.a) unit 13 section index 2)
        __low_level_init in (commodore-startup.o (from sdk-45gs02-mega65.a) unit 11 section index 2)

__data_initialization_needed in section 'startup'
 placed at address 00002019-0000202b of size 00000013
(commodore-startup.o (from sdk-45gs02-mega65.a) unit 11 section index 7)
    Defines:
        __data_initialization_needed = 00002019
    References:
        .sectionEnd(data_init_table)
        .sectionStart(data_init_table)
        _Zp in (pseudoRegisters.o (from clib-45gs02-mega65.a) unit 13 section index 2)
        __initialize_sections in (initialize.o (from clib-45gs02-mega65.a) unit 31 section index 2)

Section 'startup'  placed at address 0000202c-0000203b of size 00000010
(commodore-startup.o (from sdk-45gs02-mega65.a) unit 11 section index 10)
    References:
        _InitialStack in (commodore-startup.o (from sdk-45gs02-mega65.a) unit 11 section index 11)
        _Zp in (pseudoRegisters.o (from clib-45gs02-mega65.a) unit 13 section index 2)
        exit in (exit.o (from clib-45gs02-mega65.a) unit 14 section index 2)
        main in (F:\Entwicklungsprojekte\github-nobru\midnightmega\calypsi\romlister.o unit 0 section index 2)

`_StringLiteral_.` in section 'cdata'
 placed at address 0000203c-0000203d of size 00000002
(F:\Entwicklungsprojekte\github-nobru\midnightmega\calypsi\romlister.o unit 0 section index 5)
    Defines:
        `_StringLiteral_.` = 0000203c
    Referenced from:
        (F:\Entwicklungsprojekte\github-nobru\midnightmega\calypsi\romlister.o unit 0 section index 3)

hyppofn in section 'cdata'
 placed at address 0000203e-0000203f of size 00000002
(F:\Entwicklungsprojekte\github-nobru\midnightmega\calypsi\hyppo.o unit 1 section index 2)
    Defines:
        hyppofn = 0000203e
    Referenced from:
        hyppo_setname (F:\Entwicklungsprojekte\github-nobru\midnightmega\calypsi\hyppo.o unit 1 section index 10)
        romlist (F:\Entwicklungsprojekte\github-nobru\midnightmega\calypsi\romlist.o unit 5 section index 2)
        (F:\Entwicklungsprojekte\github-nobru\midnightmega\calypsi\romlist.o unit 5 section index 3)

`_StringLiteral_,  HDOS ` in section 'cdata'
 placed at address 00002040-00002048 of size 00000009
(F:\Entwicklungsprojekte\github-nobru\midnightmega\calypsi\romlister.o unit 0 section index 4)
    Defines:
        `_StringLiteral_,  HDOS ` = 00002040
    Referenced from:
        main (F:\Entwicklungsprojekte\github-nobru\midnightmega\calypsi\romlister.o unit 0 section index 2)

Section 'data_init_table'  placed at address 00002049-00002052 of size 0000000a
(linker generated)

`_StringLiteral_MEGA65.ROM` in section 'cdata'
 placed at address 00002053-0000205d of size 0000000b
(F:\Entwicklungsprojekte\github-nobru\midnightmega\calypsi\romlist.o unit 5 section index 5)
    Defines:
        `_StringLiteral_MEGA65.ROM` = 00002053
    Referenced from:
        romlist (F:\Entwicklungsprojekte\github-nobru\midnightmega\calypsi\romlist.o unit 5 section index 2)

`_StringLiteral_MEGA650.ROM` in section 'cdata'
 placed at address 0000205e-00002069 of size 0000000c
(F:\Entwicklungsprojekte\github-nobru\midnightmega\calypsi\romlist.o unit 5 section index 6)
    Defines:
        `_StringLiteral_MEGA650.ROM` = 0000205e
    Referenced from:
        romlist (F:\Entwicklungsprojekte\github-nobru\midnightmega\calypsi\romlist.o unit 5 section index 2)

`_StringLiteral_file not found.` in section 'cdata'
 placed at address 0000206a-00002079 of size 00000010
(F:\Entwicklungsprojekte\github-nobru\midnightmega\calypsi\romlist.o unit 5 section index 8)
    Defines:
        `_StringLiteral_file not found.` = 0000206a
    Referenced from:
        romlist (F:\Entwicklungsprojekte\github-nobru\midnightmega\calypsi\romlist.o unit 5 section index 2)

`_StringLiteral_Versions: Hyppo ` in section 'cdata'
 placed at address 0000207a-0000208a of size 00000011
(F:\Entwicklungsprojekte\github-nobru\midnightmega\calypsi\romlister.o unit 0 section index 7)
    Defines:
        `_StringLiteral_Versions: Hyppo ` = 0000207a
    Referenced from:
        main (F:\Entwicklungsprojekte\github-nobru\midnightmega\calypsi\romlister.o unit 0 section index 2)

`_StringLiteral_file is a directory.` in section 'cdata'
 placed at address 0000208b-0000209f of size 00000015
(F:\Entwicklungsprojekte\github-nobru\midnightmega\calypsi\romlist.o unit 5 section index 7)
    Defines:
        `_StringLiteral_file is a directory.` = 0000208b
    Referenced from:
        romlist (F:\Entwicklungsprojekte\github-nobru\midnightmega\calypsi\romlist.o unit 5 section index 2)

`_StringLiteral_too many open files.` in section 'cdata'
 placed at address 000020a0-000020b4 of size 00000015
(F:\Entwicklungsprojekte\github-nobru\midnightmega\calypsi\romlist.o unit 5 section index 10)
    Defines:
        `_StringLiteral_too many open files.` = 000020a0
    Referenced from:
        romlist (F:\Entwicklungsprojekte\github-nobru\midnightmega\calypsi\romlist.o unit 5 section index 2)

`_StringLiteral_invalid file descriptor.` in section 'cdata'
 placed at address 000020b5-000020cd of size 00000019
(F:\Entwicklungsprojekte\github-nobru\midnightmega\calypsi\romlist.o unit 5 section index 9)
    Defines:
        `_StringLiteral_invalid file descriptor.` = 000020b5
    Referenced from:
        romlist (F:\Entwicklungsprojekte\github-nobru\midnightmega\calypsi\romlist.o unit 5 section index 2)

`_StringLiteral_Have fun with your MEGA65!` in section 'cdata'
 placed at address 000020ce-000020e8 of size 0000001b
(F:\Entwicklungsprojekte\github-nobru\midnightmega\calypsi\romlister.o unit 0 section index 6)
    Defines:
        `_StringLiteral_Have fun with your MEGA65!` = 000020ce
    Referenced from:
        main (F:\Entwicklungsprojekte\github-nobru\midnightmega\calypsi\romlister.o unit 0 section index 2)

__low_level_init in section 'code'
 placed at address 000020e9-000020e9 of size 00000001
(commodore-startup.o (from sdk-45gs02-mega65.a) unit 11 section index 2)
    Defines:
        __low_level_init = 000020e9
    Referenced from:
        (commodore-startup.o (from sdk-45gs02-mega65.a) unit 11 section index 6)

_JmpInd in section 'code'  placed at address 000020ea-000020ec of size 00000003
(controlFlow.o (from clib-45gs02-mega65.a) unit 16 section index 2)
    Defines:
        _JmpInd = 000020ea
    References:
        _Zp in (pseudoRegisters.o (from clib-45gs02-mega65.a) unit 13 section index 2)
    Referenced from:
        exit (exit.o (from clib-45gs02-mega65.a) unit 14 section index 2)

msprintf in section 'code'
 placed at address 000020ed-000020f0 of size 00000004
(F:\Entwicklungsprojekte\github-nobru\midnightmega\calypsi\conioextensions.o unit 4 section index 18)
    Defines:
        msprintf = 000020ed
    Referenced from:
        main (F:\Entwicklungsprojekte\github-nobru\midnightmega\calypsi\romlister.o unit 0 section index 2)

gotoxy in section 'code'  placed at address 000020f1-000020f4 of size 00000004
(F:\Entwicklungsprojekte\github-nobru\midnightmega\calypsi\conio.o unit 6 section index 34)
    Defines:
        gotoxy = 000020f1
    Referenced from:
        cputln (F:\Entwicklungsprojekte\github-nobru\midnightmega\calypsi\conioextensions.o unit 4 section index 9)

wherey in section 'code'  placed at address 000020f5-000020f8 of size 00000004
(F:\Entwicklungsprojekte\github-nobru\midnightmega\calypsi\conio.o unit 6 section index 38)
    Defines:
        wherey = 000020f5
    Referenced from:
        main (F:\Entwicklungsprojekte\github-nobru\midnightmega\calypsi\romlister.o unit 0 section index 2)
        cputln (F:\Entwicklungsprojekte\github-nobru\midnightmega\calypsi\conioextensions.o unit 4 section index 9)

_Exit in section 'code'  placed at address 000020f9-000020fc of size 00000004
(exitC99.o (from clib-45gs02-mega65.a) unit 19 section index 2)
    Defines:
        _Exit = 000020f9
    References:
        _Stub_exit in (stub_exit.o (from sdk-45gs02-mega65.a) unit 20 section index 2)
    Referenced from:
        exit (exit.o (from clib-45gs02-mega65.a) unit 14 section index 2)

`?L290` in section 'code'  placed at address 000020fd-00002101 of size 00000005
(F:\Entwicklungsprojekte\github-nobru\midnightmega\calypsi\hyppo.o unit 1 section index 38)
    References:
        HTRAP00 in (hyppo.o (from sdk-45gs02-mega65.a) unit 27 section index 65521)

`?L617` in section 'code'  placed at address 00002102-00002107 of size 00000006
(F:\Entwicklungsprojekte\github-nobru\midnightmega\calypsi\conioextensions.o unit 4 section index 49)
    References:
        asciitoscreencode_s in (F:\Entwicklungsprojekte\github-nobru\midnightmega\calypsi\conioextensions.o unit 4 section index 14)
        cputs in (F:\Entwicklungsprojekte\github-nobru\midnightmega\calypsi\conio.o unit 6 section index 48)

`?L83` in section 'code'  placed at address 00002108-0000210d of size 00000006
(F:\Entwicklungsprojekte\github-nobru\midnightmega\mega65-libc\src\memory.o unit 7 section index 18)
    References:
        _Zp in (pseudoRegisters.o (from clib-45gs02-mega65.a) unit 13 section index 2)

_Stub_exit in section 'code'
 placed at address 0000210e-00002111 of size 00000004
(stub_exit.o (from sdk-45gs02-mega65.a) unit 20 section index 2)
    Defines:
        _Stub_exit = 0000210e
    References:
        _InitialStack in (commodore-startup.o (from sdk-45gs02-mega65.a) unit 11 section index 11)
    Referenced from:
        _Exit (exitC99.o (from clib-45gs02-mega65.a) unit 19 section index 2)

Section 'code'  placed at address 00002112-00002112 of size 00000001
(stub_exit.o (from sdk-45gs02-mega65.a) unit 20 section index 4)

clrhome in section 'code'  placed at address 00002113-00002119 of size 00000007
(F:\Entwicklungsprojekte\github-nobru\midnightmega\calypsi\conioextensions.o unit 4 section index 16)
    Defines:
        clrhome = 00002113
    References:
        clrscr in (F:\Entwicklungsprojekte\github-nobru\midnightmega\calypsi\conio.o unit 6 section index 22)
        gohome in (F:\Entwicklungsprojekte\github-nobru\midnightmega\calypsi\conio.o unit 6 section index 33)
    Referenced from:
        main (F:\Entwicklungsprojekte\github-nobru\midnightmega\calypsi\romlister.o unit 0 section index 2)

`?L613` in section 'code'  placed at address 0000211a-00002120 of size 00000007
(F:\Entwicklungsprojekte\github-nobru\midnightmega\calypsi\conioextensions.o unit 4 section index 46)
    References:
        _Zp in (pseudoRegisters.o (from clib-45gs02-mega65.a) unit 13 section index 2)

`?L620` in section 'code'  placed at address 00002121-00002127 of size 00000007
(F:\Entwicklungsprojekte\github-nobru\midnightmega\calypsi\conioextensions.o unit 4 section index 51)
    References:
        _Zp in (pseudoRegisters.o (from clib-45gs02-mega65.a) unit 13 section index 2)

`?L626` in section 'code'  placed at address 00002128-0000212e of size 00000007
(F:\Entwicklungsprojekte\github-nobru\midnightmega\calypsi\conioextensions.o unit 4 section index 56)
    References:
        _Zp in (pseudoRegisters.o (from clib-45gs02-mega65.a) unit 13 section index 2)
        cputcxy in (F:\Entwicklungsprojekte\github-nobru\midnightmega\calypsi\conio.o unit 6 section index 50)

`?L643` in section 'code'  placed at address 0000212f-00002135 of size 00000007
(F:\Entwicklungsprojekte\github-nobru\midnightmega\calypsi\conioextensions.o unit 4 section index 68)
    References:
        _Zp in (pseudoRegisters.o (from clib-45gs02-mega65.a) unit 13 section index 2)

`?L646` in section 'code'  placed at address 00002136-0000213c of size 00000007
(F:\Entwicklungsprojekte\github-nobru\midnightmega\calypsi\conioextensions.o unit 4 section index 71)
    References:
        _AllocStackSave in (enter.o (from clib-45gs02-mega65.a) unit 18 section index 2)

`?L605` in section 'code'  placed at address 0000213d-00002143 of size 00000007
(F:\Entwicklungsprojekte\github-nobru\midnightmega\calypsi\conio.o unit 6 section index 82)
    References:
        _Zp in (pseudoRegisters.o (from clib-45gs02-mega65.a) unit 13 section index 2)

`?L618` in section 'code'  placed at address 00002144-0000214a of size 00000007
(F:\Entwicklungsprojekte\github-nobru\midnightmega\calypsi\conio.o unit 6 section index 93)
    References:
        _Zp in (pseudoRegisters.o (from clib-45gs02-mega65.a) unit 13 section index 2)

`?L621` in section 'code'  placed at address 0000214b-00002151 of size 00000007
(F:\Entwicklungsprojekte\github-nobru\midnightmega\calypsi\conio.o unit 6 section index 96)
    References:
        _Zp in (pseudoRegisters.o (from clib-45gs02-mega65.a) unit 13 section index 2)

`?L631` in section 'code'  placed at address 00002152-00002158 of size 00000007
(F:\Entwicklungsprojekte\github-nobru\midnightmega\calypsi\conio.o unit 6 section index 106)
    References:
        _AllocStackSave in (enter.o (from clib-45gs02-mega65.a) unit 18 section index 2)

hyppo_openfile in section 'code'
 placed at address 00002159-00002160 of size 00000008
(F:\Entwicklungsprojekte\github-nobru\midnightmega\calypsi\hyppo.o unit 1 section index 19)
    Defines:
        hyppo_openfile = 00002159
    Referenced from:
        romlist (F:\Entwicklungsprojekte\github-nobru\midnightmega\calypsi\romlist.o unit 5 section index 2)

`?L606` in section 'code'  placed at address 00002161-00002168 of size 00000008
(F:\Entwicklungsprojekte\github-nobru\midnightmega\calypsi\conio.o unit 6 section index 83)
    References:
        _Mul8 in (integer.o (from clib-45gs02-mega65.a) unit 23 section index 2)
        _Zp in (pseudoRegisters.o (from clib-45gs02-mega65.a) unit 13 section index 2)

`?L619` in section 'code'  placed at address 00002169-00002170 of size 00000008
(F:\Entwicklungsprojekte\github-nobru\midnightmega\calypsi\conio.o unit 6 section index 94)
    References:
        _Zp in (pseudoRegisters.o (from clib-45gs02-mega65.a) unit 13 section index 2)

lpoke in section 'code'  placed at address 00002171-00002178 of size 00000008
(F:\Entwicklungsprojekte\github-nobru\midnightmega\mega65-libc\src\memory.o unit 7 section index 6)
    Defines:
        lpoke = 00002171
    References:
        _Zp in (pseudoRegisters.o (from clib-45gs02-mega65.a) unit 13 section index 2)
        dma_poke in (F:\Entwicklungsprojekte\github-nobru\midnightmega\mega65-libc\src\memory.o unit 7 section index 7)
    Referenced from:
        cellcolor (F:\Entwicklungsprojekte\github-nobru\midnightmega\calypsi\conio.o unit 6 section index 26)
        cputcxy (F:\Entwicklungsprojekte\github-nobru\midnightmega\calypsi\conio.o unit 6 section index 50)

hyppo_findfirst in section 'code'
 placed at address 00002179-00002181 of size 00000009
(F:\Entwicklungsprojekte\github-nobru\midnightmega\calypsi\hyppo.o unit 1 section index 18)
    Defines:
        hyppo_findfirst = 00002179
    Referenced from:
        romlist (F:\Entwicklungsprojekte\github-nobru\midnightmega\calypsi\romlist.o unit 5 section index 2)

`?L300` in section 'code'  placed at address 00002182-0000218a of size 00000009
(F:\Entwicklungsprojekte\github-nobru\midnightmega\calypsi\hyppo.o unit 1 section index 45)
    References:
        _Zp in (pseudoRegisters.o (from clib-45gs02-mega65.a) unit 13 section index 2)

`?L622` in section 'code'  placed at address 0000218b-00002193 of size 00000009
(F:\Entwicklungsprojekte\github-nobru\midnightmega\calypsi\conioextensions.o unit 4 section index 53)
    References:
        _Zp in (pseudoRegisters.o (from clib-45gs02-mega65.a) unit 13 section index 2)

`?L644` in section 'code'  placed at address 00002194-0000219c of size 00000009
(F:\Entwicklungsprojekte\github-nobru\midnightmega\calypsi\conioextensions.o unit 4 section index 69)
    References:
        _Zp in (pseudoRegisters.o (from clib-45gs02-mega65.a) unit 13 section index 2)

`?L645` in section 'code'  placed at address 0000219d-000021a5 of size 00000009
(F:\Entwicklungsprojekte\github-nobru\midnightmega\calypsi\conioextensions.o unit 4 section index 70)
    References:
        _Zp in (pseudoRegisters.o (from clib-45gs02-mega65.a) unit 13 section index 2)

`?L649` in section 'code'  placed at address 000021a6-000021ae of size 00000009
(F:\Entwicklungsprojekte\github-nobru\midnightmega\calypsi\conioextensions.o unit 4 section index 74)
    References:
        _Zp in (pseudoRegisters.o (from clib-45gs02-mega65.a) unit 13 section index 2)

gohome in section 'code'  placed at address 000021af-000021b7 of size 00000009
(F:\Entwicklungsprojekte\github-nobru\midnightmega\calypsi\conio.o unit 6 section index 33)
    Defines:
        gohome = 000021af
    Referenced from:
        clrhome (F:\Entwicklungsprojekte\github-nobru\midnightmega\calypsi\conioextensions.o unit 4 section index 16)

`?L597` in section 'code'  placed at address 000021b8-000021c0 of size 00000009
(F:\Entwicklungsprojekte\github-nobru\midnightmega\calypsi\conio.o unit 6 section index 74)
    References:
        _Zp in (pseudoRegisters.o (from clib-45gs02-mega65.a) unit 13 section index 2)

`?L600` in section 'code'  placed at address 000021c1-000021c9 of size 00000009
(F:\Entwicklungsprojekte\github-nobru\midnightmega\calypsi\conio.o unit 6 section index 77)
    References:
        _Zp in (pseudoRegisters.o (from clib-45gs02-mega65.a) unit 13 section index 2)

`?L616` in section 'code'  placed at address 000021ca-000021d2 of size 00000009
(F:\Entwicklungsprojekte\github-nobru\midnightmega\calypsi\conio.o unit 6 section index 91)
    References:
        _Zp in (pseudoRegisters.o (from clib-45gs02-mega65.a) unit 13 section index 2)

`?L617` in section 'code'  placed at address 000021d3-000021db of size 00000009
(F:\Entwicklungsprojekte\github-nobru\midnightmega\calypsi\conio.o unit 6 section index 92)
    References:
        _Zp in (pseudoRegisters.o (from clib-45gs02-mega65.a) unit 13 section index 2)

`?L625` in section 'code'  placed at address 000021dc-000021e4 of size 00000009
(F:\Entwicklungsprojekte\github-nobru\midnightmega\calypsi\conio.o unit 6 section index 100)
    References:
        _Zp in (pseudoRegisters.o (from clib-45gs02-mega65.a) unit 13 section index 2)

`?L626` in section 'code'  placed at address 000021e5-000021ed of size 00000009
(F:\Entwicklungsprojekte\github-nobru\midnightmega\calypsi\conio.o unit 6 section index 101)
    References:
        _Zp in (pseudoRegisters.o (from clib-45gs02-mega65.a) unit 13 section index 2)

`?L630` in section 'code'  placed at address 000021ee-000021f6 of size 00000009
(F:\Entwicklungsprojekte\github-nobru\midnightmega\calypsi\conio.o unit 6 section index 105)
    References:
        _Zp in (pseudoRegisters.o (from clib-45gs02-mega65.a) unit 13 section index 2)

`?L633` in section 'code'  placed at address 000021f7-00002200 of size 0000000a
(F:\Entwicklungsprojekte\github-nobru\midnightmega\calypsi\conioextensions.o unit 4 section index 61)
    References:
        _Zp in (pseudoRegisters.o (from clib-45gs02-mega65.a) unit 13 section index 2)
        cputcxy in (F:\Entwicklungsprojekte\github-nobru\midnightmega\calypsi\conio.o unit 6 section index 50)

`?L639` in section 'code'  placed at address 00002201-0000220a of size 0000000a
(F:\Entwicklungsprojekte\github-nobru\midnightmega\calypsi\conioextensions.o unit 4 section index 65)
    References:
        _Zp in (pseudoRegisters.o (from clib-45gs02-mega65.a) unit 13 section index 2)

cputs in section 'code'  placed at address 0000220b-00002214 of size 0000000a
(F:\Entwicklungsprojekte\github-nobru\midnightmega\calypsi\conio.o unit 6 section index 48)
    Defines:
        cputs = 0000220b
    References:
        cputsxy in (F:\Entwicklungsprojekte\github-nobru\midnightmega\calypsi\conio.o unit 6 section index 49)
    Referenced from:
        csputdec (F:\Entwicklungsprojekte\github-nobru\midnightmega\calypsi\conioextensions.o unit 4 section index 12)
        (F:\Entwicklungsprojekte\github-nobru\midnightmega\calypsi\conioextensions.o unit 4 section index 49)

`?L599` in section 'code'  placed at address 00002215-0000221e of size 0000000a
(F:\Entwicklungsprojekte\github-nobru\midnightmega\calypsi\conio.o unit 6 section index 76)
    References:
        _Zp in (pseudoRegisters.o (from clib-45gs02-mega65.a) unit 13 section index 2)

`?L620` in section 'code'  placed at address 0000221f-00002228 of size 0000000a
(F:\Entwicklungsprojekte\github-nobru\midnightmega\calypsi\conio.o unit 6 section index 95)
    References:
        _Zp in (pseudoRegisters.o (from clib-45gs02-mega65.a) unit 13 section index 2)
        setcharsetaddr in (F:\Entwicklungsprojekte\github-nobru\midnightmega\calypsi\conio.o unit 6 section index 10)

`?L85` in section 'code'  placed at address 00002229-00002232 of size 0000000a
(F:\Entwicklungsprojekte\github-nobru\midnightmega\mega65-libc\src\memory.o unit 7 section index 20)
    References:
        _Zp in (pseudoRegisters.o (from clib-45gs02-mega65.a) unit 13 section index 2)
        dmalist in (F:\Entwicklungsprojekte\github-nobru\midnightmega\mega65-libc\src\memory.o unit 7 section index 24)

`?L610` in section 'code'  placed at address 00002233-0000223d of size 0000000b
(F:\Entwicklungsprojekte\github-nobru\midnightmega\calypsi\conioextensions.o unit 4 section index 43)
    References:
        _Zp in (pseudoRegisters.o (from clib-45gs02-mega65.a) unit 13 section index 2)

`?L612` in section 'code'  placed at address 0000223e-00002248 of size 0000000b
(F:\Entwicklungsprojekte\github-nobru\midnightmega\calypsi\conioextensions.o unit 4 section index 45)
    References:
        _Zp in (pseudoRegisters.o (from clib-45gs02-mega65.a) unit 13 section index 2)

`?L616` in section 'code'  placed at address 00002249-00002253 of size 0000000b
(F:\Entwicklungsprojekte\github-nobru\midnightmega\calypsi\conioextensions.o unit 4 section index 48)
    References:
        _Vsp in (pseudoRegisters.o (from clib-45gs02-mega65.a) unit 13 section index 2)
        _Zp in (pseudoRegisters.o (from clib-45gs02-mega65.a) unit 13 section index 2)

`?L43` in section 'code'  placed at address 00002254-0000225e of size 0000000b
(F:\Entwicklungsprojekte\github-nobru\midnightmega\calypsi\romlist.o unit 5 section index 3)
    References:
        _Zp in (pseudoRegisters.o (from clib-45gs02-mega65.a) unit 13 section index 2)
        hyppofn in (F:\Entwicklungsprojekte\github-nobru\midnightmega\calypsi\hyppo.o unit 1 section index 2)

`?L610` in section 'code'  placed at address 0000225f-00002269 of size 0000000b
(F:\Entwicklungsprojekte\github-nobru\midnightmega\calypsi\conio.o unit 6 section index 87)
    References:
        _Zp in (pseudoRegisters.o (from clib-45gs02-mega65.a) unit 13 section index 2)

`?L84` in section 'code'  placed at address 0000226a-00002274 of size 0000000b
(F:\Entwicklungsprojekte\github-nobru\midnightmega\mega65-libc\src\memory.o unit 7 section index 19)
    References:
        _Zp in (pseudoRegisters.o (from clib-45gs02-mega65.a) unit 13 section index 2)
        dmalist in (F:\Entwicklungsprojekte\github-nobru\midnightmega\mega65-libc\src\memory.o unit 7 section index 24)

hyppo_readfile in section 'code'
 placed at address 00002275-00002280 of size 0000000c
(F:\Entwicklungsprojekte\github-nobru\midnightmega\calypsi\hyppo.o unit 1 section index 20)
    Defines:
        hyppo_readfile = 00002275
    Referenced from:
        romlist (F:\Entwicklungsprojekte\github-nobru\midnightmega\calypsi\romlist.o unit 5 section index 2)

hyppo_closefile in section 'code'
 placed at address 00002281-0000228c of size 0000000c
(F:\Entwicklungsprojekte\github-nobru\midnightmega\calypsi\hyppo.o unit 1 section index 21)
    Defines:
        hyppo_closefile = 00002281
    Referenced from:
        romlist (F:\Entwicklungsprojekte\github-nobru\midnightmega\calypsi\romlist.o unit 5 section index 2)

hyppo_getversion_minorhyppo in section 'code'
 placed at address 0000228d-00002298 of size 0000000c
(F:\Entwicklungsprojekte\github-nobru\midnightmega\calypsi\hyppo.o unit 1 section index 31)
    Defines:
        hyppo_getversion_minorhyppo = 0000228d
    Referenced from:
        main (F:\Entwicklungsprojekte\github-nobru\midnightmega\calypsi\romlister.o unit 0 section index 2)

hyppo_getversion_majorHDOS in section 'code'
 placed at address 00002299-000022a4 of size 0000000c
(F:\Entwicklungsprojekte\github-nobru\midnightmega\calypsi\hyppo.o unit 1 section index 32)
    Defines:
        hyppo_getversion_majorHDOS = 00002299
    Referenced from:
        main (F:\Entwicklungsprojekte\github-nobru\midnightmega\calypsi\romlister.o unit 0 section index 2)

hyppo_getversion_minorHDOS in section 'code'
 placed at address 000022a5-000022b0 of size 0000000c
(F:\Entwicklungsprojekte\github-nobru\midnightmega\calypsi\hyppo.o unit 1 section index 33)
    Defines:
        hyppo_getversion_minorHDOS = 000022a5
    Referenced from:
        main (F:\Entwicklungsprojekte\github-nobru\midnightmega\calypsi\romlister.o unit 0 section index 2)

`?L624` in section 'code'  placed at address 000022b1-000022bc of size 0000000c
(F:\Entwicklungsprojekte\github-nobru\midnightmega\calypsi\conioextensions.o unit 4 section index 55)
    References:
        _IncVsp in (stack.o (from clib-45gs02-mega65.a) unit 24 section index 3)
        _Zp in (pseudoRegisters.o (from clib-45gs02-mega65.a) unit 13 section index 2)
        lcopy in (F:\Entwicklungsprojekte\github-nobru\midnightmega\mega65-libc\src\memory.o unit 7 section index 8)

`?L628` in section 'code'  placed at address 000022bd-000022c8 of size 0000000c
(F:\Entwicklungsprojekte\github-nobru\midnightmega\calypsi\conioextensions.o unit 4 section index 58)
    References:
        _AllocStackSave in (enter.o (from clib-45gs02-mega65.a) unit 18 section index 2)
        _Zp in (pseudoRegisters.o (from clib-45gs02-mega65.a) unit 13 section index 2)

`?L601` in section 'code'  placed at address 000022c9-000022d4 of size 0000000c
(F:\Entwicklungsprojekte\github-nobru\midnightmega\calypsi\conio.o unit 6 section index 78)
    References:
        _DivMod16 in (integer.o (from clib-45gs02-mega65.a) unit 23 section index 7)
        _Zp in (pseudoRegisters.o (from clib-45gs02-mega65.a) unit 13 section index 2)

_LoadVspEA in section 'code'
 placed at address 000022d5-000022e0 of size 0000000c
(stack.o (from clib-45gs02-mega65.a) unit 24 section index 6)
    Defines:
        _LoadVspEA = 000022d5
    References:
        _Vsp in (pseudoRegisters.o (from clib-45gs02-mega65.a) unit 13 section index 2)
    Referenced from:
        cputln (F:\Entwicklungsprojekte\github-nobru\midnightmega\calypsi\conioextensions.o unit 4 section index 9)
        mcbox (F:\Entwicklungsprojekte\github-nobru\midnightmega\calypsi\conioextensions.o unit 4 section index 34)

getscreensize in section 'code'
 placed at address 000022e1-000022ed of size 0000000d
(F:\Entwicklungsprojekte\github-nobru\midnightmega\calypsi\conio.o unit 6 section index 15)
    Defines:
        getscreensize = 000022e1
    References:
        _Zp in (pseudoRegisters.o (from clib-45gs02-mega65.a) unit 13 section index 2)
    Referenced from:
        cputln (F:\Entwicklungsprojekte\github-nobru\midnightmega\calypsi\conioextensions.o unit 4 section index 9)
        mcbox (F:\Entwicklungsprojekte\github-nobru\midnightmega\calypsi\conioextensions.o unit 4 section index 34)

flushkeybuf in section 'code'
 placed at address 000022ee-000022fa of size 0000000d
(F:\Entwicklungsprojekte\github-nobru\midnightmega\calypsi\conio.o unit 6 section index 59)
    Defines:
        flushkeybuf = 000022ee
    Referenced from:
        conioinit (F:\Entwicklungsprojekte\github-nobru\midnightmega\calypsi\conio.o unit 6 section index 5)

hyppo_getversion_majorhyppo in section 'code'
 placed at address 000022fb-00002308 of size 0000000e
(F:\Entwicklungsprojekte\github-nobru\midnightmega\calypsi\hyppo.o unit 1 section index 30)
    Defines:
        hyppo_getversion_majorhyppo = 000022fb
    Referenced from:
        main (F:\Entwicklungsprojekte\github-nobru\midnightmega\calypsi\romlister.o unit 0 section index 2)

`?L604` in section 'code'  placed at address 00002309-00002316 of size 0000000e
(F:\Entwicklungsprojekte\github-nobru\midnightmega\calypsi\conioextensions.o unit 4 section index 39)
    References:
        _Zp in (pseudoRegisters.o (from clib-45gs02-mega65.a) unit 13 section index 2)
        asciitoscreencode_s in (F:\Entwicklungsprojekte\github-nobru\midnightmega\calypsi\conioextensions.o unit 4 section index 14)

`?L621` in section 'code'  placed at address 00002317-00002324 of size 0000000e
(F:\Entwicklungsprojekte\github-nobru\midnightmega\calypsi\conioextensions.o unit 4 section index 52)
    References:
        _Vsp in (pseudoRegisters.o (from clib-45gs02-mega65.a) unit 13 section index 2)
        _Zp in (pseudoRegisters.o (from clib-45gs02-mega65.a) unit 13 section index 2)

`?L623` in section 'code'  placed at address 00002325-00002332 of size 0000000e
(F:\Entwicklungsprojekte\github-nobru\midnightmega\calypsi\conioextensions.o unit 4 section index 54)
    References:
        _Zp in (pseudoRegisters.o (from clib-45gs02-mega65.a) unit 13 section index 2)

`?L44` in section 'code'  placed at address 00002333-00002340 of size 0000000e
(F:\Entwicklungsprojekte\github-nobru\midnightmega\calypsi\romlist.o unit 5 section index 4)
    References:
        _Zp in (pseudoRegisters.o (from clib-45gs02-mega65.a) unit 13 section index 2)

`?L589` in section 'code'  placed at address 00002341-0000234e of size 0000000e
(F:\Entwicklungsprojekte\github-nobru\midnightmega\calypsi\conio.o unit 6 section index 70)
    References:
        _Zp in (pseudoRegisters.o (from clib-45gs02-mega65.a) unit 13 section index 2)

`?L619` in section 'code'  placed at address 0000234f-0000235d of size 0000000f
(F:\Entwicklungsprojekte\github-nobru\midnightmega\calypsi\conioextensions.o unit 4 section index 50)
    References:
        _Vsp in (pseudoRegisters.o (from clib-45gs02-mega65.a) unit 13 section index 2)
        _Zp in (pseudoRegisters.o (from clib-45gs02-mega65.a) unit 13 section index 2)
        fillrect in (F:\Entwicklungsprojekte\github-nobru\midnightmega\calypsi\conio.o unit 6 section index 52)

sethotregs in section 'code'
 placed at address 0000235e-0000236c of size 0000000f
(F:\Entwicklungsprojekte\github-nobru\midnightmega\calypsi\conio.o unit 6 section index 17)
    Defines:
        sethotregs = 0000235e
    Referenced from:
        conioinit (F:\Entwicklungsprojekte\github-nobru\midnightmega\calypsi\conio.o unit 6 section index 5)

`?L82` in section 'code'  placed at address 0000236d-0000237b of size 0000000f
(F:\Entwicklungsprojekte\github-nobru\midnightmega\mega65-libc\src\memory.o unit 7 section index 17)
    References:
        _Zp in (pseudoRegisters.o (from clib-45gs02-mega65.a) unit 13 section index 2)
        dmalist in (F:\Entwicklungsprojekte\github-nobru\midnightmega\mega65-libc\src\memory.o unit 7 section index 24)

_DecVspY0 in section 'code'
 placed at address 0000237c-0000238a of size 0000000f
(stack.o (from clib-45gs02-mega65.a) unit 24 section index 2)
    Defines:
        _DecVspY0 = 0000237c
        _DecVsp = 0000237e
    References:
        _Vsp in (pseudoRegisters.o (from clib-45gs02-mega65.a) unit 13 section index 2)
    Referenced from:
        cputln (F:\Entwicklungsprojekte\github-nobru\midnightmega\calypsi\conioextensions.o unit 4 section index 9)
        romlist (F:\Entwicklungsprojekte\github-nobru\midnightmega\calypsi\romlist.o unit 5 section index 2)
        cputsxy (F:\Entwicklungsprojekte\github-nobru\midnightmega\calypsi\conio.o unit 6 section index 49)
        __initialize_sections (initialize.o (from clib-45gs02-mega65.a) unit 31 section index 2)

`?L607` in section 'code'  placed at address 0000238b-0000239a of size 00000010
(F:\Entwicklungsprojekte\github-nobru\midnightmega\calypsi\conioextensions.o unit 4 section index 41)
    References:
        _AllocStackSave in (enter.o (from clib-45gs02-mega65.a) unit 18 section index 2)
        _Zp in (pseudoRegisters.o (from clib-45gs02-mega65.a) unit 13 section index 2)

setcharsetaddr in section 'code'
 placed at address 0000239b-000023aa of size 00000010
(F:\Entwicklungsprojekte\github-nobru\midnightmega\calypsi\conio.o unit 6 section index 10)
    Defines:
        setcharsetaddr = 0000239b
    References:
        _Zp in (pseudoRegisters.o (from clib-45gs02-mega65.a) unit 13 section index 2)
    Referenced from:
        (F:\Entwicklungsprojekte\github-nobru\midnightmega\calypsi\conio.o unit 6 section index 95)

mega65_io_enable in section 'code'
 placed at address 000023ab-000023ba of size 00000010
(F:\Entwicklungsprojekte\github-nobru\midnightmega\mega65-libc\src\memory.o unit 7 section index 11)
    Defines:
        mega65_io_enable = 000023ab
    Referenced from:
        do_dma (F:\Entwicklungsprojekte\github-nobru\midnightmega\mega65-libc\src\memory.o unit 7 section index 2)

`?L79` in section 'code'  placed at address 000023bb-000023ca of size 00000010
(F:\Entwicklungsprojekte\github-nobru\midnightmega\mega65-libc\src\memory.o unit 7 section index 14)
    References:
        dmalist in (F:\Entwicklungsprojekte\github-nobru\midnightmega\mega65-libc\src\memory.o unit 7 section index 24)

`?L81` in section 'code'  placed at address 000023cb-000023da of size 00000010
(F:\Entwicklungsprojekte\github-nobru\midnightmega\mega65-libc\src\memory.o unit 7 section index 16)
    References:
        _Zp in (pseudoRegisters.o (from clib-45gs02-mega65.a) unit 13 section index 2)
        dmalist in (F:\Entwicklungsprojekte\github-nobru\midnightmega\mega65-libc\src\memory.o unit 7 section index 24)

_IncVsp in section 'code'  placed at address 000023db-000023ea of size 00000010
(stack.o (from clib-45gs02-mega65.a) unit 24 section index 3)
    Defines:
        _IncVsp = 000023db
    References:
        _Vsp in (pseudoRegisters.o (from clib-45gs02-mega65.a) unit 13 section index 2)
    Referenced from:
        (F:\Entwicklungsprojekte\github-nobru\midnightmega\calypsi\conioextensions.o unit 4 section index 55)
        romlist (F:\Entwicklungsprojekte\github-nobru\midnightmega\calypsi\romlist.o unit 5 section index 2)
        cputsxy (F:\Entwicklungsprojekte\github-nobru\midnightmega\calypsi\conio.o unit 6 section index 49)
        __initialize_sections (initialize.o (from clib-45gs02-mega65.a) unit 31 section index 2)

`?L609` in section 'code'  placed at address 000023eb-000023fc of size 00000012
(F:\Entwicklungsprojekte\github-nobru\midnightmega\calypsi\conio.o unit 6 section index 86)
    References:
        _Zp in (pseudoRegisters.o (from clib-45gs02-mega65.a) unit 13 section index 2)

`?L588` in section 'code'  placed at address 000023fd-0000240f of size 00000013
(F:\Entwicklungsprojekte\github-nobru\midnightmega\calypsi\conio.o unit 6 section index 69)
    References:
        _Zp in (pseudoRegisters.o (from clib-45gs02-mega65.a) unit 13 section index 2)

`?L607` in section 'code'  placed at address 00002410-00002422 of size 00000013
(F:\Entwicklungsprojekte\github-nobru\midnightmega\calypsi\conio.o unit 6 section index 84)
    References:
        _Zp in (pseudoRegisters.o (from clib-45gs02-mega65.a) unit 13 section index 2)

`?L608` in section 'code'  placed at address 00002423-00002435 of size 00000013
(F:\Entwicklungsprojekte\github-nobru\midnightmega\calypsi\conio.o unit 6 section index 85)
    References:
        _Zp in (pseudoRegisters.o (from clib-45gs02-mega65.a) unit 13 section index 2)

`?L24` in section 'code'  placed at address 00002436-0000244a of size 00000015
(F:\Entwicklungsprojekte\github-nobru\midnightmega\calypsi\romlister.o unit 0 section index 3)
    References:
        `_StringLiteral_.` in (F:\Entwicklungsprojekte\github-nobru\midnightmega\calypsi\romlister.o unit 0 section index 5)
        _Zp in (pseudoRegisters.o (from clib-45gs02-mega65.a) unit 13 section index 2)
        mprintf in (F:\Entwicklungsprojekte\github-nobru\midnightmega\calypsi\conioextensions.o unit 4 section index 19)

textcolor in section 'code'
 placed at address 0000244b-0000245f of size 00000015
(F:\Entwicklungsprojekte\github-nobru\midnightmega\calypsi\conio.o unit 6 section index 25)
    Defines:
        textcolor = 0000244b
    References:
        _Zp in (pseudoRegisters.o (from clib-45gs02-mega65.a) unit 13 section index 2)
    Referenced from:
        main (F:\Entwicklungsprojekte\github-nobru\midnightmega\calypsi\romlister.o unit 0 section index 2)
        mcbox (F:\Entwicklungsprojekte\github-nobru\midnightmega\calypsi\conioextensions.o unit 4 section index 34)

do_dma in section 'code'  placed at address 00002460-00002475 of size 00000016
(F:\Entwicklungsprojekte\github-nobru\midnightmega\mega65-libc\src\memory.o unit 7 section index 2)
    Defines:
        do_dma = 00002460
    References:
        dmalist in (F:\Entwicklungsprojekte\github-nobru\midnightmega\mega65-libc\src\memory.o unit 7 section index 24)
        mega65_io_enable in (F:\Entwicklungsprojekte\github-nobru\midnightmega\mega65-libc\src\memory.o unit 7 section index 11)
    Referenced from:
        lfill_skip (F:\Entwicklungsprojekte\github-nobru\midnightmega\mega65-libc\src\memory.o unit 7 section index 10)

`?L609` in section 'code'  placed at address 00002476-0000248c of size 00000017
(F:\Entwicklungsprojekte\github-nobru\midnightmega\calypsi\conioextensions.o unit 4 section index 42)
    References:
        _DivMod32 in (integer.o (from clib-45gs02-mega65.a) unit 23 section index 9)
        _Zp in (pseudoRegisters.o (from clib-45gs02-mega65.a) unit 13 section index 2)

_FillQ in section 'code'  placed at address 0000248d-000024a3 of size 00000017
(spill.o (from clib-45gs02-mega65.a) unit 26 section index 10)
    Defines:
        _FillQ = 0000248d
    References:
        _Vsp in (pseudoRegisters.o (from clib-45gs02-mega65.a) unit 13 section index 2)
    Referenced from:
        cputln (F:\Entwicklungsprojekte\github-nobru\midnightmega\calypsi\conioextensions.o unit 4 section index 9)
        usleep (F:\Entwicklungsprojekte\github-nobru\midnightmega\mega65-libc\src\hal.o unit 8 section index 2)

`?L77` in section 'code'  placed at address 000024a4-000024be of size 0000001b
(F:\Entwicklungsprojekte\github-nobru\midnightmega\mega65-libc\src\memory.o unit 7 section index 13)
    References:
        _Zp in (pseudoRegisters.o (from clib-45gs02-mega65.a) unit 13 section index 2)

mprintf in section 'code'  placed at address 000024bf-000024da of size 0000001c
(F:\Entwicklungsprojekte\github-nobru\midnightmega\calypsi\conioextensions.o unit 4 section index 19)
    Defines:
        mprintf = 000024bf
    References:
        _RestoreRegisters in (enter.o (from clib-45gs02-mega65.a) unit 18 section index 4)
        _Zp in (pseudoRegisters.o (from clib-45gs02-mega65.a) unit 13 section index 2)
        csputdec in (F:\Entwicklungsprojekte\github-nobru\midnightmega\calypsi\conioextensions.o unit 4 section index 12)
    Referenced from:
        (F:\Entwicklungsprojekte\github-nobru\midnightmega\calypsi\romlister.o unit 0 section index 3)

mcputsxy in section 'code'
 placed at address 000024db-000024f7 of size 0000001d
(F:\Entwicklungsprojekte\github-nobru\midnightmega\calypsi\conioextensions.o unit 4 section index 23)
    Defines:
        mcputsxy = 000024db
    References:
        _RestoreRegisters in (enter.o (from clib-45gs02-mega65.a) unit 18 section index 4)
        _Zp in (pseudoRegisters.o (from clib-45gs02-mega65.a) unit 13 section index 2)
        cputsxy in (F:\Entwicklungsprojekte\github-nobru\midnightmega\calypsi\conio.o unit 6 section index 49)
    Referenced from:
        romlist (F:\Entwicklungsprojekte\github-nobru\midnightmega\calypsi\romlist.o unit 5 section index 2)

`?L602` in section 'code'  placed at address 000024f8-00002515 of size 0000001e
(F:\Entwicklungsprojekte\github-nobru\midnightmega\calypsi\conio.o unit 6 section index 79)
    References:
        _Zp in (pseudoRegisters.o (from clib-45gs02-mega65.a) unit 13 section index 2)

`?L75` in section 'code'  placed at address 00002516-00002535 of size 00000020
(F:\Entwicklungsprojekte\github-nobru\midnightmega\mega65-libc\src\memory.o unit 7 section index 12)
    References:
        _Zp in (pseudoRegisters.o (from clib-45gs02-mega65.a) unit 13 section index 2)
        dmalist in (F:\Entwicklungsprojekte\github-nobru\midnightmega\mega65-libc\src\memory.o unit 7 section index 24)

strlen in section 'code'  placed at address 00002536-00002555 of size 00000020
(lib_strlen.o (from clib-45gs02-mega65.a) unit 25 section index 2)
    Defines:
        strlen = 00002536
    References:
        _Zp in (pseudoRegisters.o (from clib-45gs02-mega65.a) unit 13 section index 2)
    Referenced from:
        cputsxy (F:\Entwicklungsprojekte\github-nobru\midnightmega\calypsi\conio.o unit 6 section index 49)

lfill in section 'code'  placed at address 00002556-00002576 of size 00000021
(F:\Entwicklungsprojekte\github-nobru\midnightmega\mega65-libc\src\memory.o unit 7 section index 9)
    Defines:
        lfill = 00002556
    References:
        _Zp in (pseudoRegisters.o (from clib-45gs02-mega65.a) unit 13 section index 2)
        dmalist in (F:\Entwicklungsprojekte\github-nobru\midnightmega\mega65-libc\src\memory.o unit 7 section index 24)
    Referenced from:
        cputln (F:\Entwicklungsprojekte\github-nobru\midnightmega\calypsi\conioextensions.o unit 4 section index 9)
        mcbox (F:\Entwicklungsprojekte\github-nobru\midnightmega\calypsi\conioextensions.o unit 4 section index 34)
        romlist (F:\Entwicklungsprojekte\github-nobru\midnightmega\calypsi\romlist.o unit 5 section index 2)
        clrscr (F:\Entwicklungsprojekte\github-nobru\midnightmega\calypsi\conio.o unit 6 section index 22)
        cputsxy (F:\Entwicklungsprojekte\github-nobru\midnightmega\calypsi\conio.o unit 6 section index 49)
        fillrect (F:\Entwicklungsprojekte\github-nobru\midnightmega\calypsi\conio.o unit 6 section index 52)

_DeallocStackRestore in section 'code'
 placed at address 00002577-00002597 of size 00000021
(enter.o (from clib-45gs02-mega65.a) unit 18 section index 4)
    Defines:
        _RestoreRegisters = 0000257a
        _DeallocStackRestore = 00002577
        _DeallocStack = 00002588
    References:
        _DeallocStack in (enter.o (from clib-45gs02-mega65.a) unit 18 section index 4)
        _Vsp in (pseudoRegisters.o (from clib-45gs02-mega65.a) unit 13 section index 2)
        _Zp in (pseudoRegisters.o (from clib-45gs02-mega65.a) unit 13 section index 2)
    Referenced from:
        csputdec (F:\Entwicklungsprojekte\github-nobru\midnightmega\calypsi\conioextensions.o unit 4 section index 12)
        asciitoscreencode_s (F:\Entwicklungsprojekte\github-nobru\midnightmega\calypsi\conioextensions.o unit 4 section index 14)
        mprintf (F:\Entwicklungsprojekte\github-nobru\midnightmega\calypsi\conioextensions.o unit 4 section index 19)
        mcputsxy (F:\Entwicklungsprojekte\github-nobru\midnightmega\calypsi\conioextensions.o unit 4 section index 23)
        mcbox (F:\Entwicklungsprojekte\github-nobru\midnightmega\calypsi\conioextensions.o unit 4 section index 34)
        romlist (F:\Entwicklungsprojekte\github-nobru\midnightmega\calypsi\romlist.o unit 5 section index 2)
        clrscr (F:\Entwicklungsprojekte\github-nobru\midnightmega\calypsi\conio.o unit 6 section index 22)
        cputsxy (F:\Entwicklungsprojekte\github-nobru\midnightmega\calypsi\conio.o unit 6 section index 49)
        ... 5 more

`?L598` in section 'code'  placed at address 00002598-000025ba of size 00000023
(F:\Entwicklungsprojekte\github-nobru\midnightmega\calypsi\conio.o unit 6 section index 75)
    References:
        _Zp in (pseudoRegisters.o (from clib-45gs02-mega65.a) unit 13 section index 2)

strcpy in section 'code'  placed at address 000025bb-000025e1 of size 00000027
(lib_strcpy.o (from clib-45gs02-mega65.a) unit 28 section index 2)
    Defines:
        strcpy = 000025bb
    References:
        _Zp in (pseudoRegisters.o (from clib-45gs02-mega65.a) unit 13 section index 2)
    Referenced from:
        hyppo_setname (F:\Entwicklungsprojekte\github-nobru\midnightmega\calypsi\hyppo.o unit 1 section index 10)
        romlist (F:\Entwicklungsprojekte\github-nobru\midnightmega\calypsi\romlist.o unit 5 section index 2)

hyppo_setname in section 'code'
 placed at address 000025e2-0000260b of size 0000002a
(F:\Entwicklungsprojekte\github-nobru\midnightmega\calypsi\hyppo.o unit 1 section index 10)
    Defines:
        hyppo_setname = 000025e2
    References:
        _Zp in (pseudoRegisters.o (from clib-45gs02-mega65.a) unit 13 section index 2)
        hyppofn in (F:\Entwicklungsprojekte\github-nobru\midnightmega\calypsi\hyppo.o unit 1 section index 2)
        strcpy in (lib_strcpy.o (from clib-45gs02-mega65.a) unit 28 section index 2)
    Referenced from:
        romlist (F:\Entwicklungsprojekte\github-nobru\midnightmega\calypsi\romlist.o unit 5 section index 2)

_Mul16 in section 'code'  placed at address 0000260c-00002636 of size 0000002b
(integer.o (from clib-45gs02-mega65.a) unit 23 section index 3)
    Defines:
        _Mul16 = 0000260c
    References:
        _Zp in (pseudoRegisters.o (from clib-45gs02-mega65.a) unit 13 section index 2)
    Referenced from:
        mcbox (F:\Entwicklungsprojekte\github-nobru\midnightmega\calypsi\conioextensions.o unit 4 section index 34)
        clrscr (F:\Entwicklungsprojekte\github-nobru\midnightmega\calypsi\conio.o unit 6 section index 22)

__memset_far in section 'code'
 placed at address 00002637-00002661 of size 0000002b
(memset_far.o (from clib-45gs02-mega65.a) unit 33 section index 2)
    Defines:
        __memset_far = 00002637
    References:
        _Zp in (pseudoRegisters.o (from clib-45gs02-mega65.a) unit 13 section index 2)
    Referenced from:
        __initialize_sections (initialize.o (from clib-45gs02-mega65.a) unit 31 section index 2)

_AllocStackSave in section 'code'
 placed at address 00002662-0000268d of size 0000002c
(enter.o (from clib-45gs02-mega65.a) unit 18 section index 2)
    Defines:
        _AllocStackSave = 00002662
        _AllocStack = 0000267c
    References:
        _Vsp in (pseudoRegisters.o (from clib-45gs02-mega65.a) unit 13 section index 2)
        _Zp in (pseudoRegisters.o (from clib-45gs02-mega65.a) unit 13 section index 2)
    Referenced from:
        cputln (F:\Entwicklungsprojekte\github-nobru\midnightmega\calypsi\conioextensions.o unit 4 section index 9)
        csputdec (F:\Entwicklungsprojekte\github-nobru\midnightmega\calypsi\conioextensions.o unit 4 section index 12)
        asciitoscreencode_s (F:\Entwicklungsprojekte\github-nobru\midnightmega\calypsi\conioextensions.o unit 4 section index 14)
        (F:\Entwicklungsprojekte\github-nobru\midnightmega\calypsi\conioextensions.o unit 4 section index 41)
        (F:\Entwicklungsprojekte\github-nobru\midnightmega\calypsi\conioextensions.o unit 4 section index 58)
        (F:\Entwicklungsprojekte\github-nobru\midnightmega\calypsi\conioextensions.o unit 4 section index 71)
        romlist (F:\Entwicklungsprojekte\github-nobru\midnightmega\calypsi\romlist.o unit 5 section index 2)
        clrscr (F:\Entwicklungsprojekte\github-nobru\midnightmega\calypsi\conio.o unit 6 section index 22)
        cputcxy (F:\Entwicklungsprojekte\github-nobru\midnightmega\calypsi\conio.o unit 6 section index 50)
        (F:\Entwicklungsprojekte\github-nobru\midnightmega\calypsi\conio.o unit 6 section index 106)
        exit (exit.o (from clib-45gs02-mega65.a) unit 14 section index 2)
        __initialize_sections (initialize.o (from clib-45gs02-mega65.a) unit 31 section index 2)

`?L587` in section 'code'  placed at address 0000268e-000026ba of size 0000002d
(F:\Entwicklungsprojekte\github-nobru\midnightmega\calypsi\conio.o unit 6 section index 68)
    References:
        _Zp in (pseudoRegisters.o (from clib-45gs02-mega65.a) unit 13 section index 2)

usleep in section 'code'  placed at address 000026bb-000026ea of size 00000030
(F:\Entwicklungsprojekte\github-nobru\midnightmega\mega65-libc\src\hal.o unit 8 section index 2)
    Defines:
        usleep = 000026bb
    References:
        _FillQ in (spill.o (from clib-45gs02-mega65.a) unit 26 section index 10)
        _SpillZP in (spill.o (from clib-45gs02-mega65.a) unit 26 section index 8)
        _Zp in (pseudoRegisters.o (from clib-45gs02-mega65.a) unit 13 section index 2)
    Referenced from:
        main (F:\Entwicklungsprojekte\github-nobru\midnightmega\calypsi\romlister.o unit 0 section index 2)

cellcolor in section 'code'
 placed at address 000026eb-0000271c of size 00000032
(F:\Entwicklungsprojekte\github-nobru\midnightmega\calypsi\conio.o unit 6 section index 26)
    Defines:
        cellcolor = 000026eb
    References:
        _Mul8 in (integer.o (from clib-45gs02-mega65.a) unit 23 section index 2)
        _Zp in (pseudoRegisters.o (from clib-45gs02-mega65.a) unit 13 section index 2)
        lpoke in (F:\Entwicklungsprojekte\github-nobru\midnightmega\mega65-libc\src\memory.o unit 7 section index 6)
    Referenced from:
        mcbox (F:\Entwicklungsprojekte\github-nobru\midnightmega\calypsi\conioextensions.o unit 4 section index 34)

_Mul8 in section 'code'  placed at address 0000271d-0000274e of size 00000032
(integer.o (from clib-45gs02-mega65.a) unit 23 section index 2)
    Defines:
        _Mul8 = 0000271d
    References:
        _Zp in (pseudoRegisters.o (from clib-45gs02-mega65.a) unit 13 section index 2)
    Referenced from:
        cputln (F:\Entwicklungsprojekte\github-nobru\midnightmega\calypsi\conioextensions.o unit 4 section index 9)
        clrscr (F:\Entwicklungsprojekte\github-nobru\midnightmega\calypsi\conio.o unit 6 section index 22)
        cellcolor (F:\Entwicklungsprojekte\github-nobru\midnightmega\calypsi\conio.o unit 6 section index 26)
        (F:\Entwicklungsprojekte\github-nobru\midnightmega\calypsi\conio.o unit 6 section index 83)

_UDivMod16 in section 'code'
 placed at address 0000274f-00002780 of size 00000032
(integer.o (from clib-45gs02-mega65.a) unit 23 section index 8)
    Defines:
        _UDivMod16 = 0000274f
    References:
        _Zp in (pseudoRegisters.o (from clib-45gs02-mega65.a) unit 13 section index 2)
    Referenced from:
        _DivMod16 (integer.o (from clib-45gs02-mega65.a) unit 23 section index 7)

asciitoscreencode in section 'code'
 placed at address 00002781-000027bc of size 0000003c
(F:\Entwicklungsprojekte\github-nobru\midnightmega\calypsi\conioextensions.o unit 4 section index 13)
    Defines:
        asciitoscreencode = 00002781
    Referenced from:
        asciitoscreencode_s (F:\Entwicklungsprojekte\github-nobru\midnightmega\calypsi\conioextensions.o unit 4 section index 14)

getscreenaddr in section 'code'
 placed at address 000027bd-000027f9 of size 0000003d
(F:\Entwicklungsprojekte\github-nobru\midnightmega\calypsi\conio.o unit 6 section index 9)
    Defines:
        getscreenaddr = 000027bd
    References:
        _Zp in (pseudoRegisters.o (from clib-45gs02-mega65.a) unit 13 section index 2)
    Referenced from:
        cputln (F:\Entwicklungsprojekte\github-nobru\midnightmega\calypsi\conioextensions.o unit 4 section index 9)

__memcpy_far in section 'code'
 placed at address 000027fa-00002836 of size 0000003d
(memcpy_far.o (from clib-45gs02-mega65.a) unit 34 section index 2)
    Defines:
        __memcpy_far = 000027fa
    References:
        _Vsp in (pseudoRegisters.o (from clib-45gs02-mega65.a) unit 13 section index 2)
        _Zp in (pseudoRegisters.o (from clib-45gs02-mega65.a) unit 13 section index 2)
    Referenced from:
        __initialize_sections (initialize.o (from clib-45gs02-mega65.a) unit 31 section index 2)

conioinit in section 'code'
 placed at address 00002837-00002876 of size 00000040
(F:\Entwicklungsprojekte\github-nobru\midnightmega\calypsi\conio.o unit 6 section index 5)
    Defines:
        conioinit = 00002837
    References:
        _Zp in (pseudoRegisters.o (from clib-45gs02-mega65.a) unit 13 section index 2)
        flushkeybuf in (F:\Entwicklungsprojekte\github-nobru\midnightmega\calypsi\conio.o unit 6 section index 59)
        sethotregs in (F:\Entwicklungsprojekte\github-nobru\midnightmega\calypsi\conio.o unit 6 section index 17)
    Referenced from:
        main (F:\Entwicklungsprojekte\github-nobru\midnightmega\calypsi\romlister.o unit 0 section index 2)

_SpillZP in section 'code'
 placed at address 00002877-000028b6 of size 00000040
(spill.o (from clib-45gs02-mega65.a) unit 26 section index 8)
    Defines:
        _SpillZP = 00002877
    References:
        _Temp in (pseudoRegisters.o (from clib-45gs02-mega65.a) unit 13 section index 2)
        _Vsp in (pseudoRegisters.o (from clib-45gs02-mega65.a) unit 13 section index 2)
    Referenced from:
        cputln (F:\Entwicklungsprojekte\github-nobru\midnightmega\calypsi\conioextensions.o unit 4 section index 9)
        usleep (F:\Entwicklungsprojekte\github-nobru\midnightmega\mega65-libc\src\hal.o unit 8 section index 2)

dma_poke in section 'code'
 placed at address 000028b7-000028fe of size 00000048
(F:\Entwicklungsprojekte\github-nobru\midnightmega\mega65-libc\src\memory.o unit 7 section index 7)
    Defines:
        dma_poke = 000028b7
    References:
        _Zp in (pseudoRegisters.o (from clib-45gs02-mega65.a) unit 13 section index 2)
        dma_byte in (F:\Entwicklungsprojekte\github-nobru\midnightmega\mega65-libc\src\memory.o unit 7 section index 25)
        dmalist in (F:\Entwicklungsprojekte\github-nobru\midnightmega\mega65-libc\src\memory.o unit 7 section index 24)
    Referenced from:
        lpoke (F:\Entwicklungsprojekte\github-nobru\midnightmega\mega65-libc\src\memory.o unit 7 section index 6)

lfill_skip in section 'code'
 placed at address 000028ff-00002948 of size 0000004a
(F:\Entwicklungsprojekte\github-nobru\midnightmega\mega65-libc\src\memory.o unit 7 section index 10)
    Defines:
        lfill_skip = 000028ff
    References:
        _Zp in (pseudoRegisters.o (from clib-45gs02-mega65.a) unit 13 section index 2)
        dmalist in (F:\Entwicklungsprojekte\github-nobru\midnightmega\mega65-libc\src\memory.o unit 7 section index 24)
        do_dma in (F:\Entwicklungsprojekte\github-nobru\midnightmega\mega65-libc\src\memory.o unit 7 section index 2)

_DivMod16 in section 'code'
 placed at address 00002949-00002992 of size 0000004a
(integer.o (from clib-45gs02-mega65.a) unit 23 section index 7)
    Defines:
        _DivMod16 = 00002949
    References:
        _UDivMod16 in (integer.o (from clib-45gs02-mega65.a) unit 23 section index 8)
        _Zp in (pseudoRegisters.o (from clib-45gs02-mega65.a) unit 13 section index 2)
    Referenced from:
        (F:\Entwicklungsprojekte\github-nobru\midnightmega\calypsi\conio.o unit 6 section index 78)

exit in section 'code'  placed at address 00002993-000029e9 of size 00000057
(exit.o (from clib-45gs02-mega65.a) unit 14 section index 2)
    Defines:
        exit = 00002993
    References:
        _AllocStackSave in (enter.o (from clib-45gs02-mega65.a) unit 18 section index 2)
        _Exit in (exitC99.o (from clib-45gs02-mega65.a) unit 19 section index 2)
        _ExitCloseStreams in (streamlist.o (from clib-45gs02-mega65.a) unit 30 section index 2)
        _JmpInd in (controlFlow.o (from clib-45gs02-mega65.a) unit 16 section index 2)
        _RestoreRegisters in (enter.o (from clib-45gs02-mega65.a) unit 18 section index 4)
        _Zp in (pseudoRegisters.o (from clib-45gs02-mega65.a) unit 13 section index 2)
        __atexit in (atexit.o (from clib-45gs02-mega65.a) unit 17 section index 2)
        __atexit_index in (atexit.o (from clib-45gs02-mega65.a) unit 17 section index 3)
    Referenced from:
        (commodore-startup.o (from sdk-45gs02-mega65.a) unit 11 section index 10)

asciitoscreencode_s in section 'code'
 placed at address 000029ea-00002a42 of size 00000059
(F:\Entwicklungsprojekte\github-nobru\midnightmega\calypsi\conioextensions.o unit 4 section index 14)
    Defines:
        asciitoscreencode_s = 000029ea
    References:
        _AllocStackSave in (enter.o (from clib-45gs02-mega65.a) unit 18 section index 2)
        _RestoreRegisters in (enter.o (from clib-45gs02-mega65.a) unit 18 section index 4)
        _Zp in (pseudoRegisters.o (from clib-45gs02-mega65.a) unit 13 section index 2)
        asciitoscreencode in (F:\Entwicklungsprojekte\github-nobru\midnightmega\calypsi\conioextensions.o unit 4 section index 13)
    Referenced from:
        (F:\Entwicklungsprojekte\github-nobru\midnightmega\calypsi\conioextensions.o unit 4 section index 39)
        (F:\Entwicklungsprojekte\github-nobru\midnightmega\calypsi\conioextensions.o unit 4 section index 49)

setscreensize in section 'code'
 placed at address 00002a43-00002a9f of size 0000005d
(F:\Entwicklungsprojekte\github-nobru\midnightmega\calypsi\conio.o unit 6 section index 14)
    Defines:
        setscreensize = 00002a43
    References:
        _Zp in (pseudoRegisters.o (from clib-45gs02-mega65.a) unit 13 section index 2)
    Referenced from:
        main (F:\Entwicklungsprojekte\github-nobru\midnightmega\calypsi\romlister.o unit 0 section index 2)

_UDivMod32 in section 'code'
 placed at address 00002aa0-00002b00 of size 00000061
(integer.o (from clib-45gs02-mega65.a) unit 23 section index 10)
    Defines:
        _UDivMod32 = 00002aa0
    References:
        _Zp in (pseudoRegisters.o (from clib-45gs02-mega65.a) unit 13 section index 2)
    Referenced from:
        _DivMod32 (integer.o (from clib-45gs02-mega65.a) unit 23 section index 9)

clrscr in section 'code'  placed at address 00002b01-00002b70 of size 00000070
(F:\Entwicklungsprojekte\github-nobru\midnightmega\calypsi\conio.o unit 6 section index 22)
    Defines:
        clrscr = 00002b01
    References:
        _AllocStackSave in (enter.o (from clib-45gs02-mega65.a) unit 18 section index 2)
        _Mul16 in (integer.o (from clib-45gs02-mega65.a) unit 23 section index 3)
        _Mul8 in (integer.o (from clib-45gs02-mega65.a) unit 23 section index 2)
        _RestoreRegisters in (enter.o (from clib-45gs02-mega65.a) unit 18 section index 4)
        _Zp in (pseudoRegisters.o (from clib-45gs02-mega65.a) unit 13 section index 2)
        lfill in (F:\Entwicklungsprojekte\github-nobru\midnightmega\mega65-libc\src\memory.o unit 7 section index 9)
    Referenced from:
        clrhome (F:\Entwicklungsprojekte\github-nobru\midnightmega\calypsi\conioextensions.o unit 4 section index 16)

_DivMod32 in section 'code'
 placed at address 00002b71-00002be2 of size 00000072
(integer.o (from clib-45gs02-mega65.a) unit 23 section index 9)
    Defines:
        _DivMod32 = 00002b71
    References:
        _UDivMod32 in (integer.o (from clib-45gs02-mega65.a) unit 23 section index 10)
        _Zp in (pseudoRegisters.o (from clib-45gs02-mega65.a) unit 13 section index 2)
    Referenced from:
        (F:\Entwicklungsprojekte\github-nobru\midnightmega\calypsi\conioextensions.o unit 4 section index 42)

main in section 'code'  placed at address 00002be3-00002c5e of size 0000007c
(F:\Entwicklungsprojekte\github-nobru\midnightmega\calypsi\romlister.o unit 0 section index 2)
    Defines:
        main = 00002be3
    References:
        `_StringLiteral_,  HDOS ` in (F:\Entwicklungsprojekte\github-nobru\midnightmega\calypsi\romlister.o unit 0 section index 4)
        `_StringLiteral_Have fun with your MEGA65!` in (F:\Entwicklungsprojekte\github-nobru\midnightmega\calypsi\romlister.o unit 0 section index 6)
        `_StringLiteral_Versions: Hyppo ` in (F:\Entwicklungsprojekte\github-nobru\midnightmega\calypsi\romlister.o unit 0 section index 7)
        _Zp in (pseudoRegisters.o (from clib-45gs02-mega65.a) unit 13 section index 2)
        clrhome in (F:\Entwicklungsprojekte\github-nobru\midnightmega\calypsi\conioextensions.o unit 4 section index 16)
        conioinit in (F:\Entwicklungsprojekte\github-nobru\midnightmega\calypsi\conio.o unit 6 section index 5)
        cputln in (F:\Entwicklungsprojekte\github-nobru\midnightmega\calypsi\conioextensions.o unit 4 section index 9)
        hyppo_getversion_majorHDOS in (F:\Entwicklungsprojekte\github-nobru\midnightmega\calypsi\hyppo.o unit 1 section index 32)
        ... 9 more
    Referenced from:
        (commodore-startup.o (from sdk-45gs02-mega65.a) unit 11 section index 10)

lcopy in section 'code'  placed at address 00002c5f-00002cf4 of size 00000096
(F:\Entwicklungsprojekte\github-nobru\midnightmega\mega65-libc\src\memory.o unit 7 section index 8)
    Defines:
        lcopy = 00002c5f
    References:
        _Vsp in (pseudoRegisters.o (from clib-45gs02-mega65.a) unit 13 section index 2)
        _Zp in (pseudoRegisters.o (from clib-45gs02-mega65.a) unit 13 section index 2)
        dmalist in (F:\Entwicklungsprojekte\github-nobru\midnightmega\mega65-libc\src\memory.o unit 7 section index 24)
    Referenced from:
        (F:\Entwicklungsprojekte\github-nobru\midnightmega\calypsi\conioextensions.o unit 4 section index 55)
        romlist (F:\Entwicklungsprojekte\github-nobru\midnightmega\calypsi\romlist.o unit 5 section index 2)
        cputsxy (F:\Entwicklungsprojekte\github-nobru\midnightmega\calypsi\conio.o unit 6 section index 49)

cputcxy in section 'code'  placed at address 00002cf5-00002d8b of size 00000097
(F:\Entwicklungsprojekte\github-nobru\midnightmega\calypsi\conio.o unit 6 section index 50)
    Defines:
        cputcxy = 00002cf5
    References:
        _AllocStackSave in (enter.o (from clib-45gs02-mega65.a) unit 18 section index 2)
        _RestoreRegisters in (enter.o (from clib-45gs02-mega65.a) unit 18 section index 4)
        _Zp in (pseudoRegisters.o (from clib-45gs02-mega65.a) unit 13 section index 2)
        lpoke in (F:\Entwicklungsprojekte\github-nobru\midnightmega\mega65-libc\src\memory.o unit 7 section index 6)
    Referenced from:
        mcbox (F:\Entwicklungsprojekte\github-nobru\midnightmega\calypsi\conioextensions.o unit 4 section index 34)
        (F:\Entwicklungsprojekte\github-nobru\midnightmega\calypsi\conioextensions.o unit 4 section index 56)
        (F:\Entwicklungsprojekte\github-nobru\midnightmega\calypsi\conioextensions.o unit 4 section index 61)

__initialize_sections in section 'code'
 placed at address 00002d8c-00002e22 of size 00000097
(initialize.o (from clib-45gs02-mega65.a) unit 31 section index 2)
    Defines:
        __initialize_sections = 00002d8c
    References:
        _AllocStackSave in (enter.o (from clib-45gs02-mega65.a) unit 18 section index 2)
        _DecVsp in (stack.o (from clib-45gs02-mega65.a) unit 24 section index 2)
        _IncVsp in (stack.o (from clib-45gs02-mega65.a) unit 24 section index 3)
        _RestoreRegisters in (enter.o (from clib-45gs02-mega65.a) unit 18 section index 4)
        _Vsp in (pseudoRegisters.o (from clib-45gs02-mega65.a) unit 13 section index 2)
        _Zp in (pseudoRegisters.o (from clib-45gs02-mega65.a) unit 13 section index 2)
        __memcpy_far in (memcpy_far.o (from clib-45gs02-mega65.a) unit 34 section index 2)
        __memset_far in (memset_far.o (from clib-45gs02-mega65.a) unit 33 section index 2)
    Referenced from:
        __data_initialization_needed (commodore-startup.o (from sdk-45gs02-mega65.a) unit 11 section index 7)

csputdec in section 'code'
 placed at address 00002e23-00002ecc of size 000000aa
(F:\Entwicklungsprojekte\github-nobru\midnightmega\calypsi\conioextensions.o unit 4 section index 12)
    Defines:
        csputdec = 00002e23
    References:
        _AllocStack in (enter.o (from clib-45gs02-mega65.a) unit 18 section index 2)
        _DeallocStack in (enter.o (from clib-45gs02-mega65.a) unit 18 section index 4)
        _Vsp in (pseudoRegisters.o (from clib-45gs02-mega65.a) unit 13 section index 2)
        _Zp in (pseudoRegisters.o (from clib-45gs02-mega65.a) unit 13 section index 2)
        cputs in (F:\Entwicklungsprojekte\github-nobru\midnightmega\calypsi\conio.o unit 6 section index 48)
    Referenced from:
        mprintf (F:\Entwicklungsprojekte\github-nobru\midnightmega\calypsi\conioextensions.o unit 4 section index 19)

fillrect in section 'code'
 placed at address 00002ecd-00002f7b of size 000000af
(F:\Entwicklungsprojekte\github-nobru\midnightmega\calypsi\conio.o unit 6 section index 52)
    Defines:
        fillrect = 00002ecd
    References:
        _RestoreRegisters in (enter.o (from clib-45gs02-mega65.a) unit 18 section index 4)
        _Zp in (pseudoRegisters.o (from clib-45gs02-mega65.a) unit 13 section index 2)
        lfill in (F:\Entwicklungsprojekte\github-nobru\midnightmega\mega65-libc\src\memory.o unit 7 section index 9)
    Referenced from:
        (F:\Entwicklungsprojekte\github-nobru\midnightmega\calypsi\conioextensions.o unit 4 section index 50)

cputsxy in section 'code'  placed at address 00002f7c-00003057 of size 000000dc
(F:\Entwicklungsprojekte\github-nobru\midnightmega\calypsi\conio.o unit 6 section index 49)
    Defines:
        cputsxy = 00002f7c
    References:
        _DecVsp in (stack.o (from clib-45gs02-mega65.a) unit 24 section index 2)
        _IncVsp in (stack.o (from clib-45gs02-mega65.a) unit 24 section index 3)
        _RestoreRegisters in (enter.o (from clib-45gs02-mega65.a) unit 18 section index 4)
        _Vsp in (pseudoRegisters.o (from clib-45gs02-mega65.a) unit 13 section index 2)
        _Zp in (pseudoRegisters.o (from clib-45gs02-mega65.a) unit 13 section index 2)
        lcopy in (F:\Entwicklungsprojekte\github-nobru\midnightmega\mega65-libc\src\memory.o unit 7 section index 8)
        lfill in (F:\Entwicklungsprojekte\github-nobru\midnightmega\mega65-libc\src\memory.o unit 7 section index 9)
        strlen in (lib_strlen.o (from clib-45gs02-mega65.a) unit 25 section index 2)
    Referenced from:
        mcputsxy (F:\Entwicklungsprojekte\github-nobru\midnightmega\calypsi\conioextensions.o unit 4 section index 23)
        cputs (F:\Entwicklungsprojekte\github-nobru\midnightmega\calypsi\conio.o unit 6 section index 48)

romlist in section 'code'  placed at address 00003058-0000317d of size 00000126
(F:\Entwicklungsprojekte\github-nobru\midnightmega\calypsi\romlist.o unit 5 section index 2)
    Defines:
        romlist = 00003058
    References:
        _AllocStackSave in (enter.o (from clib-45gs02-mega65.a) unit 18 section index 2)
        _DecVsp in (stack.o (from clib-45gs02-mega65.a) unit 24 section index 2)
        _IncVsp in (stack.o (from clib-45gs02-mega65.a) unit 24 section index 3)
        _RestoreRegisters in (enter.o (from clib-45gs02-mega65.a) unit 18 section index 4)
        `_StringLiteral_MEGA65.ROM` in (F:\Entwicklungsprojekte\github-nobru\midnightmega\calypsi\romlist.o unit 5 section index 5)
        `_StringLiteral_MEGA650.ROM` in (F:\Entwicklungsprojekte\github-nobru\midnightmega\calypsi\romlist.o unit 5 section index 6)
        `_StringLiteral_file is a directory.` in (F:\Entwicklungsprojekte\github-nobru\midnightmega\calypsi\romlist.o unit 5 section index 7)
        `_StringLiteral_file not found.` in (F:\Entwicklungsprojekte\github-nobru\midnightmega\calypsi\romlist.o unit 5 section index 8)
        ... 15 more
    Referenced from:
        main (F:\Entwicklungsprojekte\github-nobru\midnightmega\calypsi\romlister.o unit 0 section index 2)

cputln in section 'code'  placed at address 0000317e-000032c1 of size 00000144
(F:\Entwicklungsprojekte\github-nobru\midnightmega\calypsi\conioextensions.o unit 4 section index 9)
    Defines:
        cputln = 0000317e
    References:
        _AllocStackSave in (enter.o (from clib-45gs02-mega65.a) unit 18 section index 2)
        _DecVsp in (stack.o (from clib-45gs02-mega65.a) unit 24 section index 2)
        _FillQ in (spill.o (from clib-45gs02-mega65.a) unit 26 section index 10)
        _LoadVspEA in (stack.o (from clib-45gs02-mega65.a) unit 24 section index 6)
        _Mul8 in (integer.o (from clib-45gs02-mega65.a) unit 23 section index 2)
        _SpillZP in (spill.o (from clib-45gs02-mega65.a) unit 26 section index 8)
        _Vsp in (pseudoRegisters.o (from clib-45gs02-mega65.a) unit 13 section index 2)
        _Zp in (pseudoRegisters.o (from clib-45gs02-mega65.a) unit 13 section index 2)
        ... 5 more
    Referenced from:
        main (F:\Entwicklungsprojekte\github-nobru\midnightmega\calypsi\romlister.o unit 0 section index 2)

mcbox in section 'code'  placed at address 000032c2-0000342c of size 0000016b
(F:\Entwicklungsprojekte\github-nobru\midnightmega\calypsi\conioextensions.o unit 4 section index 34)
    Defines:
        mcbox = 000032c2
    References:
        _DeallocStackRestore in (enter.o (from clib-45gs02-mega65.a) unit 18 section index 4)
        _LoadVspEA in (stack.o (from clib-45gs02-mega65.a) unit 24 section index 6)
        _Mul16 in (integer.o (from clib-45gs02-mega65.a) unit 23 section index 3)
        _Vsp in (pseudoRegisters.o (from clib-45gs02-mega65.a) unit 13 section index 2)
        _Zp in (pseudoRegisters.o (from clib-45gs02-mega65.a) unit 13 section index 2)
        cellcolor in (F:\Entwicklungsprojekte\github-nobru\midnightmega\calypsi\conio.o unit 6 section index 26)
        cputcxy in (F:\Entwicklungsprojekte\github-nobru\midnightmega\calypsi\conio.o unit 6 section index 50)
        getscreensize in (F:\Entwicklungsprojekte\github-nobru\midnightmega\calypsi\conio.o unit 6 section index 15)
        lfill in (F:\Entwicklungsprojekte\github-nobru\midnightmega\mega65-libc\src\memory.o unit 7 section index 9)
        textcolor in (F:\Entwicklungsprojekte\github-nobru\midnightmega\calypsi\conio.o unit 6 section index 25)

g_curTextColor in section 'data'
 placed at address 0000342d-0000342d of size 00000001
(F:\Entwicklungsprojekte\github-nobru\midnightmega\calypsi\conio.o unit 6 section index 3)

p2sbuf in section 'data'  placed at address 0000342e-0000342f of size 00000002
(F:\Entwicklungsprojekte\github-nobru\midnightmega\calypsi\conioextensions.o unit 4 section index 75)
    References:
        sbuf in (F:\Entwicklungsprojekte\github-nobru\midnightmega\calypsi\conioextensions.o unit 4 section index 2)

worksector in section 'data'
 placed at address 00003430-00003433 of size 00000004
(F:\Entwicklungsprojekte\github-nobru\midnightmega\calypsi\fileio.o unit 2 section index 3)
    Defines:
        worksector = 00003430
    Referenced from:
        romlist (F:\Entwicklungsprojekte\github-nobru\midnightmega\calypsi\romlist.o unit 5 section index 2)

_InitialStack in section 'zdata'
 placed at address 00003434-00003434 of size 00000001
(commodore-startup.o (from sdk-45gs02-mega65.a) unit 11 section index 11)
    Defines:
        _InitialStack = 00003434
    Referenced from:
        (commodore-startup.o (from sdk-45gs02-mega65.a) unit 11 section index 10)
        _Stub_exit (stub_exit.o (from sdk-45gs02-mega65.a) unit 20 section index 2)

__atexit_index in section 'zdata'
 placed at address 00003435-00003436 of size 00000002
(atexit.o (from clib-45gs02-mega65.a) unit 17 section index 3)
    Defines:
        __atexit_index = 00003435
    Referenced from:
        exit (exit.o (from clib-45gs02-mega65.a) unit 14 section index 2)

__atexit in section 'zdata'
 placed at address 00003437-00003476 of size 00000040
(atexit.o (from clib-45gs02-mega65.a) unit 17 section index 2)
    Defines:
        __atexit = 00003437
    Referenced from:
        exit (exit.o (from clib-45gs02-mega65.a) unit 14 section index 2)

_ExitCloseStreams in section 'zdata'
 placed at address 00003477-00003478 of size 00000002
(streamlist.o (from clib-45gs02-mega65.a) unit 30 section index 2)
    Defines:
        _ExitCloseStreams = 00003477
    Referenced from:
        exit (exit.o (from clib-45gs02-mega65.a) unit 14 section index 2)

dma_byte in section 'zdata'
 placed at address 00003479-00003479 of size 00000001
(F:\Entwicklungsprojekte\github-nobru\midnightmega\mega65-libc\src\memory.o unit 7 section index 25)
    Defines:
        dma_byte = 00003479
    Referenced from:
        dma_poke (F:\Entwicklungsprojekte\github-nobru\midnightmega\mega65-libc\src\memory.o unit 7 section index 7)

dmalist in section 'zdata'
 placed at address 0000347a-0000348d of size 00000014
(F:\Entwicklungsprojekte\github-nobru\midnightmega\mega65-libc\src\memory.o unit 7 section index 24)
    Defines:
        dmalist = 0000347a
    Referenced from:
        do_dma (F:\Entwicklungsprojekte\github-nobru\midnightmega\mega65-libc\src\memory.o unit 7 section index 2)
        dma_poke (F:\Entwicklungsprojekte\github-nobru\midnightmega\mega65-libc\src\memory.o unit 7 section index 7)
        lcopy (F:\Entwicklungsprojekte\github-nobru\midnightmega\mega65-libc\src\memory.o unit 7 section index 8)
        lfill (F:\Entwicklungsprojekte\github-nobru\midnightmega\mega65-libc\src\memory.o unit 7 section index 9)
        lfill_skip (F:\Entwicklungsprojekte\github-nobru\midnightmega\mega65-libc\src\memory.o unit 7 section index 10)
        (F:\Entwicklungsprojekte\github-nobru\midnightmega\mega65-libc\src\memory.o unit 7 section index 12)
        (F:\Entwicklungsprojekte\github-nobru\midnightmega\mega65-libc\src\memory.o unit 7 section index 14)
        (F:\Entwicklungsprojekte\github-nobru\midnightmega\mega65-libc\src\memory.o unit 7 section index 16)
        (F:\Entwicklungsprojekte\github-nobru\midnightmega\mega65-libc\src\memory.o unit 7 section index 17)
        (F:\Entwicklungsprojekte\github-nobru\midnightmega\mega65-libc\src\memory.o unit 7 section index 19)
        (F:\Entwicklungsprojekte\github-nobru\midnightmega\mega65-libc\src\memory.o unit 7 section index 20)

g_curScreenH in section 'zdata'
 placed at address 0000348e-0000348e of size 00000001
(F:\Entwicklungsprojekte\github-nobru\midnightmega\calypsi\conio.o unit 6 section index 110)

g_curScreenW in section 'zdata'
 placed at address 0000348f-0000348f of size 00000001
(F:\Entwicklungsprojekte\github-nobru\midnightmega\calypsi\conio.o unit 6 section index 109)

g_curY in section 'zdata'  placed at address 00003490-00003490 of size 00000001
(F:\Entwicklungsprojekte\github-nobru\midnightmega\calypsi\conio.o unit 6 section index 108)

g_curX in section 'zdata'  placed at address 00003491-00003491 of size 00000001
(F:\Entwicklungsprojekte\github-nobru\midnightmega\calypsi\conio.o unit 6 section index 107)

sbuf in section 'zdata'  placed at address 00003492-000034e1 of size 00000050
(F:\Entwicklungsprojekte\github-nobru\midnightmega\calypsi\conioextensions.o unit 4 section index 2)
    Defines:
        sbuf = 00003492
    Referenced from:
        (F:\Entwicklungsprojekte\github-nobru\midnightmega\calypsi\conioextensions.o unit 4 section index 75)

fnamehi in section 'zdata'
 placed at address 000034e2-000034e2 of size 00000001
(F:\Entwicklungsprojekte\github-nobru\midnightmega\calypsi\hyppo.o unit 1 section index 46)

Section 'cstack'  placed at address 000034e3-000035e1 of size 000000ff
(linker generated)

##########################
#                        #
# Memory sizes (decimal) #
#                        #
##########################

Executable       (Text): 5171 bytes
Data                   :  175 bytes
Non-initialized        :  311 bytes
