###############################################################################
#                                                                             #
# Calypsi ISO C compiler for 6502                                version 5.13 #
#                                                       18/Jan/2026  09:50:07 #
# Command line: -D asm=__asm -I calypsi.h -D VERSION="v0.6.8-beta" -I         #
#               mega65-libc/include -O 2 --core 45gs02 --target MEGA65 -D     #
#               FULLFEATURES --list-file=obj/filekernel.lst -MMD -MP -c       #
#               src/filekernel.c -o obj/filekernel.o -MFobj/filekernel.d      #
#                                                                             #
###############################################################################

    \ 0000                      .rtmodel version,"1"
    \ 0000                      .rtmodel codeModel,"plain"
    \ 0000                      .rtmodel core,"45gs02"
    \ 0000                      .rtmodel target,"mega65"
    \ 0000                      .extern ShowAccess
    \ 0000                      .extern _AllocStackSave
    \ 0000                      .extern _DivMod16
    \ 0000                      .extern _RestoreRegisters
    \ 0000                      .extern _Vfp
    \ 0000                      .extern _Vsp
    \ 0000                      .extern _Zp
    \ 0000                      .extern cgetc
    \ 0000                      .extern cputln
    \ 0000                      .extern flushkeybuf
    \ 0000                      .extern lfnname
    \ 0000                      .extern mh4printf
    \ 0000                      .extern strcopy
    \ 0000                      .extern strlen
0001                #include <string.h>
0002                #include <stdint.h>
0003                #include <mega65/conio.h>  // llvm instead of <printf.h>
0004                #include <mega65/memory.h>  // mega65-libc
0005                #include <mega65/hal.h>  // mega65-libc
0006                #include "regions.h"
0007                #include "hyppo.h"
0008                #include "fileio.h"
0009                #include "filekernel.h"
0010                #include "conioextensions.h"
0011
0012                // *********************************************************
0013                // ***  filekernel.c Midnight Mega's kernel file I/O     ***
0014                // *********************************************************
0015
0016                #define DATACHANNEL      2
0017                #define CMDCHANNEL      15
0018                #define CMDERRORCHANNEL 14
0019
0020                // different way to access low/high bytes would be, but only works on globals:
0021                //  " ldy #.byte1 (lfnname)\n"
0022                //  " ldx #.byte0 (lfnname)\n"
0023
0024                // Example for SETNAM etc.:
0025                // https://www.devili.iki.fi/pub/Commodore/docs/books/C128_Programmers_Reference_OCR.pdf
0026
0027                void setbnk()  {
    \ 0000                      .section code,text
    \ 0000                      .public setbnk
    \ 0000          setbnk:
0028                  __asm volatile(
0029                	" lda #0x00  ; lfBank	; bank for save\n"
    \ 0000 206bff               jsr     0xff6b
0030                	" ldx #0x00	; bank for filename\n"
0031                  " jsr 0xff6b\n" // SETBNK
0032                  :  :  : );
0033                }
    \ 0003 60                   rts
0034
0035                // Kernal SETNAM function
0036                // SETNAM. Set file name parameters.
0037                void setnam(char* filename) {
    \ 0000                      .section code,text
    \ 0000                      .public setnam
    \ 0000 a200     setnam:     ldx     #0
    \ 0002 a001                 ldy     #1
    \ 0004 20....               jsr     _AllocStackSave
    \ 0007 a5..                 lda     zp:_Zp
    \ 0009 85..                 sta     zp:_Zp+24
    \ 000b a5..                 lda     zp:_Zp+1
    \ 000d 85..                 sta     zp:_Zp+25
0038                  char filename_len = (char)strlen(filename);
    \ 000f 20....               jsr     `?L165`
    \ 0012 20....               jsr     strlen
0039
0040                  __asm volatile(
0041                    " ; Kernal SETNAM function\n"
0042                    " ; SETNAM. Set file name parameters.\n"
0043                    " ; Input: A = File name length; X/Y = Pointer to file name.\n"
0044                    " lda %[filename_len]\n"
0045                    " ldx %[filename]\n"
0046                    " ldy %[filename] + 1\n"
0047                    " sta 0x1610\n"  // @@@@@
0048                    " stx 0x1611\n"
0049                    " sty 0x1612\n"
0050                    " jsr 0xffbd\n" // SETNAM
0051                  :  : [filename_len] "Kzp8"(filename_len), [filename] "Kzp16"(filename)
0052                     : "a", "x", "y", "z" );
    \ 0015 a5..                 lda     zp:_Zp
    \ 0017 a6..                 ldx     zp:_Zp+24
    \ 0019 a4..                 ldy     zp:_Zp+25
    \ 001b 8d1016               sta     0x1610
    \ 001e 8e1116               stx     0x1611
    \ 0021 8c1216               sty     0x1612
    \ 0024 20bdff               jsr     0xffbd
0053                }
    \ 0027 a001                 ldy     #1
    \ 0029 4c....               jmp     _RestoreRegisters
0054
0055                // SETLFS. Set file parameters.
0056                void setlfs(char device, char log, char sec) {
    \ 0000                      .section code,text
    \ 0000                      .public setlfs
    \ 0000          setlfs:
0057                                                   // $00 means: load to new address
0058                  __asm volatile(
0059                    " ; SETLFS. Set file parameters.\n"
0060                    " ; Input: A = Logical number; X = Device number; Y = Secondary address.\n"
0061                    " ; ldx device\n"
0062                    " ; lda log ; #0x0f\n"
0063                    " ; ldy sec ; #0xff\n"
0064                    " sta 0x1620\n"  // @@@@@
0065                    " stx 0x1621\n"
0066                    " sty 0x1622\n"
0067                    " jsr 0xffba\n" // SETLFS
0068                  :  : "Kx"(device), "Ka"(log), "Ky"(sec)
0069                     : "a", "x", "y", "z" );
    \ 0000 aa                   tax
    \ 0001 a5..                 lda     zp:_Zp
    \ 0003 a4..                 ldy     zp:_Zp+1
    \ 0005 8d2016               sta     0x1620
    \ 0008 8e2116               stx     0x1621
    \ 000b 8c2216               sty     0x1622
    \ 000e 20baff               jsr     0xffba
0070                }
    \ 0011 60                   rts
0071
0072                char readstr(char log, char* address) {
    \ 0000                      .section code,text
    \ 0000                      .public readstr
    \ 0000          readstr:
0073                  char status;
0074
0075                  __asm volatile(
0076                /*
0077                    " jsr 0xffb7\n"       // READST
0078                    " bne end_copy\n"           // eof oder fehler
0079                */
0080                    " lda %[log]\n"           // channel von SETLFS
0081                    " tax\n"              // channel von SETLFS
0082                    " jsr 0xffc6\n"       // CHKIN (input file)
0083                /*
0084                    " jsr 0xffb7\n"       // READST error status
0085                    " bne end_copy\n"           // eof oder fehler
0086                */
0087                    " ldy #0\n"           // index im block,  für Schleife mit y von GPT
0088                "read:\n"
0089                    " jsr 0xffcf\n"       // CHRIN
0090                    " sta (%[address]),y\n"
0091                    " iny\n"
0092                //    " bcc read\n"
0093                    " cmp	#0x0D\n"        // carriage return?
0094                    " bne read\n"
0095
0096                    " jsr 0xffcc\n"       // CLRCHN
0097                    "end_copy:\n"
0098                  : "=Ka"(status) : [log] "Kzp8"(log), [address] "Kzp16"(address)
0099                     : "a", "x", "y", "z" );
    \ 0000 85..                 sta     zp:_Zp+2
    \ 0002 a5..                 lda     zp:_Zp+2
    \ 0004 aa                   tax
    \ 0005 20c6ff               jsr     0xffc6
    \ 0008 a000                 ldy     #0
    \ 000a 20cfff   `?L70`:     jsr     0xffcf
    \ 000d 91..                 sta     (_Zp),y
    \ 000f c8                   iny
    \ 0010 c90d                 cmp     #13
    \ 0012 d0f6                 bne     `?L70`
    \ 0014 20ccff               jsr     0xffcc
0100                  return status;
0101                }
    \ 0017 60                   rts
0102
0103                char readbytes(char log, BAM* address, unsigned int nbrbytes) {
    \ 0000                      .section code,text
    \ 0000                      .public readbytes
    \ 0000          readbytes:
0104                  char status;
0105
0106                  __asm volatile(
0107                    " lda %[address]\n"
0108                    " sta 0x160c\n"
0109                    " lda %[address]+1\n"
0110                    " sta 0x160d\n"
0111                /*
0112                    " jsr 0xffb7\n"       // READST
0113                    " bne end_copy\n"           // eof or error
0114                */
0115                    " ldx %[log]\n"       // as set with SETLFS
0116                    " jsr 0xffc6\n"       // CHKIN (input file)
0117                    " bcs end_copy\n"     // CHKIN error on carry
0118                /*
0119                    " jsr 0xffb7\n"       // READST error status
0120                    " bne end_copy\n"           // eof or error
0121                */
0122
0123                /*
0124                    // alternative taken from cbm_read.s:
0125                    " taz\n"       // sta     tmp1            ; Save it for later
0126                    " jsr 0xffb7\n"       // READST error status
0127                    " and #0xff\n"       //      and     #$BF
0128                    " bne end_copy\n"           // eof or error
0129                    " tza\n"       //    lda     tmp1
0130                */
0131
0132                    " ldy #0\n"           // index within block
0133                "read:\n"
0134                    " jsr 0xffcf\n"       // CHRIN
0135                //    " sta 0x1660,y\n"
0136                //    " tya\n"              // @@@@@
0137                    " sta 0x160a\n"
0138                    " sta (%[address]),y\n"
0139                    " iny\n"
0140                //    " bcc read\n"
0141                    " cpy #0x00\n"  // " cpy %[nbrbytes]\n"
0142                    " bne read\n"
0143
0144                    " sty 0x160b\n"
0145
0146                    " jsr 0xffcc\n"       // CLRCHN
0147                    "end_copy:\n"
0148                  : "=Ka"(status) : [log] "Kzp8"(log), [nbrbytes] "Kzp16"(nbrbytes),
0149                                    [address] "Kzp16"(address)
0150                     : "a", "x", "y", "z" );
    \ 0000 85..                 sta     zp:_Zp+4
    \ 0002 a5..                 lda     zp:_Zp
    \ 0004 8d0c16               sta     0x160c
    \ 0007 a5..                 lda     zp:_Zp+1
    \ 0009 8d0d16               sta     0x160d
    \ 000c a6..                 ldx     zp:_Zp+4
    \ 000e 20c6ff               jsr     0xffc6
    \ 0011 b015                 bcs     `?L76`
    \ 0013 a000                 ldy     #0
    \ 0015 20cfff   `?L75`:     jsr     0xffcf
    \ 0018 8d0a16               sta     0x160a
    \ 001b 91..                 sta     (_Zp),y
    \ 001d c8                   iny
    \ 001e c000                 cpy     #0
    \ 0020 d0f3                 bne     `?L75`
    \ 0022 8c0b16               sty     0x160b
    \ 0025 20ccff               jsr     0xffcc
    \ 0028          `?L76`:
0151                  return status;
0152                }
    \ 0028 60                   rts
0153
0154                char writebytes(char log, BAM* address, unsigned int nbrbytes) {
    \ 0000                      .section code,text
    \ 0000                      .public writebytes
    \ 0000          writebytes:
0155                  char status;
0156                  BAM *offsetaddress = 0;  // to be set in assembler
0157
0158                  __asm volatile(
0159                    " lda %[address]\n"
0160                    " sta %[offsetaddress]\n"
0161                    " lda %[address]+1\n"
0162                    " sta %[offsetaddress]+1\n"
0163                    " inw %[offsetaddress]\n"
0164
0165                    " lda %[address]\n"
0166                    " sta 0x1606\n"
0167                    " lda %[address]+1\n"
0168                    " sta 0x1607\n"
0169                    " lda %[offsetaddress]\n"
0170                    " sta 0x1608\n"
0171                    " lda %[offsetaddress]+1\n"
0172                    " sta 0x1609\n"
0173                /*
0174                    " jsr 0xffb7\n"       // READST
0175                    " bne end_copy\n"           // eof oder error
0176                */
0177                    " ldx %[log]\n"       // as set with SETLFS
0178                    " jsr 0xffc9\n"       // CHKOUT
0179                    " bcs end_copy\n"     // CHKOUT error on carry
0180                /*
0181                    " jsr 0xffb7\n"       // READST error status
0182                    " bne end_copy\n"           // eof oder error
0183                */
0184                    " ldz #0\n"           // index within block
0185                    " ldx #0\n"           // maybe X should be initialised?
0186                "nextwrite:\n"
0187                    " lda (%[offsetaddress]),z\n"
0188                //    " tza\n"              // @@@@@
0189                    " jsr 0xffd2\n"       // CHROUT
0190                    " inz\n"
0191                    " cpz #0xff\n"  //  " cpy %[nbrbytes]\n"
0192                    " bne nextwrite\n"
0193
0194                    " ldz #0\n"
0195                    " lda (%[address]),z\n" // @@@@@ first byte last sent
0196                    " jsr 0xffd2\n"       // CHROUT
0197
0198                    " jsr 0xffcc\n"       // CLRCHN
0199                    "end_copy:\n"
0200                  : "=Ka"(status) : [log] "Kzp8"(log), [nbrbytes] "Kzp16"(nbrbytes),
0201                                    [offsetaddress] "Kzp16"(offsetaddress),
0202                                    [address] "Kzp16"(address)
0203                     : "a", "x", "y", "z" );
    \ 0000 85..                 sta     zp:_Zp+6
    \ 0002 a5..                 lda     zp:_Zp
    \ 0004 85..                 sta     zp:_Zp+4
    \ 0006 a5..                 lda     zp:_Zp+1
    \ 0008 85..                 sta     zp:_Zp+5
    \ 000a e3..                 inw     zp:_Zp+4
    \ 000c a5..                 lda     zp:_Zp
    \ 000e 8d0616               sta     0x1606
    \ 0011 a5..                 lda     zp:_Zp+1
    \ 0013 8d0716               sta     0x1607
    \ 0016 a5..                 lda     zp:_Zp+4
    \ 0018 8d0816               sta     0x1608
    \ 001b a5..                 lda     zp:_Zp+5
    \ 001d 8d0916               sta     0x1609
    \ 0020 a6..                 ldx     zp:_Zp+6
    \ 0022 20c9ff               jsr     0xffc9
    \ 0025 b018                 bcs     `?L82`
    \ 0027 a300                 ldz     #0
    \ 0029 a200                 ldx     #0
    \ 002b          `?L81`:
    \ 002b b2..                 lda     (_Zp+4),z
    \ 002d 20d2ff               jsr     0xffd2
    \ 0030 1b                   inz
    \ 0031 c2ff                 cpz     #255
    \ 0033 d0f6                 bne     `?L81`
    \ 0035 a300                 ldz     #0
    \ 0037 b2..                 lda     (_Zp),z
    \ 0039 20d2ff               jsr     0xffd2
    \ 003c 20ccff               jsr     0xffcc
    \ 003f          `?L82`:
0204                  return status;
0205                }
    \ 003f 60                   rts
0206
0207                char writestr(char log, char* address) {
    \ 0000                      .section code,text
    \ 0000                      .public writestr
    \ 0000          writestr:
0208                  char status;
0209
0210                  __asm volatile(
0211                    " lda %[address]\n"
0212                    " sta 0x160e\n"
0213                    " lda %[address]+1\n"
0214                    " sta 0x160f\n"
0215                /*
0216                    " jsr 0xffb7\n"       // READST
0217                    " bne end_copy\n"     // eof oder fehler
0218                */
0219                    " lda %[log]\n"       // channel von SETLFS
0220                    " tax\n"              // channel von SETLFS
0221                    " jsr 0xffc9\n"       // CHKOUT
0222                /*
0223                    " jsr 0xffb7\n"       // READST error status
0224                    " bne end_copy\n"           // eof oder fehler
0225                */
0226                    " ldy #0\n"           // index im block,  für Schleife mit y von GPT
0227                "nextwrite:\n"
0228                    " lda (%[address]),y\n"
0229
0230                    " sta 0x16a0,y\n"
0231
0232                    " beq end_copy\n"
0233                    " jsr 0xffd2\n"       // CHROUT
0234                    " iny\n"
0235                    " bne nextwrite\n"
0236                    " beq nextwrite\n"    // @@@@@
0237
0238                    "end_copy:\n"
0239                    " jsr 0xffcc\n"       // CLRCHN
0240                  : "=Ka"(status) : [log] "Kzp8"(log), [address] "Kzp16"(address)
0241                     : "a", "x", "y", "z" );
    \ 0000 85..                 sta     zp:_Zp+2
    \ 0002 a5..                 lda     zp:_Zp
    \ 0004 8d0e16               sta     0x160e
    \ 0007 a5..                 lda     zp:_Zp+1
    \ 0009 8d0f16               sta     0x160f
    \ 000c a5..                 lda     zp:_Zp+2
    \ 000e aa                   tax
    \ 000f 20c9ff               jsr     0xffc9
    \ 0012 a000                 ldy     #0
    \ 0014          `?L88`:
    \ 0014 b1..                 lda     (_Zp),y
    \ 0016 99a016               sta     0x16a0,y
    \ 0019 f008                 beq     `?L89`
    \ 001b 20d2ff               jsr     0xffd2
    \ 001e c8                   iny
    \ 001f d0f3                 bne     `?L88`
    \ 0021 f0f1                 beq     `?L88`
    \ 0023 20ccff   `?L89`:     jsr     0xffcc
0242                  return status;
0243                }
    \ 0026 60                   rts
0244
0245                void iecopen(void)  {
    \ 0000                      .section code,text
    \ 0000                      .public iecopen
    \ 0000          iecopen:
0246
0247                  asm volatile(
0248                    " jsr 0xffc0\n"        // OPEN
0249                /*
0250                    " bcs end_copy\n"           // fehler
0251
0252                    " jsr 0xffb7\n"       // READST
0253                    " bne end_copy\n"           // eof oder fehler
0254                */
0255                    "end_copy:\n"
0256                  : : : "a", "x", "y", "z" );
    \ 0000 20c0ff               jsr     0xffc0
0257                }
    \ 0003 60                   rts
0258
0259                void iecclose(char log)  {
    \ 0000                      .section code,text
    \ 0000                      .public iecclose
    \ 0000          iecclose:
0260
0261                  asm volatile(
0262                //    " lda #9\n"           // channel von SETLFS
0263                    " jsr 0xffc3\n"       // CLOSE
0264                    " bcs end_copy\n"           // fehler
0265
0266                    " jsr 0xffb7\n"       // READST error status
0267                    " bne end_copy\n"           // eof oder fehler
0268
0269                    "end_copy:\n"
0270                  :  : "Ka"(log)
0271                     : "a", "x", "y", "z" );
    \ 0000 20c3ff               jsr     0xffc3
    \ 0003 b003                 bcs     `?L96`
    \ 0005 20b7ff               jsr     0xffb7
    \ 0008          `?L96`:
0272                }
    \ 0008 60                   rts
0273
0274                void checkerrorchannel(unsigned char drive, char* msg) {
    \ 0000                      .section code,text
    \ 0000                      .public checkerrorchannel
    \ 0000          checkerrorchannel:
    \ 0000 a200                 ldx     #0
    \ 0002 a002                 ldy     #2
    \ 0004 20....               jsr     _AllocStackSave
    \ 0007 85..                 sta     zp:_Zp+26
    \ 0009 a5..                 lda     zp:_Zp
    \ 000b 85..                 sta     zp:_Zp+24
    \ 000d a5..                 lda     zp:_Zp+1
    \ 000f 85..                 sta     zp:_Zp+25
0275                  unsigned char status;
0276
0277                  setbnk();
    \ 0011 20....               jsr     `?L162`
0278                  setnam("");  // no setnam needed
0279                  setlfs(drive, CMDERRORCHANNEL, 15);
    \ 0014 a90e                 lda     #14
    \ 0016 85..                 sta     zp:_Zp
    \ 0018 a5..                 lda     zp:_Zp+26
    \ 001a 20....               jsr     setlfs
0280                  iecopen();
    \ 001d 20....               jsr     iecopen
0281                  status = readstr(CMDERRORCHANNEL, (char *) 0x1680);
    \ 0020 a980                 lda     #128
    \ 0022 85..                 sta     zp:_Zp
    \ 0024 a916                 lda     #22
    \ 0026 85..                 sta     zp:_Zp+1
    \ 0028 a90e                 lda     #14
    \ 002a 20....               jsr     readstr
    \ 002d 85..                 sta     zp:_Zp+26
0282                  iecclose(CMDERRORCHANNEL);
    \ 002f a90e                 lda     #14
    \ 0031 20....               jsr     iecclose
0283
0284                	mh4printf(msg, status); // @@@@@
    \ 0034 a6..                 ldx     zp:_Zp+26
    \ 0036 86..                 stx     zp:_Zp+4
    \ 0038 a900                 lda     #0
    \ 003a 85..                 sta     zp:_Zp+5
    \ 003c 85..                 sta     zp:_Zp+6
    \ 003e 85..                 sta     zp:_Zp+7
    \ 0040 20....               jsr     `?L165`
    \ 0043 20....               jsr     mh4printf
0285                  cputln();
    \ 0046 20....               jsr     cputln
0286                  cgetc();
    \ 0049 20....               jsr     cgetc
0287                  flushkeybuf();
    \ 004c 20....               jsr     flushkeybuf
0288                  
0289                  for (int i=0; PEEK(0x1680 + i) != 0xd; i++)  {
    \ 004f a900                 lda     #0
    \ 0051 85..                 sta     zp:_Zp
    \ 0053 85..                 sta     zp:_Zp+1
    \ 0055          `?L36`:
    \ 0055 20....               jsr     `?L166`
    \ 0058 a300                 ldz     #0
    \ 005a b2..                 lda     (_Zp+2),z
    \ 005c c90d                 cmp     #13
    \ 005e d005                 bne     `?L35`
0290                    POKE(0x1680 + i, 0);
0291                  }
0292                }
    \ 0060 a002                 ldy     #2
    \ 0062 4c....               jmp     _RestoreRegisters
    \ 0065          `?L35`:
    \ 0065 20....               jsr     `?L166`
    \ 0068 6b                   tza
    \ 0069 a8                   tay
    \ 006a 91..                 sta     (_Zp+2),y
    \ 006c e3..                 inw     zp:_Zp
    \ 006e 80e5                 bra     `?L36`
0293
0294                void readtracksectoropen(unsigned char drive) {
    \ 0000                      .section code,text
    \ 0000                      .public readtracksectoropen
    \ 0000          readtracksectoropen:
    \ 0000 a200                 ldx     #0
    \ 0002 a000                 ldy     #0
    \ 0004 20....               jsr     _AllocStackSave
    \ 0007 85..                 sta     zp:_Zp+24
0295                //  char status;  // @@@@@ Could this be handled better?
0296
0297                  // *** open command channel ***
0298                  setbnk();
    \ 0009 20....               jsr     `?L162`
0299                  setnam("");  // ("U1 2 0 40 3");
0300                  //   dev log sec
0301                  setlfs(drive, CMDCHANNEL,15);
    \ 000c 20....               jsr     `?L169`
0302                  iecopen();
0303
0304                  // *** open data channel ***
0305                  // data read channel needs to be open before the command is given:
0306                  setbnk();
    \ 000f 20....               jsr     setbnk
0307                  setnam("#");
    \ 0012 a9..                 lda     #.byte0 `_StringLiteral_#`
    \ 0014 85..                 sta     zp:_Zp
    \ 0016 a9..                 lda     #.byte1 `_StringLiteral_#`
    \ 0018 85..                 sta     zp:_Zp+1
    \ 001a 20....               jsr     setnam
0308                  //   dev log sec
0309                  setlfs(drive, DATACHANNEL, DATACHANNEL); // needs to be the same sec as in the U1 command
    \ 001d a902                 lda     #2
    \ 001f 85..                 sta     zp:_Zp+1
    \ 0021 20....               jsr     `?L169`
0310                  iecopen();
0311                }
    \ 0024 a000                 ldy     #0
    \ 0026 4c....               jmp     _RestoreRegisters
0312                                              
0313                unsigned char readtracksector(BAM* entry, unsigned char drive,
0314                                              unsigned char track, unsigned char sector) {
    \ 0000                      .section code,text
    \ 0000                      .public readtracksector
    \ 0000          readtracksector:
    \ 0000 20....               jsr     `?L157`
0315                  char status;  // @@@@@ Could this be handled better?
0316
0317                  ShowAccess(drive, track, sector, READ);
    \ 0003 8a                   txa
    \ 0004 20....               jsr     `?L156`
0318                  // This doesn't seem to be data but the file name a few lines above:
0319                  //  status = writestr(DATACHANNEL, (unsigned int)(uintptr_t) "#");
0320
0321                  // Do not check the error channel in between asking for data an getting:
0322                  //  checkerrorchannel(drive, "dos after open datachannel ");
0323
0324                  // *** write command channel ***
0325                  strcopy((char *) "U1 dc 0 tt ss", (char *) lfnname, 13);
    \ 0007 a9..                 lda     #.byte0 lfnname
    \ 0009 85..                 sta     zp:_Zp+2
    \ 000b a9..                 lda     #.byte1 lfnname
    \ 000d 85..                 sta     zp:_Zp+3
    \ 000f a9..                 lda     #.byte0 `_StringLiteral_U1 dc 0 tt ss`
    \ 0011 85..                 sta     zp:_Zp
    \ 0013 a9..                 lda     #.byte1 `_StringLiteral_U1 dc 0 tt ss`
    \ 0015 20....               jsr     `?L160`
0326                  lfnname[3] = (DATACHANNEL / 10) ? (DATACHANNEL / 10 + 0x30) : ' ';
0327                  lfnname[4] = DATACHANNEL % 10 + 0x30;
0328                  lfnname[8] = (track / 10) ? (track / 10 + 0x30) : ' ';
    \ 0018 20....               jsr     `?L155`
    \ 001b a5..                 lda     zp:_Zp
    \ 001d 05..                 ora     zp:_Zp+1
    \ 001f d005                 bne     `?L54`
    \ 0021 20....               jsr     `?L168`
    \ 0024 8009                 bra     `?L55`
    \ 0026          `?L54`:
    \ 0026 a6..                 ldx     zp:_Zp+27
    \ 0028 20....               jsr     `?L155`
    \ 002b 18                   clc
    \ 002c 20....               jsr     `?L167`
    \ 002f          `?L55`:
    \ 002f a5..                 lda     zp:_Zp
    \ 0031 8d....               sta     lfnname+8
0329                  lfnname[9] = track % 10 + 0x30;
    \ 0034 a6..                 ldx     zp:_Zp+27
    \ 0036 20....               jsr     `?L155`
    \ 0039 a930                 lda     #48
    \ 003b 18                   clc
    \ 003c 65..                 adc     zp:_Zp+2
    \ 003e 8d....               sta     lfnname+9
0330                  lfnname[11] = (sector / 10) ? (sector / 10 + 0x30) : ' ';
    \ 0041 20....               jsr     `?L154`
    \ 0044 a5..                 lda     zp:_Zp
    \ 0046 05..                 ora     zp:_Zp+1
    \ 0048 d005                 bne     `?L57`
    \ 004a 20....               jsr     `?L168`
    \ 004d 8007                 bra     `?L58`
    \ 004f          `?L57`:
    \ 004f 20....               jsr     `?L154`
    \ 0052 18                   clc
    \ 0053 20....               jsr     `?L167`
    \ 0056          `?L58`:
    \ 0056 a5..                 lda     zp:_Zp
    \ 0058 8d....               sta     lfnname+11
0331                  lfnname[12] = sector % 10 + 0x30;
    \ 005b 20....               jsr     `?L154`
    \ 005e a930                 lda     #48
    \ 0060 18                   clc
0332                  status = writestr(CMDCHANNEL, (char *) lfnname);
    \ 0061 20....               jsr     `?L159`
0333
0334                  // Do not check the error channel in between asking for data an getting:
0335                  //  checkerrorchannel(drive, "dos after track/sector command ");
0336
0337                  // *** read data channel ***
0338                  status = readbytes(DATACHANNEL, entry, BLOCKSIZE);
    \ 0064 a900                 lda     #0
    \ 0066 85..                 sta     zp:_Zp+2
    \ 0068 a901                 lda     #1
    \ 006a 85..                 sta     zp:_Zp+3
    \ 006c 20....               jsr     `?L165`
    \ 006f a902                 lda     #2
    \ 0071 20....               jsr     readbytes
    \ 0074 85..                 sta     zp:_Zp+24
0339
0340                  ShowAccess(drive, track, sector, OFF);
    \ 0076 a902                 lda     #2
    \ 0078 20....               jsr     `?L156`
0341
0342                  return status;
    \ 007b a5..                 lda     zp:_Zp+24
0343                }
    \ 007d 4c....               jmp     `?L51`
0344
0345                void readtracksectorclose(void) {
    \ 0000                      .section code,text
    \ 0000                      .public readtracksectorclose
    \ 0000          readtracksectorclose:
0346                  iecclose(DATACHANNEL);
    \ 0000 a902                 lda     #2
    \ 0002 20....               jsr     iecclose
0347
0348                  // *** close command channel ***
0349                  iecclose(CMDCHANNEL);
    \ 0005 a90f                 lda     #15
    \ 0007 20....               jsr     iecclose
0350
0351                //  return status;
0352                }
    \ 000a 60                   rts
0353
0354                unsigned char writetracksector(BAM* entry, unsigned char drive,
0355                                               unsigned char track, unsigned char sector) {
    \ 0000                      .section code,text
    \ 0000                      .public writetracksector
    \ 0000          writetracksector:
    \ 0000 20....               jsr     `?L157`
0356                  char status;  // @@@@@ Could this be handled better?
0357
0358                  ShowAccess(drive, track, sector, WRITE);
    \ 0003 a901                 lda     #1
    \ 0005 20....               jsr     `?L156`
0359                /*
0360                  // *** open command channel ***
0361                  setbnk();
0362                  setnam("");  // ("U1 4 0 40 3");
0363                  //   dev log sec
0364                  setlfs(drive, CMDCHANNEL,15);
0365                  iecopen();
0366
0367                  // *** open data channel ***
0368                  // data read channel needs to be open before the command is given:
0369                  setbnk();
0370                  setnam("#");
0371                  //   dev log sec
0372                  setlfs(drive, DATACHANNEL, DATACHANNEL); // needs to be the same sec as in the U2 command
0373                  iecopen();
0374                */
0375                  // This doesn't seem to be data but the file name a few lines above:
0376                  //  status = writestr(DATACHANNEL, (unsigned int)(uintptr_t) "#");
0377                  
0378                  // Do not check the error channel in between asking for data an getting:
0379                  //  checkerrorchannel("dos after open datachannel ");
0380
0381                  // *** write data channel ***
0382                  status = writebytes(DATACHANNEL, entry, BLOCKSIZE);
    \ 0008 a900                 lda     #0
    \ 000a 85..                 sta     zp:_Zp+2
    \ 000c a901                 lda     #1
    \ 000e 85..                 sta     zp:_Zp+3
    \ 0010 20....               jsr     `?L165`
    \ 0013 a902                 lda     #2
    \ 0015 20....               jsr     writebytes
0383
0384                  // *** write command channel ***
0385                  strcopy((char *) "U2 dc 0 tt ss", (char *) lfnname, 13);
    \ 0018 a9..                 lda     #.byte0 lfnname
    \ 001a 85..                 sta     zp:_Zp+2
    \ 001c a9..                 lda     #.byte1 lfnname
    \ 001e 85..                 sta     zp:_Zp+3
    \ 0020 a9..                 lda     #.byte0 `_StringLiteral_U2 dc 0 tt ss`
    \ 0022 85..                 sta     zp:_Zp
    \ 0024 a9..                 lda     #.byte1 `_StringLiteral_U2 dc 0 tt ss`
    \ 0026 20....               jsr     `?L160`
0386                  lfnname[3] = (DATACHANNEL / 10) ? (DATACHANNEL / 10 + 0x30) : ' ';
0387                  lfnname[4] = DATACHANNEL % 10 + 0x30;
0388                  lfnname[8] = (track / 10) ? (track / 10 + 0x30) : ' ';
    \ 0029 20....               jsr     `?L155`
    \ 002c a5..                 lda     zp:_Zp
    \ 002e 05..                 ora     zp:_Zp+1
    \ 0030 d005                 bne     `?L60`
    \ 0032 20....               jsr     `?L168`
    \ 0035 8009                 bra     `?L61`
    \ 0037          `?L60`:
    \ 0037 a6..                 ldx     zp:_Zp+27
    \ 0039 20....               jsr     `?L155`
    \ 003c 18                   clc
    \ 003d 20....               jsr     `?L167`
    \ 0040          `?L61`:
    \ 0040 a5..                 lda     zp:_Zp
    \ 0042 8d....               sta     lfnname+8
0389                  lfnname[9] = track % 10 + 0x30;
    \ 0045 a6..                 ldx     zp:_Zp+27
    \ 0047 20....               jsr     `?L155`
    \ 004a a930                 lda     #48
    \ 004c 18                   clc
    \ 004d 65..                 adc     zp:_Zp+2
    \ 004f 8d....               sta     lfnname+9
0390                  lfnname[11] = (sector / 10) ? (sector / 10 + 0x30) : ' ';
    \ 0052 20....               jsr     `?L154`
    \ 0055 a5..                 lda     zp:_Zp
    \ 0057 05..                 ora     zp:_Zp+1
    \ 0059 d005                 bne     `?L63`
    \ 005b 20....               jsr     `?L168`
    \ 005e 8007                 bra     `?L64`
    \ 0060          `?L63`:
    \ 0060 20....               jsr     `?L154`
    \ 0063 18                   clc
    \ 0064 20....               jsr     `?L167`
    \ 0067          `?L64`:
    \ 0067 a5..                 lda     zp:_Zp
    \ 0069 8d....               sta     lfnname+11
0391                  lfnname[12] = sector % 10 + 0x30;
    \ 006c 20....               jsr     `?L154`
    \ 006f a930                 lda     #48
    \ 0071 18                   clc
0392                  status = writestr(CMDCHANNEL, (char *) lfnname);
    \ 0072 20....               jsr     `?L159`
    \ 0075 85..                 sta     zp:_Zp+24
0393
0394                  // Do not check the error channel in between asking for data an getting:
0395                  //  checkerrorchannel("dos after track/sector command ");
0396                /*
0397                  iecclose(DATACHANNEL);
0398
0399                  // *** close command channel ***
0400                  iecclose(CMDCHANNEL);
0401                */
0402                  ShowAccess(drive, track, sector, OFF);
    \ 0077 a902                 lda     #2
    \ 0079 20....               jsr     `?L156`
0403
0404                  return status;
    \ 007c a5..                 lda     zp:_Zp+24
    \ 007e          `?L51`:
0405                }
    \ 007e a004                 ldy     #4
    \ 0080 4c....               jmp     _RestoreRegisters
    \ 0000                      .section code,text
    \ 0000          `?L154`:
    \ 0000 a6..                 ldx     zp:_Zp+26
    \ 0002          `?L155`:
    \ 0002 86..                 stx     zp:_Zp
    \ 0004 a900                 lda     #0
    \ 0006 85..                 sta     zp:_Zp+1
    \ 0008 a90a                 lda     #10
    \ 000a 85..                 sta     zp:_Zp+10
    \ 000c a900                 lda     #0
    \ 000e 85..                 sta     zp:_Zp+11
    \ 0010 4c....               jmp     _DivMod16
    \ 0000                      .section code,text
    \ 0000          `?L156`:
    \ 0000 85..                 sta     zp:_Zp+2
    \ 0002 a5..                 lda     zp:_Zp+26
    \ 0004 85..                 sta     zp:_Zp+1
    \ 0006 a5..                 lda     zp:_Zp+27
    \ 0008 85..                 sta     zp:_Zp
    \ 000a a5..                 lda     zp:_Zp+28
    \ 000c 4c....               jmp     ShowAccess
    \ 0000                      .section code,text
    \ 0000 a200     `?L157`:    ldx     #0
    \ 0002 a004                 ldy     #4
    \ 0004 20....               jsr     _AllocStackSave
    \ 0007 85..                 sta     zp:_Zp+28
    \ 0009 a5..                 lda     zp:_Zp
    \ 000b 85..                 sta     zp:_Zp+24
    \ 000d a5..                 lda     zp:_Zp+1
    \ 000f 85..                 sta     zp:_Zp+25
    \ 0011 a5..                 lda     zp:_Zp+2
    \ 0013 85..                 sta     zp:_Zp+27
    \ 0015 a5..                 lda     zp:_Zp+3
    \ 0017 85..                 sta     zp:_Zp+26
    \ 0019 60                   rts
    \ 0000                      .section code,text
    \ 0000          `?L159`:
    \ 0000 65..                 adc     zp:_Zp+2
    \ 0002 8d....               sta     lfnname+12
    \ 0005 a9..                 lda     #.byte0 lfnname
    \ 0007 85..                 sta     zp:_Zp
    \ 0009 a9..                 lda     #.byte1 lfnname
    \ 000b 85..                 sta     zp:_Zp+1
    \ 000d a90f                 lda     #15
    \ 000f 4c....               jmp     writestr
    \ 0000                      .section code,text
    \ 0000          `?L160`:
    \ 0000 85..                 sta     zp:_Zp+1
    \ 0002 a90d                 lda     #13
    \ 0004 20....               jsr     strcopy
    \ 0007 a920                 lda     #32
    \ 0009 8d....               sta     lfnname+3
    \ 000c a932                 lda     #50
    \ 000e 8d....               sta     lfnname+4
    \ 0011 a6..                 ldx     zp:_Zp+27
    \ 0013 60                   rts
    \ 0000                      .section code,text
    \ 0000          `?L162`:
    \ 0000 20....               jsr     setbnk
    \ 0003 a9..                 lda     #.byte0 _StringLiteral_
    \ 0005 85..                 sta     zp:_Zp
    \ 0007 a9..                 lda     #.byte1 _StringLiteral_
    \ 0009 85..                 sta     zp:_Zp+1
    \ 000b 20....               jsr     setnam
    \ 000e a90f                 lda     #15
    \ 0010 85..                 sta     zp:_Zp+1
    \ 0012 60                   rts
    \ 0000                      .section code,text
    \ 0000          `?L165`:
    \ 0000 a5..                 lda     zp:_Zp+24
    \ 0002 85..                 sta     zp:_Zp
    \ 0004 a5..                 lda     zp:_Zp+25
    \ 0006 85..                 sta     zp:_Zp+1
    \ 0008 60                   rts
    \ 0000                      .section code,text
    \ 0000          `?L166`:
    \ 0000 a5..                 lda     zp:_Zp
    \ 0002 18                   clc
    \ 0003 6980                 adc     #128
    \ 0005 85..                 sta     zp:_Zp+2
    \ 0007 a5..                 lda     zp:_Zp+1
    \ 0009 6916                 adc     #22
    \ 000b 85..                 sta     zp:_Zp+3
    \ 000d 60                   rts
    \ 0000                      .section code,text
    \ 0000          `?L167`:
    \ 0000 a5..                 lda     zp:_Zp
    \ 0002 6930                 adc     #48
    \ 0004 85..                 sta     zp:_Zp
    \ 0006 60                   rts
    \ 0000                      .section code,text
    \ 0000 a920     `?L168`:    lda     #32
    \ 0002 85..                 sta     zp:_Zp
    \ 0004 a900                 lda     #0
    \ 0006 60                   rts
    \ 0000                      .section code,text
    \ 0000          `?L169`:
    \ 0000 85..                 sta     zp:_Zp
    \ 0002 a5..                 lda     zp:_Zp+24
    \ 0004 20....               jsr     setlfs
    \ 0007 4c....               jmp     iecopen
    \ 0000                      .section cdata,rodata
    \ 0000                      .pubweak _StringLiteral_
    \ 0000          _StringLiteral_:
    \ 0000 00                   .byte   0
    \ 0000                      .section cdata,rodata
    \ 0000                      .pubweak `_StringLiteral_#`
    \ 0000          `_StringLiteral_#`:
    \ 0000 2300                 .byte   35,0
    \ 0000                      .section cdata,rodata
    \ 0000                      .pubweak `_StringLiteral_U1 dc 0 tt ss`
    \ 0000          `_StringLiteral_U1 dc 0 tt ss`:
    \ 0000 55312064             .byte   85,49,32,100,99,32,48,32,116,116,32,115,115,0
    \ 0004 63203020
    \ 0008 74742073
    \ 000c 7300
    \ 0000                      .section cdata,rodata
    \ 0000                      .pubweak `_StringLiteral_U2 dc 0 tt ss`
    \ 0000          `_StringLiteral_U2 dc 0 tt ss`:
    \ 0000 55322064             .byte   85,50,32,100,99,32,48,32,116,116,32,115,115,0
    \ 0004 63203020
    \ 0008 74742073
    \ 000c 7300

##########################
#                        #
# Memory sizes (decimal) #
#                        #
##########################

Executable  (Text): 834 bytes
Constant          :  31 bytes
