###############################################################################
#                                                                             #
# Calypsi ISO C compiler for 6502                                version 5.13 #
#                                                       18/Jan/2026  09:50:16 #
# Command line: -D asm=__asm -I calypsi.h -D VERSION="v0.6.8-beta" -I         #
#               mega65-libc/include -O 2 --core 45gs02 --target MEGA65 -D     #
#               FULLFEATURES --list-file=obj/hal.lst -MMD -MP -c              #
#               mega65-libc/src/hal.c -o obj/hal.o -MFobj/hal.d               #
#                                                                             #
###############################################################################

    \ 0000                      .rtmodel version,"1"
    \ 0000                      .rtmodel codeModel,"plain"
    \ 0000                      .rtmodel core,"45gs02"
    \ 0000                      .rtmodel target,"mega65"
    \ 0000                      .extern _FillQ
    \ 0000                      .extern _SpillZP
    \ 0000                      .extern _Vfp
    \ 0000                      .extern _Vsp
    \ 0000                      .extern _Zp
0001                #include <mega65/hal.h>
0002                #include <mega65/memory.h>
0003
0004                void usleep(uint32_t micros)
0005                {
    \ 0000                      .section code,text
    \ 0000                      .public usleep
    \ 0000          usleep:
    \ 0000          `?L4`:
0006                    // Sleep for desired number of micro-seconds.
0007                    // Each VIC-II raster line is ~64 microseconds
0008                    // this is not totally accurate, but is a reasonable approach
0009                    while (micros > 64) {
    \ 0000 a940                 lda     #64
    \ 0002 a200                 ldx     #0
    \ 0004 a000                 ldy     #0
    \ 0006 a300                 ldz     #0
    \ 0008 4242c5..             cmpq    zp:_Zp
    \ 000c b021                 bcs     `?L5`
0010                        uint8_t b = PEEK(0xD012);
    \ 000e ad12d0               lda     0xd012
    \ 0011          `?L7`:
0011                        while (PEEK(0xD012) == b) {
    \ 0011 cd12d0               cmp     0xd012
    \ 0014 f0fb                 beq     `?L7`
0012                            continue;
0013                        }
0014                        micros -= 64;
    \ 0016 20....               jsr     _SpillZP
    \ 0019 04..                 .byte   4,_Zp
    \ 001b a940                 lda     #64
    \ 001d 424285..             stq     zp:_Zp
    \ 0021 20....               jsr     _FillQ
    \ 0024 38                   sec
    \ 0025 4242e5..             sbcq    zp:_Zp
    \ 0029 424285..             stq     zp:_Zp
    \ 002d 80d1                 bra     `?L4`
    \ 002f          `?L5`:
0015                    }
0016                    return;
0017                }
    \ 002f 60                   rts

##########################
#                        #
# Memory sizes (decimal) #
#                        #
##########################

Executable  (Text): 48 bytes
