###############################################################################
#                                                                             #
# Calypsi ISO C compiler for 6502                                version 5.13 #
#                                                       18/Jan/2026  09:50:16 #
# Command line: -D asm=__asm -I calypsi.h -D VERSION="v0.6.8-beta" -I         #
#               mega65-libc/include -O 2 --core 45gs02 --target MEGA65 -D     #
#               FULLFEATURES --list-file=obj/memory.lst -MMD -MP -c           #
#               mega65-libc/src/memory.c -o obj/memory.o -MFobj/memory.d      #
#                                                                             #
###############################################################################

    \ 0000                      .rtmodel version,"1"
    \ 0000                      .rtmodel codeModel,"plain"
    \ 0000                      .rtmodel core,"45gs02"
    \ 0000                      .rtmodel target,"mega65"
    \ 0000                      .extern _AllocStackSave
    \ 0000                      .extern _RestoreRegisters
    \ 0000                      .extern _Vfp
    \ 0000                      .extern _Vsp
    \ 0000                      .extern _Zp
0001                #include <mega65/memory.h>
0002
0003                #ifdef __clang__
0004                volatile struct dmagic_dmalist dmalist;
0005                volatile uint8_t dma_byte;
0006                #else
0007                struct dmagic_dmalist dmalist;
0008                uint8_t dma_byte;
0009                #endif
0010
0011                /**
0012                 * @brief Perform DMA operation
0013                 */
0014                void do_dma(void)
0015                {
    \ 0000                      .section code,text
    \ 0000                      .public do_dma
    \ 0000          do_dma:
0016                    //  unsigned char i;
0017                    mega65_io_enable();
    \ 0000 20....               jsr     mega65_io_enable
0018
0019                    //  for(i=0;i<24;i++)
0020                    //    printf("%02x ",PEEK(i+(uint16_t)&dmalist));
0021                    //  printf("\n");
0022                    //  while(1) continue;
0023
0024                    // Now run DMA job (to and from anywhere, and list is in low 1MB)
0025                    POKE(0xd702U, 0);
    \ 0003 a900                 lda     #0
    \ 0005 8d02d7               sta     0xd702
0026                    POKE(0xd704U, 0x00); // List is in $00xxxxx
    \ 0008 8d04d7               sta     0xd704
0027                    POKE(0xd701U, ((uint16_t)&dmalist) >> 8);
    \ 000b a9..                 lda     #.byte1 dmalist
    \ 000d 8d01d7               sta     0xd701
0028                    POKE(0xd705U, ((uint16_t)&dmalist) & 0xff); // triggers enhanced DMA
    \ 0010 a9..                 lda     #.byte0 dmalist
    \ 0012 8d05d7               sta     0xd705
0029                }
    \ 0015 60                   rts
0030
0031                uint8_t dma_peek(uint32_t address)
0032                {
    \ 0000                      .section code,text
    \ 0000                      .public dma_peek
    \ 0000          dma_peek:
0033                    // Read the byte at <address> in 28-bit address space
0034                    // XXX - Optimise out repeated setup etc
0035                    // (separate DMA lists for peek, poke and copy should
0036                    // save space, since most fields can stay initialised).
0037
0038                    dmalist.option_0b = 0x0b;
0039                    dmalist.option_80 = 0x80;
0040                    dmalist.source_mb = (uint8_t)(address >> 20);
    \ 0000 20....               jsr     `?L82`
    \ 0003 424285..             stq     zp:_Zp+4
    \ 0007 a914                 lda     #20
    \ 0009 aa                   tax
    \ 000a f007                 beq     `?L43`
    \ 000c          `?L44`:
    \ 000c 424246..             lsrq    zp:_Zp+4
    \ 0010 ca                   dex
    \ 0011 d0f9                 bne     `?L44`
    \ 0013          `?L43`:
    \ 0013 a5..                 lda     zp:_Zp+4
    \ 0015 8d....               sta     dmalist+2
0041                    dmalist.option_81 = 0x81;
    \ 0018 a981                 lda     #-127
    \ 001a 8d....               sta     dmalist+3
0042                    dmalist.dest_mb = 0x00; // dma_byte lives in 1st MB
    \ 001d a900                 lda     #0
0043                    dmalist.option_85 = 0x85;
0044                    dmalist.dest_skip = 1;
0045                    dmalist.end_of_options = 0x00;
0046                    dmalist.sub_cmd = 0x00;
0047
0048                    dmalist.command = DMA_COPY_CMD;
0049                    dmalist.count = 1;
0050                    dmalist.source_addr = address & 0xffff;
0051                    dmalist.source_bank = (address >> 16) & 0x0f;
0052                    dmalist.dest_addr = (uint16_t)&dma_byte;
0053                    dmalist.dest_bank = 0;
0054
0055                    do_dma();
    \ 001f 20....               jsr     `?L78`
    \ 0022 8d....               sta     dmalist+7
    \ 0025 8d....               sta     dmalist+17
    \ 0028 8d....               sta     dmalist+8
    \ 002b 8d....               sta     dmalist+10
    \ 002e a901                 lda     #1
    \ 0030 8d....               sta     dmalist+9
    \ 0033 20....               jsr     `?L84`
    \ 0036 20....               jsr     `?L76`
    \ 0039 20....               jsr     `?L85`
    \ 003c a9..                 lda     #.byte0 dma_byte
    \ 003e 8d....               sta     dmalist+14
    \ 0041 a9..                 lda     #.byte1 dma_byte
    \ 0043 8d....               sta     dmalist+15
    \ 0046 a900                 lda     #0
    \ 0048 8d....               sta     dmalist+16
    \ 004b 20....               jsr     do_dma
0056
0057                    return dma_byte;
    \ 004e ad....               lda     dma_byte
0058                }
    \ 0051 60                   rts
0059
0060                uint8_t db1, db2, db3;
    \ 0000                      .section zdata,bss
    \ 0000                      .public db1
    \ 0000          db1:        .space  1
    \ 0000                      .section zdata,bss
    \ 0000                      .public db2
    \ 0000          db2:        .space  1
    \ 0000                      .section zdata,bss
    \ 0000                      .public db3
    \ 0000          db3:        .space  1
0061
0062                uint8_t lpeek_debounced(uint32_t address)
0063                {
    \ 0000                      .section code,text
    \ 0000                      .public lpeek_debounced
    \ 0000          lpeek_debounced:
    \ 0000 a200                 ldx     #0
    \ 0002 a003                 ldy     #3
    \ 0004 20....               jsr     _AllocStackSave
    \ 0007 4242a5..             ldq     zp:_Zp
    \ 000b 424285..             stq     zp:_Zp+24
0064                    db1 = 0;
    \ 000f a900                 lda     #0
    \ 0011 8d....               sta     db1
0065                    db2 = 1;
    \ 0014 a901                 lda     #1
    \ 0016 8d....               sta     db2
    \ 0019          `?L11`:
0066                    while (db1 != db2 || db1 != db3) {
    \ 0019 ab....               ldz     db2
    \ 001c dc....               cpz     db1
    \ 001f d010                 bne     `?L13`
    \ 0021 ae....               ldx     db3
    \ 0024 ec....               cpx     db1
    \ 0027 d008                 bne     `?L13`
0067                        db1 = lpeek(address);
0068                        db2 = lpeek(address);
0069                        db3 = lpeek(address);
0070                    }
0071                    return db1;
    \ 0029 ad....               lda     db1
0072                }
    \ 002c a003                 ldy     #3
    \ 002e 4c....               jmp     _RestoreRegisters
    \ 0031          `?L13`:
    \ 0031 20....               jsr     `?L80`
    \ 0034 8d....               sta     db1
    \ 0037 20....               jsr     `?L80`
    \ 003a 8d....               sta     db2
    \ 003d 20....               jsr     `?L80`
    \ 0040 8d....               sta     db3
    \ 0043 80d4                 bra     `?L11`
0073
0074                // cc65 and llvm have specialized assembler versions of lpeek and lpoke
0075                #if !defined(__clang__) && !defined(__CC65__)
0076                uint8_t lpeek(uint32_t address)
0077                {
    \ 0000                      .section code,text
    \ 0000                      .public lpeek
    \ 0000          lpeek:
0078                    return dma_peek(address);
    \ 0000 20....               jsr     dma_peek
0079                }
    \ 0003 60                   rts
0080                void lpoke(uint32_t address, uint8_t value)
0081                {
    \ 0000                      .section code,text
    \ 0000                      .public lpoke
    \ 0000          lpoke:
    \ 0000 85..                 sta     zp:_Zp+4
0082                    dma_poke(address, value);
    \ 0002 a5..                 lda     zp:_Zp+4
    \ 0004 20....               jsr     dma_poke
0083                }
    \ 0007 60                   rts
0084                #endif
0085
0086                void dma_poke(uint32_t address, uint8_t value)
0087                {
    \ 0000                      .section code,text
    \ 0000                      .public dma_poke
    \ 0000          dma_poke:
    \ 0000 85..                 sta     zp:_Zp+4
0088                    dmalist.option_0b = 0x0b;
0089                    dmalist.option_80 = 0x80;
0090                    dmalist.source_mb = 0x00; // dma_byte lives in 1st MB
0091                    dmalist.option_81 = 0x81;
0092                    dmalist.dest_mb = (uint8_t)(address >> 20);
    \ 0002 20....               jsr     `?L75`
    \ 0005 f005                 beq     `?L53`
    \ 0007          `?L54`:
    \ 0007 20....               jsr     `?L83`
    \ 000a d0fb                 bne     `?L54`
    \ 000c          `?L53`:
    \ 000c a5..                 lda     zp:_Zp+8
0093                    dmalist.option_85 = 0x85;
0094                    dmalist.dest_skip = 1;
0095                    dmalist.end_of_options = 0x00;
0096                    dmalist.sub_cmd = 0x00;
0097
0098                    dma_byte = value;
0099                    dmalist.command = DMA_COPY_CMD;
0100                    dmalist.count = 1;
0101                    dmalist.source_addr = (uint16_t)&dma_byte;
0102                    dmalist.source_bank = 0;
0103                    dmalist.dest_addr = address & 0xffff;
0104                    dmalist.dest_bank = (address >> 16) & 0x0f;
    \ 000e 20....               jsr     `?L78`
    \ 0011 8d....               sta     dmalist+7
    \ 0014 8d....               sta     dmalist+17
    \ 0017 a5..                 lda     zp:_Zp+4
    \ 0019 8d....               sta     dma_byte
    \ 001c a900                 lda     #0
    \ 001e 8d....               sta     dmalist+8
    \ 0021 8d....               sta     dmalist+10
    \ 0024 a901                 lda     #1
    \ 0026 8d....               sta     dmalist+9
    \ 0029 a9..                 lda     #.byte0 dma_byte
    \ 002b 8d....               sta     dmalist+11
    \ 002e a9..                 lda     #.byte1 dma_byte
    \ 0030 8d....               sta     dmalist+12
    \ 0033 a900                 lda     #0
    \ 0035 8d....               sta     dmalist+13
    \ 0038 a5..                 lda     zp:_Zp+1
    \ 003a 8d....               sta     dmalist+15
    \ 003d a5..                 lda     zp:_Zp
    \ 003f 8d....               sta     dmalist+14
    \ 0042 20....               jsr     `?L76`
0105
0106                    do_dma();
    \ 0045 4c....               jmp     `?L73`
0107                    return;
0108                }
0109
0110                void lcopy(
0111                    uint32_t source_address, uint32_t destination_address, size_t count)
0112                {
    \ 0000                      .section code,text
    \ 0000                      .public lcopy
    \ 0000          lcopy:
0113                    dmalist.option_0b = 0x0b;
0114                    dmalist.option_80 = 0x80;
0115                    dmalist.source_mb = (uint8_t)(source_address >> 20);
    \ 0000 20....               jsr     `?L82`
    \ 0003 424285..             stq     zp:_Zp+8
    \ 0007 a914                 lda     #20
    \ 0009 aa                   tax
    \ 000a f005                 beq     `?L57`
    \ 000c          `?L58`:
    \ 000c 20....               jsr     `?L83`
    \ 000f d0fb                 bne     `?L58`
    \ 0011          `?L57`:
    \ 0011 a5..                 lda     zp:_Zp+8
    \ 0013 8d....               sta     dmalist+2
0116                    dmalist.option_81 = 0x81;
    \ 0016 a981                 lda     #-127
    \ 0018 8d....               sta     dmalist+3
0117                    dmalist.dest_mb = (uint8_t)(destination_address >> 20);
    \ 001b 4242a5..             ldq     zp:_Zp+4
    \ 001f 424285..             stq     zp:_Zp+8
    \ 0023 a914                 lda     #20
    \ 0025 aa                   tax
    \ 0026 f005                 beq     `?L60`
    \ 0028          `?L61`:
    \ 0028 20....               jsr     `?L83`
    \ 002b d0fb                 bne     `?L61`
    \ 002d          `?L60`:
    \ 002d a5..                 lda     zp:_Zp+8
0118                    dmalist.option_85 = 0x85;
0119                    dmalist.dest_skip = 1;
0120                    dmalist.end_of_options = 0x00;
0121                    dmalist.sub_cmd = 0x00;
0122
0123                    dmalist.command = DMA_COPY_CMD;
0124                    dmalist.count = count;
0125                    dmalist.sub_cmd = 0;
0126                    dmalist.source_addr = source_address & 0xffff;
0127                    dmalist.source_bank = (source_address >> 16) & 0x0f;
0128                    // User should provide 28-bit address for IO
0129                    // (otherwise we can't DMA to/from RAM under IO)
0130                    //  if (source_address>=0xd000 && source_address<0xe000)
0131                    //    dmalist.source_bank|=0x80;
0132                    dmalist.dest_addr = destination_address & 0xffff;
0133                    dmalist.dest_bank = (destination_address >> 16) & 0x0f;
    \ 002f 20....               jsr     `?L78`
    \ 0032 8d....               sta     dmalist+7
    \ 0035 8d....               sta     dmalist+17
    \ 0038 8d....               sta     dmalist+8
    \ 003b a9..                 lda     #.byte0 (dmalist+9)
    \ 003d 85..                 sta     zp:_Zp+8
    \ 003f a9..                 lda     #.byte1 (dmalist+9)
    \ 0041 85..                 sta     zp:_Zp+9
    \ 0043 a000                 ldy     #0
    \ 0045 b1..                 lda     (_Vsp),y
    \ 0047 91..                 sta     (_Zp+8),y
    \ 0049 c8                   iny
    \ 004a b1..                 lda     (_Vsp),y
    \ 004c 91..                 sta     (_Zp+8),y
    \ 004e a900                 lda     #0
    \ 0050 8d....               sta     dmalist+17
    \ 0053 20....               jsr     `?L84`
    \ 0056 a5..                 lda     zp:_Zp+2
    \ 0058 85..                 sta     zp:_Zp
    \ 005a a5..                 lda     zp:_Zp+3
    \ 005c 85..                 sta     zp:_Zp+1
    \ 005e a900                 lda     #0
    \ 0060 85..                 sta     zp:_Zp+2
    \ 0062 85..                 sta     zp:_Zp+3
    \ 0064 a90f                 lda     #15
    \ 0066 a200                 ldx     #0
    \ 0068 88                   dey
    \ 0069 20....               jsr     `?L77`
    \ 006c 20....               jsr     `?L85`
    \ 006f a5..                 lda     zp:_Zp+5
    \ 0071 8d....               sta     dmalist+15
    \ 0074 a5..                 lda     zp:_Zp+4
    \ 0076 8d....               sta     dmalist+14
    \ 0079 a5..                 lda     zp:_Zp+6
    \ 007b 85..                 sta     zp:_Zp+4
    \ 007d a5..                 lda     zp:_Zp+7
    \ 007f 85..                 sta     zp:_Zp+5
    \ 0081 a900                 lda     #0
    \ 0083 85..                 sta     zp:_Zp+6
    \ 0085 85..                 sta     zp:_Zp+7
    \ 0087 a90f                 lda     #15
    \ 0089 a200                 ldx     #0
    \ 008b a000                 ldy     #0
    \ 008d a300                 ldz     #0
    \ 008f 424225..             andq    zp:_Zp+4
0134                    // User should provide 28-bit address for IO
0135                    // (otherwise we can't DMA to/from RAM under IO)
0136                    //  if (destination_address>=0xd000 && destination_address<0xe000)
0137                    //    dmalist.dest_bank|=0x80;
0138
0139                    do_dma();
    \ 0093 4c....               jmp     `?L73`
0140                    return;
0141                }
0142
0143                void lfill(uint32_t destination_address, uint8_t value, size_t count)
0144                {
    \ 0000                      .section code,text
    \ 0000                      .public lfill
    \ 0000          lfill:
    \ 0000 85..                 sta     zp:_Zp+6
0145                    dmalist.option_0b = 0x0b;
0146                    dmalist.option_80 = 0x80;
0147                    dmalist.source_mb = 0x00;
0148                    dmalist.option_81 = 0x81;
0149                    dmalist.dest_mb = (uint8_t)(destination_address >> 20);
    \ 0002 20....               jsr     `?L75`
    \ 0005 f005                 beq     `?L64`
    \ 0007          `?L65`:
    \ 0007 20....               jsr     `?L83`
    \ 000a d0fb                 bne     `?L65`
    \ 000c          `?L64`:
    \ 000c a5..                 lda     zp:_Zp+8
0150                    dmalist.option_85 = 0x85;
0151                    dmalist.dest_skip = 1;
0152                    dmalist.end_of_options = 0x00;
0153
0154                    dmalist.command = DMA_FILL_CMD;
0155                    dmalist.sub_cmd = 0;
0156                    dmalist.count = count;
0157                    dmalist.source_addr = value;
    \ 000e 20....               jsr     `?L78`
    \ 0011 8d....               sta     dmalist+7
    \ 0014 a903                 lda     #3
    \ 0016 8d....               sta     dmalist+8
    \ 0019 20....               jsr     `?L81`
    \ 001c a5..                 lda     zp:_Zp+6
0158                    dmalist.dest_addr = destination_address & 0xffff;
0159                    dmalist.dest_bank = (destination_address >> 16) & 0x0f;
0160                    // User should provide 28-bit address for IO
0161                    // (otherwise we can't DMA to/from RAM under IO)
0162                    //  if (destination_address>=0xd000 && destination_address<0xe000)
0163                    //    dmalist.dest_bank|=0x80;
0164
0165                    do_dma();
    \ 001e 4c....               jmp     `?L74`
0166                    return;
0167                }
0168
0169                void lfill_skip(
0170                    uint32_t destination_address, uint8_t value, size_t count, uint8_t skip)
0171                {
    \ 0000                      .section code,text
    \ 0000                      .public lfill_skip
    \ 0000          lfill_skip:
    \ 0000 85..                 sta     zp:_Zp+7
0172                    dmalist.option_0b = 0x0b;
0173                    dmalist.option_80 = 0x80;
0174                    dmalist.source_mb = 0x00;
0175                    dmalist.option_81 = 0x81;
0176                    dmalist.dest_mb = (uint8_t)(destination_address >> 20);
    \ 0002 20....               jsr     `?L75`
    \ 0005 f005                 beq     `?L68`
    \ 0007          `?L69`:
    \ 0007 20....               jsr     `?L83`
    \ 000a d0fb                 bne     `?L69`
    \ 000c          `?L68`:
    \ 000c a5..                 lda     zp:_Zp+8
    \ 000e 8d....               sta     dmalist+4
0177                    dmalist.option_85 = 0x85;
    \ 0011 a985                 lda     #-123
    \ 0013 8d....               sta     dmalist+5
0178                    dmalist.dest_skip = skip;
    \ 0016 a5..                 lda     zp:_Zp+6
0179                    dmalist.end_of_options = 0x00;
0180
0181                    dmalist.command = DMA_FILL_CMD;
0182                    dmalist.sub_cmd = 0;
0183                    dmalist.count = count;
0184                    dmalist.source_addr = value;
    \ 0018 20....               jsr     `?L79`
    \ 001b 8d....               sta     dmalist+7
    \ 001e a903                 lda     #3
    \ 0020 8d....               sta     dmalist+8
    \ 0023 20....               jsr     `?L81`
    \ 0026 a5..                 lda     zp:_Zp+7
    \ 0028          `?L74`:
    \ 0028 8d....               sta     dmalist+11
    \ 002b a900                 lda     #0
    \ 002d 8d....               sta     dmalist+12
0185                    dmalist.dest_addr = destination_address & 0xffff;
    \ 0030 a5..                 lda     zp:_Zp+1
    \ 0032 8d....               sta     dmalist+15
    \ 0035 a5..                 lda     zp:_Zp
    \ 0037 8d....               sta     dmalist+14
0186                    dmalist.dest_bank = (destination_address >> 16) & 0x0f;
    \ 003a 20....               jsr     `?L76`
    \ 003d          `?L73`:
    \ 003d 424285..             stq     zp:_Zp
    \ 0041 a5..                 lda     zp:_Zp
    \ 0043 8d....               sta     dmalist+16
    \ 0046 20....               jsr     do_dma
0187
0188                    do_dma();
0189                    return;
0190                }
    \ 0049 60                   rts
0191
0192                void mega65_io_enable(void)
0193                {
    \ 0000                      .section code,text
    \ 0000                      .public mega65_io_enable
    \ 0000          mega65_io_enable:
0194                    POKE(0xd02fU, 0x47);
    \ 0000 a947                 lda     #71
    \ 0002 8d2fd0               sta     0xd02f
0195                    POKE(0xd02fU, 0x53);
    \ 0005 a953                 lda     #83
    \ 0007 8d2fd0               sta     0xd02f
0196                    // Force to full speed
0197                    POKE(0, 65);
    \ 000a a941                 lda     #65
    \ 000c 8d0000               sta     0
0198                }
    \ 000f 60                   rts
    \ 0000                      .section code,text
    \ 0000 a90b     `?L75`:     lda     #11
    \ 0002 8d....               sta     dmalist
    \ 0005 a980                 lda     #-128
    \ 0007 8d....               sta     dmalist+1
    \ 000a a900                 lda     #0
    \ 000c 8d....               sta     dmalist+2
    \ 000f a981                 lda     #-127
    \ 0011 8d....               sta     dmalist+3
    \ 0014 4242a5..             ldq     zp:_Zp
    \ 0018 424285..             stq     zp:_Zp+8
    \ 001c a914                 lda     #20
    \ 001e aa                   tax
    \ 001f 60                   rts
    \ 0000                      .section code,text
    \ 0000          `?L76`:
    \ 0000 a5..                 lda     zp:_Zp+2
    \ 0002 85..                 sta     zp:_Zp
    \ 0004 a5..                 lda     zp:_Zp+3
    \ 0006 85..                 sta     zp:_Zp+1
    \ 0008 a900                 lda     #0
    \ 000a 85..                 sta     zp:_Zp+2
    \ 000c 85..                 sta     zp:_Zp+3
    \ 000e a90f                 lda     #15
    \ 0010 a200                 ldx     #0
    \ 0012 a000                 ldy     #0
    \ 0014 a300     `?L77`:     ldz     #0
    \ 0016 424225..             andq    zp:_Zp
    \ 001a 60                   rts
    \ 0000                      .section code,text
    \ 0000          `?L78`:
    \ 0000 8d....               sta     dmalist+4
    \ 0003 a985                 lda     #-123
    \ 0005 8d....               sta     dmalist+5
    \ 0008 a901                 lda     #1
    \ 000a          `?L79`:
    \ 000a 8d....               sta     dmalist+6
    \ 000d a900                 lda     #0
    \ 000f 60                   rts
    \ 0000                      .section code,text
    \ 0000          `?L80`:
    \ 0000 4242a5..             ldq     zp:_Zp+24
    \ 0004 424285..             stq     zp:_Zp
    \ 0008 4c....               jmp     dma_peek
    \ 0000                      .section code,text
    \ 0000 a900     `?L81`:     lda     #0
    \ 0002 8d....               sta     dmalist+17
    \ 0005 a5..                 lda     zp:_Zp+4
    \ 0007 8d....               sta     dmalist+9
    \ 000a a5..                 lda     zp:_Zp+5
    \ 000c 8d....               sta     dmalist+10
    \ 000f 60                   rts
    \ 0000                      .section code,text
    \ 0000 a90b     `?L82`:     lda     #11
    \ 0002 8d....               sta     dmalist
    \ 0005 a980                 lda     #-128
    \ 0007 8d....               sta     dmalist+1
    \ 000a 4242a5..             ldq     zp:_Zp
    \ 000e 60                   rts
    \ 0000                      .section code,text
    \ 0000          `?L83`:
    \ 0000 424246..             lsrq    zp:_Zp+8
    \ 0004 ca                   dex
    \ 0005 60                   rts
    \ 0000                      .section code,text
    \ 0000          `?L84`:
    \ 0000 a5..                 lda     zp:_Zp+1
    \ 0002 8d....               sta     dmalist+12
    \ 0005 a5..                 lda     zp:_Zp
    \ 0007 8d....               sta     dmalist+11
    \ 000a 60                   rts
    \ 0000                      .section code,text
    \ 0000          `?L85`:
    \ 0000 424285..             stq     zp:_Zp
    \ 0004 a5..                 lda     zp:_Zp
    \ 0006 8d....               sta     dmalist+13
    \ 0009 60                   rts
    \ 0000                      .section zdata,bss
    \ 0000                      .public dmalist
    \ 0000          dmalist:    .space  20
    \ 0000                      .section zdata,bss
    \ 0000                      .public dma_byte
    \ 0000          dma_byte:   .space  1

##########################
#                        #
# Memory sizes (decimal) #
#                        #
##########################

Executable        (Text): 674 bytes
Zero initialized   (BSS):  24 bytes
