###############################################################################
#                                                                             #
# Calypsi ISO C compiler for 6502                                version 5.13 #
#                                                       18/Jan/2026  09:50:16 #
# Command line: -D asm=__asm -I calypsi.h -D VERSION="v0.6.8-beta" -I         #
#               mega65-libc/include -O 2 --core 45gs02 --target MEGA65 -D     #
#               FULLFEATURES --list-file=obj/romlister.lst -MMD -MP -c        #
#               src/romlister.c -o obj/romlister.o -MFobj/romlister.d         #
#                                                                             #
###############################################################################

    \ 0000                      .rtmodel version,"1"
    \ 0000                      .rtmodel codeModel,"plain"
    \ 0000                      .rtmodel core,"45gs02"
    \ 0000                      .rtmodel doubleSize,"32"
    \ 0000                      .rtmodel target,"mega65"
    \ 0000                      .extern _Vfp
    \ 0000                      .extern _Vsp
    \ 0000                      .extern _Zp
    \ 0000                      .extern clrhome
    \ 0000                      .extern conioinit
    \ 0000                      .extern cputln
    \ 0000                      .extern hyppo_getversion_majorHDOS
    \ 0000                      .extern hyppo_getversion_majorhyppo
    \ 0000                      .extern hyppo_getversion_minorHDOS
    \ 0000                      .extern hyppo_getversion_minorhyppo
    \ 0000                      .extern mprintf
    \ 0000                      .extern msprintf
    \ 0000                      .extern romlist
    \ 0000                      .extern setscreensize
    \ 0000                      .extern textcolor
    \ 0000                      .extern usleep
    \ 0000                      .extern wherey
0001                // Romlister
0002
0003                #include <stdlib.h>
0004                #include <string.h>
0005                #include <stdio.h>  // llvm
0006                #include <mega65/conio.h>  // llvm instead of <printf.h>
0007                #include <mega65/memory.h>  // mega65-libc
0008                #include <mega65/hal.h>  // mega65-libc
0009
0010                #include "regions.h"
0011                #include "conioextensions.h"
0012                #include "hyppo.h"
0013                #include "fileio.h"
0014                #include "romlist.h"
0015
0016                // KickC calls conio_mega65_init() before doing main():
0017                int main() {
    \ 0000                      .section code,text
    \ 0000                      .public main
    \ 0000          main:
0018                //  unsigned char majorhyppo;
0019                //  unsigned char minorhyppo;
0020                //  unsigned char majorHDOS;
0021                //  unsigned char minorHDOS;
0022
0023                  setscreensize(80, 25);
    \ 0000 a919                 lda     #25
    \ 0002 85..                 sta     zp:_Zp
    \ 0004 a950                 lda     #80
    \ 0006 20....               jsr     setscreensize
0024
0025                  conioinit();
    \ 0009 20....               jsr     conioinit
0026                  // ASCII lowercase is in conioinit()
0027
0028                  clrhome();
    \ 000c 20....               jsr     clrhome
0029                  textcolor (COLOUR_CYAN);
    \ 000f a903                 lda     #3
    \ 0011 20....               jsr     textcolor
0030
0031                //  minorHDOS = hyppo_getversion(&majorhyppo, &minorhyppo, &majorHDOS, &minorHDOS);
0032                  // pcputs("file: ");
0033                  mprintf("Versions: Hyppo ", hyppo_getversion_majorhyppo());
    \ 0014 20....               jsr     hyppo_getversion_majorhyppo
    \ 0017 85..                 sta     zp:_Zp+4
    \ 0019 a900                 lda     #0
    \ 001b 85..                 sta     zp:_Zp+5
    \ 001d 85..                 sta     zp:_Zp+6
    \ 001f 85..                 sta     zp:_Zp+7
    \ 0021 a9..                 lda     #.byte0 `_StringLiteral_Versions: Hyppo `
    \ 0023 85..                 sta     zp:_Zp
    \ 0025 a9..                 lda     #.byte1 `_StringLiteral_Versions: Hyppo `
    \ 0027 20....               jsr     `?L25`
0034                  mprintf(".", hyppo_getversion_minorhyppo());
    \ 002a 20....               jsr     hyppo_getversion_minorhyppo
    \ 002d 20....               jsr     `?L24`
0035                  mprintf(",  HDOS ", hyppo_getversion_majorHDOS());
    \ 0030 20....               jsr     hyppo_getversion_majorHDOS
    \ 0033 85..                 sta     zp:_Zp+4
    \ 0035 a900                 lda     #0
    \ 0037 85..                 sta     zp:_Zp+5
    \ 0039 85..                 sta     zp:_Zp+6
    \ 003b 85..                 sta     zp:_Zp+7
    \ 003d a9..                 lda     #.byte0 `_StringLiteral_,  HDOS `
    \ 003f 85..                 sta     zp:_Zp
    \ 0041 a9..                 lda     #.byte1 `_StringLiteral_,  HDOS `
    \ 0043 20....               jsr     `?L25`
0036                  mprintf(".", hyppo_getversion_minorHDOS());
    \ 0046 20....               jsr     hyppo_getversion_minorHDOS
    \ 0049 20....               jsr     `?L24`
0037                  cputln();
    \ 004c 20....               jsr     cputln
0038
0039                  romlist(wherey() + 1);
    \ 004f 20....               jsr     wherey
    \ 0052 1a                   inc     a
    \ 0053 20....               jsr     romlist
0040
0041                  cputln();
    \ 0056 20....               jsr     cputln
0042                  cputln();
    \ 0059 20....               jsr     cputln
0043                  msprintf("Have fun with your MEGA65!");
    \ 005c a9..                 lda     #.byte0 `_StringLiteral_Have fun with your MEGA65!`
    \ 005e 85..                 sta     zp:_Zp
    \ 0060 a9..                 lda     #.byte1 `_StringLiteral_Have fun with your MEGA65!`
    \ 0062 85..                 sta     zp:_Zp+1
    \ 0064 20....               jsr     msprintf
0044                  usleep(8000000); // microseconds
    \ 0067 a900                 lda     #0
    \ 0069 a212                 ldx     #18
    \ 006b a07a                 ldy     #122
    \ 006d 4b                   taz
    \ 006e 424285..             stq     zp:_Zp
    \ 0072 20....               jsr     usleep
0045
0046                  return 0;
    \ 0075 a900                 lda     #0
    \ 0077 85..                 sta     zp:_Zp
    \ 0079 85..                 sta     zp:_Zp+1
0047                }
    \ 007b 60                   rts
    \ 0000                      .section code,text
    \ 0000          `?L24`:
    \ 0000 85..                 sta     zp:_Zp+4
    \ 0002 a900                 lda     #0
    \ 0004 85..                 sta     zp:_Zp+5
    \ 0006 85..                 sta     zp:_Zp+6
    \ 0008 85..                 sta     zp:_Zp+7
    \ 000a a9..                 lda     #.byte0 `_StringLiteral_.`
    \ 000c 85..                 sta     zp:_Zp
    \ 000e a9..                 lda     #.byte1 `_StringLiteral_.`
    \ 0010          `?L25`:
    \ 0010 85..                 sta     zp:_Zp+1
    \ 0012 4c....               jmp     mprintf
    \ 0000                      .section cdata,rodata
    \ 0000                      .pubweak `_StringLiteral_,  HDOS `
    \ 0000          `_StringLiteral_,  HDOS `:
    \ 0000 2c202048             .byte   44,32,32,72,68,79,83,32,0
    \ 0004 444f5320
    \ 0008 00
    \ 0000                      .section cdata,rodata
    \ 0000                      .pubweak `_StringLiteral_.`
    \ 0000          `_StringLiteral_.`:
    \ 0000 2e00                 .byte   46,0
    \ 0000                      .section cdata,rodata
    \ 0000                      .pubweak `_StringLiteral_Have fun with your MEGA65!`
    \ 0000          `_StringLiteral_Have fun with your MEGA65!`:
    \ 0000 48617665             .byte   72,97,118,101,32,102,117,110,32,119,105,116,104,32,121,111,117,114,32,77,69,71,65,54,53,33,0
    \ 0004 2066756e
    \ 0008 20776974
    \ 000c 6820796f
    \ 0010 7572204d
    \ 0014 45474136
    \ 0018 352100
    \ 0000                      .section cdata,rodata
    \ 0000                      .pubweak `_StringLiteral_Versions: Hyppo `
    \ 0000          `_StringLiteral_Versions: Hyppo `:
    \ 0000 56657273             .byte   86,101,114,115,105,111,110,115,58,32,72,121,112,112,111,32,0
    \ 0004 696f6e73
    \ 0008 3a204879
    \ 000c 70706f20
    \ 0010 00

##########################
#                        #
# Memory sizes (decimal) #
#                        #
##########################

Executable  (Text): 145 bytes
Constant          :  55 bytes
